Archive member included to satisfy reference by file (symbol)

./libopencm3//lib/libopencm3_stm32f1.a(adc.o)
                              sources/adc.o (adc_power_on)
./libopencm3//lib/libopencm3_stm32f1.a(adc_common_v1.o)
                              sources/adc.o (adc_power_off)
./libopencm3//lib/libopencm3_stm32f1.a(can.o)
                              stack/CO_driver.o (can_reset)
./libopencm3//lib/libopencm3_stm32f1.a(gpio.o)
                              stack/CO_driver.o (gpio_set_mode)
./libopencm3//lib/libopencm3_stm32f1.a(rcc.o)
                              sources/rcc.o (rcc_clock_setup_in_hsi_out_64mhz)
./libopencm3//lib/libopencm3_stm32f1.a(gpio_common_all.o)
                              stack/CO_driver.o (gpio_set)
./libopencm3//lib/libopencm3_stm32f1.a(timer_common_all.o)
                              sources/timers.o (timer_enable_irq)
./libopencm3//lib/libopencm3_stm32f1.a(usart_common_all.o)
                              sources/usart.o (usart_set_baudrate)
./libopencm3//lib/libopencm3_stm32f1.a(usart_common_f124.o)
                              sources/usart.o (usart_send)
./libopencm3//lib/libopencm3_stm32f1.a(rcc_common_all.o)
                              stack/CO_driver.o (rcc_periph_clock_enable)
./libopencm3//lib/libopencm3_stm32f1.a(flash_common_f01.o)
                              ./libopencm3//lib/libopencm3_stm32f1.a(rcc.o) (flash_set_ws)
./libopencm3//lib/libopencm3_stm32f1.a(vector.o)
                              (reset_handler)
./libopencm3//lib/libopencm3_stm32f1.a(nvic.o)
                              stack/CO_driver.o (nvic_enable_irq)
./libopencm3//lib/libopencm3_stm32f1.a(assert.o)
                              ./libopencm3//lib/libopencm3_stm32f1.a(rcc.o) (cm3_assert_failed)
./libopencm3//lib/libopencm3_stm32f1.a(flash.o)
                              ./libopencm3//lib/libopencm3_stm32f1.a(flash_common_f01.o) (flash_get_status_flags)
/home/a-h/x-tools/arm-none-eabi/lib/gcc/arm-none-eabi/4.9.4/../../../../arm-none-eabi/lib/libc.a(lib_a-calloc.o)
                              ./CANopen.o (calloc)
/home/a-h/x-tools/arm-none-eabi/lib/gcc/arm-none-eabi/4.9.4/../../../../arm-none-eabi/lib/libc.a(lib_a-callocr.o)
                              /home/a-h/x-tools/arm-none-eabi/lib/gcc/arm-none-eabi/4.9.4/../../../../arm-none-eabi/lib/libc.a(lib_a-calloc.o) (_calloc_r)
/home/a-h/x-tools/arm-none-eabi/lib/gcc/arm-none-eabi/4.9.4/../../../../arm-none-eabi/lib/libc.a(lib_a-impure.o)
                              /home/a-h/x-tools/arm-none-eabi/lib/gcc/arm-none-eabi/4.9.4/../../../../arm-none-eabi/lib/libc.a(lib_a-calloc.o) (_impure_ptr)
/home/a-h/x-tools/arm-none-eabi/lib/gcc/arm-none-eabi/4.9.4/../../../../arm-none-eabi/lib/libc.a(lib_a-malloc.o)
                              ./CANopen.o (free)
/home/a-h/x-tools/arm-none-eabi/lib/gcc/arm-none-eabi/4.9.4/../../../../arm-none-eabi/lib/libc.a(lib_a-mallocr.o)
                              /home/a-h/x-tools/arm-none-eabi/lib/gcc/arm-none-eabi/4.9.4/../../../../arm-none-eabi/lib/libc.a(lib_a-callocr.o) (_malloc_r)
/home/a-h/x-tools/arm-none-eabi/lib/gcc/arm-none-eabi/4.9.4/../../../../arm-none-eabi/lib/libc.a(lib_a-memset.o)
                              /home/a-h/x-tools/arm-none-eabi/lib/gcc/arm-none-eabi/4.9.4/../../../../arm-none-eabi/lib/libc.a(lib_a-callocr.o) (memset)
/home/a-h/x-tools/arm-none-eabi/lib/gcc/arm-none-eabi/4.9.4/../../../../arm-none-eabi/lib/libc.a(lib_a-mlock.o)
                              /home/a-h/x-tools/arm-none-eabi/lib/gcc/arm-none-eabi/4.9.4/../../../../arm-none-eabi/lib/libc.a(lib_a-mallocr.o) (__malloc_lock)
/home/a-h/x-tools/arm-none-eabi/lib/gcc/arm-none-eabi/4.9.4/../../../../arm-none-eabi/lib/libc.a(lib_a-sbrkr.o)
                              /home/a-h/x-tools/arm-none-eabi/lib/gcc/arm-none-eabi/4.9.4/../../../../arm-none-eabi/lib/libc.a(lib_a-mallocr.o) (_sbrk_r)
/home/a-h/x-tools/arm-none-eabi/lib/gcc/arm-none-eabi/4.9.4/../../../../arm-none-eabi/lib/libc.a(lib_a-snprintf.o)
                              stack/CO_trace.o (snprintf)
/home/a-h/x-tools/arm-none-eabi/lib/gcc/arm-none-eabi/4.9.4/../../../../arm-none-eabi/lib/libc.a(lib_a-strncmp.o)
                              sources/usart.o (strncmp)
/home/a-h/x-tools/arm-none-eabi/lib/gcc/arm-none-eabi/4.9.4/../../../../arm-none-eabi/lib/libc.a(lib_a-svfprintf.o)
                              /home/a-h/x-tools/arm-none-eabi/lib/gcc/arm-none-eabi/4.9.4/../../../../arm-none-eabi/lib/libc.a(lib_a-snprintf.o) (_svfprintf_r)
/home/a-h/x-tools/arm-none-eabi/lib/gcc/arm-none-eabi/4.9.4/../../../../arm-none-eabi/lib/libc.a(lib_a-dtoa.o)
                              /home/a-h/x-tools/arm-none-eabi/lib/gcc/arm-none-eabi/4.9.4/../../../../arm-none-eabi/lib/libc.a(lib_a-svfprintf.o) (_dtoa_r)
/home/a-h/x-tools/arm-none-eabi/lib/gcc/arm-none-eabi/4.9.4/../../../../arm-none-eabi/lib/libc.a(lib_a-freer.o)
                              /home/a-h/x-tools/arm-none-eabi/lib/gcc/arm-none-eabi/4.9.4/../../../../arm-none-eabi/lib/libc.a(lib_a-malloc.o) (_free_r)
[...]
Memory Configuration

Name             Origin             Length             Attributes
rom              0x0000000008000000 0x0000000000010000 xr
ram              0x0000000020000000 0x0000000000005000 xrw
*default*        0x0000000000000000 0xffffffffffffffff

Linker script and memory map

LOAD stack/CO_driver.o
LOAD stack/crc16-ccitt.o
LOAD stack/CO_SDO.o
LOAD stack/CO_Emergency.o
LOAD stack/CO_NMT_Heartbeat.o
LOAD stack/CO_SYNC.o
LOAD stack/CO_PDO.o
LOAD stack/CO_HBconsumer.o
LOAD stack/CO_SDOmaster.o
LOAD stack/CO_trace.o
LOAD ./CANopen.o
LOAD sources/CO_OD.o
LOAD sources/gpio.o
LOAD sources/rcc.o
LOAD sources/usart.o
LOAD sources/adc.o
LOAD sources/timers.o
LOAD mainbms.o
LOAD ./libopencm3//lib/libopencm3_stm32f1.a
START GROUP
LOAD /home/a-h/x-tools/arm-none-eabi/lib/gcc/arm-none-eabi/4.9.4/../../../../arm-none-eabi/lib/libc.a
LOAD /home/a-h/x-tools/arm-none-eabi/lib/gcc/arm-none-eabi/4.9.4/libgcc.a
LOAD /home/a-h/x-tools/arm-none-eabi/lib/gcc/arm-none-eabi/4.9.4/../../../../arm-none-eabi/lib/libnosys.a
END GROUP
START GROUP
LOAD /home/a-h/x-tools/arm-none-eabi/lib/gcc/arm-none-eabi/4.9.4/libgcc.a
LOAD /home/a-h/x-tools/arm-none-eabi/lib/gcc/arm-none-eabi/4.9.4/../../../../arm-none-eabi/lib/libc.a
END GROUP

.text           0x0000000008000000     0x38b8
 *(.vectors)
 .vectors       0x0000000008000000      0x150 ./libopencm3//lib/libopencm3_stm32f1.a(vector.o)
                0x0000000008000000                vector_table
 *(.text*)
 .text.CO_CANsendToModule.isra.0
                0x0000000008000150       0x34 stack/CO_driver.o
 .text.CO_CANsetConfigurationMode
                0x0000000008000184        0x2 stack/CO_driver.o
                0x0000000008000184                CO_CANsetConfigurationMode
 .text.CO_CANsetNormalMode
                0x0000000008000186        0x6 stack/CO_driver.o
                0x0000000008000186                CO_CANsetNormalMode
 .text.CO_CANmodule_init
                0x000000000800018c      0x184 stack/CO_driver.o
                0x000000000800018c                CO_CANmodule_init
 .text.CO_CANmodule_disable
                0x0000000008000310       0x30 stack/CO_driver.o
                0x0000000008000310                CO_CANmodule_disable
 .text.CO_CANrxBufferInit
                0x0000000008000340       0x54 stack/CO_driver.o
                0x0000000008000340                CO_CANrxBufferInit
 .text.CO_CANtxBufferInit
                0x0000000008000394       0x36 stack/CO_driver.o
                0x0000000008000394                CO_CANtxBufferInit
 *fill*         0x00000000080003ca        0x2 
 .text.CO_CANinterrupt_Rx
                0x00000000080003cc       0x5c stack/CO_driver.o
                0x00000000080003cc                CO_CANinterrupt_Rx
 .text.CO_CANinterrupt_Tx
                0x0000000008000428       0x4c stack/CO_driver.o
                0x0000000008000428                CO_CANinterrupt_Tx
 .text.CO_SDO_receive
                0x0000000008000474       0xb6 stack/CO_SDO.o
 .text.CO_memcpy
                0x000000000800052a       0x18 stack/CO_SDO.o
                0x000000000800052a                CO_memcpy
 .text.CO_getUint32
                0x0000000008000542       0x20 stack/CO_SDO.o
                0x0000000008000542                CO_getUint32
 .text.CO_setUint32
                0x0000000008000562       0x18 stack/CO_SDO.o
                0x0000000008000562                CO_setUint32
 .text.CO_ODF_1200
                0x000000000800057a       0x24 stack/CO_SDO.o
 .text.CO_memcpySwap2
                0x000000000800059e        0xa stack/CO_SDO.o
                0x000000000800059e                CO_memcpySwap2
 .text.CO_memcpySwap4
                0x00000000080005a8       0x12 stack/CO_SDO.o
                0x00000000080005a8                CO_memcpySwap4
 .text.CO_OD_find
                0x00000000080005ba       0x58 stack/CO_SDO.o
                0x00000000080005ba                CO_OD_find
 .text.CO_OD_configure
                0x0000000008000612       0x5a stack/CO_SDO.o
                0x0000000008000612                CO_OD_configure
 .text.CO_SDO_init
                0x000000000800066c       0xf0 stack/CO_SDO.o
                0x000000000800066c                CO_SDO_init
 .text.CO_OD_getLength
                0x000000000800075c       0x3e stack/CO_SDO.o
                0x000000000800075c                CO_OD_getLength
 .text.CO_OD_getAttribute
                0x000000000800079a       0x4a stack/CO_SDO.o
                0x000000000800079a                CO_OD_getAttribute
 .text.CO_OD_getDataPointer
                0x00000000080007e4       0x3c stack/CO_SDO.o
                0x00000000080007e4                CO_OD_getDataPointer
 .text.CO_ODF_1003
                0x0000000008000820       0x40 stack/CO_Emergency.o
 .text.CO_ODF_1014
                0x0000000008000860       0x1e stack/CO_Emergency.o
 *fill*         0x000000000800087e        0x2 
 .text.CO_EM_init
                0x0000000008000880       0xcc stack/CO_Emergency.o
                0x0000000008000880                CO_EM_init
 .text.CO_errorReport
                0x000000000800094c       0x92 stack/CO_Emergency.o
                0x000000000800094c                CO_errorReport
 .text.CO_NMT_receive
                0x00000000080009de       0x56 stack/CO_NMT_Heartbeat.o
 .text.CO_NMT_init
                0x0000000008000a34       0x84 stack/CO_NMT_Heartbeat.o
                0x0000000008000a34                CO_NMT_init
 .text.CO_ODF_1019
                0x0000000008000ab8       0x48 stack/CO_SYNC.o
 .text.CO_ODF_1006
                0x0000000008000b00       0x32 stack/CO_SYNC.o
 *fill*         0x0000000008000b32        0x2 
 .text.CO_ODF_1005
                0x0000000008000b34       0x7c stack/CO_SYNC.o
 .text.CO_SYNC_receive
                0x0000000008000bb0       0x40 stack/CO_SYNC.o
 .text.CO_SYNC_init
                0x0000000008000bf0      0x104 stack/CO_SYNC.o
                0x0000000008000bf0                CO_SYNC_init
 .text.CO_PDOfindMap
                0x0000000008000cf4      0x11c stack/CO_PDO.o
 .text.CO_RPDOconfigMap
                0x0000000008000e10       0x96 stack/CO_PDO.o
 *fill*         0x0000000008000ea6        0x2 
 .text.CO_ODF_RPDOmap
                0x0000000008000ea8       0x98 stack/CO_PDO.o
 .text.CO_TPDOconfigMap
                0x0000000008000f40       0x8a stack/CO_PDO.o
 *fill*         0x0000000008000fca        0x2 
 .text.CO_ODF_TPDOmap
                0x0000000008000fcc       0x98 stack/CO_PDO.o
 .text.CO_RPDOconfigCom
                0x0000000008001064       0x74 stack/CO_PDO.o
 .text.CO_ODF_RPDOcom
                0x00000000080010d8       0xd0 stack/CO_PDO.o
 .text.CO_TPDOconfigCom
                0x00000000080011a8       0x50 stack/CO_PDO.o
 .text.CO_ODF_TPDOcom
                0x00000000080011f8      0x10c stack/CO_PDO.o
 .text.CO_PDO_receive
                0x0000000008001304       0x8e stack/CO_PDO.o
 *fill*         0x0000000008001392        0x2 
 .text.CO_RPDO_init
                0x0000000008001394       0xbc stack/CO_PDO.o
                0x0000000008001394                CO_RPDO_init
 .text.CO_TPDO_init
                0x0000000008001450       0xe4 stack/CO_PDO.o
                0x0000000008001450                CO_TPDO_init
 .text.CO_HBcons_receive
                0x0000000008001534        0xe stack/CO_HBconsumer.o
 *fill*         0x0000000008001542        0x2 
 .text.CO_HBcons_monitoredNodeConfig.part.0
                0x0000000008001544       0x50 stack/CO_HBconsumer.o
 .text.CO_ODF_1016
                0x0000000008001594       0x74 stack/CO_HBconsumer.o
 .text.CO_HBconsumer_init
                0x0000000008001608       0x68 stack/CO_HBconsumer.o
                0x0000000008001608                CO_HBconsumer_init
 .text.CO_delete
                0x0000000008001670       0xb0 ./CANopen.o
                0x0000000008001670                CO_delete
 .text.CO_init  0x0000000008001720      0x3f0 ./CANopen.o
                0x0000000008001720                CO_init
 .text.gpio_init
                0x0000000008001b10       0xb0 sources/gpio.o
                0x0000000008001b10                gpio_init
 .text.rcc_init
                0x0000000008001bc0       0x22 sources/rcc.o
                0x0000000008001bc0                rcc_init
 *fill*         0x0000000008001be2        0x2 
 .text.sys_tick_handler
                0x0000000008001be4       0x80 sources/rcc.o
                0x0000000008001be4                sys_tick_handler
 .text.usart_init
                0x0000000008001c64       0x88 sources/usart.o
                0x0000000008001c64                usart_init
 .text.usart_send_string
                0x0000000008001cec       0x1c sources/usart.o
                0x0000000008001cec                usart_send_string
 .text.usart_send_byte
                0x0000000008001d08       0x14 sources/usart.o
                0x0000000008001d08                usart_send_byte
 .text.process_command
                0x0000000008001d1c       0x7c sources/usart.o
                0x0000000008001d1c                process_command
 .text.usart1_isr
                0x0000000008001d98       0xb8 sources/usart.o
                0x0000000008001d98                usart1_isr
 .text.adc_init
                0x0000000008001e50       0xa8 sources/adc.o
                0x0000000008001e50                adc_init
 .text.adc_get  0x0000000008001ef8       0x30 sources/adc.o
                0x0000000008001ef8                adc_get
 .text.tim1_init
                0x0000000008001f28       0x80 sources/timers.o
                0x0000000008001f28                tim1_init
 .text.tim1_up_isr
                0x0000000008001fa8       0x20 sources/timers.o
                0x0000000008001fa8                tim1_up_isr
 .text.tim1_cc_isr
                0x0000000008001fc8       0x58 sources/timers.o
                0x0000000008001fc8                tim1_cc_isr
 .text.startup.main
                0x0000000008002020       0x98 mainbms.o
                0x0000000008002020                main
 .text.usb_hp_can_tx_isr
                0x00000000080020b8       0x10 mainbms.o
                0x00000000080020b8                usb_hp_can_tx_isr
 .text.usb_lp_can_rx0_isr
                0x00000000080020c8       0x10 mainbms.o
                0x00000000080020c8                usb_lp_can_rx0_isr
 .text.adc_power_on
                0x00000000080020d8       0x10 ./libopencm3//lib/libopencm3_stm32f1.a(adc.o)
                0x00000000080020d8                adc_power_on
 .text.adc_start_conversion_direct
                0x00000000080020e8       0x10 ./libopencm3//lib/libopencm3_stm32f1.a(adc.o)
                0x00000000080020e8                adc_start_conversion_direct
 .text.adc_enable_temperature_sensor
                0x00000000080020f8       0x10 ./libopencm3//lib/libopencm3_stm32f1.a(adc.o)
                0x00000000080020f8                adc_enable_temperature_sensor
 .text.adc_disable_external_trigger_regular
                0x0000000008002108        0xa ./libopencm3//lib/libopencm3_stm32f1.a(adc.o)
                0x0000000008002108                adc_disable_external_trigger_regular
 .text.adc_reset_calibration
                0x0000000008002112       0x14 ./libopencm3//lib/libopencm3_stm32f1.a(adc.o)
                0x0000000008002112                adc_reset_calibration
 .text.adc_calibrate_async
                0x0000000008002126        0xa ./libopencm3//lib/libopencm3_stm32f1.a(adc.o)
                0x0000000008002126                adc_calibrate_async
 .text.adc_is_calibrating
                0x0000000008002130        0x8 ./libopencm3//lib/libopencm3_stm32f1.a(adc.o)
                0x0000000008002130                adc_is_calibrating
 .text.adc_calibrate
                0x0000000008002138       0x14 ./libopencm3//lib/libopencm3_stm32f1.a(adc.o)
                0x0000000008002138                adc_calibrate
 .text.adc_set_sample_time_on_all_channels
                0x000000000800214c       0x2a ./libopencm3//lib/libopencm3_stm32f1.a(adc.o)
                0x000000000800214c                adc_set_sample_time_on_all_channels
 .text.adc_power_off
                0x0000000008002176        0xa ./libopencm3//lib/libopencm3_stm32f1.a(adc_common_v1.o)
                0x0000000008002176                adc_power_off
 .text.adc_disable_scan_mode
                0x0000000008002180        0xa ./libopencm3//lib/libopencm3_stm32f1.a(adc_common_v1.o)
                0x0000000008002180                adc_disable_scan_mode
 .text.adc_set_right_aligned
                0x000000000800218a        0xa ./libopencm3//lib/libopencm3_stm32f1.a(adc_common_v1.o)
                0x000000000800218a                adc_set_right_aligned
 .text.adc_set_single_conversion_mode
                0x0000000008002194        0xa ./libopencm3//lib/libopencm3_stm32f1.a(adc_common_v1.o)
                0x0000000008002194                adc_set_single_conversion_mode
 .text.adc_set_regular_sequence
                0x000000000800219e       0x78 ./libopencm3//lib/libopencm3_stm32f1.a(adc_common_v1.o)
                0x000000000800219e                adc_set_regular_sequence
 *fill*         0x0000000008002216        0x2 
 .text.can_reset
                0x0000000008002218       0x18 ./libopencm3//lib/libopencm3_stm32f1.a(can.o)
                0x0000000008002218                can_reset
 .text.can_init
                0x0000000008002230      0x124 ./libopencm3//lib/libopencm3_stm32f1.a(can.o)
                0x0000000008002230                can_init
 .text.can_filter_init
                0x0000000008002354       0x8e ./libopencm3//lib/libopencm3_stm32f1.a(can.o)
                0x0000000008002354                can_filter_init
 .text.can_filter_id_mask_32bit_init
                0x00000000080023e2       0x1a ./libopencm3//lib/libopencm3_stm32f1.a(can.o)
                0x00000000080023e2                can_filter_id_mask_32bit_init
 .text.can_enable_irq
                0x00000000080023fc        0x8 ./libopencm3//lib/libopencm3_stm32f1.a(can.o)
                0x00000000080023fc                can_enable_irq
 .text.can_disable_irq
                0x0000000008002404        0xa ./libopencm3//lib/libopencm3_stm32f1.a(can.o)
                0x0000000008002404                can_disable_irq
 .text.can_transmit
                0x000000000800240e       0xc4 ./libopencm3//lib/libopencm3_stm32f1.a(can.o)
                0x000000000800240e                can_transmit
 .text.can_fifo_release
                0x00000000080024d2       0x16 ./libopencm3//lib/libopencm3_stm32f1.a(can.o)
                0x00000000080024d2                can_fifo_release
 .text.can_receive
                0x00000000080024e8       0xd0 ./libopencm3//lib/libopencm3_stm32f1.a(can.o)
                0x00000000080024e8                can_receive
 .text.can_available_mailbox
                0x00000000080025b8        0xe ./libopencm3//lib/libopencm3_stm32f1.a(can.o)
                0x00000000080025b8                can_available_mailbox
 .text.gpio_set_mode
                0x00000000080025c6       0x64 ./libopencm3//lib/libopencm3_stm32f1.a(gpio.o)
                0x00000000080025c6                gpio_set_mode
 *fill*         0x000000000800262a        0x2 
 .text.rcc_osc_on.part.1
                0x000000000800262c       0x10 ./libopencm3//lib/libopencm3_stm32f1.a(rcc.o)
 .text.rcc_is_osc_ready
                0x000000000800263c       0x5c ./libopencm3//lib/libopencm3_stm32f1.a(rcc.o)
                0x000000000800263c                rcc_is_osc_ready
 .text.rcc_wait_for_osc_ready
                0x0000000008002698       0x10 ./libopencm3//lib/libopencm3_stm32f1.a(rcc.o)
                0x0000000008002698                rcc_wait_for_osc_ready
 .text.rcc_osc_on
                0x00000000080026a8       0x54 ./libopencm3//lib/libopencm3_stm32f1.a(rcc.o)
                0x00000000080026a8                rcc_osc_on
 .text.rcc_set_sysclk_source
                0x00000000080026fc       0x14 ./libopencm3//lib/libopencm3_stm32f1.a(rcc.o)
                0x00000000080026fc                rcc_set_sysclk_source
 .text.rcc_set_pll_multiplication_factor
                0x0000000008002710       0x14 ./libopencm3//lib/libopencm3_stm32f1.a(rcc.o)
                0x0000000008002710                rcc_set_pll_multiplication_factor
 .text.rcc_set_pll_source
                0x0000000008002724       0x14 ./libopencm3//lib/libopencm3_stm32f1.a(rcc.o)
                0x0000000008002724                rcc_set_pll_source
 .text.rcc_set_adcpre
                0x0000000008002738       0x14 ./libopencm3//lib/libopencm3_stm32f1.a(rcc.o)
                0x0000000008002738                rcc_set_adcpre
 .text.rcc_set_ppre2
                0x000000000800274c       0x14 ./libopencm3//lib/libopencm3_stm32f1.a(rcc.o)
                0x000000000800274c                rcc_set_ppre2
 .text.rcc_set_ppre1
                0x0000000008002760       0x14 ./libopencm3//lib/libopencm3_stm32f1.a(rcc.o)
                0x0000000008002760                rcc_set_ppre1
 .text.rcc_set_hpre
                0x0000000008002774       0x14 ./libopencm3//lib/libopencm3_stm32f1.a(rcc.o)
                0x0000000008002774                rcc_set_hpre
 .text.rcc_clock_setup_in_hsi_out_64mhz
                0x0000000008002788       0x74 ./libopencm3//lib/libopencm3_stm32f1.a(rcc.o)
                0x0000000008002788                rcc_clock_setup_in_hsi_out_64mhz
 .text.gpio_set
                0x00000000080027fc        0x4 ./libopencm3//lib/libopencm3_stm32f1.a(gpio_common_all.o)
                0x00000000080027fc                gpio_set
 .text.gpio_clear
                0x0000000008002800        0x6 ./libopencm3//lib/libopencm3_stm32f1.a(gpio_common_all.o)
                0x0000000008002800                gpio_clear
 .text.gpio_toggle
                0x0000000008002806       0x10 ./libopencm3//lib/libopencm3_stm32f1.a(gpio_common_all.o)
                0x0000000008002806                gpio_toggle
 .text.timer_enable_irq
                0x0000000008002816        0x8 ./libopencm3//lib/libopencm3_stm32f1.a(timer_common_all.o)
                0x0000000008002816                timer_enable_irq
 .text.timer_clear_flag
                0x000000000800281e        0x6 ./libopencm3//lib/libopencm3_stm32f1.a(timer_common_all.o)
                0x000000000800281e                timer_clear_flag
 .text.timer_set_mode
                0x0000000008002824       0x12 ./libopencm3//lib/libopencm3_stm32f1.a(timer_common_all.o)
                0x0000000008002824                timer_set_mode
 .text.timer_disable_preload
                0x0000000008002836        0xa ./libopencm3//lib/libopencm3_stm32f1.a(timer_common_all.o)
                0x0000000008002836                timer_disable_preload
 .text.timer_continuous_mode
                0x0000000008002840        0xa ./libopencm3//lib/libopencm3_stm32f1.a(timer_common_all.o)
                0x0000000008002840                timer_continuous_mode
 .text.timer_enable_counter
                0x000000000800284a        0xa ./libopencm3//lib/libopencm3_stm32f1.a(timer_common_all.o)
                0x000000000800284a                timer_enable_counter
 .text.timer_set_prescaler
                0x0000000008002854        0x4 ./libopencm3//lib/libopencm3_stm32f1.a(timer_common_all.o)
                0x0000000008002854                timer_set_prescaler
 .text.timer_set_period
                0x0000000008002858        0x4 ./libopencm3//lib/libopencm3_stm32f1.a(timer_common_all.o)
                0x0000000008002858                timer_set_period
 .text.timer_enable_oc_preload
                0x000000000800285c       0x34 ./libopencm3//lib/libopencm3_stm32f1.a(timer_common_all.o)
                0x000000000800285c                timer_enable_oc_preload
 .text.timer_set_oc_value
                0x0000000008002890       0x20 ./libopencm3//lib/libopencm3_stm32f1.a(timer_common_all.o)
                0x0000000008002890                timer_set_oc_value
 .text.usart_set_baudrate
                0x00000000080028b0       0x28 ./libopencm3//lib/libopencm3_stm32f1.a(usart_common_all.o)
                0x00000000080028b0                usart_set_baudrate
 .text.usart_set_databits
                0x00000000080028d8       0x12 ./libopencm3//lib/libopencm3_stm32f1.a(usart_common_all.o)
                0x00000000080028d8                usart_set_databits
 .text.usart_set_stopbits
                0x00000000080028ea        0xc ./libopencm3//lib/libopencm3_stm32f1.a(usart_common_all.o)
                0x00000000080028ea                usart_set_stopbits
 .text.usart_set_parity
                0x00000000080028f6        0xc ./libopencm3//lib/libopencm3_stm32f1.a(usart_common_all.o)
                0x00000000080028f6                usart_set_parity
 .text.usart_set_mode
                0x0000000008002902        0xc ./libopencm3//lib/libopencm3_stm32f1.a(usart_common_all.o)
                0x0000000008002902                usart_set_mode
 .text.usart_set_flow_control
                0x000000000800290e        0xc ./libopencm3//lib/libopencm3_stm32f1.a(usart_common_all.o)
                0x000000000800290e                usart_set_flow_control
 .text.usart_enable
                0x000000000800291a        0xa ./libopencm3//lib/libopencm3_stm32f1.a(usart_common_all.o)
                0x000000000800291a                usart_enable
 .text.usart_send_blocking
                0x0000000008002924       0x16 ./libopencm3//lib/libopencm3_stm32f1.a(usart_common_all.o)
                0x0000000008002924                usart_send_blocking
 .text.usart_send
                0x000000000800293a        0x8 ./libopencm3//lib/libopencm3_stm32f1.a(usart_common_f124.o)
                0x000000000800293a                usart_send
 .text.usart_recv
                0x0000000008002942        0x8 ./libopencm3//lib/libopencm3_stm32f1.a(usart_common_f124.o)
                0x0000000008002942                usart_recv
 .text.usart_wait_send_ready
                0x000000000800294a        0x8 ./libopencm3//lib/libopencm3_stm32f1.a(usart_common_f124.o)
                0x000000000800294a                usart_wait_send_ready
 .text.rcc_periph_clock_enable
                0x0000000008002952       0x1a ./libopencm3//lib/libopencm3_stm32f1.a(rcc_common_all.o)
                0x0000000008002952                rcc_periph_clock_enable
 .text.rcc_periph_reset_pulse
                0x000000000800296c       0x22 ./libopencm3//lib/libopencm3_stm32f1.a(rcc_common_all.o)
                0x000000000800296c                rcc_periph_reset_pulse
 *fill*         0x000000000800298e        0x2 
 .text.flash_set_ws
                0x0000000008002990       0x14 ./libopencm3//lib/libopencm3_stm32f1.a(flash_common_f01.o)
                0x0000000008002990                flash_set_ws
 .text.blocking_handler
                0x00000000080029a4        0x2 ./libopencm3//lib/libopencm3_stm32f1.a(vector.o)
                0x00000000080029a4                usart3_isr
                0x00000000080029a4                rtc_isr
                0x00000000080029a4                tim7_isr
                0x00000000080029a4                adc1_2_isr
                0x00000000080029a4                tim1_trg_com_isr
                0x00000000080029a4                tim6_isr
                0x00000000080029a4                usb_wakeup_isr
                0x00000000080029a4                blocking_handler
                0x00000000080029a4                tim5_isr
                0x00000000080029a4                otg_fs_isr
                0x00000000080029a4                spi1_isr
                0x00000000080029a4                dma1_channel6_isr
                0x00000000080029a4                exti2_isr
                0x00000000080029a4                can_rx1_isr
                0x00000000080029a4                dma1_channel5_isr
                0x00000000080029a4                dma2_channel5_isr
                0x00000000080029a4                usage_fault_handler
                0x00000000080029a4                tim8_trg_com_isr
                0x00000000080029a4                can2_rx0_isr
                0x00000000080029a4                tim1_brk_isr
                0x00000000080029a4                can2_rx1_isr
                0x00000000080029a4                sdio_isr
                0x00000000080029a4                eth_isr
                0x00000000080029a4                dma1_channel4_isr
                0x00000000080029a4                tim8_brk_isr
                0x00000000080029a4                dma2_channel4_5_isr
                0x00000000080029a4                pvd_isr
                0x00000000080029a4                rcc_isr
                0x00000000080029a4                flash_isr
                0x00000000080029a4                uart4_isr
                0x00000000080029a4                rtc_alarm_isr
                0x00000000080029a4                exti15_10_isr
                0x00000000080029a4                hard_fault_handler
                0x00000000080029a4                exti1_isr
                0x00000000080029a4                i2c1_ev_isr
                0x00000000080029a4                dma2_channel1_isr
                0x00000000080029a4                spi2_isr
                0x00000000080029a4                tim8_up_isr
                0x00000000080029a4                dma2_channel2_isr
                0x00000000080029a4                adc3_isr
                0x00000000080029a4                exti3_isr
                0x00000000080029a4                tim3_isr
                0x00000000080029a4                usart2_isr
                0x00000000080029a4                i2c2_er_isr
                0x00000000080029a4                i2c2_ev_isr
                0x00000000080029a4                uart5_isr
                0x00000000080029a4                fsmc_isr
                0x00000000080029a4                dma1_channel1_isr
                0x00000000080029a4                exti4_isr
                0x00000000080029a4                mem_manage_handler
                0x00000000080029a4                can2_tx_isr
                0x00000000080029a4                exti9_5_isr
                0x00000000080029a4                dma2_channel3_isr
                0x00000000080029a4                dma1_channel7_isr
                0x00000000080029a4                can2_sce_isr
                0x00000000080029a4                tim4_isr
                0x00000000080029a4                dma1_channel2_isr
                0x00000000080029a4                i2c1_er_isr
                0x00000000080029a4                can_sce_isr
                0x00000000080029a4                tim8_cc_isr
                0x00000000080029a4                tamper_isr
                0x00000000080029a4                eth_wkup_isr
                0x00000000080029a4                bus_fault_handler
                0x00000000080029a4                wwdg_isr
                0x00000000080029a4                dma1_channel3_isr
                0x00000000080029a4                spi3_isr
                0x00000000080029a4                tim2_isr
                0x00000000080029a4                exti0_isr
 .text.null_handler
                0x00000000080029a6        0x2 ./libopencm3//lib/libopencm3_stm32f1.a(vector.o)
                0x00000000080029a6                null_handler
                0x00000000080029a6                sv_call_handler
                0x00000000080029a6                pend_sv_handler
                0x00000000080029a6                debug_monitor_handler
                0x00000000080029a6                nmi_handler
 .text.reset_handler
                0x00000000080029a8       0x90 ./libopencm3//lib/libopencm3_stm32f1.a(vector.o)
                0x00000000080029a8                reset_handler
 .text.nvic_enable_irq
                0x0000000008002a38       0x18 ./libopencm3//lib/libopencm3_stm32f1.a(nvic.o)
                0x0000000008002a38                nvic_enable_irq
 .text.nvic_disable_irq
                0x0000000008002a50       0x18 ./libopencm3//lib/libopencm3_stm32f1.a(nvic.o)
                0x0000000008002a50                nvic_disable_irq
 .text.nvic_set_priority
                0x0000000008002a68       0x20 ./libopencm3//lib/libopencm3_stm32f1.a(nvic.o)
                0x0000000008002a68                nvic_set_priority
 .text          0x0000000008002a88       0x10 /home/a-h/x-tools/arm-none-eabi/lib/gcc/arm-none-eabi/4.9.4/../../../../arm-none-eabi/lib/libc.a(lib_a-calloc.o)
                0x0000000008002a88                calloc
 .text          0x0000000008002a98       0x5a /home/a-h/x-tools/arm-none-eabi/lib/gcc/arm-none-eabi/4.9.4/../../../../arm-none-eabi/lib/libc.a(lib_a-callocr.o)
                0x0000000008002a98                _calloc_r
 *fill*         0x0000000008002af2        0x2 
 .text          0x0000000008002af4       0x20 /home/a-h/x-tools/arm-none-eabi/lib/gcc/arm-none-eabi/4.9.4/../../../../arm-none-eabi/lib/libc.a(lib_a-malloc.o)
                0x0000000008002af4                malloc
                0x0000000008002b04                free
 .text          0x0000000008002b14      0x430 /home/a-h/x-tools/arm-none-eabi/lib/gcc/arm-none-eabi/4.9.4/../../../../arm-none-eabi/lib/libc.a(lib_a-mallocr.o)
                0x0000000008002b14                _malloc_r
 .text          0x0000000008002f44       0x10 /home/a-h/x-tools/arm-none-eabi/lib/gcc/arm-none-eabi/4.9.4/../../../../arm-none-eabi/lib/libc.a(lib_a-memset.o)
                0x0000000008002f44                memset
 .text          0x0000000008002f54        0x4 /home/a-h/x-tools/arm-none-eabi/lib/gcc/arm-none-eabi/4.9.4/../../../../arm-none-eabi/lib/libc.a(lib_a-mlock.o)
                0x0000000008002f54                __malloc_lock
                0x0000000008002f56                __malloc_unlock
 .text          0x0000000008002f58       0x20 /home/a-h/x-tools/arm-none-eabi/lib/gcc/arm-none-eabi/4.9.4/../../../../arm-none-eabi/lib/libc.a(lib_a-sbrkr.o)
                0x0000000008002f58                _sbrk_r
 .text          0x0000000008002f78       0x32 /home/a-h/x-tools/arm-none-eabi/lib/gcc/arm-none-eabi/4.9.4/../../../../arm-none-eabi/lib/libc.a(lib_a-strncmp.o)
                0x0000000008002f78                strncmp
 *fill*         0x0000000008002faa        0x2 
 .text          0x0000000008002fac      0x210 /home/a-h/x-tools/arm-none-eabi/lib/gcc/arm-none-eabi/4.9.4/../../../../arm-none-eabi/lib/libc.a(lib_a-freer.o)
                0x0000000008002fac                _malloc_trim_r
                0x0000000008003048                _free_r
 .text          0x00000000080031bc       0x1c /home/a-h/x-tools/arm-none-eabi/lib/gcc/arm-none-eabi/4.9.4/../../../../arm-none-eabi/lib/libnosys.a(sbrk.o)
                0x00000000080031bc                _sbrk
                0x00000000080031d8                . = ALIGN (0x4)
 *(.rodata*)
 .rodata.OD_record2120
                0x00000000080031d8       0x30 sources/CO_OD.o
                0x00000000080031d8                OD_record2120
 .rodata.OD_record1200
                0x0000000008003208       0x18 sources/CO_OD.o
                0x0000000008003208                OD_record1200
 .rodata.OD_record1400
                0x0000000008003220       0x18 sources/CO_OD.o
                0x0000000008003220                OD_record1400
 .rodata.OD_record1A01
                0x0000000008003238       0x48 sources/CO_OD.o
                0x0000000008003238                OD_record1A01
 .rodata.OD_record1402
                0x0000000008003280       0x18 sources/CO_OD.o
                0x0000000008003280                OD_record1402
 .rodata.OD_record1602
                0x0000000008003298       0x48 sources/CO_OD.o
                0x0000000008003298                OD_record1602
 .rodata.OD_record1401
                0x00000000080032e0       0x18 sources/CO_OD.o
                0x00000000080032e0                OD_record1401
 .rodata.OD_record1018
                0x00000000080032f8       0x28 sources/CO_OD.o
                0x00000000080032f8                OD_record1018
 .rodata.OD_record1800
                0x0000000008003320       0x38 sources/CO_OD.o
                0x0000000008003320                OD_record1800
 .rodata.OD_record1801
                0x0000000008003358       0x38 sources/CO_OD.o
                0x0000000008003358                OD_record1801
 .rodata.OD_record1802
                0x0000000008003390       0x38 sources/CO_OD.o
                0x0000000008003390                OD_record1802
 .rodata.OD_record1803
                0x00000000080033c8       0x38 sources/CO_OD.o
                0x00000000080033c8                OD_record1803
 .rodata.OD_record1403
                0x0000000008003400       0x18 sources/CO_OD.o
                0x0000000008003400                OD_record1403
 .rodata.OD_record1A00
                0x0000000008003418       0x48 sources/CO_OD.o
                0x0000000008003418                OD_record1A00
 .rodata.CO_OD  0x0000000008003460      0x288 sources/CO_OD.o
                0x0000000008003460                CO_OD
 .rodata.OD_record1A02
                0x00000000080036e8       0x48 sources/CO_OD.o
                0x00000000080036e8                OD_record1A02
 .rodata.OD_record1A03
                0x0000000008003730       0x48 sources/CO_OD.o
                0x0000000008003730                OD_record1A03
 .rodata.OD_record1600
                0x0000000008003778       0x48 sources/CO_OD.o
                0x0000000008003778                OD_record1600
 .rodata.OD_record1601
                0x00000000080037c0       0x48 sources/CO_OD.o
                0x00000000080037c0                OD_record1601
 .rodata.OD_record1603
                0x0000000008003808       0x48 sources/CO_OD.o
                0x0000000008003808                OD_record1603
 .rodata.str1.1
                0x0000000008003850       0x18 sources/usart.o
 .rodata.str1.1
                0x0000000008003868       0x47 mainbms.o
 *fill*         0x00000000080038af        0x1 
 .rodata        0x00000000080038b0        0x8 ./libopencm3//lib/libopencm3_stm32f1.a(can.o)
 .rodata.str1.1
                0x00000000080038b8       0x47 /home/a-h/x-tools/arm-none-eabi/lib/gcc/arm-none-eabi/4.9.4/../../../../arm-none-eabi/lib/libc.a(lib_a-impure.o)
                                          0x2 (size before relaxing)
                0x0000000008003900                . = ALIGN (0x4)

.glue_7         0x00000000080038b8        0x0
 .glue_7        0x00000000080038b8        0x0 linker stubs

.glue_7t        0x00000000080038b8        0x0
 .glue_7t       0x00000000080038b8        0x0 linker stubs

.vfp11_veneer   0x00000000080038b8        0x0
 .vfp11_veneer  0x00000000080038b8        0x0 linker stubs

.v4_bx          0x00000000080038b8        0x0
 .v4_bx         0x00000000080038b8        0x0 linker stubs

.iplt           0x00000000080038b8        0x0
 .iplt          0x00000000080038b8        0x0 stack/CO_driver.o

.rel.dyn        0x00000000080038b8        0x0
 .rel.iplt      0x00000000080038b8        0x0 stack/CO_driver.o

.preinit_array  0x00000000080038b8        0x0
                0x00000000080038b8                . = ALIGN (0x4)
                0x00000000080038b8                __preinit_array_start = .
 *(.preinit_array)
                0x00000000080038b8                __preinit_array_end = .

.init_array     0x00000000080038b8        0x0
                0x00000000080038b8                . = ALIGN (0x4)
                0x00000000080038b8                __init_array_start = .
 *(SORT(.init_array.*))
 *(.init_array)
                0x00000000080038b8                __init_array_end = .

.fini_array     0x00000000080038b8        0x0
                0x00000000080038b8                . = ALIGN (0x4)
                0x00000000080038b8                __fini_array_start = .
 *(.fini_array)
 *(SORT(.fini_array.*))
                0x00000000080038b8                __fini_array_end = .

.ARM.extab
 *(.ARM.extab*)

.ARM.exidx      0x00000000080038b8        0x0
                0x00000000080038b8                __exidx_start = .
 *(.ARM.exidx*)
                0x00000000080038b8                __exidx_end = .
                0x00000000080038b8                . = ALIGN (0x4)
                0x00000000080038b8                _etext = .

.data           0x0000000020000000      0xcd0 load address 0x00000000080038b8
                0x0000000020000000                _data = .
 *(.data*)
 .data.CO_OD_ROM
                0x0000000020000000      0x258 sources/CO_OD.o
                0x0000000020000000                CO_OD_ROM
 .data.CO_OD_RAM
                0x0000000020000258      0x100 sources/CO_OD.o
                0x0000000020000258                CO_OD_RAM
 .data.CO_OD_EEPROM
                0x0000000020000358       0x4c sources/CO_OD.o
                0x0000000020000358                CO_OD_EEPROM
 .data.data.4344
                0x00000000200003a4        0x8 sources/rcc.o
 .data.help_msg
                0x00000000200003ac       0xd1 sources/usart.o
                0x00000000200003ac                help_msg
 .data.upcount  0x000000002000047d        0x1 mainbms.o
                0x000000002000047d                upcount
 .data.compare_time
                0x000000002000047e        0x2 mainbms.o
                0x000000002000047e                compare_time
 .data.rcc_ahb_frequency
                0x0000000020000480        0x4 ./libopencm3//lib/libopencm3_stm32f1.a(rcc.o)
                0x0000000020000480                rcc_ahb_frequency
 .data.rcc_apb1_frequency
                0x0000000020000484        0x4 ./libopencm3//lib/libopencm3_stm32f1.a(rcc.o)
                0x0000000020000484                rcc_apb1_frequency
 .data.rcc_apb2_frequency
                0x0000000020000488        0x4 ./libopencm3//lib/libopencm3_stm32f1.a(rcc.o)
                0x0000000020000488                rcc_apb2_frequency
 *fill*         0x000000002000048c        0x4 
 .data          0x0000000020000490      0x430 /home/a-h/x-tools/arm-none-eabi/lib/gcc/arm-none-eabi/4.9.4/../../../../arm-none-eabi/lib/libc.a(lib_a-impure.o)
                0x0000000020000490                _impure_ptr
 .data          0x00000000200008c0      0x410 /home/a-h/x-tools/arm-none-eabi/lib/gcc/arm-none-eabi/4.9.4/../../../../arm-none-eabi/lib/libc.a(lib_a-mallocr.o)
                0x00000000200008c0                __malloc_av_
                0x0000000020000cc8                __malloc_sbrk_base
                0x0000000020000ccc                __malloc_trim_threshold
                0x0000000020000cd0                . = ALIGN (0x4)
                0x0000000020000cd0                _edata = .
                0x00000000080038b8                _data_loadaddr = LOADADDR (.data)

.igot.plt       0x0000000020000cd0        0x0 load address 0x0000000008004588
 .igot.plt      0x0000000020000cd0        0x0 stack/CO_driver.o

.bss            0x0000000020000cd0       0xf4 load address 0x0000000008004588
 *(.bss*)
 .bss.dummyTX.4988
                0x0000000020000cd0        0x4 stack/CO_PDO.o
 .bss.dummyRX.4989
                0x0000000020000cd4        0x4 stack/CO_PDO.o
 .bss.CO_HBcons_monitoredNodes
                0x0000000020000cd8        0x4 ./CANopen.o
 .bss.CO        0x0000000020000cdc        0x4 ./CANopen.o
                0x0000000020000cdc                CO
 .bss.CO_SDO_ODExtensions
                0x0000000020000ce0        0x4 ./CANopen.o
 .bss.CO_CANmodule_txArray0
                0x0000000020000ce4        0x4 ./CANopen.o
 .bss.CO_CANmodule_rxArray0
                0x0000000020000ce8        0x4 ./CANopen.o
 .bss.CO_memoryUsed
                0x0000000020000cec        0x4 ./CANopen.o
 .bss.COO       0x0000000020000cf0       0x3c ./CANopen.o
 .bss.temp32.4343
                0x0000000020000d2c        0x4 sources/rcc.o
 .bss.rec_len   0x0000000020000d30        0x1 sources/usart.o
                0x0000000020000d30                rec_len
 *fill*         0x0000000020000d31        0x3 
 .bss.usart1    0x0000000020000d34       0x10 sources/usart.o
                0x0000000020000d34                usart1
 .bss.resiever  0x0000000020000d44       0x32 sources/usart.o
                0x0000000020000d44                resiever
 .bss.channel_array
                0x0000000020000d76       0x10 mainbms.o
                0x0000000020000d76                channel_array
 *fill*         0x0000000020000d86        0x2 
 .bss           0x0000000020000d88       0x34 /home/a-h/x-tools/arm-none-eabi/lib/gcc/arm-none-eabi/4.9.4/../../../../arm-none-eabi/lib/libc.a(lib_a-mallocr.o)
                0x0000000020000d88                __malloc_top_pad
                0x0000000020000d8c                __malloc_current_mallinfo
                0x0000000020000db4                __malloc_max_sbrked_mem
                0x0000000020000db8                __malloc_max_total_mem
 .bss           0x0000000020000dbc        0x4 /home/a-h/x-tools/arm-none-eabi/lib/gcc/arm-none-eabi/4.9.4/../../../../arm-none-eabi/lib/libnosys.a(sbrk.o)
 *(COMMON)
 COMMON         0x0000000020000dc0        0x4 /home/a-h/x-tools/arm-none-eabi/lib/gcc/arm-none-eabi/4.9.4/../../../../arm-none-eabi/lib/libc.a(lib_a-reent.o)
                0x0000000020000dc0                errno
                0x0000000020000dc4                . = ALIGN (0x4)
                0x0000000020000dc4                _ebss = .

/DISCARD/
 *(.eh_frame)
                0x0000000020000dc4                . = ALIGN (0x4)
                0x0000000020000dc4                end = .
                0x0000000020005000                PROVIDE (_stack, (ORIGIN (ram) + LENGTH (ram)))
OUTPUT(mainbms.elf elf32-littlearm)

.debug_info     0x0000000000000000    0x192ac
 .debug_info    0x0000000000000000     0x1169 stack/CO_driver.o
 .debug_info    0x0000000000001169     0x1973 stack/CO_SDO.o
 .debug_info    0x0000000000002adc     0x1159 stack/CO_Emergency.o
 .debug_info    0x0000000000003c35      0xad3 stack/CO_NMT_Heartbeat.o
 .debug_info    0x0000000000004708     0x1090 stack/CO_SYNC.o
 .debug_info    0x0000000000005798     0x1c78 stack/CO_PDO.o
 .debug_info    0x0000000000007410      0xf52 stack/CO_HBconsumer.o
 .debug_info    0x0000000000008362     0x2530 ./CANopen.o
 .debug_info    0x000000000000a892      0xacd sources/CO_OD.o
 .debug_info    0x000000000000b35f      0x53e sources/gpio.o
 .debug_info    0x000000000000b89d      0x43b sources/rcc.o
 .debug_info    0x000000000000bcd8      0xae6 sources/usart.o
 .debug_info    0x000000000000c7be      0x60d sources/adc.o
 .debug_info    0x000000000000cdcb      0x756 sources/timers.o
 .debug_info    0x000000000000d521     0x1316 mainbms.o
 .debug_info    0x000000000000e837      0x387 ./libopencm3//lib/libopencm3_stm32f1.a(adc.o)
 .debug_info    0x000000000000ebbe      0x7b4 ./libopencm3//lib/libopencm3_stm32f1.a(adc_common_v1.o)
 .debug_info    0x000000000000f372      0xa27 ./libopencm3//lib/libopencm3_stm32f1.a(can.o)
 .debug_info    0x000000000000fd99      0x1df ./libopencm3//lib/libopencm3_stm32f1.a(gpio.o)
 .debug_info    0x000000000000ff78     0x10fd ./libopencm3//lib/libopencm3_stm32f1.a(rcc.o)
 .debug_info    0x0000000000011075      0x22c ./libopencm3//lib/libopencm3_stm32f1.a(gpio_common_all.o)
 .debug_info    0x00000000000112a1     0x117e ./libopencm3//lib/libopencm3_stm32f1.a(timer_common_all.o)
 .debug_info    0x000000000001241f      0x4cf ./libopencm3//lib/libopencm3_stm32f1.a(usart_common_all.o)
 .debug_info    0x00000000000128ee      0x17a ./libopencm3//lib/libopencm3_stm32f1.a(usart_common_f124.o)
 .debug_info    0x0000000000012a68      0x5b8 ./libopencm3//lib/libopencm3_stm32f1.a(rcc_common_all.o)
 .debug_info    0x0000000000013020      0x27f ./libopencm3//lib/libopencm3_stm32f1.a(flash_common_f01.o)
 .debug_info    0x000000000001329f      0x2a4 ./libopencm3//lib/libopencm3_stm32f1.a(vector.o)
 .debug_info    0x0000000000013543      0x214 ./libopencm3//lib/libopencm3_stm32f1.a(nvic.o)
 .debug_info    0x0000000000013757      0x8de /home/a-h/x-tools/arm-none-eabi/lib/gcc/arm-none-eabi/4.9.4/../../../../arm-none-eabi/lib/libc.a(lib_a-calloc.o)
 .debug_info    0x0000000000014035      0x9e8 /home/a-h/x-tools/arm-none-eabi/lib/gcc/arm-none-eabi/4.9.4/../../../../arm-none-eabi/lib/libc.a(lib_a-callocr.o)
 .debug_info    0x0000000000014a1d      0x890 /home/a-h/x-tools/arm-none-eabi/lib/gcc/arm-none-eabi/4.9.4/../../../../arm-none-eabi/lib/libc.a(lib_a-impure.o)
 .debug_info    0x00000000000152ad      0x911 /home/a-h/x-tools/arm-none-eabi/lib/gcc/arm-none-eabi/4.9.4/../../../../arm-none-eabi/lib/libc.a(lib_a-malloc.o)
 .debug_info    0x0000000000015bbe      0xd21 /home/a-h/x-tools/arm-none-eabi/lib/gcc/arm-none-eabi/4.9.4/../../../../arm-none-eabi/lib/libc.a(lib_a-mallocr.o)
 .debug_info    0x00000000000168df       0xcf /home/a-h/x-tools/arm-none-eabi/lib/gcc/arm-none-eabi/4.9.4/../../../../arm-none-eabi/lib/libc.a(lib_a-memset.o)
 .debug_info    0x00000000000169ae      0x8b0 /home/a-h/x-tools/arm-none-eabi/lib/gcc/arm-none-eabi/4.9.4/../../../../arm-none-eabi/lib/libc.a(lib_a-mlock.o)
 .debug_info    0x000000000001725e      0x8f0 /home/a-h/x-tools/arm-none-eabi/lib/gcc/arm-none-eabi/4.9.4/../../../../arm-none-eabi/lib/libc.a(lib_a-sbrkr.o)
 .debug_info    0x0000000000017b4e       0xcb /home/a-h/x-tools/arm-none-eabi/lib/gcc/arm-none-eabi/4.9.4/../../../../arm-none-eabi/lib/libc.a(lib_a-strncmp.o)
 .debug_info    0x0000000000017c19      0xc07 /home/a-h/x-tools/arm-none-eabi/lib/gcc/arm-none-eabi/4.9.4/../../../../arm-none-eabi/lib/libc.a(lib_a-freer.o)
 .debug_info    0x0000000000018820      0x9f7 /home/a-h/x-tools/arm-none-eabi/lib/gcc/arm-none-eabi/4.9.4/../../../../arm-none-eabi/lib/libc.a(lib_a-reent.o)
 .debug_info    0x0000000000019217       0x95 /home/a-h/x-tools/arm-none-eabi/lib/gcc/arm-none-eabi/4.9.4/../../../../arm-none-eabi/lib/libnosys.a(sbrk.o)

.debug_abbrev   0x0000000000000000     0x46b0
 .debug_abbrev  0x0000000000000000      0x39f stack/CO_driver.o
 .debug_abbrev  0x000000000000039f      0x40b stack/CO_SDO.o
 .debug_abbrev  0x00000000000007aa      0x2e8 stack/CO_Emergency.o
 .debug_abbrev  0x0000000000000a92      0x2ba stack/CO_NMT_Heartbeat.o
 .debug_abbrev  0x0000000000000d4c      0x2dd stack/CO_SYNC.o
 .debug_abbrev  0x0000000000001029      0x344 stack/CO_PDO.o
 .debug_abbrev  0x000000000000136d      0x2da stack/CO_HBconsumer.o
 .debug_abbrev  0x0000000000001647      0x2d7 ./CANopen.o
 .debug_abbrev  0x000000000000191e       0xf6 sources/CO_OD.o
 .debug_abbrev  0x0000000000001a14      0x104 sources/gpio.o
 .debug_abbrev  0x0000000000001b18      0x116 sources/rcc.o
 .debug_abbrev  0x0000000000001c2e      0x2aa sources/usart.o
 .debug_abbrev  0x0000000000001ed8      0x12f sources/adc.o
 .debug_abbrev  0x0000000000002007       0xdf sources/timers.o
 .debug_abbrev  0x00000000000020e6      0x215 mainbms.o
 .debug_abbrev  0x00000000000022fb      0x165 ./libopencm3//lib/libopencm3_stm32f1.a(adc.o)
 .debug_abbrev  0x0000000000002460      0x149 ./libopencm3//lib/libopencm3_stm32f1.a(adc_common_v1.o)
 .debug_abbrev  0x00000000000025a9      0x24c ./libopencm3//lib/libopencm3_stm32f1.a(can.o)
 .debug_abbrev  0x00000000000027f5       0xb7 ./libopencm3//lib/libopencm3_stm32f1.a(gpio.o)
 .debug_abbrev  0x00000000000028ac      0x291 ./libopencm3//lib/libopencm3_stm32f1.a(rcc.o)
 .debug_abbrev  0x0000000000002b3d      0x10e ./libopencm3//lib/libopencm3_stm32f1.a(gpio_common_all.o)
 .debug_abbrev  0x0000000000002c4b      0x15c ./libopencm3//lib/libopencm3_stm32f1.a(timer_common_all.o)
 .debug_abbrev  0x0000000000002da7      0x12b ./libopencm3//lib/libopencm3_stm32f1.a(usart_common_all.o)
 .debug_abbrev  0x0000000000002ed2       0x8e ./libopencm3//lib/libopencm3_stm32f1.a(usart_common_f124.o)
 .debug_abbrev  0x0000000000002f60       0xc1 ./libopencm3//lib/libopencm3_stm32f1.a(rcc_common_all.o)
 .debug_abbrev  0x0000000000003021       0xe7 ./libopencm3//lib/libopencm3_stm32f1.a(flash_common_f01.o)
 .debug_abbrev  0x0000000000003108      0x12b ./libopencm3//lib/libopencm3_stm32f1.a(vector.o)
 .debug_abbrev  0x0000000000003233       0xa6 ./libopencm3//lib/libopencm3_stm32f1.a(nvic.o)
 .debug_abbrev  0x00000000000032d9      0x1da /home/a-h/x-tools/arm-none-eabi/lib/gcc/arm-none-eabi/4.9.4/../../../../arm-none-eabi/lib/libc.a(lib_a-calloc.o)
 .debug_abbrev  0x00000000000034b3      0x215 /home/a-h/x-tools/arm-none-eabi/lib/gcc/arm-none-eabi/4.9.4/../../../../arm-none-eabi/lib/libc.a(lib_a-callocr.o)
 .debug_abbrev  0x00000000000036c8      0x17e /home/a-h/x-tools/arm-none-eabi/lib/gcc/arm-none-eabi/4.9.4/../../../../arm-none-eabi/lib/libc.a(lib_a-impure.o)
 .debug_abbrev  0x0000000000003846      0x1f8 /home/a-h/x-tools/arm-none-eabi/lib/gcc/arm-none-eabi/4.9.4/../../../../arm-none-eabi/lib/libc.a(lib_a-malloc.o)
 .debug_abbrev  0x0000000000003a3e      0x2a4 /home/a-h/x-tools/arm-none-eabi/lib/gcc/arm-none-eabi/4.9.4/../../../../arm-none-eabi/lib/libc.a(lib_a-mallocr.o)
 .debug_abbrev  0x0000000000003ce2       0x8c /home/a-h/x-tools/arm-none-eabi/lib/gcc/arm-none-eabi/4.9.4/../../../../arm-none-eabi/lib/libc.a(lib_a-memset.o)
 .debug_abbrev  0x0000000000003d6e      0x198 /home/a-h/x-tools/arm-none-eabi/lib/gcc/arm-none-eabi/4.9.4/../../../../arm-none-eabi/lib/libc.a(lib_a-mlock.o)
 .debug_abbrev  0x0000000000003f06      0x1fb /home/a-h/x-tools/arm-none-eabi/lib/gcc/arm-none-eabi/4.9.4/../../../../arm-none-eabi/lib/libc.a(lib_a-sbrkr.o)
 .debug_abbrev  0x0000000000004101       0x6e /home/a-h/x-tools/arm-none-eabi/lib/gcc/arm-none-eabi/4.9.4/../../../../arm-none-eabi/lib/libc.a(lib_a-strncmp.o)
 .debug_abbrev  0x000000000000416f      0x266 /home/a-h/x-tools/arm-none-eabi/lib/gcc/arm-none-eabi/4.9.4/../../../../arm-none-eabi/lib/libc.a(lib_a-freer.o)
 .debug_abbrev  0x00000000000043d5      0x25a /home/a-h/x-tools/arm-none-eabi/lib/gcc/arm-none-eabi/4.9.4/../../../../arm-none-eabi/lib/libc.a(lib_a-reent.o)
 .debug_abbrev  0x000000000000462f       0x81 /home/a-h/x-tools/arm-none-eabi/lib/gcc/arm-none-eabi/4.9.4/../../../../arm-none-eabi/lib/libnosys.a(sbrk.o)

.debug_loc      0x0000000000000000     0x8392
 .debug_loc     0x0000000000000000      0x790 stack/CO_driver.o
 .debug_loc     0x0000000000000790     0x128f stack/CO_SDO.o
 .debug_loc     0x0000000000001a1f      0x6b8 stack/CO_Emergency.o
 .debug_loc     0x00000000000020d7      0x44f stack/CO_NMT_Heartbeat.o
 .debug_loc     0x0000000000002526      0x58b stack/CO_SYNC.o
 .debug_loc     0x0000000000002ab1     0x1587 stack/CO_PDO.o
 .debug_loc     0x0000000000004038      0x650 stack/CO_HBconsumer.o
 .debug_loc     0x0000000000004688      0x561 ./CANopen.o
 .debug_loc     0x0000000000004be9       0x66 sources/gpio.o
 .debug_loc     0x0000000000004c4f      0x648 sources/usart.o
 .debug_loc     0x0000000000005297       0xd0 sources/adc.o
 .debug_loc     0x0000000000005367       0x6b mainbms.o
 .debug_loc     0x00000000000053d2      0x1db ./libopencm3//lib/libopencm3_stm32f1.a(adc.o)
 .debug_loc     0x00000000000055ad      0x343 ./libopencm3//lib/libopencm3_stm32f1.a(adc_common_v1.o)
 .debug_loc     0x00000000000058f0      0x9d6 ./libopencm3//lib/libopencm3_stm32f1.a(can.o)
 .debug_loc     0x00000000000062c6      0x1aa ./libopencm3//lib/libopencm3_stm32f1.a(gpio.o)
 .debug_loc     0x0000000000006470      0x3f2 ./libopencm3//lib/libopencm3_stm32f1.a(rcc.o)
 .debug_loc     0x0000000000006862       0x84 ./libopencm3//lib/libopencm3_stm32f1.a(gpio_common_all.o)
 .debug_loc     0x00000000000068e6      0x506 ./libopencm3//lib/libopencm3_stm32f1.a(timer_common_all.o)
 .debug_loc     0x0000000000006dec      0x1ca ./libopencm3//lib/libopencm3_stm32f1.a(usart_common_all.o)
 .debug_loc     0x0000000000006fb6       0x63 ./libopencm3//lib/libopencm3_stm32f1.a(usart_common_f124.o)
 .debug_loc     0x0000000000007019      0x14a ./libopencm3//lib/libopencm3_stm32f1.a(rcc_common_all.o)
 .debug_loc     0x0000000000007163       0xd3 ./libopencm3//lib/libopencm3_stm32f1.a(flash_common_f01.o)
 .debug_loc     0x0000000000007236       0xdf ./libopencm3//lib/libopencm3_stm32f1.a(vector.o)
 .debug_loc     0x0000000000007315      0x129 ./libopencm3//lib/libopencm3_stm32f1.a(nvic.o)
 .debug_loc     0x000000000000743e       0x58 /home/a-h/x-tools/arm-none-eabi/lib/gcc/arm-none-eabi/4.9.4/../../../../arm-none-eabi/lib/libc.a(lib_a-calloc.o)
 .debug_loc     0x0000000000007496      0x1e7 /home/a-h/x-tools/arm-none-eabi/lib/gcc/arm-none-eabi/4.9.4/../../../../arm-none-eabi/lib/libc.a(lib_a-callocr.o)
 .debug_loc     0x000000000000767d       0x58 /home/a-h/x-tools/arm-none-eabi/lib/gcc/arm-none-eabi/4.9.4/../../../../arm-none-eabi/lib/libc.a(lib_a-malloc.o)
 .debug_loc     0x00000000000076d5      0x6ab /home/a-h/x-tools/arm-none-eabi/lib/gcc/arm-none-eabi/4.9.4/../../../../arm-none-eabi/lib/libc.a(lib_a-mallocr.o)
 .debug_loc     0x0000000000007d80       0x49 /home/a-h/x-tools/arm-none-eabi/lib/gcc/arm-none-eabi/4.9.4/../../../../arm-none-eabi/lib/libc.a(lib_a-memset.o)
 .debug_loc     0x0000000000007dc9       0x4d /home/a-h/x-tools/arm-none-eabi/lib/gcc/arm-none-eabi/4.9.4/../../../../arm-none-eabi/lib/libc.a(lib_a-sbrkr.o)
 .debug_loc     0x0000000000007e16       0x8b /home/a-h/x-tools/arm-none-eabi/lib/gcc/arm-none-eabi/4.9.4/../../../../arm-none-eabi/lib/libc.a(lib_a-strncmp.o)
 .debug_loc     0x0000000000007ea1      0x39a /home/a-h/x-tools/arm-none-eabi/lib/gcc/arm-none-eabi/4.9.4/../../../../arm-none-eabi/lib/libc.a(lib_a-freer.o)
 .debug_loc     0x000000000000823b      0x12b /home/a-h/x-tools/arm-none-eabi/lib/gcc/arm-none-eabi/4.9.4/../../../../arm-none-eabi/lib/libc.a(lib_a-reent.o)
 .debug_loc     0x0000000000008366       0x2c /home/a-h/x-tools/arm-none-eabi/lib/gcc/arm-none-eabi/4.9.4/../../../../arm-none-eabi/lib/libnosys.a(sbrk.o)

.debug_aranges  0x0000000000000000      0xf70
 .debug_aranges
                0x0000000000000000       0x90 stack/CO_driver.o
 .debug_aranges
                0x0000000000000090       0xd0 stack/CO_SDO.o
 .debug_aranges
                0x0000000000000160       0x58 stack/CO_Emergency.o
 .debug_aranges
                0x00000000000001b8       0x48 stack/CO_NMT_Heartbeat.o
 .debug_aranges
                0x0000000000000200       0x48 stack/CO_SYNC.o
 .debug_aranges
                0x0000000000000248       0x98 stack/CO_PDO.o
 .debug_aranges
                0x00000000000002e0       0x40 stack/CO_HBconsumer.o
 .debug_aranges
                0x0000000000000320       0x40 ./CANopen.o
 .debug_aranges
                0x0000000000000360       0x18 sources/CO_OD.o
 .debug_aranges
                0x0000000000000378       0x28 sources/gpio.o
 .debug_aranges
                0x00000000000003a0       0x28 sources/rcc.o
 .debug_aranges
                0x00000000000003c8       0x60 sources/usart.o
 .debug_aranges
                0x0000000000000428       0x30 sources/adc.o
 .debug_aranges
                0x0000000000000458       0x30 sources/timers.o
 .debug_aranges
                0x0000000000000488       0x30 mainbms.o
 .debug_aranges
                0x00000000000004b8       0x98 ./libopencm3//lib/libopencm3_stm32f1.a(adc.o)
 .debug_aranges
                0x0000000000000550      0x148 ./libopencm3//lib/libopencm3_stm32f1.a(adc_common_v1.o)
 .debug_aranges
                0x0000000000000698       0x80 ./libopencm3//lib/libopencm3_stm32f1.a(can.o)
 .debug_aranges
                0x0000000000000718       0x38 ./libopencm3//lib/libopencm3_stm32f1.a(gpio.o)
 .debug_aranges
                0x0000000000000750      0x158 ./libopencm3//lib/libopencm3_stm32f1.a(rcc.o)
 .debug_aranges
                0x00000000000008a8       0x50 ./libopencm3//lib/libopencm3_stm32f1.a(gpio_common_all.o)
 .debug_aranges
                0x00000000000008f8      0x278 ./libopencm3//lib/libopencm3_stm32f1.a(timer_common_all.o)
 .debug_aranges
                0x0000000000000b70       0xb8 ./libopencm3//lib/libopencm3_stm32f1.a(usart_common_all.o)
 .debug_aranges
                0x0000000000000c28       0x40 ./libopencm3//lib/libopencm3_stm32f1.a(usart_common_f124.o)
 .debug_aranges
                0x0000000000000c68       0x78 ./libopencm3//lib/libopencm3_stm32f1.a(rcc_common_all.o)
 .debug_aranges
                0x0000000000000ce0       0x88 ./libopencm3//lib/libopencm3_stm32f1.a(flash_common_f01.o)
 .debug_aranges
                0x0000000000000d68       0x30 ./libopencm3//lib/libopencm3_stm32f1.a(vector.o)
 .debug_aranges
                0x0000000000000d98       0x60 ./libopencm3//lib/libopencm3_stm32f1.a(nvic.o)
 .debug_aranges
                0x0000000000000df8       0x20 /home/a-h/x-tools/arm-none-eabi/lib/gcc/arm-none-eabi/4.9.4/../../../../arm-none-eabi/lib/libc.a(lib_a-calloc.o)
 .debug_aranges
                0x0000000000000e18       0x20 /home/a-h/x-tools/arm-none-eabi/lib/gcc/arm-none-eabi/4.9.4/../../../../arm-none-eabi/lib/libc.a(lib_a-callocr.o)
 .debug_aranges
                0x0000000000000e38       0x18 /home/a-h/x-tools/arm-none-eabi/lib/gcc/arm-none-eabi/4.9.4/../../../../arm-none-eabi/lib/libc.a(lib_a-impure.o)
 .debug_aranges
                0x0000000000000e50       0x20 /home/a-h/x-tools/arm-none-eabi/lib/gcc/arm-none-eabi/4.9.4/../../../../arm-none-eabi/lib/libc.a(lib_a-malloc.o)
 .debug_aranges
                0x0000000000000e70       0x20 /home/a-h/x-tools/arm-none-eabi/lib/gcc/arm-none-eabi/4.9.4/../../../../arm-none-eabi/lib/libc.a(lib_a-mallocr.o)
 .debug_aranges
                0x0000000000000e90       0x20 /home/a-h/x-tools/arm-none-eabi/lib/gcc/arm-none-eabi/4.9.4/../../../../arm-none-eabi/lib/libc.a(lib_a-memset.o)
 .debug_aranges
                0x0000000000000eb0       0x20 /home/a-h/x-tools/arm-none-eabi/lib/gcc/arm-none-eabi/4.9.4/../../../../arm-none-eabi/lib/libc.a(lib_a-mlock.o)
 .debug_aranges
                0x0000000000000ed0       0x20 /home/a-h/x-tools/arm-none-eabi/lib/gcc/arm-none-eabi/4.9.4/../../../../arm-none-eabi/lib/libc.a(lib_a-sbrkr.o)
 .debug_aranges
                0x0000000000000ef0       0x20 /home/a-h/x-tools/arm-none-eabi/lib/gcc/arm-none-eabi/4.9.4/../../../../arm-none-eabi/lib/libc.a(lib_a-strncmp.o)
 .debug_aranges
                0x0000000000000f10       0x20 /home/a-h/x-tools/arm-none-eabi/lib/gcc/arm-none-eabi/4.9.4/../../../../arm-none-eabi/lib/libc.a(lib_a-freer.o)
 .debug_aranges
                0x0000000000000f30       0x20 /home/a-h/x-tools/arm-none-eabi/lib/gcc/arm-none-eabi/4.9.4/../../../../arm-none-eabi/lib/libc.a(lib_a-reent.o)
 .debug_aranges
                0x0000000000000f50       0x20 /home/a-h/x-tools/arm-none-eabi/lib/gcc/arm-none-eabi/4.9.4/../../../../arm-none-eabi/lib/libnosys.a(sbrk.o)

.debug_ranges   0x0000000000000000      0xe88
 .debug_ranges  0x0000000000000000       0xb0 stack/CO_driver.o
 .debug_ranges  0x00000000000000b0      0x198 stack/CO_SDO.o
 .debug_ranges  0x0000000000000248       0x48 stack/CO_Emergency.o
 .debug_ranges  0x0000000000000290       0x38 stack/CO_NMT_Heartbeat.o
 .debug_ranges  0x00000000000002c8       0x68 stack/CO_SYNC.o
 .debug_ranges  0x0000000000000330      0x118 stack/CO_PDO.o
 .debug_ranges  0x0000000000000448       0x48 stack/CO_HBconsumer.o
 .debug_ranges  0x0000000000000490       0x30 ./CANopen.o
 .debug_ranges  0x00000000000004c0       0x18 sources/gpio.o
 .debug_ranges  0x00000000000004d8       0x18 sources/rcc.o
 .debug_ranges  0x00000000000004f0       0x68 sources/usart.o
 .debug_ranges  0x0000000000000558       0x20 sources/adc.o
 .debug_ranges  0x0000000000000578       0x20 sources/timers.o
 .debug_ranges  0x0000000000000598       0x20 mainbms.o
 .debug_ranges  0x00000000000005b8       0x88 ./libopencm3//lib/libopencm3_stm32f1.a(adc.o)
 .debug_ranges  0x0000000000000640      0x138 ./libopencm3//lib/libopencm3_stm32f1.a(adc_common_v1.o)
 .debug_ranges  0x0000000000000778       0x70 ./libopencm3//lib/libopencm3_stm32f1.a(can.o)
 .debug_ranges  0x00000000000007e8       0x28 ./libopencm3//lib/libopencm3_stm32f1.a(gpio.o)
 .debug_ranges  0x0000000000000810      0x1a8 ./libopencm3//lib/libopencm3_stm32f1.a(rcc.o)
 .debug_ranges  0x00000000000009b8       0x40 ./libopencm3//lib/libopencm3_stm32f1.a(gpio_common_all.o)
 .debug_ranges  0x00000000000009f8      0x268 ./libopencm3//lib/libopencm3_stm32f1.a(timer_common_all.o)
 .debug_ranges  0x0000000000000c60       0xa8 ./libopencm3//lib/libopencm3_stm32f1.a(usart_common_all.o)
 .debug_ranges  0x0000000000000d08       0x30 ./libopencm3//lib/libopencm3_stm32f1.a(usart_common_f124.o)
 .debug_ranges  0x0000000000000d38       0x68 ./libopencm3//lib/libopencm3_stm32f1.a(rcc_common_all.o)
 .debug_ranges  0x0000000000000da0       0x78 ./libopencm3//lib/libopencm3_stm32f1.a(flash_common_f01.o)
 .debug_ranges  0x0000000000000e18       0x20 ./libopencm3//lib/libopencm3_stm32f1.a(vector.o)
 .debug_ranges  0x0000000000000e38       0x50 ./libopencm3//lib/libopencm3_stm32f1.a(nvic.o)

.debug_line     0x0000000000000000     0x790d
 .debug_line    0x0000000000000000      0x453 stack/CO_driver.o
 .debug_line    0x0000000000000453      0x698 stack/CO_SDO.o
 .debug_line    0x0000000000000aeb      0x288 stack/CO_Emergency.o
 .debug_line    0x0000000000000d73      0x289 stack/CO_NMT_Heartbeat.o
 .debug_line    0x0000000000000ffc      0x257 stack/CO_SYNC.o
 .debug_line    0x0000000000001253      0x5c5 stack/CO_PDO.o
 .debug_line    0x0000000000001818      0x22e stack/CO_HBconsumer.o
 .debug_line    0x0000000000001a46      0x3dd ./CANopen.o
 .debug_line    0x0000000000001e23       0xfb sources/CO_OD.o
 .debug_line    0x0000000000001f1e      0x19e sources/gpio.o
 .debug_line    0x00000000000020bc      0x1ab sources/rcc.o
 .debug_line    0x0000000000002267      0x3a5 sources/usart.o
 .debug_line    0x000000000000260c      0x1e9 sources/adc.o
 .debug_line    0x00000000000027f5      0x1e8 sources/timers.o
 .debug_line    0x00000000000029dd      0x233 mainbms.o
 .debug_line    0x0000000000002c10      0x3bc ./libopencm3//lib/libopencm3_stm32f1.a(adc.o)
 .debug_line    0x0000000000002fcc      0x546 ./libopencm3//lib/libopencm3_stm32f1.a(adc_common_v1.o)
 .debug_line    0x0000000000003512      0x43f ./libopencm3//lib/libopencm3_stm32f1.a(can.o)
 .debug_line    0x0000000000003951      0x2c0 ./libopencm3//lib/libopencm3_stm32f1.a(gpio.o)
 .debug_line    0x0000000000003c11      0x648 ./libopencm3//lib/libopencm3_stm32f1.a(rcc.o)
 .debug_line    0x0000000000004259      0x2f4 ./libopencm3//lib/libopencm3_stm32f1.a(gpio_common_all.o)
 .debug_line    0x000000000000454d      0x875 ./libopencm3//lib/libopencm3_stm32f1.a(timer_common_all.o)
 .debug_line    0x0000000000004dc2      0x42a ./libopencm3//lib/libopencm3_stm32f1.a(usart_common_all.o)
 .debug_line    0x00000000000051ec      0x315 ./libopencm3//lib/libopencm3_stm32f1.a(usart_common_f124.o)
 .debug_line    0x0000000000005501      0x33f ./libopencm3//lib/libopencm3_stm32f1.a(rcc_common_all.o)
 .debug_line    0x0000000000005840      0x37f ./libopencm3//lib/libopencm3_stm32f1.a(flash_common_f01.o)
 .debug_line    0x0000000000005bbf      0x30e ./libopencm3//lib/libopencm3_stm32f1.a(vector.o)
 .debug_line    0x0000000000005ecd      0x2c4 ./libopencm3//lib/libopencm3_stm32f1.a(nvic.o)
 .debug_line    0x0000000000006191      0x20a /home/a-h/x-tools/arm-none-eabi/lib/gcc/arm-none-eabi/4.9.4/../../../../arm-none-eabi/lib/libc.a(lib_a-calloc.o)
 .debug_line    0x000000000000639b      0x1c3 /home/a-h/x-tools/arm-none-eabi/lib/gcc/arm-none-eabi/4.9.4/../../../../arm-none-eabi/lib/libc.a(lib_a-callocr.o)
 .debug_line    0x000000000000655e      0x18a /home/a-h/x-tools/arm-none-eabi/lib/gcc/arm-none-eabi/4.9.4/../../../../arm-none-eabi/lib/libc.a(lib_a-impure.o)
 .debug_line    0x00000000000066e8      0x20d /home/a-h/x-tools/arm-none-eabi/lib/gcc/arm-none-eabi/4.9.4/../../../../arm-none-eabi/lib/libc.a(lib_a-malloc.o)
 .debug_line    0x00000000000068f5      0x3a8 /home/a-h/x-tools/arm-none-eabi/lib/gcc/arm-none-eabi/4.9.4/../../../../arm-none-eabi/lib/libc.a(lib_a-mallocr.o)
 .debug_line    0x0000000000006c9d      0x187 /home/a-h/x-tools/arm-none-eabi/lib/gcc/arm-none-eabi/4.9.4/../../../../arm-none-eabi/lib/libc.a(lib_a-memset.o)
 .debug_line    0x0000000000006e24      0x19c /home/a-h/x-tools/arm-none-eabi/lib/gcc/arm-none-eabi/4.9.4/../../../../arm-none-eabi/lib/libc.a(lib_a-mlock.o)
 .debug_line    0x0000000000006fc0      0x214 /home/a-h/x-tools/arm-none-eabi/lib/gcc/arm-none-eabi/4.9.4/../../../../arm-none-eabi/lib/libc.a(lib_a-sbrkr.o)
 .debug_line    0x00000000000071d4      0x192 /home/a-h/x-tools/arm-none-eabi/lib/gcc/arm-none-eabi/4.9.4/../../../../arm-none-eabi/lib/libc.a(lib_a-strncmp.o)
 .debug_line    0x0000000000007366      0x2ca /home/a-h/x-tools/arm-none-eabi/lib/gcc/arm-none-eabi/4.9.4/../../../../arm-none-eabi/lib/libc.a(lib_a-freer.o)
 .debug_line    0x0000000000007630      0x241 /home/a-h/x-tools/arm-none-eabi/lib/gcc/arm-none-eabi/4.9.4/../../../../arm-none-eabi/lib/libc.a(lib_a-reent.o)
 .debug_line    0x0000000000007871       0x9c /home/a-h/x-tools/arm-none-eabi/lib/gcc/arm-none-eabi/4.9.4/../../../../arm-none-eabi/lib/libnosys.a(sbrk.o)

.debug_str      0x0000000000000000    0x1b282
 .debug_str     0x0000000000000000      0x8a8 stack/CO_driver.o
                                        0x996 (size before relaxing)
 .debug_str     0x00000000000008a8      0xdaf stack/CO_SDO.o
                                       0x123b (size before relaxing)
 .debug_str     0x0000000000001657      0x1e9 stack/CO_Emergency.o
                                       0x1163 (size before relaxing)
 .debug_str     0x0000000000001840      0x2f8 stack/CO_NMT_Heartbeat.o
                                        0x8da (size before relaxing)
 .debug_str     0x0000000000001b38      0x18b stack/CO_SYNC.o
                                       0x1138 (size before relaxing)
 .debug_str     0x0000000000001cc3      0x3c0 stack/CO_PDO.o
                                       0x104c (size before relaxing)
 .debug_str     0x0000000000002083      0x159 stack/CO_HBconsumer.o
                                       0x10f7 (size before relaxing)
 .debug_str     0x00000000000021dc      0x5ca ./CANopen.o
                                       0x1c5e (size before relaxing)
 .debug_str     0x00000000000027a6      0x147 sources/CO_OD.o
                                        0x937 (size before relaxing)
 .debug_str     0x00000000000028ed       0x37 sources/gpio.o
                                        0x415 (size before relaxing)
 .debug_str     0x0000000000002924       0x50 sources/rcc.o
                                        0x44c (size before relaxing)
 .debug_str     0x0000000000002974      0x1e1 sources/usart.o
                                        0x626 (size before relaxing)
 .debug_str     0x0000000000002b55      0x138 sources/adc.o
                                        0x52f (size before relaxing)
 .debug_str     0x0000000000002c8d      0x342 sources/timers.o
                                        0x72d (size before relaxing)
 .debug_str     0x0000000000002fcf       0x61 mainbms.o
                                        0xfe7 (size before relaxing)
 .debug_str     0x0000000000003030     0x64c2 ./libopencm3//lib/libopencm3_stm32f1.a(adc.o)
                                       0x6707 (size before relaxing)
 .debug_str     0x00000000000094f2      0x423 ./libopencm3//lib/libopencm3_stm32f1.a(adc_common_v1.o)
                                       0x6a37 (size before relaxing)
 .debug_str     0x0000000000009915     0x3cfa ./libopencm3//lib/libopencm3_stm32f1.a(can.o)
                                       0x7ff0 (size before relaxing)
 .debug_str     0x000000000000d60f     0x3803 ./libopencm3//lib/libopencm3_stm32f1.a(gpio.o)
                                       0x7860 (size before relaxing)
 .debug_str     0x0000000000010e12      0xc50 ./libopencm3//lib/libopencm3_stm32f1.a(rcc.o)
                                       0x70fe (size before relaxing)
 .debug_str     0x0000000000011a62       0x5a ./libopencm3//lib/libopencm3_stm32f1.a(gpio_common_all.o)
                                       0x7854 (size before relaxing)
 .debug_str     0x0000000000011abc     0x4a58 ./libopencm3//lib/libopencm3_stm32f1.a(timer_common_all.o)
                                       0xb201 (size before relaxing)
 .debug_str     0x0000000000016514      0xffa ./libopencm3//lib/libopencm3_stm32f1.a(usart_common_all.o)
                                       0x7552 (size before relaxing)
 .debug_str     0x000000000001750e       0x2d ./libopencm3//lib/libopencm3_stm32f1.a(usart_common_f124.o)
                                       0x7366 (size before relaxing)
 .debug_str     0x000000000001753b      0x168 ./libopencm3//lib/libopencm3_stm32f1.a(rcc_common_all.o)
                                       0x6a49 (size before relaxing)
 .debug_str     0x00000000000176a3      0x181 ./libopencm3//lib/libopencm3_stm32f1.a(flash_common_f01.o)
                                       0x4907 (size before relaxing)
 .debug_str     0x0000000000017824     0x24e7 ./libopencm3//lib/libopencm3_stm32f1.a(vector.o)
                                       0x59b1 (size before relaxing)
 .debug_str     0x0000000000019d0b      0x9bd ./libopencm3//lib/libopencm3_stm32f1.a(nvic.o)
                                       0x46bd (size before relaxing)
 .debug_str     0x000000000001a6c8      0x43a /home/a-h/x-tools/arm-none-eabi/lib/gcc/arm-none-eabi/4.9.4/../../../../arm-none-eabi/lib/libc.a(lib_a-calloc.o)
                                        0x539 (size before relaxing)
 .debug_str     0x000000000001ab02      0x126 /home/a-h/x-tools/arm-none-eabi/lib/gcc/arm-none-eabi/4.9.4/../../../../arm-none-eabi/lib/libc.a(lib_a-callocr.o)
                                        0x5e1 (size before relaxing)
 .debug_str     0x000000000001ac28       0x89 /home/a-h/x-tools/arm-none-eabi/lib/gcc/arm-none-eabi/4.9.4/../../../../arm-none-eabi/lib/libc.a(lib_a-impure.o)
                                        0x53a (size before relaxing)
 .debug_str     0x000000000001acb1       0x7f /home/a-h/x-tools/arm-none-eabi/lib/gcc/arm-none-eabi/4.9.4/../../../../arm-none-eabi/lib/libc.a(lib_a-malloc.o)
                                        0x54d (size before relaxing)
 .debug_str     0x000000000001ad30      0x1c1 /home/a-h/x-tools/arm-none-eabi/lib/gcc/arm-none-eabi/4.9.4/../../../../arm-none-eabi/lib/libc.a(lib_a-mallocr.o)
                                        0x7b7 (size before relaxing)
 .debug_str     0x000000000001aef1       0x6b /home/a-h/x-tools/arm-none-eabi/lib/gcc/arm-none-eabi/4.9.4/../../../../arm-none-eabi/lib/libc.a(lib_a-memset.o)
                                        0x168 (size before relaxing)
 .debug_str     0x000000000001af5c       0x7f /home/a-h/x-tools/arm-none-eabi/lib/gcc/arm-none-eabi/4.9.4/../../../../arm-none-eabi/lib/libc.a(lib_a-mlock.o)
                                        0x542 (size before relaxing)
 .debug_str     0x000000000001afdb       0x74 /home/a-h/x-tools/arm-none-eabi/lib/gcc/arm-none-eabi/4.9.4/../../../../arm-none-eabi/lib/libc.a(lib_a-sbrkr.o)
                                        0x531 (size before relaxing)
 .debug_str     0x000000000001b04f       0x6c /home/a-h/x-tools/arm-none-eabi/lib/gcc/arm-none-eabi/4.9.4/../../../../arm-none-eabi/lib/libc.a(lib_a-strncmp.o)
                                        0x16a (size before relaxing)
 .debug_str     0x000000000001b0bb       0x34 /home/a-h/x-tools/arm-none-eabi/lib/gcc/arm-none-eabi/4.9.4/../../../../arm-none-eabi/lib/libc.a(lib_a-freer.o)
                                        0x701 (size before relaxing)
 .debug_str     0x000000000001b0ef       0x95 /home/a-h/x-tools/arm-none-eabi/lib/gcc/arm-none-eabi/4.9.4/../../../../arm-none-eabi/lib/libc.a(lib_a-reent.o)
                                        0x559 (size before relaxing)
 .debug_str     0x000000000001b184       0xfe /home/a-h/x-tools/arm-none-eabi/lib/gcc/arm-none-eabi/4.9.4/../../../../arm-none-eabi/lib/libnosys.a(sbrk.o)
                                        0x117 (size before relaxing)

.comment        0x0000000000000000       0x34
 .comment       0x0000000000000000       0x34 stack/CO_driver.o
                                         0x35 (size before relaxing)
 .comment       0x0000000000000034       0x35 stack/CO_SDO.o
 .comment       0x0000000000000034       0x35 stack/CO_Emergency.o
 .comment       0x0000000000000034       0x35 stack/CO_NMT_Heartbeat.o
 .comment       0x0000000000000034       0x35 stack/CO_SYNC.o
 .comment       0x0000000000000034       0x35 stack/CO_PDO.o
 .comment       0x0000000000000034       0x35 stack/CO_HBconsumer.o
 .comment       0x0000000000000034       0x35 ./CANopen.o
 .comment       0x0000000000000034       0x35 sources/CO_OD.o
 .comment       0x0000000000000034       0x35 sources/gpio.o
 .comment       0x0000000000000034       0x35 sources/rcc.o
 .comment       0x0000000000000034       0x35 sources/usart.o
 .comment       0x0000000000000034       0x35 sources/adc.o
 .comment       0x0000000000000034       0x35 sources/timers.o
 .comment       0x0000000000000034       0x35 mainbms.o
 .comment       0x0000000000000034       0x35 ./libopencm3//lib/libopencm3_stm32f1.a(adc.o)
 .comment       0x0000000000000034       0x35 ./libopencm3//lib/libopencm3_stm32f1.a(adc_common_v1.o)
 .comment       0x0000000000000034       0x35 ./libopencm3//lib/libopencm3_stm32f1.a(can.o)
 .comment       0x0000000000000034       0x35 ./libopencm3//lib/libopencm3_stm32f1.a(gpio.o)
 .comment       0x0000000000000034       0x35 ./libopencm3//lib/libopencm3_stm32f1.a(rcc.o)
 .comment       0x0000000000000034       0x35 ./libopencm3//lib/libopencm3_stm32f1.a(gpio_common_all.o)
 .comment       0x0000000000000034       0x35 ./libopencm3//lib/libopencm3_stm32f1.a(timer_common_all.o)
 .comment       0x0000000000000034       0x35 ./libopencm3//lib/libopencm3_stm32f1.a(usart_common_all.o)
 .comment       0x0000000000000034       0x35 ./libopencm3//lib/libopencm3_stm32f1.a(usart_common_f124.o)
 .comment       0x0000000000000034       0x35 ./libopencm3//lib/libopencm3_stm32f1.a(rcc_common_all.o)
 .comment       0x0000000000000034       0x35 ./libopencm3//lib/libopencm3_stm32f1.a(flash_common_f01.o)
 .comment       0x0000000000000034       0x35 ./libopencm3//lib/libopencm3_stm32f1.a(vector.o)
 .comment       0x0000000000000034       0x35 ./libopencm3//lib/libopencm3_stm32f1.a(nvic.o)
 .comment       0x0000000000000034       0x35 /home/a-h/x-tools/arm-none-eabi/lib/gcc/arm-none-eabi/4.9.4/../../../../arm-none-eabi/lib/libc.a(lib_a-calloc.o)
 .comment       0x0000000000000034       0x35 /home/a-h/x-tools/arm-none-eabi/lib/gcc/arm-none-eabi/4.9.4/../../../../arm-none-eabi/lib/libc.a(lib_a-callocr.o)
 .comment       0x0000000000000034       0x35 /home/a-h/x-tools/arm-none-eabi/lib/gcc/arm-none-eabi/4.9.4/../../../../arm-none-eabi/lib/libc.a(lib_a-impure.o)
 .comment       0x0000000000000034       0x35 /home/a-h/x-tools/arm-none-eabi/lib/gcc/arm-none-eabi/4.9.4/../../../../arm-none-eabi/lib/libc.a(lib_a-malloc.o)
 .comment       0x0000000000000034       0x35 /home/a-h/x-tools/arm-none-eabi/lib/gcc/arm-none-eabi/4.9.4/../../../../arm-none-eabi/lib/libc.a(lib_a-mallocr.o)
 .comment       0x0000000000000034       0x35 /home/a-h/x-tools/arm-none-eabi/lib/gcc/arm-none-eabi/4.9.4/../../../../arm-none-eabi/lib/libc.a(lib_a-memset.o)
 .comment       0x0000000000000034       0x35 /home/a-h/x-tools/arm-none-eabi/lib/gcc/arm-none-eabi/4.9.4/../../../../arm-none-eabi/lib/libc.a(lib_a-mlock.o)
 .comment       0x0000000000000034       0x35 /home/a-h/x-tools/arm-none-eabi/lib/gcc/arm-none-eabi/4.9.4/../../../../arm-none-eabi/lib/libc.a(lib_a-sbrkr.o)
 .comment       0x0000000000000034       0x35 /home/a-h/x-tools/arm-none-eabi/lib/gcc/arm-none-eabi/4.9.4/../../../../arm-none-eabi/lib/libc.a(lib_a-strncmp.o)
 .comment       0x0000000000000034       0x35 /home/a-h/x-tools/arm-none-eabi/lib/gcc/arm-none-eabi/4.9.4/../../../../arm-none-eabi/lib/libc.a(lib_a-freer.o)
 .comment       0x0000000000000034       0x35 /home/a-h/x-tools/arm-none-eabi/lib/gcc/arm-none-eabi/4.9.4/../../../../arm-none-eabi/lib/libc.a(lib_a-reent.o)
 .comment       0x0000000000000034       0x35 /home/a-h/x-tools/arm-none-eabi/lib/gcc/arm-none-eabi/4.9.4/../../../../arm-none-eabi/lib/libnosys.a(sbrk.o)

.ARM.attributes
                0x0000000000000000       0x31
 .ARM.attributes
                0x0000000000000000       0x33 stack/CO_driver.o
 .ARM.attributes
                0x0000000000000033       0x33 stack/CO_SDO.o
 .ARM.attributes
                0x0000000000000066       0x33 stack/CO_Emergency.o
 .ARM.attributes
                0x0000000000000099       0x33 stack/CO_NMT_Heartbeat.o
 .ARM.attributes
                0x00000000000000cc       0x33 stack/CO_SYNC.o
 .ARM.attributes
                0x00000000000000ff       0x33 stack/CO_PDO.o
 .ARM.attributes
                0x0000000000000132       0x33 stack/CO_HBconsumer.o
 .ARM.attributes
                0x0000000000000165       0x33 ./CANopen.o
 .ARM.attributes
                0x0000000000000198       0x33 sources/CO_OD.o
 .ARM.attributes
                0x00000000000001cb       0x33 sources/gpio.o
 .ARM.attributes
                0x00000000000001fe       0x33 sources/rcc.o
 .ARM.attributes
                0x0000000000000231       0x33 sources/usart.o
 .ARM.attributes
                0x0000000000000264       0x33 sources/adc.o
 .ARM.attributes
                0x0000000000000297       0x33 sources/timers.o
 .ARM.attributes
                0x00000000000002ca       0x33 mainbms.o
 .ARM.attributes
                0x00000000000002fd       0x33 ./libopencm3//lib/libopencm3_stm32f1.a(adc.o)
 .ARM.attributes
                0x0000000000000330       0x33 ./libopencm3//lib/libopencm3_stm32f1.a(adc_common_v1.o)
 .ARM.attributes
                0x0000000000000363       0x33 ./libopencm3//lib/libopencm3_stm32f1.a(can.o)
 .ARM.attributes
                0x0000000000000396       0x33 ./libopencm3//lib/libopencm3_stm32f1.a(gpio.o)
 .ARM.attributes
                0x00000000000003c9       0x33 ./libopencm3//lib/libopencm3_stm32f1.a(rcc.o)
 .ARM.attributes
                0x00000000000003fc       0x33 ./libopencm3//lib/libopencm3_stm32f1.a(gpio_common_all.o)
 .ARM.attributes
                0x000000000000042f       0x33 ./libopencm3//lib/libopencm3_stm32f1.a(timer_common_all.o)
 .ARM.attributes
                0x0000000000000462       0x33 ./libopencm3//lib/libopencm3_stm32f1.a(usart_common_all.o)
 .ARM.attributes
                0x0000000000000495       0x33 ./libopencm3//lib/libopencm3_stm32f1.a(usart_common_f124.o)
 .ARM.attributes
                0x00000000000004c8       0x33 ./libopencm3//lib/libopencm3_stm32f1.a(rcc_common_all.o)
 .ARM.attributes
                0x00000000000004fb       0x33 ./libopencm3//lib/libopencm3_stm32f1.a(flash_common_f01.o)
 .ARM.attributes
                0x000000000000052e       0x33 ./libopencm3//lib/libopencm3_stm32f1.a(vector.o)
 .ARM.attributes
                0x0000000000000561       0x33 ./libopencm3//lib/libopencm3_stm32f1.a(nvic.o)
 .ARM.attributes
                0x0000000000000594       0x33 /home/a-h/x-tools/arm-none-eabi/lib/gcc/arm-none-eabi/4.9.4/../../../../arm-none-eabi/lib/libc.a(lib_a-calloc.o)
 .ARM.attributes
                0x00000000000005c7       0x33 /home/a-h/x-tools/arm-none-eabi/lib/gcc/arm-none-eabi/4.9.4/../../../../arm-none-eabi/lib/libc.a(lib_a-callocr.o)
 .ARM.attributes
                0x00000000000005fa       0x33 /home/a-h/x-tools/arm-none-eabi/lib/gcc/arm-none-eabi/4.9.4/../../../../arm-none-eabi/lib/libc.a(lib_a-impure.o)
 .ARM.attributes
                0x000000000000062d       0x33 /home/a-h/x-tools/arm-none-eabi/lib/gcc/arm-none-eabi/4.9.4/../../../../arm-none-eabi/lib/libc.a(lib_a-malloc.o)
 .ARM.attributes
                0x0000000000000660       0x33 /home/a-h/x-tools/arm-none-eabi/lib/gcc/arm-none-eabi/4.9.4/../../../../arm-none-eabi/lib/libc.a(lib_a-mallocr.o)
 .ARM.attributes
                0x0000000000000693       0x33 /home/a-h/x-tools/arm-none-eabi/lib/gcc/arm-none-eabi/4.9.4/../../../../arm-none-eabi/lib/libc.a(lib_a-memset.o)
 .ARM.attributes
                0x00000000000006c6       0x33 /home/a-h/x-tools/arm-none-eabi/lib/gcc/arm-none-eabi/4.9.4/../../../../arm-none-eabi/lib/libc.a(lib_a-mlock.o)
 .ARM.attributes
                0x00000000000006f9       0x33 /home/a-h/x-tools/arm-none-eabi/lib/gcc/arm-none-eabi/4.9.4/../../../../arm-none-eabi/lib/libc.a(lib_a-sbrkr.o)
 .ARM.attributes
                0x000000000000072c       0x33 /home/a-h/x-tools/arm-none-eabi/lib/gcc/arm-none-eabi/4.9.4/../../../../arm-none-eabi/lib/libc.a(lib_a-strncmp.o)
 .ARM.attributes
                0x000000000000075f       0x33 /home/a-h/x-tools/arm-none-eabi/lib/gcc/arm-none-eabi/4.9.4/../../../../arm-none-eabi/lib/libc.a(lib_a-freer.o)
 .ARM.attributes
                0x0000000000000792       0x33 /home/a-h/x-tools/arm-none-eabi/lib/gcc/arm-none-eabi/4.9.4/../../../../arm-none-eabi/lib/libc.a(lib_a-reent.o)
 .ARM.attributes
                0x00000000000007c5       0x33 /home/a-h/x-tools/arm-none-eabi/lib/gcc/arm-none-eabi/4.9.4/../../../../arm-none-eabi/lib/libnosys.a(sbrk.o)

.debug_frame    0x0000000000000000     0x2128
 .debug_frame   0x0000000000000000      0x198 stack/CO_driver.o
 .debug_frame   0x0000000000000198      0x258 stack/CO_SDO.o
 .debug_frame   0x00000000000003f0       0xec stack/CO_Emergency.o
 .debug_frame   0x00000000000004dc       0x98 stack/CO_NMT_Heartbeat.o
 .debug_frame   0x0000000000000574       0xc0 stack/CO_SYNC.o
 .debug_frame   0x0000000000000634      0x214 stack/CO_PDO.o
 .debug_frame   0x0000000000000848       0xa8 stack/CO_HBconsumer.o
 .debug_frame   0x00000000000008f0       0xc0 ./CANopen.o
 .debug_frame   0x00000000000009b0       0x4c sources/gpio.o
 .debug_frame   0x00000000000009fc       0x50 sources/rcc.o
 .debug_frame   0x0000000000000a4c      0x12c sources/usart.o
 .debug_frame   0x0000000000000b78       0x64 sources/adc.o
 .debug_frame   0x0000000000000bdc       0x64 sources/timers.o
 .debug_frame   0x0000000000000c40       0x48 mainbms.o
 .debug_frame   0x0000000000000c88      0x128 ./libopencm3//lib/libopencm3_stm32f1.a(adc.o)
 .debug_frame   0x0000000000000db0      0x294 ./libopencm3//lib/libopencm3_stm32f1.a(adc_common_v1.o)
 .debug_frame   0x0000000000001044      0x174 ./libopencm3//lib/libopencm3_stm32f1.a(can.o)
 .debug_frame   0x00000000000011b8       0x64 ./libopencm3//lib/libopencm3_stm32f1.a(gpio.o)
 .debug_frame   0x000000000000121c      0x2e0 ./libopencm3//lib/libopencm3_stm32f1.a(rcc.o)
 .debug_frame   0x00000000000014fc       0x80 ./libopencm3//lib/libopencm3_stm32f1.a(gpio_common_all.o)
 .debug_frame   0x000000000000157c      0x4d8 ./libopencm3//lib/libopencm3_stm32f1.a(timer_common_all.o)
 .debug_frame   0x0000000000001a54      0x170 ./libopencm3//lib/libopencm3_stm32f1.a(usart_common_all.o)
 .debug_frame   0x0000000000001bc4       0x60 ./libopencm3//lib/libopencm3_stm32f1.a(usart_common_f124.o)
 .debug_frame   0x0000000000001c24       0xd0 ./libopencm3//lib/libopencm3_stm32f1.a(rcc_common_all.o)
 .debug_frame   0x0000000000001cf4      0x120 ./libopencm3//lib/libopencm3_stm32f1.a(flash_common_f01.o)
 .debug_frame   0x0000000000001e14       0x40 ./libopencm3//lib/libopencm3_stm32f1.a(vector.o)
 .debug_frame   0x0000000000001e54       0xa0 ./libopencm3//lib/libopencm3_stm32f1.a(nvic.o)
 .debug_frame   0x0000000000001ef4       0x20 /home/a-h/x-tools/arm-none-eabi/lib/gcc/arm-none-eabi/4.9.4/../../../../arm-none-eabi/lib/libc.a(lib_a-calloc.o)
 .debug_frame   0x0000000000001f14       0x28 /home/a-h/x-tools/arm-none-eabi/lib/gcc/arm-none-eabi/4.9.4/../../../../arm-none-eabi/lib/libc.a(lib_a-callocr.o)
 .debug_frame   0x0000000000001f3c       0x30 /home/a-h/x-tools/arm-none-eabi/lib/gcc/arm-none-eabi/4.9.4/../../../../arm-none-eabi/lib/libc.a(lib_a-malloc.o)
 .debug_frame   0x0000000000001f6c       0x3c /home/a-h/x-tools/arm-none-eabi/lib/gcc/arm-none-eabi/4.9.4/../../../../arm-none-eabi/lib/libc.a(lib_a-mallocr.o)
 .debug_frame   0x0000000000001fa8       0x20 /home/a-h/x-tools/arm-none-eabi/lib/gcc/arm-none-eabi/4.9.4/../../../../arm-none-eabi/lib/libc.a(lib_a-memset.o)
 .debug_frame   0x0000000000001fc8       0x30 /home/a-h/x-tools/arm-none-eabi/lib/gcc/arm-none-eabi/4.9.4/../../../../arm-none-eabi/lib/libc.a(lib_a-mlock.o)
 .debug_frame   0x0000000000001ff8       0x2c /home/a-h/x-tools/arm-none-eabi/lib/gcc/arm-none-eabi/4.9.4/../../../../arm-none-eabi/lib/libc.a(lib_a-sbrkr.o)
 .debug_frame   0x0000000000002024       0x2c /home/a-h/x-tools/arm-none-eabi/lib/gcc/arm-none-eabi/4.9.4/../../../../arm-none-eabi/lib/libc.a(lib_a-strncmp.o)
 .debug_frame   0x0000000000002050       0x5c /home/a-h/x-tools/arm-none-eabi/lib/gcc/arm-none-eabi/4.9.4/../../../../arm-none-eabi/lib/libc.a(lib_a-freer.o)
 .debug_frame   0x00000000000020ac       0x5c /home/a-h/x-tools/arm-none-eabi/lib/gcc/arm-none-eabi/4.9.4/../../../../arm-none-eabi/lib/libc.a(lib_a-reent.o)
 .debug_frame   0x0000000000002108       0x20 /home/a-h/x-tools/arm-none-eabi/lib/gcc/arm-none-eabi/4.9.4/../../../../arm-none-eabi/lib/libnosys.a(sbrk.o)

.debug_macro    0x0000000000000000     0x5716
 .debug_macro   0x0000000000000000       0xa1 ./libopencm3//lib/libopencm3_stm32f1.a(adc.o)
 .debug_macro   0x00000000000000a1      0x874 ./libopencm3//lib/libopencm3_stm32f1.a(adc.o)
 .debug_macro   0x0000000000000915       0x22 ./libopencm3//lib/libopencm3_stm32f1.a(adc.o)
 .debug_macro   0x0000000000000937       0x44 ./libopencm3//lib/libopencm3_stm32f1.a(adc.o)
 .debug_macro   0x000000000000097b       0x1c ./libopencm3//lib/libopencm3_stm32f1.a(adc.o)
 .debug_macro   0x0000000000000997      0x1f7 ./libopencm3//lib/libopencm3_stm32f1.a(adc.o)
 .debug_macro   0x0000000000000b8e       0x22 ./libopencm3//lib/libopencm3_stm32f1.a(adc.o)
 .debug_macro   0x0000000000000bb0       0xfa ./libopencm3//lib/libopencm3_stm32f1.a(adc.o)
 .debug_macro   0x0000000000000caa       0x58 ./libopencm3//lib/libopencm3_stm32f1.a(adc.o)
 .debug_macro   0x0000000000000d02      0x1b4 ./libopencm3//lib/libopencm3_stm32f1.a(adc.o)
 .debug_macro   0x0000000000000eb6      0x449 ./libopencm3//lib/libopencm3_stm32f1.a(adc.o)
 .debug_macro   0x00000000000012ff      0x456 ./libopencm3//lib/libopencm3_stm32f1.a(adc.o)
 .debug_macro   0x0000000000001755       0xa1 ./libopencm3//lib/libopencm3_stm32f1.a(adc_common_v1.o)
 .debug_macro   0x00000000000017f6       0xb2 ./libopencm3//lib/libopencm3_stm32f1.a(can.o)
 .debug_macro   0x00000000000018a8      0x513 ./libopencm3//lib/libopencm3_stm32f1.a(can.o)
 .debug_macro   0x0000000000001dbb      0x82c ./libopencm3//lib/libopencm3_stm32f1.a(can.o)
 .debug_macro   0x00000000000025e7       0xa1 ./libopencm3//lib/libopencm3_stm32f1.a(gpio.o)
 .debug_macro   0x0000000000002688       0x76 ./libopencm3//lib/libopencm3_stm32f1.a(gpio.o)
 .debug_macro   0x00000000000026fe      0xdfd ./libopencm3//lib/libopencm3_stm32f1.a(gpio.o)
 .debug_macro   0x00000000000034fb       0xc8 ./libopencm3//lib/libopencm3_stm32f1.a(rcc.o)
 .debug_macro   0x00000000000035c3       0x16 ./libopencm3//lib/libopencm3_stm32f1.a(rcc.o)
 .debug_macro   0x00000000000035d9       0xdc ./libopencm3//lib/libopencm3_stm32f1.a(rcc.o)
 .debug_macro   0x00000000000036b5       0x82 ./libopencm3//lib/libopencm3_stm32f1.a(rcc.o)
 .debug_macro   0x0000000000003737       0xa1 ./libopencm3//lib/libopencm3_stm32f1.a(gpio_common_all.o)
 .debug_macro   0x00000000000037d8       0xb4 ./libopencm3//lib/libopencm3_stm32f1.a(timer_common_all.o)
 .debug_macro   0x000000000000388c      0xf96 ./libopencm3//lib/libopencm3_stm32f1.a(timer_common_all.o)
 .debug_macro   0x0000000000004822       0xc3 ./libopencm3//lib/libopencm3_stm32f1.a(usart_common_all.o)
 .debug_macro   0x00000000000048e5       0x8e ./libopencm3//lib/libopencm3_stm32f1.a(usart_common_all.o)
 .debug_macro   0x0000000000004973      0x273 ./libopencm3//lib/libopencm3_stm32f1.a(usart_common_all.o)
 .debug_macro   0x0000000000004be6       0xc3 ./libopencm3//lib/libopencm3_stm32f1.a(usart_common_f124.o)
 .debug_macro   0x0000000000004ca9       0xb7 ./libopencm3//lib/libopencm3_stm32f1.a(rcc_common_all.o)
 .debug_macro   0x0000000000004d60       0xa1 ./libopencm3//lib/libopencm3_stm32f1.a(flash_common_f01.o)
 .debug_macro   0x0000000000004e01       0xb8 ./libopencm3//lib/libopencm3_stm32f1.a(vector.o)
 .debug_macro   0x0000000000004eb9      0x3a1 ./libopencm3//lib/libopencm3_stm32f1.a(vector.o)
 .debug_macro   0x000000000000525a       0x6a ./libopencm3//lib/libopencm3_stm32f1.a(vector.o)
 .debug_macro   0x00000000000052c4      0x1a2 ./libopencm3//lib/libopencm3_stm32f1.a(vector.o)
 .debug_macro   0x0000000000005466       0x9c ./libopencm3//lib/libopencm3_stm32f1.a(nvic.o)
 .debug_macro   0x0000000000005502       0x64 ./libopencm3//lib/libopencm3_stm32f1.a(nvic.o)
 .debug_macro   0x0000000000005566      0x1b0 ./libopencm3//lib/libopencm3_stm32f1.a(nvic.o)
