Archive member included to satisfy reference by file (symbol)

./libopencm3//lib/libopencm3_stm32f1.a(adc.o)
                              adc.o (adc_power_on)
./libopencm3//lib/libopencm3_stm32f1.a(adc_common_v1.o)
                              adc.o (adc_power_off)
./libopencm3//lib/libopencm3_stm32f1.a(can.o)
                              can.o (can_reset)
./libopencm3//lib/libopencm3_stm32f1.a(gpio.o)
                              gpio.o (gpio_set_mode)
./libopencm3//lib/libopencm3_stm32f1.a(rcc.o)
                              rcc.o (rcc_clock_setup_in_hsi_out_64mhz)
./libopencm3//lib/libopencm3_stm32f1.a(gpio_common_all.o)
                              gpio.o (gpio_set)
./libopencm3//lib/libopencm3_stm32f1.a(timer_common_all.o)
                              timers.o (timer_enable_irq)
./libopencm3//lib/libopencm3_stm32f1.a(usart_common_all.o)
                              uart.o (usart_set_baudrate)
./libopencm3//lib/libopencm3_stm32f1.a(usart_common_f124.o)
                              uart.o (usart_send)
./libopencm3//lib/libopencm3_stm32f1.a(rcc_common_all.o)
                              gpio.o (rcc_periph_clock_enable)
./libopencm3//lib/libopencm3_stm32f1.a(flash_common_f01.o)
                              ./libopencm3//lib/libopencm3_stm32f1.a(rcc.o) (flash_set_ws)
./libopencm3//lib/libopencm3_stm32f1.a(vector.o)
                              (reset_handler)
./libopencm3//lib/libopencm3_stm32f1.a(nvic.o)
                              uart.o (nvic_enable_irq)
./libopencm3//lib/libopencm3_stm32f1.a(assert.o)
                              ./libopencm3//lib/libopencm3_stm32f1.a(rcc.o) (cm3_assert_failed)
./libopencm3//lib/libopencm3_stm32f1.a(flash.o)
                              ./libopencm3//lib/libopencm3_stm32f1.a(flash_common_f01.o) (flash_get_status_flags)
/home/a-h/x-tools/arm-none-eabi/lib/gcc/arm-none-eabi/4.9.4/../../../../arm-none-eabi/lib/libc.a(lib_a-strncmp.o)
                              uart.o (strncmp)
/home/a-h/x-tools/arm-none-eabi/lib/gcc/arm-none-eabi/4.9.4/libgcc.a(_arm_addsubdf3.o)
                              uart.o (__aeabi_dadd)
/home/a-h/x-tools/arm-none-eabi/lib/gcc/arm-none-eabi/4.9.4/libgcc.a(_arm_muldivdf3.o)
                              uart.o (__aeabi_dmul)

Discarded input sections

 .text          0x0000000000000000        0x0 gpio.o
 .data          0x0000000000000000        0x0 gpio.o
 .bss           0x0000000000000000        0x0 gpio.o
 .text          0x0000000000000000        0x0 rcc.o
 .data          0x0000000000000000        0x0 rcc.o
 .bss           0x0000000000000000        0x0 rcc.o
 .text          0x0000000000000000        0x0 uart.o
 .data          0x0000000000000000        0x0 uart.o
 .bss           0x0000000000000000        0x0 uart.o
 .text.usart_send_32
                0x0000000000000000       0x58 uart.o
 .text.atof     0x0000000000000000      0x11c uart.o
 .rodata.help_msg
                0x0000000000000000       0xd1 uart.o
 .text          0x0000000000000000        0x0 can.o
 .data          0x0000000000000000        0x0 can.o
 .bss           0x0000000000000000        0x0 can.o
 .text          0x0000000000000000        0x0 adc.o
 .data          0x0000000000000000        0x0 adc.o
 .bss           0x0000000000000000        0x0 adc.o
 .text          0x0000000000000000        0x0 timers.o
 .data          0x0000000000000000        0x0 timers.o
 .bss           0x0000000000000000        0x0 timers.o
 .text.tim1_init
                0x0000000000000000       0x80 timers.o
 .text          0x0000000000000000        0x0 mainbms.o
 .data          0x0000000000000000        0x0 mainbms.o
 .bss           0x0000000000000000        0x0 mainbms.o
 .bss.temp2     0x0000000000000000        0x1 mainbms.o
 .data.temp     0x0000000000000000        0x4 mainbms.o
 .group         0x0000000000000000        0x8 ./libopencm3//lib/libopencm3_stm32f1.a(adc.o)
 .group         0x0000000000000000        0x8 ./libopencm3//lib/libopencm3_stm32f1.a(adc.o)
 .group         0x0000000000000000        0x8 ./libopencm3//lib/libopencm3_stm32f1.a(adc.o)
 .group         0x0000000000000000        0x8 ./libopencm3//lib/libopencm3_stm32f1.a(adc.o)
 .group         0x0000000000000000        0x8 ./libopencm3//lib/libopencm3_stm32f1.a(adc.o)
 .group         0x0000000000000000        0x8 ./libopencm3//lib/libopencm3_stm32f1.a(adc.o)
 .group         0x0000000000000000        0x8 ./libopencm3//lib/libopencm3_stm32f1.a(adc.o)
 .group         0x0000000000000000        0x8 ./libopencm3//lib/libopencm3_stm32f1.a(adc.o)
 .group         0x0000000000000000        0x8 ./libopencm3//lib/libopencm3_stm32f1.a(adc.o)
 .group         0x0000000000000000        0x8 ./libopencm3//lib/libopencm3_stm32f1.a(adc.o)
 .group         0x0000000000000000        0x8 ./libopencm3//lib/libopencm3_stm32f1.a(adc.o)
 .text          0x0000000000000000        0x0 ./libopencm3//lib/libopencm3_stm32f1.a(adc.o)
 .data          0x0000000000000000        0x0 ./libopencm3//lib/libopencm3_stm32f1.a(adc.o)
[...]
Memory Configuration

Name             Origin             Length             Attributes
rom              0x0000000008000000 0x0000000000010000 xr
ram              0x0000000020000000 0x0000000000005000 xrw
*default*        0x0000000000000000 0xffffffffffffffff

Linker script and memory map

LOAD gpio.o
LOAD rcc.o
LOAD uart.o
LOAD can.o
LOAD adc.o
LOAD timers.o
LOAD mainbms.o
LOAD ./libopencm3//lib/libopencm3_stm32f1.a
START GROUP
LOAD /home/a-h/x-tools/arm-none-eabi/lib/gcc/arm-none-eabi/4.9.4/../../../../arm-none-eabi/lib/libc.a
LOAD /home/a-h/x-tools/arm-none-eabi/lib/gcc/arm-none-eabi/4.9.4/libgcc.a
LOAD /home/a-h/x-tools/arm-none-eabi/lib/gcc/arm-none-eabi/4.9.4/../../../../arm-none-eabi/lib/libnosys.a
END GROUP
START GROUP
LOAD /home/a-h/x-tools/arm-none-eabi/lib/gcc/arm-none-eabi/4.9.4/libgcc.a
LOAD /home/a-h/x-tools/arm-none-eabi/lib/gcc/arm-none-eabi/4.9.4/../../../../arm-none-eabi/lib/libc.a
END GROUP

.text           0x0000000008000000     0x123c
 *(.vectors)
 .vectors       0x0000000008000000      0x150 ./libopencm3//lib/libopencm3_stm32f1.a(vector.o)
                0x0000000008000000                vector_table
 *(.text*)
 .text.gpio_init
                0x0000000008000150       0x5c gpio.o
                0x0000000008000150                gpio_init
 .text.rcc_init
                0x00000000080001ac       0x22 rcc.o
                0x00000000080001ac                rcc_init
 *fill*         0x00000000080001ce        0x2 
 .text.sys_tick_handler
                0x00000000080001d0       0x80 rcc.o
                0x00000000080001d0                sys_tick_handler
 .text.usart_init
                0x0000000008000250       0x88 uart.o
                0x0000000008000250                usart_init
 .text.usart_send_string
                0x00000000080002d8       0x1c uart.o
                0x00000000080002d8                usart_send_string
 .text.usart_send_data
                0x00000000080002f4       0x44 uart.o
                0x00000000080002f4                usart_send_data
 .text.usart_send_byte
                0x0000000008000338       0x14 uart.o
                0x0000000008000338                usart_send_byte
 .text.process_command
                0x000000000800034c       0xe8 uart.o
                0x000000000800034c                process_command
 .text.usart1_isr
                0x0000000008000434       0xb8 uart.o
                0x0000000008000434                usart1_isr
 .text.my_usart_print_int
                0x00000000080004ec       0x60 uart.o
                0x00000000080004ec                my_usart_print_int
 .text.can_setup
                0x000000000800054c       0xac can.o
                0x000000000800054c                can_setup
 .text.usb_lp_can_rx0_isr
                0x00000000080005f8       0x7c can.o
                0x00000000080005f8                usb_lp_can_rx0_isr
 .text.can_send_test
                0x0000000008000674       0x50 can.o
                0x0000000008000674                can_send_test
 .text.adc_init
                0x00000000080006c4       0xa8 adc.o
                0x00000000080006c4                adc_init
 .text.adc_get  0x000000000800076c       0x30 adc.o
                0x000000000800076c                adc_get
 .text.adc_get_temperature
                0x000000000800079c       0x3c adc.o
                0x000000000800079c                adc_get_temperature
 .text.tim1_up_isr
                0x00000000080007d8        0xc timers.o
                0x00000000080007d8                tim1_up_isr
 .text.tim1_cc_isr
                0x00000000080007e4       0x48 timers.o
                0x00000000080007e4                tim1_cc_isr
 .text.startup.main
                0x000000000800082c       0x7c mainbms.o
                0x000000000800082c                main
 .text.adc_power_on
                0x00000000080008a8       0x10 ./libopencm3//lib/libopencm3_stm32f1.a(adc.o)
                0x00000000080008a8                adc_power_on
 .text.adc_start_conversion_direct
                0x00000000080008b8       0x10 ./libopencm3//lib/libopencm3_stm32f1.a(adc.o)
                0x00000000080008b8                adc_start_conversion_direct
 .text.adc_enable_temperature_sensor
                0x00000000080008c8       0x10 ./libopencm3//lib/libopencm3_stm32f1.a(adc.o)
                0x00000000080008c8                adc_enable_temperature_sensor
 .text.adc_disable_external_trigger_regular
                0x00000000080008d8        0xa ./libopencm3//lib/libopencm3_stm32f1.a(adc.o)
                0x00000000080008d8                adc_disable_external_trigger_regular
 .text.adc_reset_calibration
                0x00000000080008e2       0x14 ./libopencm3//lib/libopencm3_stm32f1.a(adc.o)
                0x00000000080008e2                adc_reset_calibration
 .text.adc_calibrate_async
                0x00000000080008f6        0xa ./libopencm3//lib/libopencm3_stm32f1.a(adc.o)
                0x00000000080008f6                adc_calibrate_async
 .text.adc_is_calibrating
                0x0000000008000900        0x8 ./libopencm3//lib/libopencm3_stm32f1.a(adc.o)
                0x0000000008000900                adc_is_calibrating
 .text.adc_calibrate
                0x0000000008000908       0x14 ./libopencm3//lib/libopencm3_stm32f1.a(adc.o)
                0x0000000008000908                adc_calibrate
 .text.adc_set_sample_time_on_all_channels
                0x000000000800091c       0x2a ./libopencm3//lib/libopencm3_stm32f1.a(adc.o)
                0x000000000800091c                adc_set_sample_time_on_all_channels
 .text.adc_power_off
                0x0000000008000946        0xa ./libopencm3//lib/libopencm3_stm32f1.a(adc_common_v1.o)
                0x0000000008000946                adc_power_off
 .text.adc_disable_scan_mode
                0x0000000008000950        0xa ./libopencm3//lib/libopencm3_stm32f1.a(adc_common_v1.o)
                0x0000000008000950                adc_disable_scan_mode
 .text.adc_set_right_aligned
                0x000000000800095a        0xa ./libopencm3//lib/libopencm3_stm32f1.a(adc_common_v1.o)
                0x000000000800095a                adc_set_right_aligned
 .text.adc_set_single_conversion_mode
                0x0000000008000964        0xa ./libopencm3//lib/libopencm3_stm32f1.a(adc_common_v1.o)
                0x0000000008000964                adc_set_single_conversion_mode
 .text.adc_set_regular_sequence
                0x000000000800096e       0x78 ./libopencm3//lib/libopencm3_stm32f1.a(adc_common_v1.o)
                0x000000000800096e                adc_set_regular_sequence
 *fill*         0x00000000080009e6        0x2 
 .text.can_reset
                0x00000000080009e8       0x18 ./libopencm3//lib/libopencm3_stm32f1.a(can.o)
                0x00000000080009e8                can_reset
 .text.can_init
                0x0000000008000a00      0x124 ./libopencm3//lib/libopencm3_stm32f1.a(can.o)
                0x0000000008000a00                can_init
 .text.can_filter_init
                0x0000000008000b24       0x8e ./libopencm3//lib/libopencm3_stm32f1.a(can.o)
                0x0000000008000b24                can_filter_init
 .text.can_filter_id_mask_32bit_init
                0x0000000008000bb2       0x1a ./libopencm3//lib/libopencm3_stm32f1.a(can.o)
                0x0000000008000bb2                can_filter_id_mask_32bit_init
 .text.can_enable_irq
                0x0000000008000bcc        0x8 ./libopencm3//lib/libopencm3_stm32f1.a(can.o)
                0x0000000008000bcc                can_enable_irq
 .text.can_transmit
                0x0000000008000bd4       0xc4 ./libopencm3//lib/libopencm3_stm32f1.a(can.o)
                0x0000000008000bd4                can_transmit
 .text.can_fifo_release
                0x0000000008000c98       0x16 ./libopencm3//lib/libopencm3_stm32f1.a(can.o)
                0x0000000008000c98                can_fifo_release
 *fill*         0x0000000008000cae        0x2 
 .text.can_receive
                0x0000000008000cb0       0xd0 ./libopencm3//lib/libopencm3_stm32f1.a(can.o)
                0x0000000008000cb0                can_receive
 .text.gpio_set_mode
                0x0000000008000d80       0x64 ./libopencm3//lib/libopencm3_stm32f1.a(gpio.o)
                0x0000000008000d80                gpio_set_mode
 .text.rcc_osc_on.part.1
                0x0000000008000de4       0x10 ./libopencm3//lib/libopencm3_stm32f1.a(rcc.o)
 .text.rcc_is_osc_ready
                0x0000000008000df4       0x5c ./libopencm3//lib/libopencm3_stm32f1.a(rcc.o)
                0x0000000008000df4                rcc_is_osc_ready
 .text.rcc_wait_for_osc_ready
                0x0000000008000e50       0x10 ./libopencm3//lib/libopencm3_stm32f1.a(rcc.o)
                0x0000000008000e50                rcc_wait_for_osc_ready
 .text.rcc_osc_on
                0x0000000008000e60       0x54 ./libopencm3//lib/libopencm3_stm32f1.a(rcc.o)
                0x0000000008000e60                rcc_osc_on
 .text.rcc_set_sysclk_source
                0x0000000008000eb4       0x14 ./libopencm3//lib/libopencm3_stm32f1.a(rcc.o)
                0x0000000008000eb4                rcc_set_sysclk_source
 .text.rcc_set_pll_multiplication_factor
                0x0000000008000ec8       0x14 ./libopencm3//lib/libopencm3_stm32f1.a(rcc.o)
                0x0000000008000ec8                rcc_set_pll_multiplication_factor
 .text.rcc_set_pll_source
                0x0000000008000edc       0x14 ./libopencm3//lib/libopencm3_stm32f1.a(rcc.o)
                0x0000000008000edc                rcc_set_pll_source
 .text.rcc_set_adcpre
                0x0000000008000ef0       0x14 ./libopencm3//lib/libopencm3_stm32f1.a(rcc.o)
                0x0000000008000ef0                rcc_set_adcpre
 .text.rcc_set_ppre2
                0x0000000008000f04       0x14 ./libopencm3//lib/libopencm3_stm32f1.a(rcc.o)
                0x0000000008000f04                rcc_set_ppre2
 .text.rcc_set_ppre1
                0x0000000008000f18       0x14 ./libopencm3//lib/libopencm3_stm32f1.a(rcc.o)
                0x0000000008000f18                rcc_set_ppre1
 .text.rcc_set_hpre
                0x0000000008000f2c       0x14 ./libopencm3//lib/libopencm3_stm32f1.a(rcc.o)
                0x0000000008000f2c                rcc_set_hpre
 .text.rcc_clock_setup_in_hsi_out_64mhz
                0x0000000008000f40       0x74 ./libopencm3//lib/libopencm3_stm32f1.a(rcc.o)
                0x0000000008000f40                rcc_clock_setup_in_hsi_out_64mhz
 .text.gpio_set
                0x0000000008000fb4        0x4 ./libopencm3//lib/libopencm3_stm32f1.a(gpio_common_all.o)
                0x0000000008000fb4                gpio_set
 .text.gpio_clear
                0x0000000008000fb8        0x6 ./libopencm3//lib/libopencm3_stm32f1.a(gpio_common_all.o)
                0x0000000008000fb8                gpio_clear
 .text.gpio_toggle
                0x0000000008000fbe       0x10 ./libopencm3//lib/libopencm3_stm32f1.a(gpio_common_all.o)
                0x0000000008000fbe                gpio_toggle
 .text.timer_clear_flag
                0x0000000008000fce        0x6 ./libopencm3//lib/libopencm3_stm32f1.a(timer_common_all.o)
                0x0000000008000fce                timer_clear_flag
 .text.timer_set_oc_value
                0x0000000008000fd4       0x20 ./libopencm3//lib/libopencm3_stm32f1.a(timer_common_all.o)
                0x0000000008000fd4                timer_set_oc_value
 .text.usart_set_baudrate
                0x0000000008000ff4       0x28 ./libopencm3//lib/libopencm3_stm32f1.a(usart_common_all.o)
                0x0000000008000ff4                usart_set_baudrate
 .text.usart_set_databits
                0x000000000800101c       0x12 ./libopencm3//lib/libopencm3_stm32f1.a(usart_common_all.o)
                0x000000000800101c                usart_set_databits
 .text.usart_set_stopbits
                0x000000000800102e        0xc ./libopencm3//lib/libopencm3_stm32f1.a(usart_common_all.o)
                0x000000000800102e                usart_set_stopbits
 .text.usart_set_parity
                0x000000000800103a        0xc ./libopencm3//lib/libopencm3_stm32f1.a(usart_common_all.o)
                0x000000000800103a                usart_set_parity
 .text.usart_set_mode
                0x0000000008001046        0xc ./libopencm3//lib/libopencm3_stm32f1.a(usart_common_all.o)
                0x0000000008001046                usart_set_mode
 .text.usart_set_flow_control
                0x0000000008001052        0xc ./libopencm3//lib/libopencm3_stm32f1.a(usart_common_all.o)
                0x0000000008001052                usart_set_flow_control
 .text.usart_enable
                0x000000000800105e        0xa ./libopencm3//lib/libopencm3_stm32f1.a(usart_common_all.o)
                0x000000000800105e                usart_enable
 .text.usart_send_blocking
                0x0000000008001068       0x16 ./libopencm3//lib/libopencm3_stm32f1.a(usart_common_all.o)
                0x0000000008001068                usart_send_blocking
 .text.usart_send
                0x000000000800107e        0x8 ./libopencm3//lib/libopencm3_stm32f1.a(usart_common_f124.o)
                0x000000000800107e                usart_send
 .text.usart_recv
                0x0000000008001086        0x8 ./libopencm3//lib/libopencm3_stm32f1.a(usart_common_f124.o)
                0x0000000008001086                usart_recv
 .text.usart_wait_send_ready
                0x000000000800108e        0x8 ./libopencm3//lib/libopencm3_stm32f1.a(usart_common_f124.o)
                0x000000000800108e                usart_wait_send_ready
 .text.rcc_periph_clock_enable
                0x0000000008001096       0x1a ./libopencm3//lib/libopencm3_stm32f1.a(rcc_common_all.o)
                0x0000000008001096                rcc_periph_clock_enable
 .text.rcc_periph_reset_pulse
                0x00000000080010b0       0x22 ./libopencm3//lib/libopencm3_stm32f1.a(rcc_common_all.o)
                0x00000000080010b0                rcc_periph_reset_pulse
 *fill*         0x00000000080010d2        0x2 
 .text.flash_set_ws
                0x00000000080010d4       0x14 ./libopencm3//lib/libopencm3_stm32f1.a(flash_common_f01.o)
                0x00000000080010d4                flash_set_ws
 .text.blocking_handler
                0x00000000080010e8        0x2 ./libopencm3//lib/libopencm3_stm32f1.a(vector.o)
                0x00000000080010e8                usart3_isr
                0x00000000080010e8                rtc_isr
                0x00000000080010e8                tim7_isr
                0x00000000080010e8                adc1_2_isr
                0x00000000080010e8                tim1_trg_com_isr
                0x00000000080010e8                usb_hp_can_tx_isr
                0x00000000080010e8                tim6_isr
                0x00000000080010e8                usb_wakeup_isr
                0x00000000080010e8                blocking_handler
                0x00000000080010e8                tim5_isr
                0x00000000080010e8                otg_fs_isr
                0x00000000080010e8                spi1_isr
                0x00000000080010e8                dma1_channel6_isr
                0x00000000080010e8                exti2_isr
                0x00000000080010e8                can_rx1_isr
                0x00000000080010e8                dma1_channel5_isr
                0x00000000080010e8                dma2_channel5_isr
                0x00000000080010e8                usage_fault_handler
                0x00000000080010e8                tim8_trg_com_isr
                0x00000000080010e8                can2_rx0_isr
                0x00000000080010e8                tim1_brk_isr
                0x00000000080010e8                can2_rx1_isr
                0x00000000080010e8                sdio_isr
                0x00000000080010e8                eth_isr
                0x00000000080010e8                dma1_channel4_isr
                0x00000000080010e8                tim8_brk_isr
                0x00000000080010e8                dma2_channel4_5_isr
                0x00000000080010e8                pvd_isr
                0x00000000080010e8                rcc_isr
                0x00000000080010e8                flash_isr
                0x00000000080010e8                uart4_isr
                0x00000000080010e8                rtc_alarm_isr
                0x00000000080010e8                exti15_10_isr
                0x00000000080010e8                hard_fault_handler
                0x00000000080010e8                exti1_isr
                0x00000000080010e8                i2c1_ev_isr
                0x00000000080010e8                dma2_channel1_isr
                0x00000000080010e8                spi2_isr
                0x00000000080010e8                tim8_up_isr
                0x00000000080010e8                dma2_channel2_isr
                0x00000000080010e8                adc3_isr
                0x00000000080010e8                exti3_isr
                0x00000000080010e8                tim3_isr
                0x00000000080010e8                usart2_isr
                0x00000000080010e8                i2c2_er_isr
                0x00000000080010e8                i2c2_ev_isr
                0x00000000080010e8                uart5_isr
                0x00000000080010e8                fsmc_isr
                0x00000000080010e8                dma1_channel1_isr
                0x00000000080010e8                exti4_isr
                0x00000000080010e8                mem_manage_handler
                0x00000000080010e8                can2_tx_isr
                0x00000000080010e8                exti9_5_isr
                0x00000000080010e8                dma2_channel3_isr
                0x00000000080010e8                dma1_channel7_isr
                0x00000000080010e8                can2_sce_isr
                0x00000000080010e8                tim4_isr
                0x00000000080010e8                dma1_channel2_isr
                0x00000000080010e8                i2c1_er_isr
                0x00000000080010e8                can_sce_isr
                0x00000000080010e8                tim8_cc_isr
                0x00000000080010e8                tamper_isr
                0x00000000080010e8                eth_wkup_isr
                0x00000000080010e8                bus_fault_handler
                0x00000000080010e8                wwdg_isr
                0x00000000080010e8                dma1_channel3_isr
                0x00000000080010e8                spi3_isr
                0x00000000080010e8                tim2_isr
                0x00000000080010e8                exti0_isr
 .text.null_handler
                0x00000000080010ea        0x2 ./libopencm3//lib/libopencm3_stm32f1.a(vector.o)
                0x00000000080010ea                null_handler
                0x00000000080010ea                sv_call_handler
                0x00000000080010ea                pend_sv_handler
                0x00000000080010ea                debug_monitor_handler
                0x00000000080010ea                nmi_handler
 .text.reset_handler
                0x00000000080010ec       0x90 ./libopencm3//lib/libopencm3_stm32f1.a(vector.o)
                0x00000000080010ec                reset_handler
 .text.nvic_enable_irq
                0x000000000800117c       0x18 ./libopencm3//lib/libopencm3_stm32f1.a(nvic.o)
                0x000000000800117c                nvic_enable_irq
 .text.nvic_set_priority
                0x0000000008001194       0x20 ./libopencm3//lib/libopencm3_stm32f1.a(nvic.o)
                0x0000000008001194                nvic_set_priority
 .text          0x00000000080011b4       0x32 /home/a-h/x-tools/arm-none-eabi/lib/gcc/arm-none-eabi/4.9.4/../../../../arm-none-eabi/lib/libc.a(lib_a-strncmp.o)
                0x00000000080011b4                strncmp
                0x00000000080011e8                . = ALIGN (0x4)
 *fill*         0x00000000080011e6        0x2 
 *(.rodata*)
 .rodata.str1.1
                0x00000000080011e8       0x2f uart.o
 .rodata        0x0000000008001217        0x8 can.o
 .rodata.str1.1
                0x000000000800121f        0xc can.o
 .rodata.str1.1
                0x000000000800122b        0x8 mainbms.o
 *fill*         0x0000000008001233        0x1 
 .rodata        0x0000000008001234        0x8 ./libopencm3//lib/libopencm3_stm32f1.a(can.o)
                0x000000000800123c                . = ALIGN (0x4)

.glue_7         0x000000000800123c        0x0
 .glue_7        0x000000000800123c        0x0 linker stubs

.glue_7t        0x000000000800123c        0x0
 .glue_7t       0x000000000800123c        0x0 linker stubs

.vfp11_veneer   0x000000000800123c        0x0
 .vfp11_veneer  0x000000000800123c        0x0 linker stubs

.v4_bx          0x000000000800123c        0x0
 .v4_bx         0x000000000800123c        0x0 linker stubs

.iplt           0x000000000800123c        0x0
 .iplt          0x000000000800123c        0x0 gpio.o

.rel.dyn        0x000000000800123c        0x0
 .rel.iplt      0x000000000800123c        0x0 gpio.o

.preinit_array  0x000000000800123c        0x0
                0x000000000800123c                . = ALIGN (0x4)
                0x000000000800123c                __preinit_array_start = .
 *(.preinit_array)
                0x000000000800123c                __preinit_array_end = .

.init_array     0x000000000800123c        0x0
                0x000000000800123c                . = ALIGN (0x4)
                0x000000000800123c                __init_array_start = .
 *(SORT(.init_array.*))
 *(.init_array)
                0x000000000800123c                __init_array_end = .

.fini_array     0x000000000800123c        0x0
                0x000000000800123c                . = ALIGN (0x4)
                0x000000000800123c                __fini_array_start = .
 *(.fini_array)
 *(SORT(.fini_array.*))
                0x000000000800123c                __fini_array_end = .

.ARM.extab
 *(.ARM.extab*)

.ARM.exidx      0x000000000800123c        0x0
                0x000000000800123c                __exidx_start = .
 *(.ARM.exidx*)
                0x000000000800123c                __exidx_end = .
                0x000000000800123c                . = ALIGN (0x4)
                0x000000000800123c                _etext = .

.data           0x0000000020000000       0x18 load address 0x000000000800123c
                0x0000000020000000                _data = .
 *(.data*)
 .data.data.4346
                0x0000000020000000        0x8 rcc.o
 .data.upcount  0x0000000020000008        0x1 mainbms.o
                0x0000000020000008                upcount
 *fill*         0x0000000020000009        0x1 
 .data.compare_time
                0x000000002000000a        0x2 mainbms.o
                0x000000002000000a                compare_time
 .data.rcc_ahb_frequency
                0x000000002000000c        0x4 ./libopencm3//lib/libopencm3_stm32f1.a(rcc.o)
                0x000000002000000c                rcc_ahb_frequency
 .data.rcc_apb1_frequency
                0x0000000020000010        0x4 ./libopencm3//lib/libopencm3_stm32f1.a(rcc.o)
                0x0000000020000010                rcc_apb1_frequency
 .data.rcc_apb2_frequency
                0x0000000020000014        0x4 ./libopencm3//lib/libopencm3_stm32f1.a(rcc.o)
                0x0000000020000014                rcc_apb2_frequency
                0x0000000020000018                . = ALIGN (0x4)
                0x0000000020000018                _edata = .
                0x000000000800123c                _data_loadaddr = LOADADDR (.data)

.igot.plt       0x0000000020000018        0x0 load address 0x0000000008001254
 .igot.plt      0x0000000020000018        0x0 gpio.o

.bss            0x0000000020000018       0x5c load address 0x0000000008001254
 *(.bss*)
 .bss.temp32.4345
                0x0000000020000018        0x4 rcc.o
 .bss.rec_len   0x000000002000001c        0x1 uart.o
                0x000000002000001c                rec_len
 *fill*         0x000000002000001d        0x3 
 .bss.usart1    0x0000000020000020       0x10 uart.o
                0x0000000020000020                usart1
 .bss.resiever  0x0000000020000030       0x32 uart.o
                0x0000000020000030                resiever
 .bss.channel_array
                0x0000000020000062       0x10 mainbms.o
                0x0000000020000062                channel_array
 *(COMMON)
                0x0000000020000074                . = ALIGN (0x4)
 *fill*         0x0000000020000072        0x2 
                0x0000000020000074                _ebss = .

/DISCARD/
 *(.eh_frame)
                0x0000000020000074                . = ALIGN (0x4)
                0x0000000020000074                end = .
                0x0000000020005000                PROVIDE (_stack, (ORIGIN (ram) + LENGTH (ram)))
OUTPUT(mainbms.elf elf32-littlearm)

.debug_info     0x0000000000000000     0x7aec
 .debug_info    0x0000000000000000      0x36f gpio.o
 .debug_info    0x000000000000036f      0x43b rcc.o
 .debug_info    0x00000000000007aa      0xb9d uart.o
 .debug_info    0x0000000000001347      0x801 can.o
 .debug_info    0x0000000000001b48      0x60d adc.o
 .debug_info    0x0000000000002155      0x6ee timers.o
 .debug_info    0x0000000000002843      0x2be mainbms.o
 .debug_info    0x0000000000002b01      0x387 ./libopencm3//lib/libopencm3_stm32f1.a(adc.o)
 .debug_info    0x0000000000002e88      0x7b4 ./libopencm3//lib/libopencm3_stm32f1.a(adc_common_v1.o)
 .debug_info    0x000000000000363c      0xa27 ./libopencm3//lib/libopencm3_stm32f1.a(can.o)
 .debug_info    0x0000000000004063      0x1df ./libopencm3//lib/libopencm3_stm32f1.a(gpio.o)
 .debug_info    0x0000000000004242     0x10fd ./libopencm3//lib/libopencm3_stm32f1.a(rcc.o)
 .debug_info    0x000000000000533f      0x22c ./libopencm3//lib/libopencm3_stm32f1.a(gpio_common_all.o)
 .debug_info    0x000000000000556b     0x117e ./libopencm3//lib/libopencm3_stm32f1.a(timer_common_all.o)
 .debug_info    0x00000000000066e9      0x4cf ./libopencm3//lib/libopencm3_stm32f1.a(usart_common_all.o)
 .debug_info    0x0000000000006bb8      0x17a ./libopencm3//lib/libopencm3_stm32f1.a(usart_common_f124.o)
 .debug_info    0x0000000000006d32      0x5b8 ./libopencm3//lib/libopencm3_stm32f1.a(rcc_common_all.o)
 .debug_info    0x00000000000072ea      0x27f ./libopencm3//lib/libopencm3_stm32f1.a(flash_common_f01.o)
 .debug_info    0x0000000000007569      0x2a4 ./libopencm3//lib/libopencm3_stm32f1.a(vector.o)
 .debug_info    0x000000000000780d      0x214 ./libopencm3//lib/libopencm3_stm32f1.a(nvic.o)
 .debug_info    0x0000000000007a21       0xcb /home/a-h/x-tools/arm-none-eabi/lib/gcc/arm-none-eabi/4.9.4/../../../../arm-none-eabi/lib/libc.a(lib_a-strncmp.o)

.debug_abbrev   0x0000000000000000     0x193d
 .debug_abbrev  0x0000000000000000       0xce gpio.o
 .debug_abbrev  0x00000000000000ce      0x116 rcc.o
 .debug_abbrev  0x00000000000001e4      0x272 uart.o
 .debug_abbrev  0x0000000000000456      0x165 can.o
 .debug_abbrev  0x00000000000005bb      0x12f adc.o
 .debug_abbrev  0x00000000000006ea       0xdf timers.o
 .debug_abbrev  0x00000000000007c9      0x128 mainbms.o
 .debug_abbrev  0x00000000000008f1      0x165 ./libopencm3//lib/libopencm3_stm32f1.a(adc.o)
 .debug_abbrev  0x0000000000000a56      0x149 ./libopencm3//lib/libopencm3_stm32f1.a(adc_common_v1.o)
 .debug_abbrev  0x0000000000000b9f      0x24c ./libopencm3//lib/libopencm3_stm32f1.a(can.o)
 .debug_abbrev  0x0000000000000deb       0xb7 ./libopencm3//lib/libopencm3_stm32f1.a(gpio.o)
 .debug_abbrev  0x0000000000000ea2      0x291 ./libopencm3//lib/libopencm3_stm32f1.a(rcc.o)
 .debug_abbrev  0x0000000000001133      0x10e ./libopencm3//lib/libopencm3_stm32f1.a(gpio_common_all.o)
 .debug_abbrev  0x0000000000001241      0x15c ./libopencm3//lib/libopencm3_stm32f1.a(timer_common_all.o)
 .debug_abbrev  0x000000000000139d      0x12b ./libopencm3//lib/libopencm3_stm32f1.a(usart_common_all.o)
 .debug_abbrev  0x00000000000014c8       0x8e ./libopencm3//lib/libopencm3_stm32f1.a(usart_common_f124.o)
 .debug_abbrev  0x0000000000001556       0xc1 ./libopencm3//lib/libopencm3_stm32f1.a(rcc_common_all.o)
 .debug_abbrev  0x0000000000001617       0xe7 ./libopencm3//lib/libopencm3_stm32f1.a(flash_common_f01.o)
 .debug_abbrev  0x00000000000016fe      0x12b ./libopencm3//lib/libopencm3_stm32f1.a(vector.o)
 .debug_abbrev  0x0000000000001829       0xa6 ./libopencm3//lib/libopencm3_stm32f1.a(nvic.o)
 .debug_abbrev  0x00000000000018cf       0x6e /home/a-h/x-tools/arm-none-eabi/lib/gcc/arm-none-eabi/4.9.4/../../../../arm-none-eabi/lib/libc.a(lib_a-strncmp.o)

.debug_aranges  0x0000000000000000      0xab8
 .debug_aranges
                0x0000000000000000       0x20 gpio.o
 .debug_aranges
                0x0000000000000020       0x28 rcc.o
 .debug_aranges
                0x0000000000000048       0x60 uart.o
 .debug_aranges
                0x00000000000000a8       0x30 can.o
 .debug_aranges
                0x00000000000000d8       0x30 adc.o
 .debug_aranges
                0x0000000000000108       0x30 timers.o
 .debug_aranges
                0x0000000000000138       0x20 mainbms.o
 .debug_aranges
                0x0000000000000158       0x98 ./libopencm3//lib/libopencm3_stm32f1.a(adc.o)
 .debug_aranges
                0x00000000000001f0      0x148 ./libopencm3//lib/libopencm3_stm32f1.a(adc_common_v1.o)
 .debug_aranges
                0x0000000000000338       0x80 ./libopencm3//lib/libopencm3_stm32f1.a(can.o)
 .debug_aranges
                0x00000000000003b8       0x38 ./libopencm3//lib/libopencm3_stm32f1.a(gpio.o)
 .debug_aranges
                0x00000000000003f0      0x158 ./libopencm3//lib/libopencm3_stm32f1.a(rcc.o)
 .debug_aranges
                0x0000000000000548       0x50 ./libopencm3//lib/libopencm3_stm32f1.a(gpio_common_all.o)
 .debug_aranges
                0x0000000000000598      0x278 ./libopencm3//lib/libopencm3_stm32f1.a(timer_common_all.o)
 .debug_aranges
                0x0000000000000810       0xb8 ./libopencm3//lib/libopencm3_stm32f1.a(usart_common_all.o)
 .debug_aranges
                0x00000000000008c8       0x40 ./libopencm3//lib/libopencm3_stm32f1.a(usart_common_f124.o)
 .debug_aranges
                0x0000000000000908       0x78 ./libopencm3//lib/libopencm3_stm32f1.a(rcc_common_all.o)
 .debug_aranges
                0x0000000000000980       0x88 ./libopencm3//lib/libopencm3_stm32f1.a(flash_common_f01.o)
 .debug_aranges
                0x0000000000000a08       0x30 ./libopencm3//lib/libopencm3_stm32f1.a(vector.o)
 .debug_aranges
                0x0000000000000a38       0x60 ./libopencm3//lib/libopencm3_stm32f1.a(nvic.o)
 .debug_aranges
                0x0000000000000a98       0x20 /home/a-h/x-tools/arm-none-eabi/lib/gcc/arm-none-eabi/4.9.4/../../../../arm-none-eabi/lib/libc.a(lib_a-strncmp.o)

.debug_ranges   0x0000000000000000      0x9d0
 .debug_ranges  0x0000000000000000       0x10 gpio.o
 .debug_ranges  0x0000000000000010       0x18 rcc.o
 .debug_ranges  0x0000000000000028       0x68 uart.o
 .debug_ranges  0x0000000000000090       0x20 can.o
 .debug_ranges  0x00000000000000b0       0x20 adc.o
 .debug_ranges  0x00000000000000d0       0x20 timers.o
 .debug_ranges  0x00000000000000f0       0x10 mainbms.o
 .debug_ranges  0x0000000000000100       0x88 ./libopencm3//lib/libopencm3_stm32f1.a(adc.o)
 .debug_ranges  0x0000000000000188      0x138 ./libopencm3//lib/libopencm3_stm32f1.a(adc_common_v1.o)
 .debug_ranges  0x00000000000002c0       0x70 ./libopencm3//lib/libopencm3_stm32f1.a(can.o)
 .debug_ranges  0x0000000000000330       0x28 ./libopencm3//lib/libopencm3_stm32f1.a(gpio.o)
 .debug_ranges  0x0000000000000358      0x1a8 ./libopencm3//lib/libopencm3_stm32f1.a(rcc.o)
 .debug_ranges  0x0000000000000500       0x40 ./libopencm3//lib/libopencm3_stm32f1.a(gpio_common_all.o)
 .debug_ranges  0x0000000000000540      0x268 ./libopencm3//lib/libopencm3_stm32f1.a(timer_common_all.o)
 .debug_ranges  0x00000000000007a8       0xa8 ./libopencm3//lib/libopencm3_stm32f1.a(usart_common_all.o)
 .debug_ranges  0x0000000000000850       0x30 ./libopencm3//lib/libopencm3_stm32f1.a(usart_common_f124.o)
 .debug_ranges  0x0000000000000880       0x68 ./libopencm3//lib/libopencm3_stm32f1.a(rcc_common_all.o)
 .debug_ranges  0x00000000000008e8       0x78 ./libopencm3//lib/libopencm3_stm32f1.a(flash_common_f01.o)
 .debug_ranges  0x0000000000000960       0x20 ./libopencm3//lib/libopencm3_stm32f1.a(vector.o)
 .debug_ranges  0x0000000000000980       0x50 ./libopencm3//lib/libopencm3_stm32f1.a(nvic.o)

.debug_line     0x0000000000000000     0x4537
 .debug_line    0x0000000000000000      0x166 gpio.o
 .debug_line    0x0000000000000166      0x1a3 rcc.o
 .debug_line    0x0000000000000309      0x3b4 uart.o
 .debug_line    0x00000000000006bd      0x22c can.o
 .debug_line    0x00000000000008e9      0x1e9 adc.o
 .debug_line    0x0000000000000ad2      0x1c8 timers.o
 .debug_line    0x0000000000000c9a      0x18a mainbms.o
 .debug_line    0x0000000000000e24      0x3bc ./libopencm3//lib/libopencm3_stm32f1.a(adc.o)
 .debug_line    0x00000000000011e0      0x546 ./libopencm3//lib/libopencm3_stm32f1.a(adc_common_v1.o)
 .debug_line    0x0000000000001726      0x43f ./libopencm3//lib/libopencm3_stm32f1.a(can.o)
 .debug_line    0x0000000000001b65      0x2c0 ./libopencm3//lib/libopencm3_stm32f1.a(gpio.o)
 .debug_line    0x0000000000001e25      0x648 ./libopencm3//lib/libopencm3_stm32f1.a(rcc.o)
 .debug_line    0x000000000000246d      0x2f4 ./libopencm3//lib/libopencm3_stm32f1.a(gpio_common_all.o)
 .debug_line    0x0000000000002761      0x875 ./libopencm3//lib/libopencm3_stm32f1.a(timer_common_all.o)
 .debug_line    0x0000000000002fd6      0x42a ./libopencm3//lib/libopencm3_stm32f1.a(usart_common_all.o)
 .debug_line    0x0000000000003400      0x315 ./libopencm3//lib/libopencm3_stm32f1.a(usart_common_f124.o)
 .debug_line    0x0000000000003715      0x33f ./libopencm3//lib/libopencm3_stm32f1.a(rcc_common_all.o)
 .debug_line    0x0000000000003a54      0x37f ./libopencm3//lib/libopencm3_stm32f1.a(flash_common_f01.o)
 .debug_line    0x0000000000003dd3      0x30e ./libopencm3//lib/libopencm3_stm32f1.a(vector.o)
 .debug_line    0x00000000000040e1      0x2c4 ./libopencm3//lib/libopencm3_stm32f1.a(nvic.o)
 .debug_line    0x00000000000043a5      0x192 /home/a-h/x-tools/arm-none-eabi/lib/gcc/arm-none-eabi/4.9.4/../../../../arm-none-eabi/lib/libc.a(lib_a-strncmp.o)

.debug_str      0x0000000000000000    0x182d1
 .debug_str     0x0000000000000000      0x351 gpio.o
                                        0x3ef (size before relaxing)
 .debug_str     0x0000000000000351       0x69 rcc.o
                                        0x444 (size before relaxing)
 .debug_str     0x00000000000003ba      0x242 uart.o
                                        0x637 (size before relaxing)
 .debug_str     0x00000000000005fc       0x9a can.o
                                        0x4f2 (size before relaxing)
 .debug_str     0x0000000000000696      0x11c adc.o
                                        0x527 (size before relaxing)
 .debug_str     0x00000000000007b2      0x33a timers.o
                                        0x711 (size before relaxing)
 .debug_str     0x0000000000000aec       0x43 mainbms.o
                                        0x23b (size before relaxing)
 .debug_str     0x0000000000000b2f     0x64c2 ./libopencm3//lib/libopencm3_stm32f1.a(adc.o)
                                       0x6707 (size before relaxing)
 .debug_str     0x0000000000006ff1      0x423 ./libopencm3//lib/libopencm3_stm32f1.a(adc_common_v1.o)
                                       0x6a37 (size before relaxing)
 .debug_str     0x0000000000007414     0x3d25 ./libopencm3//lib/libopencm3_stm32f1.a(can.o)
                                       0x7ff0 (size before relaxing)
 .debug_str     0x000000000000b139     0x3803 ./libopencm3//lib/libopencm3_stm32f1.a(gpio.o)
                                       0x7860 (size before relaxing)
 .debug_str     0x000000000000e93c      0xc50 ./libopencm3//lib/libopencm3_stm32f1.a(rcc.o)
                                       0x70fe (size before relaxing)
 .debug_str     0x000000000000f58c       0x5a ./libopencm3//lib/libopencm3_stm32f1.a(gpio_common_all.o)
                                       0x7854 (size before relaxing)
 .debug_str     0x000000000000f5e6     0x4a58 ./libopencm3//lib/libopencm3_stm32f1.a(timer_common_all.o)
                                       0xb201 (size before relaxing)
 .debug_str     0x000000000001403e      0xffa ./libopencm3//lib/libopencm3_stm32f1.a(usart_common_all.o)
                                       0x7552 (size before relaxing)
 .debug_str     0x0000000000015038       0x2d ./libopencm3//lib/libopencm3_stm32f1.a(usart_common_f124.o)
                                       0x7366 (size before relaxing)
 .debug_str     0x0000000000015065      0x168 ./libopencm3//lib/libopencm3_stm32f1.a(rcc_common_all.o)
                                       0x6a49 (size before relaxing)
 .debug_str     0x00000000000151cd      0x181 ./libopencm3//lib/libopencm3_stm32f1.a(flash_common_f01.o)
                                       0x4907 (size before relaxing)
 .debug_str     0x000000000001534e     0x24ec ./libopencm3//lib/libopencm3_stm32f1.a(vector.o)
                                       0x59b1 (size before relaxing)
 .debug_str     0x000000000001783a      0x9ce ./libopencm3//lib/libopencm3_stm32f1.a(nvic.o)
                                       0x46bd (size before relaxing)
 .debug_str     0x0000000000018208       0xc9 /home/a-h/x-tools/arm-none-eabi/lib/gcc/arm-none-eabi/4.9.4/../../../../arm-none-eabi/lib/libc.a(lib_a-strncmp.o)
                                        0x16a (size before relaxing)

.comment        0x0000000000000000       0x34
 .comment       0x0000000000000000       0x34 gpio.o
                                         0x35 (size before relaxing)
 .comment       0x0000000000000034       0x35 rcc.o
 .comment       0x0000000000000034       0x35 uart.o
 .comment       0x0000000000000034       0x35 can.o
 .comment       0x0000000000000034       0x35 adc.o
 .comment       0x0000000000000034       0x35 timers.o
 .comment       0x0000000000000034       0x35 mainbms.o
 .comment       0x0000000000000034       0x35 ./libopencm3//lib/libopencm3_stm32f1.a(adc.o)
 .comment       0x0000000000000034       0x35 ./libopencm3//lib/libopencm3_stm32f1.a(adc_common_v1.o)
 .comment       0x0000000000000034       0x35 ./libopencm3//lib/libopencm3_stm32f1.a(can.o)
 .comment       0x0000000000000034       0x35 ./libopencm3//lib/libopencm3_stm32f1.a(gpio.o)
 .comment       0x0000000000000034       0x35 ./libopencm3//lib/libopencm3_stm32f1.a(rcc.o)
 .comment       0x0000000000000034       0x35 ./libopencm3//lib/libopencm3_stm32f1.a(gpio_common_all.o)
 .comment       0x0000000000000034       0x35 ./libopencm3//lib/libopencm3_stm32f1.a(timer_common_all.o)
 .comment       0x0000000000000034       0x35 ./libopencm3//lib/libopencm3_stm32f1.a(usart_common_all.o)
 .comment       0x0000000000000034       0x35 ./libopencm3//lib/libopencm3_stm32f1.a(usart_common_f124.o)
 .comment       0x0000000000000034       0x35 ./libopencm3//lib/libopencm3_stm32f1.a(rcc_common_all.o)
 .comment       0x0000000000000034       0x35 ./libopencm3//lib/libopencm3_stm32f1.a(flash_common_f01.o)
 .comment       0x0000000000000034       0x35 ./libopencm3//lib/libopencm3_stm32f1.a(vector.o)
 .comment       0x0000000000000034       0x35 ./libopencm3//lib/libopencm3_stm32f1.a(nvic.o)
 .comment       0x0000000000000034       0x35 /home/a-h/x-tools/arm-none-eabi/lib/gcc/arm-none-eabi/4.9.4/../../../../arm-none-eabi/lib/libc.a(lib_a-strncmp.o)

.ARM.attributes
                0x0000000000000000       0x33
 .ARM.attributes
                0x0000000000000000       0x33 gpio.o
 .ARM.attributes
                0x0000000000000033       0x33 rcc.o
 .ARM.attributes
                0x0000000000000066       0x33 uart.o
 .ARM.attributes
                0x0000000000000099       0x33 can.o
 .ARM.attributes
                0x00000000000000cc       0x33 adc.o
 .ARM.attributes
                0x00000000000000ff       0x33 timers.o
 .ARM.attributes
                0x0000000000000132       0x33 mainbms.o
 .ARM.attributes
                0x0000000000000165       0x33 ./libopencm3//lib/libopencm3_stm32f1.a(adc.o)
 .ARM.attributes
                0x0000000000000198       0x33 ./libopencm3//lib/libopencm3_stm32f1.a(adc_common_v1.o)
 .ARM.attributes
                0x00000000000001cb       0x33 ./libopencm3//lib/libopencm3_stm32f1.a(can.o)
 .ARM.attributes
                0x00000000000001fe       0x33 ./libopencm3//lib/libopencm3_stm32f1.a(gpio.o)
 .ARM.attributes
                0x0000000000000231       0x33 ./libopencm3//lib/libopencm3_stm32f1.a(rcc.o)
 .ARM.attributes
                0x0000000000000264       0x33 ./libopencm3//lib/libopencm3_stm32f1.a(gpio_common_all.o)
 .ARM.attributes
                0x0000000000000297       0x33 ./libopencm3//lib/libopencm3_stm32f1.a(timer_common_all.o)
 .ARM.attributes
                0x00000000000002ca       0x33 ./libopencm3//lib/libopencm3_stm32f1.a(usart_common_all.o)
 .ARM.attributes
                0x00000000000002fd       0x33 ./libopencm3//lib/libopencm3_stm32f1.a(usart_common_f124.o)
 .ARM.attributes
                0x0000000000000330       0x33 ./libopencm3//lib/libopencm3_stm32f1.a(rcc_common_all.o)
 .ARM.attributes
                0x0000000000000363       0x33 ./libopencm3//lib/libopencm3_stm32f1.a(flash_common_f01.o)
 .ARM.attributes
                0x0000000000000396       0x33 ./libopencm3//lib/libopencm3_stm32f1.a(vector.o)
 .ARM.attributes
                0x00000000000003c9       0x33 ./libopencm3//lib/libopencm3_stm32f1.a(nvic.o)
 .ARM.attributes
                0x00000000000003fc       0x33 /home/a-h/x-tools/arm-none-eabi/lib/gcc/arm-none-eabi/4.9.4/../../../../arm-none-eabi/lib/libc.a(lib_a-strncmp.o)

.debug_frame    0x0000000000000000     0x159c
 .debug_frame   0x0000000000000000       0x34 gpio.o
 .debug_frame   0x0000000000000034       0x50 rcc.o
 .debug_frame   0x0000000000000084      0x12c uart.o
 .debug_frame   0x00000000000001b0       0x70 can.o
 .debug_frame   0x0000000000000220       0x64 adc.o
 .debug_frame   0x0000000000000284       0x58 timers.o
 .debug_frame   0x00000000000002dc       0x28 mainbms.o
 .debug_frame   0x0000000000000304      0x128 ./libopencm3//lib/libopencm3_stm32f1.a(adc.o)
 .debug_frame   0x000000000000042c      0x294 ./libopencm3//lib/libopencm3_stm32f1.a(adc_common_v1.o)
 .debug_frame   0x00000000000006c0      0x174 ./libopencm3//lib/libopencm3_stm32f1.a(can.o)
 .debug_frame   0x0000000000000834       0x64 ./libopencm3//lib/libopencm3_stm32f1.a(gpio.o)
 .debug_frame   0x0000000000000898      0x2e0 ./libopencm3//lib/libopencm3_stm32f1.a(rcc.o)
 .debug_frame   0x0000000000000b78       0x80 ./libopencm3//lib/libopencm3_stm32f1.a(gpio_common_all.o)
 .debug_frame   0x0000000000000bf8      0x4d8 ./libopencm3//lib/libopencm3_stm32f1.a(timer_common_all.o)
 .debug_frame   0x00000000000010d0      0x170 ./libopencm3//lib/libopencm3_stm32f1.a(usart_common_all.o)
 .debug_frame   0x0000000000001240       0x60 ./libopencm3//lib/libopencm3_stm32f1.a(usart_common_f124.o)
 .debug_frame   0x00000000000012a0       0xd0 ./libopencm3//lib/libopencm3_stm32f1.a(rcc_common_all.o)
 .debug_frame   0x0000000000001370      0x120 ./libopencm3//lib/libopencm3_stm32f1.a(flash_common_f01.o)
 .debug_frame   0x0000000000001490       0x40 ./libopencm3//lib/libopencm3_stm32f1.a(vector.o)
 .debug_frame   0x00000000000014d0       0xa0 ./libopencm3//lib/libopencm3_stm32f1.a(nvic.o)
 .debug_frame   0x0000000000001570       0x2c /home/a-h/x-tools/arm-none-eabi/lib/gcc/arm-none-eabi/4.9.4/../../../../arm-none-eabi/lib/libc.a(lib_a-strncmp.o)

.debug_loc      0x0000000000000000     0x28a1
 .debug_loc     0x0000000000000000      0x627 uart.o
 .debug_loc     0x0000000000000627       0x66 can.o
 .debug_loc     0x000000000000068d       0xd0 adc.o
 .debug_loc     0x000000000000075d       0x4d mainbms.o
 .debug_loc     0x00000000000007aa      0x1db ./libopencm3//lib/libopencm3_stm32f1.a(adc.o)
 .debug_loc     0x0000000000000985      0x343 ./libopencm3//lib/libopencm3_stm32f1.a(adc_common_v1.o)
 .debug_loc     0x0000000000000cc8      0x9d6 ./libopencm3//lib/libopencm3_stm32f1.a(can.o)
 .debug_loc     0x000000000000169e      0x1aa ./libopencm3//lib/libopencm3_stm32f1.a(gpio.o)
 .debug_loc     0x0000000000001848      0x3f2 ./libopencm3//lib/libopencm3_stm32f1.a(rcc.o)
 .debug_loc     0x0000000000001c3a       0x84 ./libopencm3//lib/libopencm3_stm32f1.a(gpio_common_all.o)
 .debug_loc     0x0000000000001cbe      0x506 ./libopencm3//lib/libopencm3_stm32f1.a(timer_common_all.o)
 .debug_loc     0x00000000000021c4      0x1ca ./libopencm3//lib/libopencm3_stm32f1.a(usart_common_all.o)
 .debug_loc     0x000000000000238e       0x63 ./libopencm3//lib/libopencm3_stm32f1.a(usart_common_f124.o)
 .debug_loc     0x00000000000023f1      0x14a ./libopencm3//lib/libopencm3_stm32f1.a(rcc_common_all.o)
 .debug_loc     0x000000000000253b       0xd3 ./libopencm3//lib/libopencm3_stm32f1.a(flash_common_f01.o)
 .debug_loc     0x000000000000260e       0xdf ./libopencm3//lib/libopencm3_stm32f1.a(vector.o)
 .debug_loc     0x00000000000026ed      0x129 ./libopencm3//lib/libopencm3_stm32f1.a(nvic.o)
 .debug_loc     0x0000000000002816       0x8b /home/a-h/x-tools/arm-none-eabi/lib/gcc/arm-none-eabi/4.9.4/../../../../arm-none-eabi/lib/libc.a(lib_a-strncmp.o)

.debug_macro    0x0000000000000000     0x5716
 .debug_macro   0x0000000000000000       0xa1 ./libopencm3//lib/libopencm3_stm32f1.a(adc.o)
 .debug_macro   0x00000000000000a1      0x874 ./libopencm3//lib/libopencm3_stm32f1.a(adc.o)
 .debug_macro   0x0000000000000915       0x22 ./libopencm3//lib/libopencm3_stm32f1.a(adc.o)
 .debug_macro   0x0000000000000937       0x44 ./libopencm3//lib/libopencm3_stm32f1.a(adc.o)
 .debug_macro   0x000000000000097b       0x1c ./libopencm3//lib/libopencm3_stm32f1.a(adc.o)
 .debug_macro   0x0000000000000997      0x1f7 ./libopencm3//lib/libopencm3_stm32f1.a(adc.o)
 .debug_macro   0x0000000000000b8e       0x22 ./libopencm3//lib/libopencm3_stm32f1.a(adc.o)
 .debug_macro   0x0000000000000bb0       0xfa ./libopencm3//lib/libopencm3_stm32f1.a(adc.o)
 .debug_macro   0x0000000000000caa       0x58 ./libopencm3//lib/libopencm3_stm32f1.a(adc.o)
 .debug_macro   0x0000000000000d02      0x1b4 ./libopencm3//lib/libopencm3_stm32f1.a(adc.o)
 .debug_macro   0x0000000000000eb6      0x449 ./libopencm3//lib/libopencm3_stm32f1.a(adc.o)
 .debug_macro   0x00000000000012ff      0x456 ./libopencm3//lib/libopencm3_stm32f1.a(adc.o)
 .debug_macro   0x0000000000001755       0xa1 ./libopencm3//lib/libopencm3_stm32f1.a(adc_common_v1.o)
 .debug_macro   0x00000000000017f6       0xb2 ./libopencm3//lib/libopencm3_stm32f1.a(can.o)
 .debug_macro   0x00000000000018a8      0x513 ./libopencm3//lib/libopencm3_stm32f1.a(can.o)
 .debug_macro   0x0000000000001dbb      0x82c ./libopencm3//lib/libopencm3_stm32f1.a(can.o)
 .debug_macro   0x00000000000025e7       0xa1 ./libopencm3//lib/libopencm3_stm32f1.a(gpio.o)
 .debug_macro   0x0000000000002688       0x76 ./libopencm3//lib/libopencm3_stm32f1.a(gpio.o)
 .debug_macro   0x00000000000026fe      0xdfd ./libopencm3//lib/libopencm3_stm32f1.a(gpio.o)
 .debug_macro   0x00000000000034fb       0xc8 ./libopencm3//lib/libopencm3_stm32f1.a(rcc.o)
 .debug_macro   0x00000000000035c3       0x16 ./libopencm3//lib/libopencm3_stm32f1.a(rcc.o)
 .debug_macro   0x00000000000035d9       0xdc ./libopencm3//lib/libopencm3_stm32f1.a(rcc.o)
 .debug_macro   0x00000000000036b5       0x82 ./libopencm3//lib/libopencm3_stm32f1.a(rcc.o)
 .debug_macro   0x0000000000003737       0xa1 ./libopencm3//lib/libopencm3_stm32f1.a(gpio_common_all.o)
 .debug_macro   0x00000000000037d8       0xb4 ./libopencm3//lib/libopencm3_stm32f1.a(timer_common_all.o)
 .debug_macro   0x000000000000388c      0xf96 ./libopencm3//lib/libopencm3_stm32f1.a(timer_common_all.o)
 .debug_macro   0x0000000000004822       0xc3 ./libopencm3//lib/libopencm3_stm32f1.a(usart_common_all.o)
 .debug_macro   0x00000000000048e5       0x8e ./libopencm3//lib/libopencm3_stm32f1.a(usart_common_all.o)
 .debug_macro   0x0000000000004973      0x273 ./libopencm3//lib/libopencm3_stm32f1.a(usart_common_all.o)
 .debug_macro   0x0000000000004be6       0xc3 ./libopencm3//lib/libopencm3_stm32f1.a(usart_common_f124.o)
 .debug_macro   0x0000000000004ca9       0xb7 ./libopencm3//lib/libopencm3_stm32f1.a(rcc_common_all.o)
 .debug_macro   0x0000000000004d60       0xa1 ./libopencm3//lib/libopencm3_stm32f1.a(flash_common_f01.o)
 .debug_macro   0x0000000000004e01       0xb8 ./libopencm3//lib/libopencm3_stm32f1.a(vector.o)
 .debug_macro   0x0000000000004eb9      0x3a1 ./libopencm3//lib/libopencm3_stm32f1.a(vector.o)
 .debug_macro   0x000000000000525a       0x6a ./libopencm3//lib/libopencm3_stm32f1.a(vector.o)
 .debug_macro   0x00000000000052c4      0x1a2 ./libopencm3//lib/libopencm3_stm32f1.a(vector.o)
 .debug_macro   0x0000000000005466       0x9c ./libopencm3//lib/libopencm3_stm32f1.a(nvic.o)
 .debug_macro   0x0000000000005502       0x64 ./libopencm3//lib/libopencm3_stm32f1.a(nvic.o)
 .debug_macro   0x0000000000005566      0x1b0 ./libopencm3//lib/libopencm3_stm32f1.a(nvic.o)
