Archive member included to satisfy reference by file (symbol)

./libopencm3//lib/libopencm3_stm32f1.a(adc.o)
                              adc.o (adc_power_on)
./libopencm3//lib/libopencm3_stm32f1.a(adc_common_v1.o)
                              adc.o (adc_power_off)
./libopencm3//lib/libopencm3_stm32f1.a(can.o)
                              can.o (can_reset)
./libopencm3//lib/libopencm3_stm32f1.a(gpio.o)
                              gpio.o (gpio_set_mode)
./libopencm3//lib/libopencm3_stm32f1.a(rcc.o)
                              rcc.o (rcc_clock_setup_in_hse_8mhz_out_72mhz)
./libopencm3//lib/libopencm3_stm32f1.a(gpio_common_all.o)
                              gpio.o (gpio_set)
./libopencm3//lib/libopencm3_stm32f1.a(timer_common_all.o)
                              timers.o (timer_enable_irq)
./libopencm3//lib/libopencm3_stm32f1.a(usart_common_all.o)
                              uart.o (usart_set_baudrate)
./libopencm3//lib/libopencm3_stm32f1.a(usart_common_f124.o)
                              uart.o (usart_send)
./libopencm3//lib/libopencm3_stm32f1.a(rcc_common_all.o)
                              gpio.o (rcc_periph_clock_enable)
./libopencm3//lib/libopencm3_stm32f1.a(flash_common_f01.o)
                              ./libopencm3//lib/libopencm3_stm32f1.a(rcc.o) (flash_set_ws)
./libopencm3//lib/libopencm3_stm32f1.a(vector.o)
                              (reset_handler)
./libopencm3//lib/libopencm3_stm32f1.a(nvic.o)
                              uart.o (nvic_enable_irq)
./libopencm3//lib/libopencm3_stm32f1.a(assert.o)
                              ./libopencm3//lib/libopencm3_stm32f1.a(rcc.o) (cm3_assert_failed)
./libopencm3//lib/libopencm3_stm32f1.a(flash.o)
                              ./libopencm3//lib/libopencm3_stm32f1.a(flash_common_f01.o) (flash_get_status_flags)
/home/a-h/x-tools/arm-none-eabi/lib/gcc/arm-none-eabi/4.9.4/../../../../arm-none-eabi/lib/libc.a(lib_a-strncmp.o)
                              uart.o (strncmp)
/home/a-h/x-tools/arm-none-eabi/lib/gcc/arm-none-eabi/4.9.4/libgcc.a(_arm_addsubdf3.o)
                              uart.o (__aeabi_dadd)
/home/a-h/x-tools/arm-none-eabi/lib/gcc/arm-none-eabi/4.9.4/libgcc.a(_arm_muldivdf3.o)
                              uart.o (__aeabi_dmul)

Discarded input sections

 .text          0x0000000000000000        0x0 gpio.o
 .data          0x0000000000000000        0x0 gpio.o
 .bss           0x0000000000000000        0x0 gpio.o
 .text          0x0000000000000000        0x0 rcc.o
 .data          0x0000000000000000        0x0 rcc.o
 .bss           0x0000000000000000        0x0 rcc.o
 .text          0x0000000000000000        0x0 uart.o
 .data          0x0000000000000000        0x0 uart.o
 .bss           0x0000000000000000        0x0 uart.o
 .text.atof     0x0000000000000000      0x11c uart.o
 .rodata.help_msg
                0x0000000000000000       0xd1 uart.o
 .text          0x0000000000000000        0x0 can.o
 .data          0x0000000000000000        0x0 can.o
 .bss           0x0000000000000000        0x0 can.o
 .text          0x0000000000000000        0x0 adc.o
 .data          0x0000000000000000        0x0 adc.o
 .bss           0x0000000000000000        0x0 adc.o
 .text          0x0000000000000000        0x0 timers.o
 .data          0x0000000000000000        0x0 timers.o
 .bss           0x0000000000000000        0x0 timers.o
 .text.tim1_init
                0x0000000000000000       0x80 timers.o
 .text          0x0000000000000000        0x0 mainbms.o
 .data          0x0000000000000000        0x0 mainbms.o
 .bss           0x0000000000000000        0x0 mainbms.o
 .bss.temp2     0x0000000000000000        0x1 mainbms.o
 .data.temp     0x0000000000000000        0x4 mainbms.o
 .group         0x0000000000000000        0x8 ./libopencm3//lib/libopencm3_stm32f1.a(adc.o)
 .group         0x0000000000000000        0x8 ./libopencm3//lib/libopencm3_stm32f1.a(adc.o)
 .group         0x0000000000000000        0x8 ./libopencm3//lib/libopencm3_stm32f1.a(adc.o)
 .group         0x0000000000000000        0x8 ./libopencm3//lib/libopencm3_stm32f1.a(adc.o)
 .group         0x0000000000000000        0x8 ./libopencm3//lib/libopencm3_stm32f1.a(adc.o)
 .group         0x0000000000000000        0x8 ./libopencm3//lib/libopencm3_stm32f1.a(adc.o)
 .group         0x0000000000000000        0x8 ./libopencm3//lib/libopencm3_stm32f1.a(adc.o)
 .group         0x0000000000000000        0x8 ./libopencm3//lib/libopencm3_stm32f1.a(adc.o)
 .group         0x0000000000000000        0x8 ./libopencm3//lib/libopencm3_stm32f1.a(adc.o)
 .group         0x0000000000000000        0x8 ./libopencm3//lib/libopencm3_stm32f1.a(adc.o)
 .group         0x0000000000000000        0x8 ./libopencm3//lib/libopencm3_stm32f1.a(adc.o)
 .text          0x0000000000000000        0x0 ./libopencm3//lib/libopencm3_stm32f1.a(adc.o)
 .data          0x0000000000000000        0x0 ./libopencm3//lib/libopencm3_stm32f1.a(adc.o)
 .bss           0x0000000000000000        0x0 ./libopencm3//lib/libopencm3_stm32f1.a(adc.o)
[...]
Memory Configuration

Name             Origin             Length             Attributes
rom              0x0000000008000000 0x0000000000010000 xr
ram              0x0000000020000000 0x0000000000005000 xrw
*default*        0x0000000000000000 0xffffffffffffffff

Linker script and memory map

LOAD gpio.o
LOAD rcc.o
LOAD uart.o
LOAD can.o
LOAD adc.o
LOAD timers.o
LOAD mainbms.o
LOAD ./libopencm3//lib/libopencm3_stm32f1.a
START GROUP
LOAD /home/a-h/x-tools/arm-none-eabi/lib/gcc/arm-none-eabi/4.9.4/../../../../arm-none-eabi/lib/libc.a
LOAD /home/a-h/x-tools/arm-none-eabi/lib/gcc/arm-none-eabi/4.9.4/libgcc.a
LOAD /home/a-h/x-tools/arm-none-eabi/lib/gcc/arm-none-eabi/4.9.4/../../../../arm-none-eabi/lib/libnosys.a
END GROUP
START GROUP
LOAD /home/a-h/x-tools/arm-none-eabi/lib/gcc/arm-none-eabi/4.9.4/libgcc.a
LOAD /home/a-h/x-tools/arm-none-eabi/lib/gcc/arm-none-eabi/4.9.4/../../../../arm-none-eabi/lib/libc.a
END GROUP

.text           0x0000000008000000     0x103c
 *(.vectors)
 .vectors       0x0000000008000000      0x150 ./libopencm3//lib/libopencm3_stm32f1.a(vector.o)
                0x0000000008000000                vector_table
 *(.text*)
 .text.gpio_init
                0x0000000008000150       0x40 gpio.o
                0x0000000008000150                gpio_init
 .text.rcc_init
                0x0000000008000190       0x22 rcc.o
                0x0000000008000190                rcc_init
 *fill*         0x00000000080001b2        0x2 
 .text.sys_tick_handler
                0x00000000080001b4       0x80 rcc.o
                0x00000000080001b4                sys_tick_handler
 .text.usart_init
                0x0000000008000234       0x88 uart.o
                0x0000000008000234                usart_init
 .text.usart_send_string
                0x00000000080002bc       0x1c uart.o
                0x00000000080002bc                usart_send_string
 .text.usart_send_32
                0x00000000080002d8       0x58 uart.o
                0x00000000080002d8                usart_send_32
 .text.usart_send_data
                0x0000000008000330       0x44 uart.o
                0x0000000008000330                usart_send_data
 .text.usart_send_byte
                0x0000000008000374       0x14 uart.o
                0x0000000008000374                usart_send_byte
 .text.process_command
                0x0000000008000388       0x64 uart.o
                0x0000000008000388                process_command
 .text.usart1_isr
                0x00000000080003ec       0xb8 uart.o
                0x00000000080003ec                usart1_isr
 .text.can_setup
                0x00000000080004a4       0xbc can.o
                0x00000000080004a4                can_setup
 .text.usb_lp_can_rx0_isr
                0x0000000008000560       0x5c can.o
                0x0000000008000560                usb_lp_can_rx0_isr
 .text.can_send_test
                0x00000000080005bc       0x50 can.o
                0x00000000080005bc                can_send_test
 .text.adc_init
                0x000000000800060c       0x6c adc.o
                0x000000000800060c                adc_init
 .text.tim1_up_isr
                0x0000000008000678       0x18 timers.o
                0x0000000008000678                tim1_up_isr
 .text.tim1_cc_isr
                0x0000000008000690       0x48 timers.o
                0x0000000008000690                tim1_cc_isr
 .text.startup.main
                0x00000000080006d8       0x44 mainbms.o
                0x00000000080006d8                main
 .text.adc_power_on
                0x000000000800071c       0x10 ./libopencm3//lib/libopencm3_stm32f1.a(adc.o)
                0x000000000800071c                adc_power_on
 .text.adc_enable_temperature_sensor
                0x000000000800072c       0x10 ./libopencm3//lib/libopencm3_stm32f1.a(adc.o)
                0x000000000800072c                adc_enable_temperature_sensor
 .text.adc_enable_external_trigger_injected
                0x000000000800073c       0x14 ./libopencm3//lib/libopencm3_stm32f1.a(adc.o)
                0x000000000800073c                adc_enable_external_trigger_injected
 .text.adc_reset_calibration
                0x0000000008000750       0x14 ./libopencm3//lib/libopencm3_stm32f1.a(adc.o)
                0x0000000008000750                adc_reset_calibration
 .text.adc_calibrate_async
                0x0000000008000764        0xa ./libopencm3//lib/libopencm3_stm32f1.a(adc.o)
                0x0000000008000764                adc_calibrate_async
 .text.adc_is_calibrating
                0x000000000800076e        0x8 ./libopencm3//lib/libopencm3_stm32f1.a(adc.o)
                0x000000000800076e                adc_is_calibrating
 .text.adc_calibrate
                0x0000000008000776       0x14 ./libopencm3//lib/libopencm3_stm32f1.a(adc.o)
                0x0000000008000776                adc_calibrate
 .text.adc_set_sample_time_on_all_channels
                0x000000000800078a       0x2a ./libopencm3//lib/libopencm3_stm32f1.a(adc.o)
                0x000000000800078a                adc_set_sample_time_on_all_channels
 .text.adc_power_off
                0x00000000080007b4        0xa ./libopencm3//lib/libopencm3_stm32f1.a(adc_common_v1.o)
                0x00000000080007b4                adc_power_off
 .text.adc_disable_discontinuous_mode_regular
                0x00000000080007be        0xa ./libopencm3//lib/libopencm3_stm32f1.a(adc_common_v1.o)
                0x00000000080007be                adc_disable_discontinuous_mode_regular
 .text.adc_enable_discontinuous_mode_injected
                0x00000000080007c8        0xa ./libopencm3//lib/libopencm3_stm32f1.a(adc_common_v1.o)
                0x00000000080007c8                adc_enable_discontinuous_mode_injected
 .text.adc_disable_scan_mode
                0x00000000080007d2        0xa ./libopencm3//lib/libopencm3_stm32f1.a(adc_common_v1.o)
                0x00000000080007d2                adc_disable_scan_mode
 .text.adc_set_right_aligned
                0x00000000080007dc        0xa ./libopencm3//lib/libopencm3_stm32f1.a(adc_common_v1.o)
                0x00000000080007dc                adc_set_right_aligned
 .text.adc_set_single_conversion_mode
                0x00000000080007e6        0xa ./libopencm3//lib/libopencm3_stm32f1.a(adc_common_v1.o)
                0x00000000080007e6                adc_set_single_conversion_mode
 .text.can_reset
                0x00000000080007f0       0x18 ./libopencm3//lib/libopencm3_stm32f1.a(can.o)
                0x00000000080007f0                can_reset
 .text.can_init
                0x0000000008000808      0x124 ./libopencm3//lib/libopencm3_stm32f1.a(can.o)
                0x0000000008000808                can_init
 .text.can_filter_init
                0x000000000800092c       0x8e ./libopencm3//lib/libopencm3_stm32f1.a(can.o)
                0x000000000800092c                can_filter_init
 .text.can_filter_id_mask_32bit_init
                0x00000000080009ba       0x1a ./libopencm3//lib/libopencm3_stm32f1.a(can.o)
                0x00000000080009ba                can_filter_id_mask_32bit_init
 .text.can_enable_irq
                0x00000000080009d4        0x8 ./libopencm3//lib/libopencm3_stm32f1.a(can.o)
                0x00000000080009d4                can_enable_irq
 .text.can_transmit
                0x00000000080009dc       0xc4 ./libopencm3//lib/libopencm3_stm32f1.a(can.o)
                0x00000000080009dc                can_transmit
 .text.can_fifo_release
                0x0000000008000aa0       0x16 ./libopencm3//lib/libopencm3_stm32f1.a(can.o)
                0x0000000008000aa0                can_fifo_release
 *fill*         0x0000000008000ab6        0x2 
 .text.can_receive
                0x0000000008000ab8       0xd0 ./libopencm3//lib/libopencm3_stm32f1.a(can.o)
                0x0000000008000ab8                can_receive
 .text.gpio_set_mode
                0x0000000008000b88       0x64 ./libopencm3//lib/libopencm3_stm32f1.a(gpio.o)
                0x0000000008000b88                gpio_set_mode
 .text.rcc_osc_on.part.1
                0x0000000008000bec       0x10 ./libopencm3//lib/libopencm3_stm32f1.a(rcc.o)
 .text.rcc_is_osc_ready
                0x0000000008000bfc       0x5c ./libopencm3//lib/libopencm3_stm32f1.a(rcc.o)
                0x0000000008000bfc                rcc_is_osc_ready
 .text.rcc_wait_for_osc_ready
                0x0000000008000c58       0x10 ./libopencm3//lib/libopencm3_stm32f1.a(rcc.o)
                0x0000000008000c58                rcc_wait_for_osc_ready
 .text.rcc_osc_on
                0x0000000008000c68       0x54 ./libopencm3//lib/libopencm3_stm32f1.a(rcc.o)
                0x0000000008000c68                rcc_osc_on
 .text.rcc_set_sysclk_source
                0x0000000008000cbc       0x14 ./libopencm3//lib/libopencm3_stm32f1.a(rcc.o)
                0x0000000008000cbc                rcc_set_sysclk_source
 .text.rcc_set_pll_multiplication_factor
                0x0000000008000cd0       0x14 ./libopencm3//lib/libopencm3_stm32f1.a(rcc.o)
                0x0000000008000cd0                rcc_set_pll_multiplication_factor
 .text.rcc_set_pll_source
                0x0000000008000ce4       0x14 ./libopencm3//lib/libopencm3_stm32f1.a(rcc.o)
                0x0000000008000ce4                rcc_set_pll_source
 .text.rcc_set_pllxtpre
                0x0000000008000cf8       0x14 ./libopencm3//lib/libopencm3_stm32f1.a(rcc.o)
                0x0000000008000cf8                rcc_set_pllxtpre
 .text.rcc_set_adcpre
                0x0000000008000d0c       0x14 ./libopencm3//lib/libopencm3_stm32f1.a(rcc.o)
                0x0000000008000d0c                rcc_set_adcpre
 .text.rcc_set_ppre2
                0x0000000008000d20       0x14 ./libopencm3//lib/libopencm3_stm32f1.a(rcc.o)
                0x0000000008000d20                rcc_set_ppre2
 .text.rcc_set_ppre1
                0x0000000008000d34       0x14 ./libopencm3//lib/libopencm3_stm32f1.a(rcc.o)
                0x0000000008000d34                rcc_set_ppre1
 .text.rcc_set_hpre
                0x0000000008000d48       0x14 ./libopencm3//lib/libopencm3_stm32f1.a(rcc.o)
                0x0000000008000d48                rcc_set_hpre
 .text.rcc_clock_setup_in_hse_8mhz_out_72mhz
                0x0000000008000d5c       0x8c ./libopencm3//lib/libopencm3_stm32f1.a(rcc.o)
                0x0000000008000d5c                rcc_clock_setup_in_hse_8mhz_out_72mhz
 .text.gpio_set
                0x0000000008000de8        0x4 ./libopencm3//lib/libopencm3_stm32f1.a(gpio_common_all.o)
                0x0000000008000de8                gpio_set
 .text.gpio_clear
                0x0000000008000dec        0x6 ./libopencm3//lib/libopencm3_stm32f1.a(gpio_common_all.o)
                0x0000000008000dec                gpio_clear
 .text.gpio_toggle
                0x0000000008000df2       0x10 ./libopencm3//lib/libopencm3_stm32f1.a(gpio_common_all.o)
                0x0000000008000df2                gpio_toggle
 .text.timer_clear_flag
                0x0000000008000e02        0x6 ./libopencm3//lib/libopencm3_stm32f1.a(timer_common_all.o)
                0x0000000008000e02                timer_clear_flag
 .text.timer_set_oc_value
                0x0000000008000e08       0x20 ./libopencm3//lib/libopencm3_stm32f1.a(timer_common_all.o)
                0x0000000008000e08                timer_set_oc_value
 .text.usart_set_baudrate
                0x0000000008000e28       0x28 ./libopencm3//lib/libopencm3_stm32f1.a(usart_common_all.o)
                0x0000000008000e28                usart_set_baudrate
 .text.usart_set_databits
                0x0000000008000e50       0x12 ./libopencm3//lib/libopencm3_stm32f1.a(usart_common_all.o)
                0x0000000008000e50                usart_set_databits
 .text.usart_set_stopbits
                0x0000000008000e62        0xc ./libopencm3//lib/libopencm3_stm32f1.a(usart_common_all.o)
                0x0000000008000e62                usart_set_stopbits
 .text.usart_set_parity
                0x0000000008000e6e        0xc ./libopencm3//lib/libopencm3_stm32f1.a(usart_common_all.o)
                0x0000000008000e6e                usart_set_parity
 .text.usart_set_mode
                0x0000000008000e7a        0xc ./libopencm3//lib/libopencm3_stm32f1.a(usart_common_all.o)
                0x0000000008000e7a                usart_set_mode
 .text.usart_set_flow_control
                0x0000000008000e86        0xc ./libopencm3//lib/libopencm3_stm32f1.a(usart_common_all.o)
                0x0000000008000e86                usart_set_flow_control
 .text.usart_enable
                0x0000000008000e92        0xa ./libopencm3//lib/libopencm3_stm32f1.a(usart_common_all.o)
                0x0000000008000e92                usart_enable
 .text.usart_send_blocking
                0x0000000008000e9c       0x16 ./libopencm3//lib/libopencm3_stm32f1.a(usart_common_all.o)
                0x0000000008000e9c                usart_send_blocking
 .text.usart_send
                0x0000000008000eb2        0x8 ./libopencm3//lib/libopencm3_stm32f1.a(usart_common_f124.o)
                0x0000000008000eb2                usart_send
 .text.usart_recv
                0x0000000008000eba        0x8 ./libopencm3//lib/libopencm3_stm32f1.a(usart_common_f124.o)
                0x0000000008000eba                usart_recv
 .text.usart_wait_send_ready
                0x0000000008000ec2        0x8 ./libopencm3//lib/libopencm3_stm32f1.a(usart_common_f124.o)
                0x0000000008000ec2                usart_wait_send_ready
 .text.rcc_periph_clock_enable
                0x0000000008000eca       0x1a ./libopencm3//lib/libopencm3_stm32f1.a(rcc_common_all.o)
                0x0000000008000eca                rcc_periph_clock_enable
 .text.rcc_periph_reset_pulse
                0x0000000008000ee4       0x22 ./libopencm3//lib/libopencm3_stm32f1.a(rcc_common_all.o)
                0x0000000008000ee4                rcc_periph_reset_pulse
 *fill*         0x0000000008000f06        0x2 
 .text.flash_set_ws
                0x0000000008000f08       0x14 ./libopencm3//lib/libopencm3_stm32f1.a(flash_common_f01.o)
                0x0000000008000f08                flash_set_ws
 .text.blocking_handler
                0x0000000008000f1c        0x2 ./libopencm3//lib/libopencm3_stm32f1.a(vector.o)
                0x0000000008000f1c                usart3_isr
                0x0000000008000f1c                rtc_isr
                0x0000000008000f1c                tim7_isr
                0x0000000008000f1c                adc1_2_isr
                0x0000000008000f1c                tim1_trg_com_isr
                0x0000000008000f1c                usb_hp_can_tx_isr
                0x0000000008000f1c                tim6_isr
                0x0000000008000f1c                usb_wakeup_isr
                0x0000000008000f1c                blocking_handler
                0x0000000008000f1c                tim5_isr
                0x0000000008000f1c                otg_fs_isr
                0x0000000008000f1c                spi1_isr
                0x0000000008000f1c                dma1_channel6_isr
                0x0000000008000f1c                exti2_isr
                0x0000000008000f1c                can_rx1_isr
                0x0000000008000f1c                dma1_channel5_isr
                0x0000000008000f1c                dma2_channel5_isr
                0x0000000008000f1c                usage_fault_handler
                0x0000000008000f1c                tim8_trg_com_isr
                0x0000000008000f1c                can2_rx0_isr
                0x0000000008000f1c                tim1_brk_isr
                0x0000000008000f1c                can2_rx1_isr
                0x0000000008000f1c                sdio_isr
                0x0000000008000f1c                eth_isr
                0x0000000008000f1c                dma1_channel4_isr
                0x0000000008000f1c                tim8_brk_isr
                0x0000000008000f1c                dma2_channel4_5_isr
                0x0000000008000f1c                pvd_isr
                0x0000000008000f1c                rcc_isr
                0x0000000008000f1c                flash_isr
                0x0000000008000f1c                uart4_isr
                0x0000000008000f1c                rtc_alarm_isr
                0x0000000008000f1c                exti15_10_isr
                0x0000000008000f1c                hard_fault_handler
                0x0000000008000f1c                exti1_isr
                0x0000000008000f1c                i2c1_ev_isr
                0x0000000008000f1c                dma2_channel1_isr
                0x0000000008000f1c                spi2_isr
                0x0000000008000f1c                tim8_up_isr
                0x0000000008000f1c                dma2_channel2_isr
                0x0000000008000f1c                adc3_isr
                0x0000000008000f1c                exti3_isr
                0x0000000008000f1c                tim3_isr
                0x0000000008000f1c                usart2_isr
                0x0000000008000f1c                i2c2_er_isr
                0x0000000008000f1c                i2c2_ev_isr
                0x0000000008000f1c                uart5_isr
                0x0000000008000f1c                fsmc_isr
                0x0000000008000f1c                dma1_channel1_isr
                0x0000000008000f1c                exti4_isr
                0x0000000008000f1c                mem_manage_handler
                0x0000000008000f1c                can2_tx_isr
                0x0000000008000f1c                exti9_5_isr
                0x0000000008000f1c                dma2_channel3_isr
                0x0000000008000f1c                dma1_channel7_isr
                0x0000000008000f1c                can2_sce_isr
                0x0000000008000f1c                tim4_isr
                0x0000000008000f1c                dma1_channel2_isr
                0x0000000008000f1c                i2c1_er_isr
                0x0000000008000f1c                can_sce_isr
                0x0000000008000f1c                tim8_cc_isr
                0x0000000008000f1c                tamper_isr
                0x0000000008000f1c                eth_wkup_isr
                0x0000000008000f1c                bus_fault_handler
                0x0000000008000f1c                wwdg_isr
                0x0000000008000f1c                dma1_channel3_isr
                0x0000000008000f1c                spi3_isr
                0x0000000008000f1c                tim2_isr
                0x0000000008000f1c                exti0_isr
 .text.null_handler
                0x0000000008000f1e        0x2 ./libopencm3//lib/libopencm3_stm32f1.a(vector.o)
                0x0000000008000f1e                null_handler
                0x0000000008000f1e                sv_call_handler
                0x0000000008000f1e                pend_sv_handler
                0x0000000008000f1e                debug_monitor_handler
                0x0000000008000f1e                nmi_handler
 .text.reset_handler
                0x0000000008000f20       0x90 ./libopencm3//lib/libopencm3_stm32f1.a(vector.o)
                0x0000000008000f20                reset_handler
 .text.nvic_enable_irq
                0x0000000008000fb0       0x18 ./libopencm3//lib/libopencm3_stm32f1.a(nvic.o)
                0x0000000008000fb0                nvic_enable_irq
 .text.nvic_set_priority
                0x0000000008000fc8       0x20 ./libopencm3//lib/libopencm3_stm32f1.a(nvic.o)
                0x0000000008000fc8                nvic_set_priority
 .text          0x0000000008000fe8       0x32 /home/a-h/x-tools/arm-none-eabi/lib/gcc/arm-none-eabi/4.9.4/../../../../arm-none-eabi/lib/libc.a(lib_a-strncmp.o)
                0x0000000008000fe8                strncmp
                0x000000000800101c                . = ALIGN (0x4)
 *fill*         0x000000000800101a        0x2 
 *(.rodata*)
 .rodata.str1.1
                0x000000000800101c        0xd uart.o
 .rodata.str1.1
                0x0000000008001029        0x8 mainbms.o
 *fill*         0x0000000008001031        0x3 
 .rodata        0x0000000008001034        0x8 ./libopencm3//lib/libopencm3_stm32f1.a(can.o)
                0x000000000800103c                . = ALIGN (0x4)

.glue_7         0x000000000800103c        0x0
 .glue_7        0x000000000800103c        0x0 linker stubs

.glue_7t        0x000000000800103c        0x0
 .glue_7t       0x000000000800103c        0x0 linker stubs

.vfp11_veneer   0x000000000800103c        0x0
 .vfp11_veneer  0x000000000800103c        0x0 linker stubs

.v4_bx          0x000000000800103c        0x0
 .v4_bx         0x000000000800103c        0x0 linker stubs

.iplt           0x000000000800103c        0x0
 .iplt          0x000000000800103c        0x0 gpio.o

.rel.dyn        0x000000000800103c        0x0
 .rel.iplt      0x000000000800103c        0x0 gpio.o

.preinit_array  0x000000000800103c        0x0
                0x000000000800103c                . = ALIGN (0x4)
                0x000000000800103c                __preinit_array_start = .
 *(.preinit_array)
                0x000000000800103c                __preinit_array_end = .

.init_array     0x000000000800103c        0x0
                0x000000000800103c                . = ALIGN (0x4)
                0x000000000800103c                __init_array_start = .
 *(SORT(.init_array.*))
 *(.init_array)
                0x000000000800103c                __init_array_end = .

.fini_array     0x000000000800103c        0x0
                0x000000000800103c                . = ALIGN (0x4)
                0x000000000800103c                __fini_array_start = .
 *(.fini_array)
 *(SORT(.fini_array.*))
                0x000000000800103c                __fini_array_end = .

.ARM.extab
 *(.ARM.extab*)

.ARM.exidx      0x000000000800103c        0x0
                0x000000000800103c                __exidx_start = .
 *(.ARM.exidx*)
                0x000000000800103c                __exidx_end = .
                0x000000000800103c                . = ALIGN (0x4)
                0x000000000800103c                _etext = .

.data           0x0000000020000000       0x20 load address 0x000000000800103c
                0x0000000020000000                _data = .
 *(.data*)
 .data.data.4346
                0x0000000020000000        0x8 rcc.o
 .data.data.4608
                0x0000000020000008        0x8 can.o
 .data.upcount  0x0000000020000010        0x1 mainbms.o
                0x0000000020000010                upcount
 *fill*         0x0000000020000011        0x1 
 .data.compare_time
                0x0000000020000012        0x2 mainbms.o
                0x0000000020000012                compare_time
 .data.rcc_ahb_frequency
                0x0000000020000014        0x4 ./libopencm3//lib/libopencm3_stm32f1.a(rcc.o)
                0x0000000020000014                rcc_ahb_frequency
 .data.rcc_apb1_frequency
                0x0000000020000018        0x4 ./libopencm3//lib/libopencm3_stm32f1.a(rcc.o)
                0x0000000020000018                rcc_apb1_frequency
 .data.rcc_apb2_frequency
                0x000000002000001c        0x4 ./libopencm3//lib/libopencm3_stm32f1.a(rcc.o)
                0x000000002000001c                rcc_apb2_frequency
                0x0000000020000020                . = ALIGN (0x4)
                0x0000000020000020                _edata = .
                0x000000000800103c                _data_loadaddr = LOADADDR (.data)

.igot.plt       0x0000000020000020        0x0 load address 0x000000000800105c
 .igot.plt      0x0000000020000020        0x0 gpio.o

.bss            0x0000000020000020       0x4c load address 0x000000000800105c
 *(.bss*)
 .bss.temp32.4345
                0x0000000020000020        0x4 rcc.o
 .bss.rec_len   0x0000000020000024        0x1 uart.o
                0x0000000020000024                rec_len
 *fill*         0x0000000020000025        0x3 
 .bss.usart1    0x0000000020000028       0x10 uart.o
                0x0000000020000028                usart1
 .bss.resiever  0x0000000020000038       0x32 uart.o
                0x0000000020000038                resiever
 *(COMMON)
                0x000000002000006c                . = ALIGN (0x4)
 *fill*         0x000000002000006a        0x2 
                0x000000002000006c                _ebss = .

/DISCARD/
 *(.eh_frame)
                0x000000002000006c                . = ALIGN (0x4)
                0x000000002000006c                end = .
                0x0000000020005000                PROVIDE (_stack, (ORIGIN (ram) + LENGTH (ram)))
OUTPUT(main_bms.elf elf32-littlearm)

.debug_info     0x0000000000000000     0x75f5
 .debug_info    0x0000000000000000      0x328 gpio.o
 .debug_info    0x0000000000000328      0x43b rcc.o
 .debug_info    0x0000000000000763      0x978 uart.o
 .debug_info    0x00000000000010db      0x7c0 can.o
 .debug_info    0x000000000000189b      0x467 adc.o
 .debug_info    0x0000000000001d02      0x706 timers.o
 .debug_info    0x0000000000002408      0x202 mainbms.o
 .debug_info    0x000000000000260a      0x387 ./libopencm3//lib/libopencm3_stm32f1.a(adc.o)
 .debug_info    0x0000000000002991      0x7b4 ./libopencm3//lib/libopencm3_stm32f1.a(adc_common_v1.o)
 .debug_info    0x0000000000003145      0xa27 ./libopencm3//lib/libopencm3_stm32f1.a(can.o)
 .debug_info    0x0000000000003b6c      0x1df ./libopencm3//lib/libopencm3_stm32f1.a(gpio.o)
 .debug_info    0x0000000000003d4b     0x10fd ./libopencm3//lib/libopencm3_stm32f1.a(rcc.o)
 .debug_info    0x0000000000004e48      0x22c ./libopencm3//lib/libopencm3_stm32f1.a(gpio_common_all.o)
 .debug_info    0x0000000000005074     0x117e ./libopencm3//lib/libopencm3_stm32f1.a(timer_common_all.o)
 .debug_info    0x00000000000061f2      0x4cf ./libopencm3//lib/libopencm3_stm32f1.a(usart_common_all.o)
 .debug_info    0x00000000000066c1      0x17a ./libopencm3//lib/libopencm3_stm32f1.a(usart_common_f124.o)
 .debug_info    0x000000000000683b      0x5b8 ./libopencm3//lib/libopencm3_stm32f1.a(rcc_common_all.o)
 .debug_info    0x0000000000006df3      0x27f ./libopencm3//lib/libopencm3_stm32f1.a(flash_common_f01.o)
 .debug_info    0x0000000000007072      0x2a4 ./libopencm3//lib/libopencm3_stm32f1.a(vector.o)
 .debug_info    0x0000000000007316      0x214 ./libopencm3//lib/libopencm3_stm32f1.a(nvic.o)
 .debug_info    0x000000000000752a       0xcb /home/a-h/x-tools/arm-none-eabi/lib/gcc/arm-none-eabi/4.9.4/../../../../arm-none-eabi/lib/libc.a(lib_a-strncmp.o)

.debug_abbrev   0x0000000000000000     0x1895
 .debug_abbrev  0x0000000000000000       0xce gpio.o
 .debug_abbrev  0x00000000000000ce      0x116 rcc.o
 .debug_abbrev  0x00000000000001e4      0x244 uart.o
 .debug_abbrev  0x0000000000000428      0x138 can.o
 .debug_abbrev  0x0000000000000560       0xf9 adc.o
 .debug_abbrev  0x0000000000000659       0xed timers.o
 .debug_abbrev  0x0000000000000746      0x103 mainbms.o
 .debug_abbrev  0x0000000000000849      0x165 ./libopencm3//lib/libopencm3_stm32f1.a(adc.o)
 .debug_abbrev  0x00000000000009ae      0x149 ./libopencm3//lib/libopencm3_stm32f1.a(adc_common_v1.o)
 .debug_abbrev  0x0000000000000af7      0x24c ./libopencm3//lib/libopencm3_stm32f1.a(can.o)
 .debug_abbrev  0x0000000000000d43       0xb7 ./libopencm3//lib/libopencm3_stm32f1.a(gpio.o)
 .debug_abbrev  0x0000000000000dfa      0x291 ./libopencm3//lib/libopencm3_stm32f1.a(rcc.o)
 .debug_abbrev  0x000000000000108b      0x10e ./libopencm3//lib/libopencm3_stm32f1.a(gpio_common_all.o)
 .debug_abbrev  0x0000000000001199      0x15c ./libopencm3//lib/libopencm3_stm32f1.a(timer_common_all.o)
 .debug_abbrev  0x00000000000012f5      0x12b ./libopencm3//lib/libopencm3_stm32f1.a(usart_common_all.o)
 .debug_abbrev  0x0000000000001420       0x8e ./libopencm3//lib/libopencm3_stm32f1.a(usart_common_f124.o)
 .debug_abbrev  0x00000000000014ae       0xc1 ./libopencm3//lib/libopencm3_stm32f1.a(rcc_common_all.o)
 .debug_abbrev  0x000000000000156f       0xe7 ./libopencm3//lib/libopencm3_stm32f1.a(flash_common_f01.o)
 .debug_abbrev  0x0000000000001656      0x12b ./libopencm3//lib/libopencm3_stm32f1.a(vector.o)
 .debug_abbrev  0x0000000000001781       0xa6 ./libopencm3//lib/libopencm3_stm32f1.a(nvic.o)
 .debug_abbrev  0x0000000000001827       0x6e /home/a-h/x-tools/arm-none-eabi/lib/gcc/arm-none-eabi/4.9.4/../../../../arm-none-eabi/lib/libc.a(lib_a-strncmp.o)

.debug_aranges  0x0000000000000000      0xaa0
 .debug_aranges
                0x0000000000000000       0x20 gpio.o
 .debug_aranges
                0x0000000000000020       0x28 rcc.o
 .debug_aranges
                0x0000000000000048       0x58 uart.o
 .debug_aranges
                0x00000000000000a0       0x30 can.o
 .debug_aranges
                0x00000000000000d0       0x20 adc.o
 .debug_aranges
                0x00000000000000f0       0x30 timers.o
 .debug_aranges
                0x0000000000000120       0x20 mainbms.o
 .debug_aranges
                0x0000000000000140       0x98 ./libopencm3//lib/libopencm3_stm32f1.a(adc.o)
 .debug_aranges
                0x00000000000001d8      0x148 ./libopencm3//lib/libopencm3_stm32f1.a(adc_common_v1.o)
 .debug_aranges
                0x0000000000000320       0x80 ./libopencm3//lib/libopencm3_stm32f1.a(can.o)
 .debug_aranges
                0x00000000000003a0       0x38 ./libopencm3//lib/libopencm3_stm32f1.a(gpio.o)
 .debug_aranges
                0x00000000000003d8      0x158 ./libopencm3//lib/libopencm3_stm32f1.a(rcc.o)
 .debug_aranges
                0x0000000000000530       0x50 ./libopencm3//lib/libopencm3_stm32f1.a(gpio_common_all.o)
 .debug_aranges
                0x0000000000000580      0x278 ./libopencm3//lib/libopencm3_stm32f1.a(timer_common_all.o)
 .debug_aranges
                0x00000000000007f8       0xb8 ./libopencm3//lib/libopencm3_stm32f1.a(usart_common_all.o)
 .debug_aranges
                0x00000000000008b0       0x40 ./libopencm3//lib/libopencm3_stm32f1.a(usart_common_f124.o)
 .debug_aranges
                0x00000000000008f0       0x78 ./libopencm3//lib/libopencm3_stm32f1.a(rcc_common_all.o)
 .debug_aranges
                0x0000000000000968       0x88 ./libopencm3//lib/libopencm3_stm32f1.a(flash_common_f01.o)
 .debug_aranges
                0x00000000000009f0       0x30 ./libopencm3//lib/libopencm3_stm32f1.a(vector.o)
 .debug_aranges
                0x0000000000000a20       0x60 ./libopencm3//lib/libopencm3_stm32f1.a(nvic.o)
 .debug_aranges
                0x0000000000000a80       0x20 /home/a-h/x-tools/arm-none-eabi/lib/gcc/arm-none-eabi/4.9.4/../../../../arm-none-eabi/lib/libc.a(lib_a-strncmp.o)

.debug_ranges   0x0000000000000000      0x9b8
 .debug_ranges  0x0000000000000000       0x10 gpio.o
 .debug_ranges  0x0000000000000010       0x18 rcc.o
 .debug_ranges  0x0000000000000028       0x60 uart.o
 .debug_ranges  0x0000000000000088       0x20 can.o
 .debug_ranges  0x00000000000000a8       0x10 adc.o
 .debug_ranges  0x00000000000000b8       0x20 timers.o
 .debug_ranges  0x00000000000000d8       0x10 mainbms.o
 .debug_ranges  0x00000000000000e8       0x88 ./libopencm3//lib/libopencm3_stm32f1.a(adc.o)
 .debug_ranges  0x0000000000000170      0x138 ./libopencm3//lib/libopencm3_stm32f1.a(adc_common_v1.o)
 .debug_ranges  0x00000000000002a8       0x70 ./libopencm3//lib/libopencm3_stm32f1.a(can.o)
 .debug_ranges  0x0000000000000318       0x28 ./libopencm3//lib/libopencm3_stm32f1.a(gpio.o)
 .debug_ranges  0x0000000000000340      0x1a8 ./libopencm3//lib/libopencm3_stm32f1.a(rcc.o)
 .debug_ranges  0x00000000000004e8       0x40 ./libopencm3//lib/libopencm3_stm32f1.a(gpio_common_all.o)
 .debug_ranges  0x0000000000000528      0x268 ./libopencm3//lib/libopencm3_stm32f1.a(timer_common_all.o)
 .debug_ranges  0x0000000000000790       0xa8 ./libopencm3//lib/libopencm3_stm32f1.a(usart_common_all.o)
 .debug_ranges  0x0000000000000838       0x30 ./libopencm3//lib/libopencm3_stm32f1.a(usart_common_f124.o)
 .debug_ranges  0x0000000000000868       0x68 ./libopencm3//lib/libopencm3_stm32f1.a(rcc_common_all.o)
 .debug_ranges  0x00000000000008d0       0x78 ./libopencm3//lib/libopencm3_stm32f1.a(flash_common_f01.o)
 .debug_ranges  0x0000000000000948       0x20 ./libopencm3//lib/libopencm3_stm32f1.a(vector.o)
 .debug_ranges  0x0000000000000968       0x50 ./libopencm3//lib/libopencm3_stm32f1.a(nvic.o)

.debug_line     0x0000000000000000     0x445c
 .debug_line    0x0000000000000000      0x163 gpio.o
 .debug_line    0x0000000000000163      0x1a3 rcc.o
 .debug_line    0x0000000000000306      0x372 uart.o
 .debug_line    0x0000000000000678      0x218 can.o
 .debug_line    0x0000000000000890      0x170 adc.o
 .debug_line    0x0000000000000a00      0x1dc timers.o
 .debug_line    0x0000000000000bdc      0x16d mainbms.o
 .debug_line    0x0000000000000d49      0x3bc ./libopencm3//lib/libopencm3_stm32f1.a(adc.o)
 .debug_line    0x0000000000001105      0x546 ./libopencm3//lib/libopencm3_stm32f1.a(adc_common_v1.o)
 .debug_line    0x000000000000164b      0x43f ./libopencm3//lib/libopencm3_stm32f1.a(can.o)
 .debug_line    0x0000000000001a8a      0x2c0 ./libopencm3//lib/libopencm3_stm32f1.a(gpio.o)
 .debug_line    0x0000000000001d4a      0x648 ./libopencm3//lib/libopencm3_stm32f1.a(rcc.o)
 .debug_line    0x0000000000002392      0x2f4 ./libopencm3//lib/libopencm3_stm32f1.a(gpio_common_all.o)
 .debug_line    0x0000000000002686      0x875 ./libopencm3//lib/libopencm3_stm32f1.a(timer_common_all.o)
 .debug_line    0x0000000000002efb      0x42a ./libopencm3//lib/libopencm3_stm32f1.a(usart_common_all.o)
 .debug_line    0x0000000000003325      0x315 ./libopencm3//lib/libopencm3_stm32f1.a(usart_common_f124.o)
 .debug_line    0x000000000000363a      0x33f ./libopencm3//lib/libopencm3_stm32f1.a(rcc_common_all.o)
 .debug_line    0x0000000000003979      0x37f ./libopencm3//lib/libopencm3_stm32f1.a(flash_common_f01.o)
 .debug_line    0x0000000000003cf8      0x30e ./libopencm3//lib/libopencm3_stm32f1.a(vector.o)
 .debug_line    0x0000000000004006      0x2c4 ./libopencm3//lib/libopencm3_stm32f1.a(nvic.o)
 .debug_line    0x00000000000042ca      0x192 /home/a-h/x-tools/arm-none-eabi/lib/gcc/arm-none-eabi/4.9.4/../../../../arm-none-eabi/lib/libc.a(lib_a-strncmp.o)

.debug_str      0x0000000000000000    0x18273
 .debug_str     0x0000000000000000      0x351 gpio.o
                                        0x3ef (size before relaxing)
 .debug_str     0x0000000000000351       0x6e rcc.o
                                        0x449 (size before relaxing)
 .debug_str     0x00000000000003bf      0x1f9 uart.o
                                        0x5e1 (size before relaxing)
 .debug_str     0x00000000000005b8       0x93 can.o
                                        0x4e7 (size before relaxing)
 .debug_str     0x000000000000064b      0x14e adc.o
                                        0x501 (size before relaxing)
 .debug_str     0x0000000000000799      0x33a timers.o
                                        0x71f (size before relaxing)
 .debug_str     0x0000000000000ad3       0x1c mainbms.o
                                        0x202 (size before relaxing)
 .debug_str     0x0000000000000aef     0x64de ./libopencm3//lib/libopencm3_stm32f1.a(adc.o)
                                       0x6707 (size before relaxing)
 .debug_str     0x0000000000006fcd      0x3ee ./libopencm3//lib/libopencm3_stm32f1.a(adc_common_v1.o)
                                       0x6a37 (size before relaxing)
 .debug_str     0x00000000000073bb     0x3d25 ./libopencm3//lib/libopencm3_stm32f1.a(can.o)
                                       0x7ff0 (size before relaxing)
 .debug_str     0x000000000000b0e0     0x3803 ./libopencm3//lib/libopencm3_stm32f1.a(gpio.o)
                                       0x7860 (size before relaxing)
 .debug_str     0x000000000000e8e3      0xc4b ./libopencm3//lib/libopencm3_stm32f1.a(rcc.o)
                                       0x70fe (size before relaxing)
 .debug_str     0x000000000000f52e       0x5a ./libopencm3//lib/libopencm3_stm32f1.a(gpio_common_all.o)
                                       0x7854 (size before relaxing)
 .debug_str     0x000000000000f588     0x4a58 ./libopencm3//lib/libopencm3_stm32f1.a(timer_common_all.o)
                                       0xb201 (size before relaxing)
 .debug_str     0x0000000000013fe0      0xffa ./libopencm3//lib/libopencm3_stm32f1.a(usart_common_all.o)
                                       0x7552 (size before relaxing)
 .debug_str     0x0000000000014fda       0x2d ./libopencm3//lib/libopencm3_stm32f1.a(usart_common_f124.o)
                                       0x7366 (size before relaxing)
 .debug_str     0x0000000000015007      0x168 ./libopencm3//lib/libopencm3_stm32f1.a(rcc_common_all.o)
                                       0x6a49 (size before relaxing)
 .debug_str     0x000000000001516f      0x181 ./libopencm3//lib/libopencm3_stm32f1.a(flash_common_f01.o)
                                       0x4907 (size before relaxing)
 .debug_str     0x00000000000152f0     0x24ec ./libopencm3//lib/libopencm3_stm32f1.a(vector.o)
                                       0x59b1 (size before relaxing)
 .debug_str     0x00000000000177dc      0x9ce ./libopencm3//lib/libopencm3_stm32f1.a(nvic.o)
                                       0x46bd (size before relaxing)
 .debug_str     0x00000000000181aa       0xc9 /home/a-h/x-tools/arm-none-eabi/lib/gcc/arm-none-eabi/4.9.4/../../../../arm-none-eabi/lib/libc.a(lib_a-strncmp.o)
                                        0x16a (size before relaxing)

.comment        0x0000000000000000       0x34
 .comment       0x0000000000000000       0x34 gpio.o
                                         0x35 (size before relaxing)
 .comment       0x0000000000000034       0x35 rcc.o
 .comment       0x0000000000000034       0x35 uart.o
 .comment       0x0000000000000034       0x35 can.o
 .comment       0x0000000000000034       0x35 adc.o
 .comment       0x0000000000000034       0x35 timers.o
 .comment       0x0000000000000034       0x35 mainbms.o
 .comment       0x0000000000000034       0x35 ./libopencm3//lib/libopencm3_stm32f1.a(adc.o)
 .comment       0x0000000000000034       0x35 ./libopencm3//lib/libopencm3_stm32f1.a(adc_common_v1.o)
 .comment       0x0000000000000034       0x35 ./libopencm3//lib/libopencm3_stm32f1.a(can.o)
 .comment       0x0000000000000034       0x35 ./libopencm3//lib/libopencm3_stm32f1.a(gpio.o)
 .comment       0x0000000000000034       0x35 ./libopencm3//lib/libopencm3_stm32f1.a(rcc.o)
 .comment       0x0000000000000034       0x35 ./libopencm3//lib/libopencm3_stm32f1.a(gpio_common_all.o)
 .comment       0x0000000000000034       0x35 ./libopencm3//lib/libopencm3_stm32f1.a(timer_common_all.o)
 .comment       0x0000000000000034       0x35 ./libopencm3//lib/libopencm3_stm32f1.a(usart_common_all.o)
 .comment       0x0000000000000034       0x35 ./libopencm3//lib/libopencm3_stm32f1.a(usart_common_f124.o)
 .comment       0x0000000000000034       0x35 ./libopencm3//lib/libopencm3_stm32f1.a(rcc_common_all.o)
 .comment       0x0000000000000034       0x35 ./libopencm3//lib/libopencm3_stm32f1.a(flash_common_f01.o)
 .comment       0x0000000000000034       0x35 ./libopencm3//lib/libopencm3_stm32f1.a(vector.o)
 .comment       0x0000000000000034       0x35 ./libopencm3//lib/libopencm3_stm32f1.a(nvic.o)
 .comment       0x0000000000000034       0x35 /home/a-h/x-tools/arm-none-eabi/lib/gcc/arm-none-eabi/4.9.4/../../../../arm-none-eabi/lib/libc.a(lib_a-strncmp.o)

.ARM.attributes
                0x0000000000000000       0x33
 .ARM.attributes
                0x0000000000000000       0x33 gpio.o
 .ARM.attributes
                0x0000000000000033       0x33 rcc.o
 .ARM.attributes
                0x0000000000000066       0x33 uart.o
 .ARM.attributes
                0x0000000000000099       0x33 can.o
 .ARM.attributes
                0x00000000000000cc       0x33 adc.o
 .ARM.attributes
                0x00000000000000ff       0x33 timers.o
 .ARM.attributes
                0x0000000000000132       0x33 mainbms.o
 .ARM.attributes
                0x0000000000000165       0x33 ./libopencm3//lib/libopencm3_stm32f1.a(adc.o)
 .ARM.attributes
                0x0000000000000198       0x33 ./libopencm3//lib/libopencm3_stm32f1.a(adc_common_v1.o)
 .ARM.attributes
                0x00000000000001cb       0x33 ./libopencm3//lib/libopencm3_stm32f1.a(can.o)
 .ARM.attributes
                0x00000000000001fe       0x33 ./libopencm3//lib/libopencm3_stm32f1.a(gpio.o)
 .ARM.attributes
                0x0000000000000231       0x33 ./libopencm3//lib/libopencm3_stm32f1.a(rcc.o)
 .ARM.attributes
                0x0000000000000264       0x33 ./libopencm3//lib/libopencm3_stm32f1.a(gpio_common_all.o)
 .ARM.attributes
                0x0000000000000297       0x33 ./libopencm3//lib/libopencm3_stm32f1.a(timer_common_all.o)
 .ARM.attributes
                0x00000000000002ca       0x33 ./libopencm3//lib/libopencm3_stm32f1.a(usart_common_all.o)
 .ARM.attributes
                0x00000000000002fd       0x33 ./libopencm3//lib/libopencm3_stm32f1.a(usart_common_f124.o)
 .ARM.attributes
                0x0000000000000330       0x33 ./libopencm3//lib/libopencm3_stm32f1.a(rcc_common_all.o)
 .ARM.attributes
                0x0000000000000363       0x33 ./libopencm3//lib/libopencm3_stm32f1.a(flash_common_f01.o)
 .ARM.attributes
                0x0000000000000396       0x33 ./libopencm3//lib/libopencm3_stm32f1.a(vector.o)
 .ARM.attributes
                0x00000000000003c9       0x33 ./libopencm3//lib/libopencm3_stm32f1.a(nvic.o)
 .ARM.attributes
                0x00000000000003fc       0x33 /home/a-h/x-tools/arm-none-eabi/lib/gcc/arm-none-eabi/4.9.4/../../../../arm-none-eabi/lib/libc.a(lib_a-strncmp.o)

.debug_frame    0x0000000000000000     0x1544
 .debug_frame   0x0000000000000000       0x2c gpio.o
 .debug_frame   0x000000000000002c       0x50 rcc.o
 .debug_frame   0x000000000000007c       0xfc uart.o
 .debug_frame   0x0000000000000178       0x7c can.o
 .debug_frame   0x00000000000001f4       0x2c adc.o
 .debug_frame   0x0000000000000220       0x64 timers.o
 .debug_frame   0x0000000000000284       0x28 mainbms.o
 .debug_frame   0x00000000000002ac      0x128 ./libopencm3//lib/libopencm3_stm32f1.a(adc.o)
 .debug_frame   0x00000000000003d4      0x294 ./libopencm3//lib/libopencm3_stm32f1.a(adc_common_v1.o)
 .debug_frame   0x0000000000000668      0x174 ./libopencm3//lib/libopencm3_stm32f1.a(can.o)
 .debug_frame   0x00000000000007dc       0x64 ./libopencm3//lib/libopencm3_stm32f1.a(gpio.o)
 .debug_frame   0x0000000000000840      0x2e0 ./libopencm3//lib/libopencm3_stm32f1.a(rcc.o)
 .debug_frame   0x0000000000000b20       0x80 ./libopencm3//lib/libopencm3_stm32f1.a(gpio_common_all.o)
 .debug_frame   0x0000000000000ba0      0x4d8 ./libopencm3//lib/libopencm3_stm32f1.a(timer_common_all.o)
 .debug_frame   0x0000000000001078      0x170 ./libopencm3//lib/libopencm3_stm32f1.a(usart_common_all.o)
 .debug_frame   0x00000000000011e8       0x60 ./libopencm3//lib/libopencm3_stm32f1.a(usart_common_f124.o)
 .debug_frame   0x0000000000001248       0xd0 ./libopencm3//lib/libopencm3_stm32f1.a(rcc_common_all.o)
 .debug_frame   0x0000000000001318      0x120 ./libopencm3//lib/libopencm3_stm32f1.a(flash_common_f01.o)
 .debug_frame   0x0000000000001438       0x40 ./libopencm3//lib/libopencm3_stm32f1.a(vector.o)
 .debug_frame   0x0000000000001478       0xa0 ./libopencm3//lib/libopencm3_stm32f1.a(nvic.o)
 .debug_frame   0x0000000000001518       0x2c /home/a-h/x-tools/arm-none-eabi/lib/gcc/arm-none-eabi/4.9.4/../../../../arm-none-eabi/lib/libc.a(lib_a-strncmp.o)

.debug_loc      0x0000000000000000     0x2708
 .debug_loc     0x0000000000000000      0x577 uart.o
 .debug_loc     0x0000000000000577       0x4d adc.o
 .debug_loc     0x00000000000005c4       0x4d mainbms.o
 .debug_loc     0x0000000000000611      0x1db ./libopencm3//lib/libopencm3_stm32f1.a(adc.o)
 .debug_loc     0x00000000000007ec      0x343 ./libopencm3//lib/libopencm3_stm32f1.a(adc_common_v1.o)
 .debug_loc     0x0000000000000b2f      0x9d6 ./libopencm3//lib/libopencm3_stm32f1.a(can.o)
 .debug_loc     0x0000000000001505      0x1aa ./libopencm3//lib/libopencm3_stm32f1.a(gpio.o)
 .debug_loc     0x00000000000016af      0x3f2 ./libopencm3//lib/libopencm3_stm32f1.a(rcc.o)
 .debug_loc     0x0000000000001aa1       0x84 ./libopencm3//lib/libopencm3_stm32f1.a(gpio_common_all.o)
 .debug_loc     0x0000000000001b25      0x506 ./libopencm3//lib/libopencm3_stm32f1.a(timer_common_all.o)
 .debug_loc     0x000000000000202b      0x1ca ./libopencm3//lib/libopencm3_stm32f1.a(usart_common_all.o)
 .debug_loc     0x00000000000021f5       0x63 ./libopencm3//lib/libopencm3_stm32f1.a(usart_common_f124.o)
 .debug_loc     0x0000000000002258      0x14a ./libopencm3//lib/libopencm3_stm32f1.a(rcc_common_all.o)
 .debug_loc     0x00000000000023a2       0xd3 ./libopencm3//lib/libopencm3_stm32f1.a(flash_common_f01.o)
 .debug_loc     0x0000000000002475       0xdf ./libopencm3//lib/libopencm3_stm32f1.a(vector.o)
 .debug_loc     0x0000000000002554      0x129 ./libopencm3//lib/libopencm3_stm32f1.a(nvic.o)
 .debug_loc     0x000000000000267d       0x8b /home/a-h/x-tools/arm-none-eabi/lib/gcc/arm-none-eabi/4.9.4/../../../../arm-none-eabi/lib/libc.a(lib_a-strncmp.o)

.debug_macro    0x0000000000000000     0x5716
 .debug_macro   0x0000000000000000       0xa1 ./libopencm3//lib/libopencm3_stm32f1.a(adc.o)
 .debug_macro   0x00000000000000a1      0x874 ./libopencm3//lib/libopencm3_stm32f1.a(adc.o)
 .debug_macro   0x0000000000000915       0x22 ./libopencm3//lib/libopencm3_stm32f1.a(adc.o)
 .debug_macro   0x0000000000000937       0x44 ./libopencm3//lib/libopencm3_stm32f1.a(adc.o)
 .debug_macro   0x000000000000097b       0x1c ./libopencm3//lib/libopencm3_stm32f1.a(adc.o)
 .debug_macro   0x0000000000000997      0x1f7 ./libopencm3//lib/libopencm3_stm32f1.a(adc.o)
 .debug_macro   0x0000000000000b8e       0x22 ./libopencm3//lib/libopencm3_stm32f1.a(adc.o)
 .debug_macro   0x0000000000000bb0       0xfa ./libopencm3//lib/libopencm3_stm32f1.a(adc.o)
 .debug_macro   0x0000000000000caa       0x58 ./libopencm3//lib/libopencm3_stm32f1.a(adc.o)
 .debug_macro   0x0000000000000d02      0x1b4 ./libopencm3//lib/libopencm3_stm32f1.a(adc.o)
 .debug_macro   0x0000000000000eb6      0x449 ./libopencm3//lib/libopencm3_stm32f1.a(adc.o)
 .debug_macro   0x00000000000012ff      0x456 ./libopencm3//lib/libopencm3_stm32f1.a(adc.o)
 .debug_macro   0x0000000000001755       0xa1 ./libopencm3//lib/libopencm3_stm32f1.a(adc_common_v1.o)
 .debug_macro   0x00000000000017f6       0xb2 ./libopencm3//lib/libopencm3_stm32f1.a(can.o)
 .debug_macro   0x00000000000018a8      0x513 ./libopencm3//lib/libopencm3_stm32f1.a(can.o)
 .debug_macro   0x0000000000001dbb      0x82c ./libopencm3//lib/libopencm3_stm32f1.a(can.o)
 .debug_macro   0x00000000000025e7       0xa1 ./libopencm3//lib/libopencm3_stm32f1.a(gpio.o)
 .debug_macro   0x0000000000002688       0x76 ./libopencm3//lib/libopencm3_stm32f1.a(gpio.o)
 .debug_macro   0x00000000000026fe      0xdfd ./libopencm3//lib/libopencm3_stm32f1.a(gpio.o)
 .debug_macro   0x00000000000034fb       0xc8 ./libopencm3//lib/libopencm3_stm32f1.a(rcc.o)
 .debug_macro   0x00000000000035c3       0x16 ./libopencm3//lib/libopencm3_stm32f1.a(rcc.o)
 .debug_macro   0x00000000000035d9       0xdc ./libopencm3//lib/libopencm3_stm32f1.a(rcc.o)
 .debug_macro   0x00000000000036b5       0x82 ./libopencm3//lib/libopencm3_stm32f1.a(rcc.o)
 .debug_macro   0x0000000000003737       0xa1 ./libopencm3//lib/libopencm3_stm32f1.a(gpio_common_all.o)
 .debug_macro   0x00000000000037d8       0xb4 ./libopencm3//lib/libopencm3_stm32f1.a(timer_common_all.o)
 .debug_macro   0x000000000000388c      0xf96 ./libopencm3//lib/libopencm3_stm32f1.a(timer_common_all.o)
 .debug_macro   0x0000000000004822       0xc3 ./libopencm3//lib/libopencm3_stm32f1.a(usart_common_all.o)
 .debug_macro   0x00000000000048e5       0x8e ./libopencm3//lib/libopencm3_stm32f1.a(usart_common_all.o)
 .debug_macro   0x0000000000004973      0x273 ./libopencm3//lib/libopencm3_stm32f1.a(usart_common_all.o)
 .debug_macro   0x0000000000004be6       0xc3 ./libopencm3//lib/libopencm3_stm32f1.a(usart_common_f124.o)
 .debug_macro   0x0000000000004ca9       0xb7 ./libopencm3//lib/libopencm3_stm32f1.a(rcc_common_all.o)
 .debug_macro   0x0000000000004d60       0xa1 ./libopencm3//lib/libopencm3_stm32f1.a(flash_common_f01.o)
 .debug_macro   0x0000000000004e01       0xb8 ./libopencm3//lib/libopencm3_stm32f1.a(vector.o)
 .debug_macro   0x0000000000004eb9      0x3a1 ./libopencm3//lib/libopencm3_stm32f1.a(vector.o)
 .debug_macro   0x000000000000525a       0x6a ./libopencm3//lib/libopencm3_stm32f1.a(vector.o)
 .debug_macro   0x00000000000052c4      0x1a2 ./libopencm3//lib/libopencm3_stm32f1.a(vector.o)
 .debug_macro   0x0000000000005466       0x9c ./libopencm3//lib/libopencm3_stm32f1.a(nvic.o)
 .debug_macro   0x0000000000005502       0x64 ./libopencm3//lib/libopencm3_stm32f1.a(nvic.o)
 .debug_macro   0x0000000000005566      0x1b0 ./libopencm3//lib/libopencm3_stm32f1.a(nvic.o)
