Archive member included to satisfy reference by file (symbol)

./libopencm3//lib/libopencm3_stm32f1.a(adc.o)
                              sources/adc.o (adc_power_on)
./libopencm3//lib/libopencm3_stm32f1.a(adc_common_v1.o)
                              sources/adc.o (adc_power_off)
./libopencm3//lib/libopencm3_stm32f1.a(can.o)
                              stack/CO_driver.o (can_reset)
./libopencm3//lib/libopencm3_stm32f1.a(gpio.o)
                              stack/CO_driver.o (gpio_set_mode)
./libopencm3//lib/libopencm3_stm32f1.a(rcc.o)
                              sources/rcc.o (rcc_clock_setup_in_hse_8mhz_out_72mhz)
./libopencm3//lib/libopencm3_stm32f1.a(gpio_common_all.o)
                              stack/CO_driver.o (gpio_set)
./libopencm3//lib/libopencm3_stm32f1.a(timer_common_all.o)
                              sources/timers.o (timer_enable_irq)
./libopencm3//lib/libopencm3_stm32f1.a(usart_common_all.o)
                              sources/usart.o (usart_set_baudrate)
./libopencm3//lib/libopencm3_stm32f1.a(usart_common_f124.o)
                              sources/usart.o (usart_send)
./libopencm3//lib/libopencm3_stm32f1.a(rcc_common_all.o)
                              stack/CO_driver.o (rcc_periph_clock_enable)
./libopencm3//lib/libopencm3_stm32f1.a(flash_common_f01.o)
                              ./libopencm3//lib/libopencm3_stm32f1.a(rcc.o) (flash_set_ws)
./libopencm3//lib/libopencm3_stm32f1.a(vector.o)
                              (reset_handler)
./libopencm3//lib/libopencm3_stm32f1.a(systick.o)
                              stack/CO_driver.o (systick_set_reload)
./libopencm3//lib/libopencm3_stm32f1.a(nvic.o)
                              stack/CO_driver.o (nvic_enable_irq)
./libopencm3//lib/libopencm3_stm32f1.a(assert.o)
                              ./libopencm3//lib/libopencm3_stm32f1.a(rcc.o) (cm3_assert_failed)
./libopencm3//lib/libopencm3_stm32f1.a(flash.o)
                              ./libopencm3//lib/libopencm3_stm32f1.a(flash_common_f01.o) (flash_get_status_flags)
/home/a-h/x-tools/arm-none-eabi/lib/gcc/arm-none-eabi/4.9.4/../../../../arm-none-eabi/lib/libc.a(lib_a-atoi.o)
                              sources/usart.o (atoi)
/home/a-h/x-tools/arm-none-eabi/lib/gcc/arm-none-eabi/4.9.4/../../../../arm-none-eabi/lib/libc.a(lib_a-calloc.o)
                              ./CANopen.o (calloc)
/home/a-h/x-tools/arm-none-eabi/lib/gcc/arm-none-eabi/4.9.4/../../../../arm-none-eabi/lib/libc.a(lib_a-callocr.o)
                              /home/a-h/x-tools/arm-none-eabi/lib/gcc/arm-none-eabi/4.9.4/../../../../arm-none-eabi/lib/libc.a(lib_a-calloc.o) (_calloc_r)
/home/a-h/x-tools/arm-none-eabi/lib/gcc/arm-none-eabi/4.9.4/../../../../arm-none-eabi/lib/libc.a(lib_a-impure.o)
                              /home/a-h/x-tools/arm-none-eabi/lib/gcc/arm-none-eabi/4.9.4/../../../../arm-none-eabi/lib/libc.a(lib_a-calloc.o) (_impure_ptr)
/home/a-h/x-tools/arm-none-eabi/lib/gcc/arm-none-eabi/4.9.4/../../../../arm-none-eabi/lib/libc.a(lib_a-itoa.o)
                              sources/usart.o (itoa)
/home/a-h/x-tools/arm-none-eabi/lib/gcc/arm-none-eabi/4.9.4/../../../../arm-none-eabi/lib/libc.a(lib_a-malloc.o)
                              ./CANopen.o (free)
/home/a-h/x-tools/arm-none-eabi/lib/gcc/arm-none-eabi/4.9.4/../../../../arm-none-eabi/lib/libc.a(lib_a-mallocr.o)
                              /home/a-h/x-tools/arm-none-eabi/lib/gcc/arm-none-eabi/4.9.4/../../../../arm-none-eabi/lib/libc.a(lib_a-callocr.o) (_malloc_r)
/home/a-h/x-tools/arm-none-eabi/lib/gcc/arm-none-eabi/4.9.4/../../../../arm-none-eabi/lib/libc.a(lib_a-memset.o)
                              sources/usart.o (memset)
/home/a-h/x-tools/arm-none-eabi/lib/gcc/arm-none-eabi/4.9.4/../../../../arm-none-eabi/lib/libc.a(lib_a-mlock.o)
                              /home/a-h/x-tools/arm-none-eabi/lib/gcc/arm-none-eabi/4.9.4/../../../../arm-none-eabi/lib/libc.a(lib_a-mallocr.o) (__malloc_lock)
/home/a-h/x-tools/arm-none-eabi/lib/gcc/arm-none-eabi/4.9.4/../../../../arm-none-eabi/lib/libc.a(lib_a-sbrkr.o)
                              /home/a-h/x-tools/arm-none-eabi/lib/gcc/arm-none-eabi/4.9.4/../../../../arm-none-eabi/lib/libc.a(lib_a-mallocr.o) (_sbrk_r)
/home/a-h/x-tools/arm-none-eabi/lib/gcc/arm-none-eabi/4.9.4/../../../../arm-none-eabi/lib/libc.a(lib_a-snprintf.o)
                              stack/CO_trace.o (snprintf)
/home/a-h/x-tools/arm-none-eabi/lib/gcc/arm-none-eabi/4.9.4/../../../../arm-none-eabi/lib/libc.a(lib_a-strcat.o)
                              sources/usart.o (strcat)
/home/a-h/x-tools/arm-none-eabi/lib/gcc/arm-none-eabi/4.9.4/../../../../arm-none-eabi/lib/libc.a(lib_a-strlen.o)
                              sources/usart.o (strlen)
/home/a-h/x-tools/arm-none-eabi/lib/gcc/arm-none-eabi/4.9.4/../../../../arm-none-eabi/lib/libc.a(lib_a-strncmp.o)
                              sources/usart.o (strncmp)
/home/a-h/x-tools/arm-none-eabi/lib/gcc/arm-none-eabi/4.9.4/../../../../arm-none-eabi/lib/libc.a(lib_a-strtol.o)
[...]
Memory Configuration

Name             Origin             Length             Attributes
rom              0x0000000008000000 0x0000000000010000 xr
ram              0x0000000020000000 0x0000000000005000 xrw
*default*        0x0000000000000000 0xffffffffffffffff

Linker script and memory map

LOAD stack/CO_driver.o
LOAD stack/crc16-ccitt.o
LOAD stack/CO_SDO.o
LOAD stack/CO_Emergency.o
LOAD stack/CO_NMT_Heartbeat.o
LOAD stack/CO_SYNC.o
LOAD stack/CO_PDO.o
LOAD stack/CO_HBconsumer.o
LOAD stack/CO_SDOmaster.o
LOAD stack/CO_trace.o
LOAD ./CANopen.o
LOAD sources/CO_OD.o
LOAD sources/gpio.o
LOAD sources/rcc.o
LOAD sources/usart.o
LOAD sources/adc.o
LOAD sources/bq76pl455.o
LOAD sources/timers.o
LOAD mainbms.o
LOAD ./libopencm3//lib/libopencm3_stm32f1.a
START GROUP
LOAD /home/a-h/x-tools/arm-none-eabi/lib/gcc/arm-none-eabi/4.9.4/../../../../arm-none-eabi/lib/libc.a
LOAD /home/a-h/x-tools/arm-none-eabi/lib/gcc/arm-none-eabi/4.9.4/libgcc.a
LOAD /home/a-h/x-tools/arm-none-eabi/lib/gcc/arm-none-eabi/4.9.4/../../../../arm-none-eabi/lib/libnosys.a
END GROUP
START GROUP
LOAD /home/a-h/x-tools/arm-none-eabi/lib/gcc/arm-none-eabi/4.9.4/libgcc.a
LOAD /home/a-h/x-tools/arm-none-eabi/lib/gcc/arm-none-eabi/4.9.4/../../../../arm-none-eabi/lib/libc.a
END GROUP

.text           0x0000000008000000     0x6104
 *(.vectors)
 .vectors       0x0000000008000000      0x150 ./libopencm3//lib/libopencm3_stm32f1.a(vector.o)
                0x0000000008000000                vector_table
 *(.text*)
 .text.CO_CANsendToModule.isra.0
                0x0000000008000150       0x58 stack/CO_driver.o
 .text.CO_CANsetConfigurationMode
                0x00000000080001a8        0x2 stack/CO_driver.o
                0x00000000080001a8                CO_CANsetConfigurationMode
 .text.CO_CANsetNormalMode
                0x00000000080001aa        0x6 stack/CO_driver.o
                0x00000000080001aa                CO_CANsetNormalMode
 .text.CO_CANmodule_init
                0x00000000080001b0      0x194 stack/CO_driver.o
                0x00000000080001b0                CO_CANmodule_init
 .text.CO_CANmodule_disable
                0x0000000008000344       0x30 stack/CO_driver.o
                0x0000000008000344                CO_CANmodule_disable
 .text.CO_CANrxBufferInit
                0x0000000008000374       0x54 stack/CO_driver.o
                0x0000000008000374                CO_CANrxBufferInit
 .text.CO_CANtxBufferInit
                0x00000000080003c8       0x36 stack/CO_driver.o
                0x00000000080003c8                CO_CANtxBufferInit
 *fill*         0x00000000080003fe        0x2 
 .text.CO_CANsend
                0x0000000008000400       0x54 stack/CO_driver.o
                0x0000000008000400                CO_CANsend
 .text.CO_CANclearPendingSyncPDOs
                0x0000000008000454       0x4e stack/CO_driver.o
                0x0000000008000454                CO_CANclearPendingSyncPDOs
 .text.CO_CANverifyErrors
                0x00000000080004a2        0x2 stack/CO_driver.o
                0x00000000080004a2                CO_CANverifyErrors
 .text.CO_CANinterrupt_Rx
                0x00000000080004a4       0x98 stack/CO_driver.o
                0x00000000080004a4                CO_CANinterrupt_Rx
 .text.CO_CANinterrupt_Tx
                0x000000000800053c       0x4c stack/CO_driver.o
                0x000000000800053c                CO_CANinterrupt_Tx
 .text.CO_TimerSetup
                0x0000000008000588       0x1c stack/CO_driver.o
                0x0000000008000588                CO_TimerSetup
 .text.crc16_ccitt
                0x00000000080005a4       0x28 stack/crc16-ccitt.o
                0x00000000080005a4                crc16_ccitt
 .text.CO_SDO_receive
                0x00000000080005cc       0xb6 stack/CO_SDO.o
 .text.CO_memcpy
                0x0000000008000682       0x18 stack/CO_SDO.o
                0x0000000008000682                CO_memcpy
 .text.CO_getUint32
                0x000000000800069a       0x20 stack/CO_SDO.o
                0x000000000800069a                CO_getUint32
 .text.CO_setUint32
                0x00000000080006ba       0x18 stack/CO_SDO.o
                0x00000000080006ba                CO_setUint32
 .text.CO_ODF_1200
                0x00000000080006d2       0x24 stack/CO_SDO.o
 .text.CO_memcpySwap2
                0x00000000080006f6        0xa stack/CO_SDO.o
                0x00000000080006f6                CO_memcpySwap2
 .text.CO_memcpySwap4
                0x0000000008000700       0x12 stack/CO_SDO.o
                0x0000000008000700                CO_memcpySwap4
 .text.CO_SDO_abort
                0x0000000008000712       0x4a stack/CO_SDO.o
 .text.CO_OD_find
                0x000000000800075c       0x58 stack/CO_SDO.o
                0x000000000800075c                CO_OD_find
 .text.CO_OD_configure
                0x00000000080007b4       0x5a stack/CO_SDO.o
                0x00000000080007b4                CO_OD_configure
 *fill*         0x000000000800080e        0x2 
 .text.CO_SDO_init
                0x0000000008000810       0xf0 stack/CO_SDO.o
                0x0000000008000810                CO_SDO_init
 .text.CO_OD_getLength
                0x0000000008000900       0x3e stack/CO_SDO.o
                0x0000000008000900                CO_OD_getLength
 .text.CO_OD_getAttribute
                0x000000000800093e       0x4a stack/CO_SDO.o
                0x000000000800093e                CO_OD_getAttribute
 .text.CO_OD_getDataPointer
                0x0000000008000988       0x3c stack/CO_SDO.o
                0x0000000008000988                CO_OD_getDataPointer
 .text.CO_OD_getFlagsPointer
                0x00000000080009c4       0x1c stack/CO_SDO.o
                0x00000000080009c4                CO_OD_getFlagsPointer
 .text.CO_SDO_initTransfer
                0x00000000080009e0       0xc0 stack/CO_SDO.o
                0x00000000080009e0                CO_SDO_initTransfer
 .text.CO_SDO_readOD
                0x0000000008000aa0       0x78 stack/CO_SDO.o
                0x0000000008000aa0                CO_SDO_readOD
 .text.CO_SDO_writeOD
                0x0000000008000b18       0x90 stack/CO_SDO.o
                0x0000000008000b18                CO_SDO_writeOD
 .text.CO_SDO_process
                0x0000000008000ba8      0x828 stack/CO_SDO.o
                0x0000000008000ba8                CO_SDO_process
 .text.CO_ODF_1003
                0x00000000080013d0       0x40 stack/CO_Emergency.o
 .text.CO_ODF_1014
                0x0000000008001410       0x1e stack/CO_Emergency.o
 *fill*         0x000000000800142e        0x2 
 .text.CO_EM_init
                0x0000000008001430       0xcc stack/CO_Emergency.o
                0x0000000008001430                CO_EM_init
 .text.CO_errorReport
                0x00000000080014fc       0x92 stack/CO_Emergency.o
                0x00000000080014fc                CO_errorReport
 .text.CO_EM_process
                0x000000000800158e       0xfe stack/CO_Emergency.o
                0x000000000800158e                CO_EM_process
 .text.CO_isError
                0x000000000800168c       0x24 stack/CO_Emergency.o
                0x000000000800168c                CO_isError
 .text.CO_NMT_receive
                0x00000000080016b0       0x56 stack/CO_NMT_Heartbeat.o
 *fill*         0x0000000008001706        0x2 
 .text.CO_NMT_init
                0x0000000008001708       0x84 stack/CO_NMT_Heartbeat.o
                0x0000000008001708                CO_NMT_init
 .text.CO_NMT_blinkingProcess50ms
                0x000000000800178c       0xd2 stack/CO_NMT_Heartbeat.o
                0x000000000800178c                CO_NMT_blinkingProcess50ms
 .text.CO_NMT_process
                0x000000000800185e      0x20a stack/CO_NMT_Heartbeat.o
                0x000000000800185e                CO_NMT_process
 .text.CO_ODF_1019
                0x0000000008001a68       0x48 stack/CO_SYNC.o
 .text.CO_ODF_1006
                0x0000000008001ab0       0x32 stack/CO_SYNC.o
 *fill*         0x0000000008001ae2        0x2 
 .text.CO_ODF_1005
                0x0000000008001ae4       0x7c stack/CO_SYNC.o
 .text.CO_SYNC_receive
                0x0000000008001b60       0x40 stack/CO_SYNC.o
 .text.CO_SYNC_init
                0x0000000008001ba0      0x104 stack/CO_SYNC.o
                0x0000000008001ba0                CO_SYNC_init
 .text.CO_SYNC_process
                0x0000000008001ca4       0xbc stack/CO_SYNC.o
                0x0000000008001ca4                CO_SYNC_process
 .text.CO_PDOfindMap
                0x0000000008001d60      0x11c stack/CO_PDO.o
 .text.CO_RPDOconfigMap
                0x0000000008001e7c       0x96 stack/CO_PDO.o
 *fill*         0x0000000008001f12        0x2 
 .text.CO_ODF_RPDOmap
                0x0000000008001f14       0x98 stack/CO_PDO.o
 .text.CO_TPDOconfigMap
                0x0000000008001fac       0x8a stack/CO_PDO.o
 *fill*         0x0000000008002036        0x2 
 .text.CO_ODF_TPDOmap
                0x0000000008002038       0x98 stack/CO_PDO.o
 .text.CO_RPDOconfigCom
                0x00000000080020d0       0x74 stack/CO_PDO.o
 .text.CO_ODF_RPDOcom
                0x0000000008002144       0xd0 stack/CO_PDO.o
 .text.CO_TPDOconfigCom
                0x0000000008002214       0x50 stack/CO_PDO.o
 .text.CO_ODF_TPDOcom
                0x0000000008002264      0x10c stack/CO_PDO.o
 .text.CO_PDO_receive
                0x0000000008002370       0x8e stack/CO_PDO.o
 *fill*         0x00000000080023fe        0x2 
 .text.CO_RPDO_init
                0x0000000008002400       0xbc stack/CO_PDO.o
                0x0000000008002400                CO_RPDO_init
 .text.CO_TPDO_init
                0x00000000080024bc       0xe4 stack/CO_PDO.o
                0x00000000080024bc                CO_TPDO_init
 .text.CO_TPDOisCOS
                0x00000000080025a0      0x110 stack/CO_PDO.o
                0x00000000080025a0                CO_TPDOisCOS
 .text.CO_TPDOsend
                0x00000000080026b0       0x2e stack/CO_PDO.o
                0x00000000080026b0                CO_TPDOsend
 .text.CO_RPDO_process
                0x00000000080026de       0x5e stack/CO_PDO.o
                0x00000000080026de                CO_RPDO_process
 .text.CO_TPDO_process
                0x000000000800273c       0xca stack/CO_PDO.o
                0x000000000800273c                CO_TPDO_process
 .text.CO_HBcons_receive
                0x0000000008002806        0xe stack/CO_HBconsumer.o
 .text.CO_HBcons_monitoredNodeConfig.part.0
                0x0000000008002814       0x50 stack/CO_HBconsumer.o
 .text.CO_ODF_1016
                0x0000000008002864       0x74 stack/CO_HBconsumer.o
 .text.CO_HBconsumer_init
                0x00000000080028d8       0x68 stack/CO_HBconsumer.o
                0x00000000080028d8                CO_HBconsumer_init
 .text.CO_HBconsumer_process
                0x0000000008002940       0xba stack/CO_HBconsumer.o
                0x0000000008002940                CO_HBconsumer_process
 *fill*         0x00000000080029fa        0x2 
 .text.CO_delete
                0x00000000080029fc       0xb0 ./CANopen.o
                0x00000000080029fc                CO_delete
 .text.CO_init  0x0000000008002aac      0x3f0 ./CANopen.o
                0x0000000008002aac                CO_init
 .text.CO_process
                0x0000000008002e9c       0xa8 ./CANopen.o
                0x0000000008002e9c                CO_process
 .text.CO_process_SYNC_RPDO
                0x0000000008002f44       0x40 ./CANopen.o
                0x0000000008002f44                CO_process_SYNC_RPDO
 .text.CO_process_TPDO
                0x0000000008002f84       0x36 ./CANopen.o
                0x0000000008002f84                CO_process_TPDO
 *fill*         0x0000000008002fba        0x2 
 .text.gpio_init
                0x0000000008002fbc       0xbc sources/gpio.o
                0x0000000008002fbc                gpio_init
 .text.channel_set
                0x0000000008003078       0x7c sources/gpio.o
                0x0000000008003078                channel_set
 .text.rcc_init
                0x00000000080030f4       0x22 sources/rcc.o
                0x00000000080030f4                rcc_init
 *fill*         0x0000000008003116        0x2 
 .text.usart_init
                0x0000000008003118      0x1a0 sources/usart.o
                0x0000000008003118                usart_init
 .text.usart_send_string
                0x00000000080032b8       0x1c sources/usart.o
                0x00000000080032b8                usart_send_string
 .text.usart_send_byte
                0x00000000080032d4       0x14 sources/usart.o
                0x00000000080032d4                usart_send_byte
 .text.ftoa     0x00000000080032e8       0xc0 sources/usart.o
                0x00000000080032e8                ftoa
 .text.process_command
                0x00000000080033a8      0x148 sources/usart.o
                0x00000000080033a8                process_command
 .text.usart2_isr
                0x00000000080034f0       0xc8 sources/usart.o
                0x00000000080034f0                usart2_isr
 .text.adc_init
                0x00000000080035b8       0xcc sources/adc.o
                0x00000000080035b8                adc_init
 .text.adc_get  0x0000000008003684       0x30 sources/adc.o
                0x0000000008003684                adc_get
 .text.bq76_channel_read
                0x00000000080036b4        0x2 sources/bq76pl455.o
                0x00000000080036b4                bq76_channel_read
 .text.bq76_convert_to_volts
                0x00000000080036b6        0x2 sources/bq76pl455.o
                0x00000000080036b6                bq76_convert_to_volts
 .text.tim1_init
                0x00000000080036b8       0x80 sources/timers.o
                0x00000000080036b8                tim1_init
 .text.tim1_up_isr
                0x0000000008003738       0x20 sources/timers.o
                0x0000000008003738                tim1_up_isr
 .text.tim1_cc_isr
                0x0000000008003758       0x58 sources/timers.o
                0x0000000008003758                tim1_cc_isr
 .text.resieveProc
                0x00000000080037b0        0x2 mainbms.o
                0x00000000080037b0                resieveProc
 *fill*         0x00000000080037b2        0x2 
 .text.sys_tick_handler
                0x00000000080037b4       0x38 mainbms.o
                0x00000000080037b4                sys_tick_handler
 .text.usb_hp_can_tx_isr
                0x00000000080037ec       0x10 mainbms.o
                0x00000000080037ec                usb_hp_can_tx_isr
 .text.usb_lp_can_rx0_isr
                0x00000000080037fc       0x34 mainbms.o
                0x00000000080037fc                usb_lp_can_rx0_isr
 .text.can_send_test
                0x0000000008003830       0x50 mainbms.o
                0x0000000008003830                can_send_test
 .text.startup.main
                0x0000000008003880       0xdc mainbms.o
                0x0000000008003880                main
 .text.adc_power_on
                0x000000000800395c       0x10 ./libopencm3//lib/libopencm3_stm32f1.a(adc.o)
                0x000000000800395c                adc_power_on
 .text.adc_start_conversion_direct
                0x000000000800396c       0x10 ./libopencm3//lib/libopencm3_stm32f1.a(adc.o)
                0x000000000800396c                adc_start_conversion_direct
 .text.adc_enable_temperature_sensor
                0x000000000800397c       0x10 ./libopencm3//lib/libopencm3_stm32f1.a(adc.o)
                0x000000000800397c                adc_enable_temperature_sensor
 .text.adc_disable_external_trigger_regular
                0x000000000800398c        0xa ./libopencm3//lib/libopencm3_stm32f1.a(adc.o)
                0x000000000800398c                adc_disable_external_trigger_regular
 .text.adc_reset_calibration
                0x0000000008003996       0x14 ./libopencm3//lib/libopencm3_stm32f1.a(adc.o)
                0x0000000008003996                adc_reset_calibration
 .text.adc_calibrate_async
                0x00000000080039aa        0xa ./libopencm3//lib/libopencm3_stm32f1.a(adc.o)
                0x00000000080039aa                adc_calibrate_async
 .text.adc_is_calibrating
                0x00000000080039b4        0x8 ./libopencm3//lib/libopencm3_stm32f1.a(adc.o)
                0x00000000080039b4                adc_is_calibrating
 .text.adc_calibrate
                0x00000000080039bc       0x14 ./libopencm3//lib/libopencm3_stm32f1.a(adc.o)
                0x00000000080039bc                adc_calibrate
 .text.adc_set_sample_time_on_all_channels
                0x00000000080039d0       0x2a ./libopencm3//lib/libopencm3_stm32f1.a(adc.o)
                0x00000000080039d0                adc_set_sample_time_on_all_channels
 .text.adc_power_off
                0x00000000080039fa        0xa ./libopencm3//lib/libopencm3_stm32f1.a(adc_common_v1.o)
                0x00000000080039fa                adc_power_off
 .text.adc_disable_scan_mode
                0x0000000008003a04        0xa ./libopencm3//lib/libopencm3_stm32f1.a(adc_common_v1.o)
                0x0000000008003a04                adc_disable_scan_mode
 .text.adc_set_right_aligned
                0x0000000008003a0e        0xa ./libopencm3//lib/libopencm3_stm32f1.a(adc_common_v1.o)
                0x0000000008003a0e                adc_set_right_aligned
 .text.adc_set_single_conversion_mode
                0x0000000008003a18        0xa ./libopencm3//lib/libopencm3_stm32f1.a(adc_common_v1.o)
                0x0000000008003a18                adc_set_single_conversion_mode
 .text.adc_set_regular_sequence
                0x0000000008003a22       0x78 ./libopencm3//lib/libopencm3_stm32f1.a(adc_common_v1.o)
                0x0000000008003a22                adc_set_regular_sequence
 *fill*         0x0000000008003a9a        0x2 
 .text.can_reset
                0x0000000008003a9c       0x18 ./libopencm3//lib/libopencm3_stm32f1.a(can.o)
                0x0000000008003a9c                can_reset
 .text.can_init
                0x0000000008003ab4      0x124 ./libopencm3//lib/libopencm3_stm32f1.a(can.o)
                0x0000000008003ab4                can_init
 .text.can_filter_init
                0x0000000008003bd8       0x8e ./libopencm3//lib/libopencm3_stm32f1.a(can.o)
                0x0000000008003bd8                can_filter_init
 .text.can_filter_id_mask_32bit_init
                0x0000000008003c66       0x1a ./libopencm3//lib/libopencm3_stm32f1.a(can.o)
                0x0000000008003c66                can_filter_id_mask_32bit_init
 .text.can_enable_irq
                0x0000000008003c80        0x8 ./libopencm3//lib/libopencm3_stm32f1.a(can.o)
                0x0000000008003c80                can_enable_irq
 .text.can_disable_irq
                0x0000000008003c88        0xa ./libopencm3//lib/libopencm3_stm32f1.a(can.o)
                0x0000000008003c88                can_disable_irq
 .text.can_transmit
                0x0000000008003c92       0xc4 ./libopencm3//lib/libopencm3_stm32f1.a(can.o)
                0x0000000008003c92                can_transmit
 .text.can_fifo_release
                0x0000000008003d56       0x16 ./libopencm3//lib/libopencm3_stm32f1.a(can.o)
                0x0000000008003d56                can_fifo_release
 .text.can_receive
                0x0000000008003d6c       0xd0 ./libopencm3//lib/libopencm3_stm32f1.a(can.o)
                0x0000000008003d6c                can_receive
 .text.can_available_mailbox
                0x0000000008003e3c        0xe ./libopencm3//lib/libopencm3_stm32f1.a(can.o)
                0x0000000008003e3c                can_available_mailbox
 .text.gpio_set_mode
                0x0000000008003e4a       0x64 ./libopencm3//lib/libopencm3_stm32f1.a(gpio.o)
                0x0000000008003e4a                gpio_set_mode
 *fill*         0x0000000008003eae        0x2 
 .text.rcc_osc_on.part.1
                0x0000000008003eb0       0x10 ./libopencm3//lib/libopencm3_stm32f1.a(rcc.o)
 .text.rcc_is_osc_ready
                0x0000000008003ec0       0x5c ./libopencm3//lib/libopencm3_stm32f1.a(rcc.o)
                0x0000000008003ec0                rcc_is_osc_ready
 .text.rcc_wait_for_osc_ready
                0x0000000008003f1c       0x10 ./libopencm3//lib/libopencm3_stm32f1.a(rcc.o)
                0x0000000008003f1c                rcc_wait_for_osc_ready
 .text.rcc_osc_on
                0x0000000008003f2c       0x54 ./libopencm3//lib/libopencm3_stm32f1.a(rcc.o)
                0x0000000008003f2c                rcc_osc_on
 .text.rcc_set_sysclk_source
                0x0000000008003f80       0x14 ./libopencm3//lib/libopencm3_stm32f1.a(rcc.o)
                0x0000000008003f80                rcc_set_sysclk_source
 .text.rcc_set_pll_multiplication_factor
                0x0000000008003f94       0x14 ./libopencm3//lib/libopencm3_stm32f1.a(rcc.o)
                0x0000000008003f94                rcc_set_pll_multiplication_factor
 .text.rcc_set_pll_source
                0x0000000008003fa8       0x14 ./libopencm3//lib/libopencm3_stm32f1.a(rcc.o)
                0x0000000008003fa8                rcc_set_pll_source
 .text.rcc_set_pllxtpre
                0x0000000008003fbc       0x14 ./libopencm3//lib/libopencm3_stm32f1.a(rcc.o)
                0x0000000008003fbc                rcc_set_pllxtpre
 .text.rcc_set_adcpre
                0x0000000008003fd0       0x14 ./libopencm3//lib/libopencm3_stm32f1.a(rcc.o)
                0x0000000008003fd0                rcc_set_adcpre
 .text.rcc_set_ppre2
                0x0000000008003fe4       0x14 ./libopencm3//lib/libopencm3_stm32f1.a(rcc.o)
                0x0000000008003fe4                rcc_set_ppre2
 .text.rcc_set_ppre1
                0x0000000008003ff8       0x14 ./libopencm3//lib/libopencm3_stm32f1.a(rcc.o)
                0x0000000008003ff8                rcc_set_ppre1
 .text.rcc_set_hpre
                0x000000000800400c       0x14 ./libopencm3//lib/libopencm3_stm32f1.a(rcc.o)
                0x000000000800400c                rcc_set_hpre
 .text.rcc_clock_setup_in_hse_8mhz_out_72mhz
                0x0000000008004020       0x8c ./libopencm3//lib/libopencm3_stm32f1.a(rcc.o)
                0x0000000008004020                rcc_clock_setup_in_hse_8mhz_out_72mhz
 .text.gpio_set
                0x00000000080040ac        0x4 ./libopencm3//lib/libopencm3_stm32f1.a(gpio_common_all.o)
                0x00000000080040ac                gpio_set
 .text.gpio_clear
                0x00000000080040b0        0x6 ./libopencm3//lib/libopencm3_stm32f1.a(gpio_common_all.o)
                0x00000000080040b0                gpio_clear
 .text.gpio_toggle
                0x00000000080040b6       0x10 ./libopencm3//lib/libopencm3_stm32f1.a(gpio_common_all.o)
                0x00000000080040b6                gpio_toggle
 .text.timer_enable_irq
                0x00000000080040c6        0x8 ./libopencm3//lib/libopencm3_stm32f1.a(timer_common_all.o)
                0x00000000080040c6                timer_enable_irq
 .text.timer_clear_flag
                0x00000000080040ce        0x6 ./libopencm3//lib/libopencm3_stm32f1.a(timer_common_all.o)
                0x00000000080040ce                timer_clear_flag
 .text.timer_set_mode
                0x00000000080040d4       0x12 ./libopencm3//lib/libopencm3_stm32f1.a(timer_common_all.o)
                0x00000000080040d4                timer_set_mode
 .text.timer_disable_preload
                0x00000000080040e6        0xa ./libopencm3//lib/libopencm3_stm32f1.a(timer_common_all.o)
                0x00000000080040e6                timer_disable_preload
 .text.timer_continuous_mode
                0x00000000080040f0        0xa ./libopencm3//lib/libopencm3_stm32f1.a(timer_common_all.o)
                0x00000000080040f0                timer_continuous_mode
 .text.timer_enable_counter
                0x00000000080040fa        0xa ./libopencm3//lib/libopencm3_stm32f1.a(timer_common_all.o)
                0x00000000080040fa                timer_enable_counter
 .text.timer_set_prescaler
                0x0000000008004104        0x4 ./libopencm3//lib/libopencm3_stm32f1.a(timer_common_all.o)
                0x0000000008004104                timer_set_prescaler
 .text.timer_set_period
                0x0000000008004108        0x4 ./libopencm3//lib/libopencm3_stm32f1.a(timer_common_all.o)
                0x0000000008004108                timer_set_period
 .text.timer_enable_oc_preload
                0x000000000800410c       0x34 ./libopencm3//lib/libopencm3_stm32f1.a(timer_common_all.o)
                0x000000000800410c                timer_enable_oc_preload
 .text.timer_set_oc_value
                0x0000000008004140       0x20 ./libopencm3//lib/libopencm3_stm32f1.a(timer_common_all.o)
                0x0000000008004140                timer_set_oc_value
 .text.usart_set_baudrate
                0x0000000008004160       0x28 ./libopencm3//lib/libopencm3_stm32f1.a(usart_common_all.o)
                0x0000000008004160                usart_set_baudrate
 .text.usart_set_databits
                0x0000000008004188       0x12 ./libopencm3//lib/libopencm3_stm32f1.a(usart_common_all.o)
                0x0000000008004188                usart_set_databits
 .text.usart_set_stopbits
                0x000000000800419a        0xc ./libopencm3//lib/libopencm3_stm32f1.a(usart_common_all.o)
                0x000000000800419a                usart_set_stopbits
 .text.usart_set_parity
                0x00000000080041a6        0xc ./libopencm3//lib/libopencm3_stm32f1.a(usart_common_all.o)
                0x00000000080041a6                usart_set_parity
 .text.usart_set_mode
                0x00000000080041b2        0xc ./libopencm3//lib/libopencm3_stm32f1.a(usart_common_all.o)
                0x00000000080041b2                usart_set_mode
 .text.usart_set_flow_control
                0x00000000080041be        0xc ./libopencm3//lib/libopencm3_stm32f1.a(usart_common_all.o)
                0x00000000080041be                usart_set_flow_control
 .text.usart_enable
                0x00000000080041ca        0xa ./libopencm3//lib/libopencm3_stm32f1.a(usart_common_all.o)
                0x00000000080041ca                usart_enable
 .text.usart_send_blocking
                0x00000000080041d4       0x16 ./libopencm3//lib/libopencm3_stm32f1.a(usart_common_all.o)
                0x00000000080041d4                usart_send_blocking
 .text.usart_send
                0x00000000080041ea        0x8 ./libopencm3//lib/libopencm3_stm32f1.a(usart_common_f124.o)
                0x00000000080041ea                usart_send
 .text.usart_recv
                0x00000000080041f2        0x8 ./libopencm3//lib/libopencm3_stm32f1.a(usart_common_f124.o)
                0x00000000080041f2                usart_recv
 .text.usart_wait_send_ready
                0x00000000080041fa        0x8 ./libopencm3//lib/libopencm3_stm32f1.a(usart_common_f124.o)
                0x00000000080041fa                usart_wait_send_ready
 .text.rcc_periph_clock_enable
                0x0000000008004202       0x1a ./libopencm3//lib/libopencm3_stm32f1.a(rcc_common_all.o)
                0x0000000008004202                rcc_periph_clock_enable
 .text.rcc_periph_reset_pulse
                0x000000000800421c       0x22 ./libopencm3//lib/libopencm3_stm32f1.a(rcc_common_all.o)
                0x000000000800421c                rcc_periph_reset_pulse
 *fill*         0x000000000800423e        0x2 
 .text.flash_set_ws
                0x0000000008004240       0x14 ./libopencm3//lib/libopencm3_stm32f1.a(flash_common_f01.o)
                0x0000000008004240                flash_set_ws
 .text.blocking_handler
                0x0000000008004254        0x2 ./libopencm3//lib/libopencm3_stm32f1.a(vector.o)
                0x0000000008004254                usart3_isr
                0x0000000008004254                rtc_isr
                0x0000000008004254                tim7_isr
                0x0000000008004254                adc1_2_isr
                0x0000000008004254                tim1_trg_com_isr
                0x0000000008004254                tim6_isr
                0x0000000008004254                usb_wakeup_isr
                0x0000000008004254                blocking_handler
                0x0000000008004254                tim5_isr
                0x0000000008004254                otg_fs_isr
                0x0000000008004254                spi1_isr
                0x0000000008004254                dma1_channel6_isr
                0x0000000008004254                exti2_isr
                0x0000000008004254                can_rx1_isr
                0x0000000008004254                dma1_channel5_isr
                0x0000000008004254                dma2_channel5_isr
                0x0000000008004254                usart1_isr
                0x0000000008004254                usage_fault_handler
                0x0000000008004254                tim8_trg_com_isr
                0x0000000008004254                can2_rx0_isr
                0x0000000008004254                tim1_brk_isr
                0x0000000008004254                can2_rx1_isr
                0x0000000008004254                sdio_isr
                0x0000000008004254                eth_isr
                0x0000000008004254                dma1_channel4_isr
                0x0000000008004254                tim8_brk_isr
                0x0000000008004254                dma2_channel4_5_isr
                0x0000000008004254                pvd_isr
                0x0000000008004254                rcc_isr
                0x0000000008004254                flash_isr
                0x0000000008004254                uart4_isr
                0x0000000008004254                rtc_alarm_isr
                0x0000000008004254                exti15_10_isr
                0x0000000008004254                hard_fault_handler
                0x0000000008004254                exti1_isr
                0x0000000008004254                i2c1_ev_isr
                0x0000000008004254                dma2_channel1_isr
                0x0000000008004254                spi2_isr
                0x0000000008004254                tim8_up_isr
                0x0000000008004254                dma2_channel2_isr
                0x0000000008004254                adc3_isr
                0x0000000008004254                exti3_isr
                0x0000000008004254                tim3_isr
                0x0000000008004254                i2c2_er_isr
                0x0000000008004254                i2c2_ev_isr
                0x0000000008004254                uart5_isr
                0x0000000008004254                fsmc_isr
                0x0000000008004254                dma1_channel1_isr
                0x0000000008004254                exti4_isr
                0x0000000008004254                mem_manage_handler
                0x0000000008004254                can2_tx_isr
                0x0000000008004254                exti9_5_isr
                0x0000000008004254                dma2_channel3_isr
                0x0000000008004254                dma1_channel7_isr
                0x0000000008004254                can2_sce_isr
                0x0000000008004254                tim4_isr
                0x0000000008004254                dma1_channel2_isr
                0x0000000008004254                i2c1_er_isr
                0x0000000008004254                can_sce_isr
                0x0000000008004254                tim8_cc_isr
                0x0000000008004254                tamper_isr
                0x0000000008004254                eth_wkup_isr
                0x0000000008004254                bus_fault_handler
                0x0000000008004254                wwdg_isr
                0x0000000008004254                dma1_channel3_isr
                0x0000000008004254                spi3_isr
                0x0000000008004254                tim2_isr
                0x0000000008004254                exti0_isr
 .text.null_handler
                0x0000000008004256        0x2 ./libopencm3//lib/libopencm3_stm32f1.a(vector.o)
                0x0000000008004256                null_handler
                0x0000000008004256                sv_call_handler
                0x0000000008004256                pend_sv_handler
                0x0000000008004256                debug_monitor_handler
                0x0000000008004256                nmi_handler
 .text.reset_handler
                0x0000000008004258       0x90 ./libopencm3//lib/libopencm3_stm32f1.a(vector.o)
                0x0000000008004258                reset_handler
 .text.systick_set_reload
                0x00000000080042e8       0x10 ./libopencm3//lib/libopencm3_stm32f1.a(systick.o)
                0x00000000080042e8                systick_set_reload
 .text.systick_set_clocksource
                0x00000000080042f8       0x18 ./libopencm3//lib/libopencm3_stm32f1.a(systick.o)
                0x00000000080042f8                systick_set_clocksource
 .text.systick_interrupt_enable
                0x0000000008004310       0x10 ./libopencm3//lib/libopencm3_stm32f1.a(systick.o)
                0x0000000008004310                systick_interrupt_enable
 .text.systick_counter_enable
                0x0000000008004320       0x10 ./libopencm3//lib/libopencm3_stm32f1.a(systick.o)
                0x0000000008004320                systick_counter_enable
 .text.nvic_enable_irq
                0x0000000008004330       0x18 ./libopencm3//lib/libopencm3_stm32f1.a(nvic.o)
                0x0000000008004330                nvic_enable_irq
 .text.nvic_disable_irq
                0x0000000008004348       0x18 ./libopencm3//lib/libopencm3_stm32f1.a(nvic.o)
                0x0000000008004348                nvic_disable_irq
 .text.nvic_set_priority
                0x0000000008004360       0x20 ./libopencm3//lib/libopencm3_stm32f1.a(nvic.o)
                0x0000000008004360                nvic_set_priority
 .text          0x0000000008004380       0x10 /home/a-h/x-tools/arm-none-eabi/lib/gcc/arm-none-eabi/4.9.4/../../../../arm-none-eabi/lib/libc.a(lib_a-atoi.o)
                0x0000000008004380                atoi
                0x0000000008004388                _atoi_r
 .text          0x0000000008004390       0x10 /home/a-h/x-tools/arm-none-eabi/lib/gcc/arm-none-eabi/4.9.4/../../../../arm-none-eabi/lib/libc.a(lib_a-calloc.o)
                0x0000000008004390                calloc
 .text          0x00000000080043a0       0x5a /home/a-h/x-tools/arm-none-eabi/lib/gcc/arm-none-eabi/4.9.4/../../../../arm-none-eabi/lib/libc.a(lib_a-callocr.o)
                0x00000000080043a0                _calloc_r
 .text          0x00000000080043fa       0x32 /home/a-h/x-tools/arm-none-eabi/lib/gcc/arm-none-eabi/4.9.4/../../../../arm-none-eabi/lib/libc.a(lib_a-itoa.o)
                0x00000000080043fa                __itoa
                0x0000000008004428                itoa
 .text          0x000000000800442c       0x20 /home/a-h/x-tools/arm-none-eabi/lib/gcc/arm-none-eabi/4.9.4/../../../../arm-none-eabi/lib/libc.a(lib_a-malloc.o)
                0x000000000800442c                malloc
                0x000000000800443c                free
 .text          0x000000000800444c      0x430 /home/a-h/x-tools/arm-none-eabi/lib/gcc/arm-none-eabi/4.9.4/../../../../arm-none-eabi/lib/libc.a(lib_a-mallocr.o)
                0x000000000800444c                _malloc_r
 .text          0x000000000800487c       0x10 /home/a-h/x-tools/arm-none-eabi/lib/gcc/arm-none-eabi/4.9.4/../../../../arm-none-eabi/lib/libc.a(lib_a-memset.o)
                0x000000000800487c                memset
 .text          0x000000000800488c        0x4 /home/a-h/x-tools/arm-none-eabi/lib/gcc/arm-none-eabi/4.9.4/../../../../arm-none-eabi/lib/libc.a(lib_a-mlock.o)
                0x000000000800488c                __malloc_lock
                0x000000000800488e                __malloc_unlock
 .text          0x0000000008004890       0x20 /home/a-h/x-tools/arm-none-eabi/lib/gcc/arm-none-eabi/4.9.4/../../../../arm-none-eabi/lib/libc.a(lib_a-sbrkr.o)
                0x0000000008004890                _sbrk_r
 .text          0x00000000080048b0       0x1e /home/a-h/x-tools/arm-none-eabi/lib/gcc/arm-none-eabi/4.9.4/../../../../arm-none-eabi/lib/libc.a(lib_a-strcat.o)
                0x00000000080048b0                strcat
 .text          0x00000000080048ce       0x10 /home/a-h/x-tools/arm-none-eabi/lib/gcc/arm-none-eabi/4.9.4/../../../../arm-none-eabi/lib/libc.a(lib_a-strlen.o)
                0x00000000080048ce                strlen
 .text          0x00000000080048de       0x32 /home/a-h/x-tools/arm-none-eabi/lib/gcc/arm-none-eabi/4.9.4/../../../../arm-none-eabi/lib/libc.a(lib_a-strncmp.o)
                0x00000000080048de                strncmp
 .text          0x0000000008004910      0x120 /home/a-h/x-tools/arm-none-eabi/lib/gcc/arm-none-eabi/4.9.4/../../../../arm-none-eabi/lib/libc.a(lib_a-strtol.o)
                0x0000000008004910                _strtol_r
                0x0000000008004a1c                strtol
 .text          0x0000000008004a30       0x7c /home/a-h/x-tools/arm-none-eabi/lib/gcc/arm-none-eabi/4.9.4/../../../../arm-none-eabi/lib/libc.a(lib_a-utoa.o)
                0x0000000008004a30                __utoa
                0x0000000008004aa8                utoa
 .text          0x0000000008004aac      0x210 /home/a-h/x-tools/arm-none-eabi/lib/gcc/arm-none-eabi/4.9.4/../../../../arm-none-eabi/lib/libc.a(lib_a-freer.o)
                0x0000000008004aac                _malloc_trim_r
                0x0000000008004b48                _free_r
 .text          0x0000000008004cbc      0x370 /home/a-h/x-tools/arm-none-eabi/lib/gcc/arm-none-eabi/4.9.4/libgcc.a(_arm_addsubdf3.o)
                0x0000000008004cbc                __aeabi_drsub
                0x0000000008004cc4                __aeabi_dsub
                0x0000000008004cc4                __subdf3
                0x0000000008004cc8                __adddf3
                0x0000000008004cc8                __aeabi_dadd
                0x0000000008004f40                __aeabi_ui2d
                0x0000000008004f40                __floatunsidf
                0x0000000008004f60                __floatsidf
                0x0000000008004f60                __aeabi_i2d
                0x0000000008004f84                __extendsfdf2
                0x0000000008004f84                __aeabi_f2d
                0x0000000008004fc0                __aeabi_ul2d
                0x0000000008004fc0                __floatundidf
                0x0000000008004fd0                __floatdidf
                0x0000000008004fd0                __aeabi_l2d
 .text          0x000000000800502c      0x21c /home/a-h/x-tools/arm-none-eabi/lib/gcc/arm-none-eabi/4.9.4/libgcc.a(_arm_addsubsf3.o)
                0x000000000800502c                __aeabi_frsub
                0x0000000008005034                __subsf3
                0x0000000008005034                __aeabi_fsub
                0x0000000008005038                __aeabi_fadd
                0x0000000008005038                __addsf3
                0x0000000008005198                __aeabi_ui2f
                0x0000000008005198                __floatunsisf
                0x00000000080051a0                __aeabi_i2f
                0x00000000080051a0                __floatsisf
                0x00000000080051bc                __floatundisf
                0x00000000080051bc                __aeabi_ul2f
                0x00000000080051cc                __floatdisf
                0x00000000080051cc                __aeabi_l2f
 .text          0x0000000008005248      0x2a0 /home/a-h/x-tools/arm-none-eabi/lib/gcc/arm-none-eabi/4.9.4/libgcc.a(_arm_muldivsf3.o)
                0x0000000008005248                __mulsf3
                0x0000000008005248                __aeabi_fmul
                0x00000000080053b0                __divsf3
                0x00000000080053b0                __aeabi_fdiv
 .text          0x00000000080054e8       0xec /home/a-h/x-tools/arm-none-eabi/lib/gcc/arm-none-eabi/4.9.4/libgcc.a(_arm_cmpsf2.o)
                0x00000000080054e8                __gtsf2
                0x00000000080054e8                __gesf2
                0x00000000080054f0                __lesf2
                0x00000000080054f0                __ltsf2
                0x00000000080054f8                __nesf2
                0x00000000080054f8                __eqsf2
                0x00000000080054f8                __cmpsf2
                0x0000000008005558                __aeabi_cfrcmple
                0x0000000008005560                __aeabi_cfcmple
                0x0000000008005560                __aeabi_cfcmpeq
                0x0000000008005570                __aeabi_fcmpeq
                0x0000000008005584                __aeabi_fcmplt
                0x0000000008005598                __aeabi_fcmple
                0x00000000080055ac                __aeabi_fcmpge
                0x00000000080055c0                __aeabi_fcmpgt
 .text          0x00000000080055d4       0x4c /home/a-h/x-tools/arm-none-eabi/lib/gcc/arm-none-eabi/4.9.4/libgcc.a(_arm_fixsfsi.o)
                0x00000000080055d4                __fixsfsi
                0x00000000080055d4                __aeabi_f2iz
 .text          0x0000000008005620       0x1c /home/a-h/x-tools/arm-none-eabi/lib/gcc/arm-none-eabi/4.9.4/../../../../arm-none-eabi/lib/libnosys.a(sbrk.o)
                0x0000000008005620                _sbrk
                0x000000000800563c                . = ALIGN (0x4)
 *(.rodata*)
 .rodata.str1.1
                0x000000000800563c       0x40 stack/CO_driver.o
 .rodata.crc16_ccitt_table
                0x000000000800567c      0x200 stack/crc16-ccitt.o
 .rodata.OD_record2120
                0x000000000800587c       0x30 sources/CO_OD.o
                0x000000000800587c                OD_record2120
 .rodata.OD_record1200
                0x00000000080058ac       0x18 sources/CO_OD.o
                0x00000000080058ac                OD_record1200
 .rodata.OD_record1400
                0x00000000080058c4       0x18 sources/CO_OD.o
                0x00000000080058c4                OD_record1400
 .rodata.OD_record1A01
                0x00000000080058dc       0x48 sources/CO_OD.o
                0x00000000080058dc                OD_record1A01
 .rodata.OD_record1402
                0x0000000008005924       0x18 sources/CO_OD.o
                0x0000000008005924                OD_record1402
 .rodata.OD_record1602
                0x000000000800593c       0x48 sources/CO_OD.o
                0x000000000800593c                OD_record1602
 .rodata.OD_record1401
                0x0000000008005984       0x18 sources/CO_OD.o
                0x0000000008005984                OD_record1401
 .rodata.OD_record1018
                0x000000000800599c       0x28 sources/CO_OD.o
                0x000000000800599c                OD_record1018
 .rodata.OD_record1800
                0x00000000080059c4       0x38 sources/CO_OD.o
                0x00000000080059c4                OD_record1800
 .rodata.OD_record1801
                0x00000000080059fc       0x38 sources/CO_OD.o
                0x00000000080059fc                OD_record1801
 .rodata.OD_record1802
                0x0000000008005a34       0x38 sources/CO_OD.o
                0x0000000008005a34                OD_record1802
 .rodata.OD_record1803
                0x0000000008005a6c       0x38 sources/CO_OD.o
                0x0000000008005a6c                OD_record1803
 .rodata.OD_record1403
                0x0000000008005aa4       0x18 sources/CO_OD.o
                0x0000000008005aa4                OD_record1403
 .rodata.OD_record1A00
                0x0000000008005abc       0x48 sources/CO_OD.o
                0x0000000008005abc                OD_record1A00
 .rodata.CO_OD  0x0000000008005b04      0x288 sources/CO_OD.o
                0x0000000008005b04                CO_OD
 .rodata.OD_record1A02
                0x0000000008005d8c       0x48 sources/CO_OD.o
                0x0000000008005d8c                OD_record1A02
 .rodata.OD_record1A03
                0x0000000008005dd4       0x48 sources/CO_OD.o
                0x0000000008005dd4                OD_record1A03
 .rodata.OD_record1600
                0x0000000008005e1c       0x48 sources/CO_OD.o
                0x0000000008005e1c                OD_record1600
 .rodata.OD_record1601
                0x0000000008005e64       0x48 sources/CO_OD.o
                0x0000000008005e64                OD_record1601
 .rodata.OD_record1603
                0x0000000008005eac       0x48 sources/CO_OD.o
                0x0000000008005eac                OD_record1603
 .rodata.str1.1
                0x0000000008005ef4       0x5a sources/usart.o
                                         0x5c (size before relaxing)
 .rodata        0x0000000008005f4e        0x8 mainbms.o
 .rodata.str1.1
                0x0000000008005f56       0x7e mainbms.o
 .rodata        0x0000000008005fd4        0x8 ./libopencm3//lib/libopencm3_stm32f1.a(can.o)
 .rodata.str1.1
                0x0000000008005fdc       0x7e /home/a-h/x-tools/arm-none-eabi/lib/gcc/arm-none-eabi/4.9.4/../../../../arm-none-eabi/lib/libc.a(lib_a-impure.o)
                                          0x2 (size before relaxing)
 .rodata.str1.1
                0x0000000008005fdc       0x25 /home/a-h/x-tools/arm-none-eabi/lib/gcc/arm-none-eabi/4.9.4/../../../../arm-none-eabi/lib/libc.a(lib_a-utoa.o)
 .rodata        0x0000000008006001      0x101 /home/a-h/x-tools/arm-none-eabi/lib/gcc/arm-none-eabi/4.9.4/../../../../arm-none-eabi/lib/libc.a(lib_a-ctype_.o)
                0x0000000008006001                _ctype_
                0x0000000008006104                . = ALIGN (0x4)
 *fill*         0x0000000008006102        0x2 

.glue_7         0x0000000008006104        0x0
 .glue_7        0x0000000008006104        0x0 linker stubs

.glue_7t        0x0000000008006104        0x0
 .glue_7t       0x0000000008006104        0x0 linker stubs

.vfp11_veneer   0x0000000008006104        0x0
 .vfp11_veneer  0x0000000008006104        0x0 linker stubs

.v4_bx          0x0000000008006104        0x0
 .v4_bx         0x0000000008006104        0x0 linker stubs

.iplt           0x0000000008006104        0x0
 .iplt          0x0000000008006104        0x0 stack/CO_driver.o

.rel.dyn        0x0000000008006104        0x0
 .rel.iplt      0x0000000008006104        0x0 stack/CO_driver.o

.preinit_array  0x0000000008006104        0x0
                0x0000000008006104                . = ALIGN (0x4)
                0x0000000008006104                __preinit_array_start = .
 *(.preinit_array)
                0x0000000008006104                __preinit_array_end = .

.init_array     0x0000000008006104        0x0
                0x0000000008006104                . = ALIGN (0x4)
                0x0000000008006104                __init_array_start = .
 *(SORT(.init_array.*))
 *(.init_array)
                0x0000000008006104                __init_array_end = .

.fini_array     0x0000000008006104        0x0
                0x0000000008006104                . = ALIGN (0x4)
                0x0000000008006104                __fini_array_start = .
 *(.fini_array)
 *(SORT(.fini_array.*))
                0x0000000008006104                __fini_array_end = .

.ARM.extab
 *(.ARM.extab*)

.ARM.exidx      0x0000000008006104        0x0
                0x0000000008006104                __exidx_start = .
 *(.ARM.exidx*)
                0x0000000008006104                __exidx_end = .
                0x0000000008006104                . = ALIGN (0x4)
                0x0000000008006104                _etext = .

.data           0x0000000020000000      0xc6c load address 0x0000000008006104
                0x0000000020000000                _data = .
 *(.data*)
 .data.CO_OD_ROM
                0x0000000020000000      0x258 sources/CO_OD.o
                0x0000000020000000                CO_OD_ROM
 .data.CO_OD_RAM
                0x0000000020000258      0x100 sources/CO_OD.o
                0x0000000020000258                CO_OD_RAM
 .data.CO_OD_EEPROM
                0x0000000020000358       0x4c sources/CO_OD.o
                0x0000000020000358                CO_OD_EEPROM
 .data.help_msg
                0x00000000200003a4       0x6a sources/usart.o
 .data.testdata
                0x000000002000040e        0x8 sources/usart.o
                0x000000002000040e                testdata
 .data.upcount  0x0000000020000416        0x1 mainbms.o
                0x0000000020000416                upcount
 *fill*         0x0000000020000417        0x1 
 .data.compare_time
                0x0000000020000418        0x2 mainbms.o
                0x0000000020000418                compare_time
 *fill*         0x000000002000041a        0x2 
 .data.rcc_ahb_frequency
                0x000000002000041c        0x4 ./libopencm3//lib/libopencm3_stm32f1.a(rcc.o)
                0x000000002000041c                rcc_ahb_frequency
 .data.rcc_apb1_frequency
                0x0000000020000420        0x4 ./libopencm3//lib/libopencm3_stm32f1.a(rcc.o)
                0x0000000020000420                rcc_apb1_frequency
 .data.rcc_apb2_frequency
                0x0000000020000424        0x4 ./libopencm3//lib/libopencm3_stm32f1.a(rcc.o)
                0x0000000020000424                rcc_apb2_frequency
 .data          0x0000000020000428      0x430 /home/a-h/x-tools/arm-none-eabi/lib/gcc/arm-none-eabi/4.9.4/../../../../arm-none-eabi/lib/libc.a(lib_a-impure.o)
                0x0000000020000428                _impure_ptr
 .data          0x0000000020000858      0x410 /home/a-h/x-tools/arm-none-eabi/lib/gcc/arm-none-eabi/4.9.4/../../../../arm-none-eabi/lib/libc.a(lib_a-mallocr.o)
                0x0000000020000858                __malloc_av_
                0x0000000020000c60                __malloc_sbrk_base
                0x0000000020000c64                __malloc_trim_threshold
 .data          0x0000000020000c68        0x4 /home/a-h/x-tools/arm-none-eabi/lib/gcc/arm-none-eabi/4.9.4/../../../../arm-none-eabi/lib/libc.a(lib_a-ctype_.o)
                0x0000000020000c68                __ctype_ptr__
                0x0000000020000c6c                . = ALIGN (0x4)
                0x0000000020000c6c                _edata = .
                0x0000000008006104                _data_loadaddr = LOADADDR (.data)

.igot.plt       0x0000000020000c6c        0x0 load address 0x0000000008006d70
 .igot.plt      0x0000000020000c6c        0x0 stack/CO_driver.o

.bss            0x0000000020000c6c      0x118 load address 0x0000000008006d70
 *(.bss*)
 .bss.dummyTX.4988
                0x0000000020000c6c        0x4 stack/CO_PDO.o
 .bss.dummyRX.4989
                0x0000000020000c70        0x4 stack/CO_PDO.o
 .bss.ms50.5293
                0x0000000020000c74        0x2 ./CANopen.o
 *fill*         0x0000000020000c76        0x2 
 .bss.CO_HBcons_monitoredNodes
                0x0000000020000c78        0x4 ./CANopen.o
 .bss.CO        0x0000000020000c7c        0x4 ./CANopen.o
                0x0000000020000c7c                CO
 .bss.CO_SDO_ODExtensions
                0x0000000020000c80        0x4 ./CANopen.o
 .bss.CO_CANmodule_txArray0
                0x0000000020000c84        0x4 ./CANopen.o
 .bss.CO_CANmodule_rxArray0
                0x0000000020000c88        0x4 ./CANopen.o
 .bss.CO_memoryUsed
                0x0000000020000c8c        0x4 ./CANopen.o
 .bss.COO       0x0000000020000c90       0x3c ./CANopen.o
 .bss.usart1    0x0000000020000ccc       0x10 sources/usart.o
                0x0000000020000ccc                usart1
 .bss.usart2    0x0000000020000cdc       0x10 sources/usart.o
                0x0000000020000cdc                usart2
 .bss.resiever2
                0x0000000020000cec       0x32 sources/usart.o
 .bss.rec_len2  0x0000000020000d1e        0x1 sources/usart.o
 .bss.channel_array1
                0x0000000020000d1f       0x10 sources/adc.o
                0x0000000020000d1f                channel_array1
 .bss.channel_array2
                0x0000000020000d2f       0x10 sources/adc.o
                0x0000000020000d2f                channel_array2
 *fill*         0x0000000020000d3f        0x1 
 .bss.txbuff    0x0000000020000d40        0x4 mainbms.o
                0x0000000020000d40                txbuff
 .bss.fpointer  0x0000000020000d44        0x4 mainbms.o
                0x0000000020000d44                fpointer
 .bss           0x0000000020000d48       0x34 /home/a-h/x-tools/arm-none-eabi/lib/gcc/arm-none-eabi/4.9.4/../../../../arm-none-eabi/lib/libc.a(lib_a-mallocr.o)
                0x0000000020000d48                __malloc_top_pad
                0x0000000020000d4c                __malloc_current_mallinfo
                0x0000000020000d74                __malloc_max_sbrked_mem
                0x0000000020000d78                __malloc_max_total_mem
 .bss           0x0000000020000d7c        0x4 /home/a-h/x-tools/arm-none-eabi/lib/gcc/arm-none-eabi/4.9.4/../../../../arm-none-eabi/lib/libnosys.a(sbrk.o)
 *(COMMON)
 COMMON         0x0000000020000d80        0x4 /home/a-h/x-tools/arm-none-eabi/lib/gcc/arm-none-eabi/4.9.4/../../../../arm-none-eabi/lib/libc.a(lib_a-reent.o)
                0x0000000020000d80                errno
                0x0000000020000d84                . = ALIGN (0x4)
                0x0000000020000d84                _ebss = .

/DISCARD/
 *(.eh_frame)
                0x0000000020000d84                . = ALIGN (0x4)
                0x0000000020000d84                end = .
                0x0000000020005000                PROVIDE (_stack, (ORIGIN (ram) + LENGTH (ram)))
OUTPUT(mainbms.elf elf32-littlearm)

.debug_info     0x0000000000000000    0x1d2b3
 .debug_info    0x0000000000000000     0x133b stack/CO_driver.o
 .debug_info    0x000000000000133b       0xdc stack/crc16-ccitt.o
 .debug_info    0x0000000000001417     0x1973 stack/CO_SDO.o
 .debug_info    0x0000000000002d8a     0x1159 stack/CO_Emergency.o
 .debug_info    0x0000000000003ee3      0xad3 stack/CO_NMT_Heartbeat.o
 .debug_info    0x00000000000049b6     0x1090 stack/CO_SYNC.o
 .debug_info    0x0000000000005a46     0x1c78 stack/CO_PDO.o
 .debug_info    0x00000000000076be      0xf52 stack/CO_HBconsumer.o
 .debug_info    0x0000000000008610     0x2530 ./CANopen.o
 .debug_info    0x000000000000ab40      0xacd sources/CO_OD.o
 .debug_info    0x000000000000b60d      0x55e sources/gpio.o
 .debug_info    0x000000000000bb6b      0x27f sources/rcc.o
 .debug_info    0x000000000000bdea     0x2156 sources/usart.o
 .debug_info    0x000000000000df40      0x685 sources/adc.o
 .debug_info    0x000000000000e5c5      0x5ce sources/bq76pl455.o
 .debug_info    0x000000000000eb93      0x756 sources/timers.o
 .debug_info    0x000000000000f2e9     0x165f mainbms.o
 .debug_info    0x0000000000010948      0x387 ./libopencm3//lib/libopencm3_stm32f1.a(adc.o)
 .debug_info    0x0000000000010ccf      0x7b4 ./libopencm3//lib/libopencm3_stm32f1.a(adc_common_v1.o)
 .debug_info    0x0000000000011483      0xa27 ./libopencm3//lib/libopencm3_stm32f1.a(can.o)
 .debug_info    0x0000000000011eaa      0x1df ./libopencm3//lib/libopencm3_stm32f1.a(gpio.o)
 .debug_info    0x0000000000012089     0x10fd ./libopencm3//lib/libopencm3_stm32f1.a(rcc.o)
 .debug_info    0x0000000000013186      0x22c ./libopencm3//lib/libopencm3_stm32f1.a(gpio_common_all.o)
 .debug_info    0x00000000000133b2     0x117e ./libopencm3//lib/libopencm3_stm32f1.a(timer_common_all.o)
 .debug_info    0x0000000000014530      0x4cf ./libopencm3//lib/libopencm3_stm32f1.a(usart_common_all.o)
 .debug_info    0x00000000000149ff      0x17a ./libopencm3//lib/libopencm3_stm32f1.a(usart_common_f124.o)
 .debug_info    0x0000000000014b79      0x5b8 ./libopencm3//lib/libopencm3_stm32f1.a(rcc_common_all.o)
 .debug_info    0x0000000000015131      0x27f ./libopencm3//lib/libopencm3_stm32f1.a(flash_common_f01.o)
 .debug_info    0x00000000000153b0      0x2a4 ./libopencm3//lib/libopencm3_stm32f1.a(vector.o)
 .debug_info    0x0000000000015654      0x255 ./libopencm3//lib/libopencm3_stm32f1.a(systick.o)
 .debug_info    0x00000000000158a9      0x214 ./libopencm3//lib/libopencm3_stm32f1.a(nvic.o)
 .debug_info    0x0000000000015abd      0x93d /home/a-h/x-tools/arm-none-eabi/lib/gcc/arm-none-eabi/4.9.4/../../../../arm-none-eabi/lib/libc.a(lib_a-atoi.o)
 .debug_info    0x00000000000163fa      0x8de /home/a-h/x-tools/arm-none-eabi/lib/gcc/arm-none-eabi/4.9.4/../../../../arm-none-eabi/lib/libc.a(lib_a-calloc.o)
 .debug_info    0x0000000000016cd8      0x9e8 /home/a-h/x-tools/arm-none-eabi/lib/gcc/arm-none-eabi/4.9.4/../../../../arm-none-eabi/lib/libc.a(lib_a-callocr.o)
 .debug_info    0x00000000000176c0      0x890 /home/a-h/x-tools/arm-none-eabi/lib/gcc/arm-none-eabi/4.9.4/../../../../arm-none-eabi/lib/libc.a(lib_a-impure.o)
 .debug_info    0x0000000000017f50      0x169 /home/a-h/x-tools/arm-none-eabi/lib/gcc/arm-none-eabi/4.9.4/../../../../arm-none-eabi/lib/libc.a(lib_a-itoa.o)
 .debug_info    0x00000000000180b9      0x911 /home/a-h/x-tools/arm-none-eabi/lib/gcc/arm-none-eabi/4.9.4/../../../../arm-none-eabi/lib/libc.a(lib_a-malloc.o)
 .debug_info    0x00000000000189ca      0xd21 /home/a-h/x-tools/arm-none-eabi/lib/gcc/arm-none-eabi/4.9.4/../../../../arm-none-eabi/lib/libc.a(lib_a-mallocr.o)
 .debug_info    0x00000000000196eb       0xcf /home/a-h/x-tools/arm-none-eabi/lib/gcc/arm-none-eabi/4.9.4/../../../../arm-none-eabi/lib/libc.a(lib_a-memset.o)
 .debug_info    0x00000000000197ba      0x8b0 /home/a-h/x-tools/arm-none-eabi/lib/gcc/arm-none-eabi/4.9.4/../../../../arm-none-eabi/lib/libc.a(lib_a-mlock.o)
 .debug_info    0x000000000001a06a      0x8f0 /home/a-h/x-tools/arm-none-eabi/lib/gcc/arm-none-eabi/4.9.4/../../../../arm-none-eabi/lib/libc.a(lib_a-sbrkr.o)
 .debug_info    0x000000000001a95a       0xc4 /home/a-h/x-tools/arm-none-eabi/lib/gcc/arm-none-eabi/4.9.4/../../../../arm-none-eabi/lib/libc.a(lib_a-strcat.o)
 .debug_info    0x000000000001aa1e       0xc9 /home/a-h/x-tools/arm-none-eabi/lib/gcc/arm-none-eabi/4.9.4/../../../../arm-none-eabi/lib/libc.a(lib_a-strlen.o)
 .debug_info    0x000000000001aae7       0xcb /home/a-h/x-tools/arm-none-eabi/lib/gcc/arm-none-eabi/4.9.4/../../../../arm-none-eabi/lib/libc.a(lib_a-strncmp.o)
 .debug_info    0x000000000001abb2      0x9a3 /home/a-h/x-tools/arm-none-eabi/lib/gcc/arm-none-eabi/4.9.4/../../../../arm-none-eabi/lib/libc.a(lib_a-strtol.o)
 .debug_info    0x000000000001b555      0x17e /home/a-h/x-tools/arm-none-eabi/lib/gcc/arm-none-eabi/4.9.4/../../../../arm-none-eabi/lib/libc.a(lib_a-utoa.o)
 .debug_info    0x000000000001b6d3       0x6b /home/a-h/x-tools/arm-none-eabi/lib/gcc/arm-none-eabi/4.9.4/../../../../arm-none-eabi/lib/libc.a(lib_a-ctype_.o)
 .debug_info    0x000000000001b73e      0xc07 /home/a-h/x-tools/arm-none-eabi/lib/gcc/arm-none-eabi/4.9.4/../../../../arm-none-eabi/lib/libc.a(lib_a-freer.o)
 .debug_info    0x000000000001c345      0x9f7 /home/a-h/x-tools/arm-none-eabi/lib/gcc/arm-none-eabi/4.9.4/../../../../arm-none-eabi/lib/libc.a(lib_a-reent.o)
 .debug_info    0x000000000001cd3c       0xfa /home/a-h/x-tools/arm-none-eabi/lib/gcc/arm-none-eabi/4.9.4/libgcc.a(_arm_addsubdf3.o)
 .debug_info    0x000000000001ce36       0xfa /home/a-h/x-tools/arm-none-eabi/lib/gcc/arm-none-eabi/4.9.4/libgcc.a(_arm_addsubsf3.o)
 .debug_info    0x000000000001cf30       0xfa /home/a-h/x-tools/arm-none-eabi/lib/gcc/arm-none-eabi/4.9.4/libgcc.a(_arm_muldivsf3.o)
 .debug_info    0x000000000001d02a       0xfa /home/a-h/x-tools/arm-none-eabi/lib/gcc/arm-none-eabi/4.9.4/libgcc.a(_arm_cmpsf2.o)
 .debug_info    0x000000000001d124       0xfa /home/a-h/x-tools/arm-none-eabi/lib/gcc/arm-none-eabi/4.9.4/libgcc.a(_arm_fixsfsi.o)
 .debug_info    0x000000000001d21e       0x95 /home/a-h/x-tools/arm-none-eabi/lib/gcc/arm-none-eabi/4.9.4/../../../../arm-none-eabi/lib/libnosys.a(sbrk.o)

.debug_abbrev   0x0000000000000000     0x532f
 .debug_abbrev  0x0000000000000000      0x3f2 stack/CO_driver.o
 .debug_abbrev  0x00000000000003f2       0xa0 stack/crc16-ccitt.o
 .debug_abbrev  0x0000000000000492      0x40b stack/CO_SDO.o
 .debug_abbrev  0x000000000000089d      0x2e8 stack/CO_Emergency.o
 .debug_abbrev  0x0000000000000b85      0x2ba stack/CO_NMT_Heartbeat.o
 .debug_abbrev  0x0000000000000e3f      0x2dd stack/CO_SYNC.o
 .debug_abbrev  0x000000000000111c      0x344 stack/CO_PDO.o
 .debug_abbrev  0x0000000000001460      0x2da stack/CO_HBconsumer.o
 .debug_abbrev  0x000000000000173a      0x2d7 ./CANopen.o
 .debug_abbrev  0x0000000000001a11       0xf6 sources/CO_OD.o
 .debug_abbrev  0x0000000000001b07      0x104 sources/gpio.o
 .debug_abbrev  0x0000000000001c0b       0xb7 sources/rcc.o
 .debug_abbrev  0x0000000000001cc2      0x3ad sources/usart.o
 .debug_abbrev  0x000000000000206f      0x15b sources/adc.o
 .debug_abbrev  0x00000000000021ca      0x1d0 sources/bq76pl455.o
 .debug_abbrev  0x000000000000239a       0xdf sources/timers.o
 .debug_abbrev  0x0000000000002479      0x2a4 mainbms.o
 .debug_abbrev  0x000000000000271d      0x165 ./libopencm3//lib/libopencm3_stm32f1.a(adc.o)
 .debug_abbrev  0x0000000000002882      0x149 ./libopencm3//lib/libopencm3_stm32f1.a(adc_common_v1.o)
 .debug_abbrev  0x00000000000029cb      0x24c ./libopencm3//lib/libopencm3_stm32f1.a(can.o)
 .debug_abbrev  0x0000000000002c17       0xb7 ./libopencm3//lib/libopencm3_stm32f1.a(gpio.o)
 .debug_abbrev  0x0000000000002cce      0x291 ./libopencm3//lib/libopencm3_stm32f1.a(rcc.o)
 .debug_abbrev  0x0000000000002f5f      0x10e ./libopencm3//lib/libopencm3_stm32f1.a(gpio_common_all.o)
 .debug_abbrev  0x000000000000306d      0x15c ./libopencm3//lib/libopencm3_stm32f1.a(timer_common_all.o)
 .debug_abbrev  0x00000000000031c9      0x12b ./libopencm3//lib/libopencm3_stm32f1.a(usart_common_all.o)
 .debug_abbrev  0x00000000000032f4       0x8e ./libopencm3//lib/libopencm3_stm32f1.a(usart_common_f124.o)
 .debug_abbrev  0x0000000000003382       0xc1 ./libopencm3//lib/libopencm3_stm32f1.a(rcc_common_all.o)
 .debug_abbrev  0x0000000000003443       0xe7 ./libopencm3//lib/libopencm3_stm32f1.a(flash_common_f01.o)
 .debug_abbrev  0x000000000000352a      0x12b ./libopencm3//lib/libopencm3_stm32f1.a(vector.o)
 .debug_abbrev  0x0000000000003655      0x132 ./libopencm3//lib/libopencm3_stm32f1.a(systick.o)
 .debug_abbrev  0x0000000000003787       0xa6 ./libopencm3//lib/libopencm3_stm32f1.a(nvic.o)
 .debug_abbrev  0x000000000000382d      0x1cf /home/a-h/x-tools/arm-none-eabi/lib/gcc/arm-none-eabi/4.9.4/../../../../arm-none-eabi/lib/libc.a(lib_a-atoi.o)
 .debug_abbrev  0x00000000000039fc      0x1da /home/a-h/x-tools/arm-none-eabi/lib/gcc/arm-none-eabi/4.9.4/../../../../arm-none-eabi/lib/libc.a(lib_a-calloc.o)
 .debug_abbrev  0x0000000000003bd6      0x215 /home/a-h/x-tools/arm-none-eabi/lib/gcc/arm-none-eabi/4.9.4/../../../../arm-none-eabi/lib/libc.a(lib_a-callocr.o)
 .debug_abbrev  0x0000000000003deb      0x17e /home/a-h/x-tools/arm-none-eabi/lib/gcc/arm-none-eabi/4.9.4/../../../../arm-none-eabi/lib/libc.a(lib_a-impure.o)
 .debug_abbrev  0x0000000000003f69       0xc8 /home/a-h/x-tools/arm-none-eabi/lib/gcc/arm-none-eabi/4.9.4/../../../../arm-none-eabi/lib/libc.a(lib_a-itoa.o)
 .debug_abbrev  0x0000000000004031      0x1f8 /home/a-h/x-tools/arm-none-eabi/lib/gcc/arm-none-eabi/4.9.4/../../../../arm-none-eabi/lib/libc.a(lib_a-malloc.o)
 .debug_abbrev  0x0000000000004229      0x2a4 /home/a-h/x-tools/arm-none-eabi/lib/gcc/arm-none-eabi/4.9.4/../../../../arm-none-eabi/lib/libc.a(lib_a-mallocr.o)
 .debug_abbrev  0x00000000000044cd       0x8c /home/a-h/x-tools/arm-none-eabi/lib/gcc/arm-none-eabi/4.9.4/../../../../arm-none-eabi/lib/libc.a(lib_a-memset.o)
 .debug_abbrev  0x0000000000004559      0x198 /home/a-h/x-tools/arm-none-eabi/lib/gcc/arm-none-eabi/4.9.4/../../../../arm-none-eabi/lib/libc.a(lib_a-mlock.o)
 .debug_abbrev  0x00000000000046f1      0x1fb /home/a-h/x-tools/arm-none-eabi/lib/gcc/arm-none-eabi/4.9.4/../../../../arm-none-eabi/lib/libc.a(lib_a-sbrkr.o)
 .debug_abbrev  0x00000000000048ec       0x70 /home/a-h/x-tools/arm-none-eabi/lib/gcc/arm-none-eabi/4.9.4/../../../../arm-none-eabi/lib/libc.a(lib_a-strcat.o)
 .debug_abbrev  0x000000000000495c       0x8a /home/a-h/x-tools/arm-none-eabi/lib/gcc/arm-none-eabi/4.9.4/../../../../arm-none-eabi/lib/libc.a(lib_a-strlen.o)
 .debug_abbrev  0x00000000000049e6       0x6e /home/a-h/x-tools/arm-none-eabi/lib/gcc/arm-none-eabi/4.9.4/../../../../arm-none-eabi/lib/libc.a(lib_a-strncmp.o)
 .debug_abbrev  0x0000000000004a54      0x205 /home/a-h/x-tools/arm-none-eabi/lib/gcc/arm-none-eabi/4.9.4/../../../../arm-none-eabi/lib/libc.a(lib_a-strtol.o)
 .debug_abbrev  0x0000000000004c59       0xe5 /home/a-h/x-tools/arm-none-eabi/lib/gcc/arm-none-eabi/4.9.4/../../../../arm-none-eabi/lib/libc.a(lib_a-utoa.o)
 .debug_abbrev  0x0000000000004d3e       0x4c /home/a-h/x-tools/arm-none-eabi/lib/gcc/arm-none-eabi/4.9.4/../../../../arm-none-eabi/lib/libc.a(lib_a-ctype_.o)
 .debug_abbrev  0x0000000000004d8a      0x266 /home/a-h/x-tools/arm-none-eabi/lib/gcc/arm-none-eabi/4.9.4/../../../../arm-none-eabi/lib/libc.a(lib_a-freer.o)
 .debug_abbrev  0x0000000000004ff0      0x25a /home/a-h/x-tools/arm-none-eabi/lib/gcc/arm-none-eabi/4.9.4/../../../../arm-none-eabi/lib/libc.a(lib_a-reent.o)
 .debug_abbrev  0x000000000000524a       0x14 /home/a-h/x-tools/arm-none-eabi/lib/gcc/arm-none-eabi/4.9.4/libgcc.a(_arm_addsubdf3.o)
 .debug_abbrev  0x000000000000525e       0x14 /home/a-h/x-tools/arm-none-eabi/lib/gcc/arm-none-eabi/4.9.4/libgcc.a(_arm_addsubsf3.o)
 .debug_abbrev  0x0000000000005272       0x14 /home/a-h/x-tools/arm-none-eabi/lib/gcc/arm-none-eabi/4.9.4/libgcc.a(_arm_muldivsf3.o)
 .debug_abbrev  0x0000000000005286       0x14 /home/a-h/x-tools/arm-none-eabi/lib/gcc/arm-none-eabi/4.9.4/libgcc.a(_arm_cmpsf2.o)
 .debug_abbrev  0x000000000000529a       0x14 /home/a-h/x-tools/arm-none-eabi/lib/gcc/arm-none-eabi/4.9.4/libgcc.a(_arm_fixsfsi.o)
 .debug_abbrev  0x00000000000052ae       0x81 /home/a-h/x-tools/arm-none-eabi/lib/gcc/arm-none-eabi/4.9.4/../../../../arm-none-eabi/lib/libnosys.a(sbrk.o)

.debug_loc      0x0000000000000000     0x9657
 .debug_loc     0x0000000000000000      0x887 stack/CO_driver.o
 .debug_loc     0x0000000000000887       0xc5 stack/crc16-ccitt.o
 .debug_loc     0x000000000000094c     0x128f stack/CO_SDO.o
 .debug_loc     0x0000000000001bdb      0x6b8 stack/CO_Emergency.o
 .debug_loc     0x0000000000002293      0x44f stack/CO_NMT_Heartbeat.o
 .debug_loc     0x00000000000026e2      0x58b stack/CO_SYNC.o
 .debug_loc     0x0000000000002c6d     0x1587 stack/CO_PDO.o
 .debug_loc     0x00000000000041f4      0x650 stack/CO_HBconsumer.o
 .debug_loc     0x0000000000004844      0x561 ./CANopen.o
 .debug_loc     0x0000000000004da5       0x66 sources/gpio.o
 .debug_loc     0x0000000000004e0b      0x870 sources/usart.o
 .debug_loc     0x000000000000567b       0xc5 sources/adc.o
 .debug_loc     0x0000000000005740      0x623 sources/bq76pl455.o
 .debug_loc     0x0000000000005d63       0xc0 mainbms.o
 .debug_loc     0x0000000000005e23      0x1db ./libopencm3//lib/libopencm3_stm32f1.a(adc.o)
 .debug_loc     0x0000000000005ffe      0x343 ./libopencm3//lib/libopencm3_stm32f1.a(adc_common_v1.o)
 .debug_loc     0x0000000000006341      0x9d6 ./libopencm3//lib/libopencm3_stm32f1.a(can.o)
 .debug_loc     0x0000000000006d17      0x1aa ./libopencm3//lib/libopencm3_stm32f1.a(gpio.o)
 .debug_loc     0x0000000000006ec1      0x3f2 ./libopencm3//lib/libopencm3_stm32f1.a(rcc.o)
 .debug_loc     0x00000000000072b3       0x84 ./libopencm3//lib/libopencm3_stm32f1.a(gpio_common_all.o)
 .debug_loc     0x0000000000007337      0x506 ./libopencm3//lib/libopencm3_stm32f1.a(timer_common_all.o)
 .debug_loc     0x000000000000783d      0x1ca ./libopencm3//lib/libopencm3_stm32f1.a(usart_common_all.o)
 .debug_loc     0x0000000000007a07       0x63 ./libopencm3//lib/libopencm3_stm32f1.a(usart_common_f124.o)
 .debug_loc     0x0000000000007a6a      0x14a ./libopencm3//lib/libopencm3_stm32f1.a(rcc_common_all.o)
 .debug_loc     0x0000000000007bb4       0xd3 ./libopencm3//lib/libopencm3_stm32f1.a(flash_common_f01.o)
 .debug_loc     0x0000000000007c87       0xdf ./libopencm3//lib/libopencm3_stm32f1.a(vector.o)
 .debug_loc     0x0000000000007d66      0x192 ./libopencm3//lib/libopencm3_stm32f1.a(systick.o)
 .debug_loc     0x0000000000007ef8      0x129 ./libopencm3//lib/libopencm3_stm32f1.a(nvic.o)
 .debug_loc     0x0000000000008021       0x63 /home/a-h/x-tools/arm-none-eabi/lib/gcc/arm-none-eabi/4.9.4/../../../../arm-none-eabi/lib/libc.a(lib_a-atoi.o)
 .debug_loc     0x0000000000008084       0x58 /home/a-h/x-tools/arm-none-eabi/lib/gcc/arm-none-eabi/4.9.4/../../../../arm-none-eabi/lib/libc.a(lib_a-calloc.o)
 .debug_loc     0x00000000000080dc      0x1e7 /home/a-h/x-tools/arm-none-eabi/lib/gcc/arm-none-eabi/4.9.4/../../../../arm-none-eabi/lib/libc.a(lib_a-callocr.o)
 .debug_loc     0x00000000000082c3      0x155 /home/a-h/x-tools/arm-none-eabi/lib/gcc/arm-none-eabi/4.9.4/../../../../arm-none-eabi/lib/libc.a(lib_a-itoa.o)
 .debug_loc     0x0000000000008418       0x58 /home/a-h/x-tools/arm-none-eabi/lib/gcc/arm-none-eabi/4.9.4/../../../../arm-none-eabi/lib/libc.a(lib_a-malloc.o)
 .debug_loc     0x0000000000008470      0x6ab /home/a-h/x-tools/arm-none-eabi/lib/gcc/arm-none-eabi/4.9.4/../../../../arm-none-eabi/lib/libc.a(lib_a-mallocr.o)
 .debug_loc     0x0000000000008b1b       0x49 /home/a-h/x-tools/arm-none-eabi/lib/gcc/arm-none-eabi/4.9.4/../../../../arm-none-eabi/lib/libc.a(lib_a-memset.o)
 .debug_loc     0x0000000000008b64       0x4d /home/a-h/x-tools/arm-none-eabi/lib/gcc/arm-none-eabi/4.9.4/../../../../arm-none-eabi/lib/libc.a(lib_a-sbrkr.o)
 .debug_loc     0x0000000000008bb1       0x54 /home/a-h/x-tools/arm-none-eabi/lib/gcc/arm-none-eabi/4.9.4/../../../../arm-none-eabi/lib/libc.a(lib_a-strcat.o)
 .debug_loc     0x0000000000008c05       0x21 /home/a-h/x-tools/arm-none-eabi/lib/gcc/arm-none-eabi/4.9.4/../../../../arm-none-eabi/lib/libc.a(lib_a-strlen.o)
 .debug_loc     0x0000000000008c26       0x8b /home/a-h/x-tools/arm-none-eabi/lib/gcc/arm-none-eabi/4.9.4/../../../../arm-none-eabi/lib/libc.a(lib_a-strncmp.o)
 .debug_loc     0x0000000000008cb1      0x349 /home/a-h/x-tools/arm-none-eabi/lib/gcc/arm-none-eabi/4.9.4/../../../../arm-none-eabi/lib/libc.a(lib_a-strtol.o)
 .debug_loc     0x0000000000008ffa      0x16c /home/a-h/x-tools/arm-none-eabi/lib/gcc/arm-none-eabi/4.9.4/../../../../arm-none-eabi/lib/libc.a(lib_a-utoa.o)
 .debug_loc     0x0000000000009166      0x39a /home/a-h/x-tools/arm-none-eabi/lib/gcc/arm-none-eabi/4.9.4/../../../../arm-none-eabi/lib/libc.a(lib_a-freer.o)
 .debug_loc     0x0000000000009500      0x12b /home/a-h/x-tools/arm-none-eabi/lib/gcc/arm-none-eabi/4.9.4/../../../../arm-none-eabi/lib/libc.a(lib_a-reent.o)
 .debug_loc     0x000000000000962b       0x2c /home/a-h/x-tools/arm-none-eabi/lib/gcc/arm-none-eabi/4.9.4/../../../../arm-none-eabi/lib/libnosys.a(sbrk.o)

.debug_aranges  0x0000000000000000     0x1200
 .debug_aranges
                0x0000000000000000       0x98 stack/CO_driver.o
 .debug_aranges
                0x0000000000000098       0x20 stack/crc16-ccitt.o
 .debug_aranges
                0x00000000000000b8       0xd0 stack/CO_SDO.o
 .debug_aranges
                0x0000000000000188       0x58 stack/CO_Emergency.o
 .debug_aranges
                0x00000000000001e0       0x48 stack/CO_NMT_Heartbeat.o
 .debug_aranges
                0x0000000000000228       0x48 stack/CO_SYNC.o
 .debug_aranges
                0x0000000000000270       0x98 stack/CO_PDO.o
 .debug_aranges
                0x0000000000000308       0x40 stack/CO_HBconsumer.o
 .debug_aranges
                0x0000000000000348       0x40 ./CANopen.o
 .debug_aranges
                0x0000000000000388       0x18 sources/CO_OD.o
 .debug_aranges
                0x00000000000003a0       0x28 sources/gpio.o
 .debug_aranges
                0x00000000000003c8       0x20 sources/rcc.o
 .debug_aranges
                0x00000000000003e8       0x68 sources/usart.o
 .debug_aranges
                0x0000000000000450       0x30 sources/adc.o
 .debug_aranges
                0x0000000000000480       0x60 sources/bq76pl455.o
 .debug_aranges
                0x00000000000004e0       0x30 sources/timers.o
 .debug_aranges
                0x0000000000000510       0x48 mainbms.o
 .debug_aranges
                0x0000000000000558       0x98 ./libopencm3//lib/libopencm3_stm32f1.a(adc.o)
 .debug_aranges
                0x00000000000005f0      0x148 ./libopencm3//lib/libopencm3_stm32f1.a(adc_common_v1.o)
 .debug_aranges
                0x0000000000000738       0x80 ./libopencm3//lib/libopencm3_stm32f1.a(can.o)
 .debug_aranges
                0x00000000000007b8       0x38 ./libopencm3//lib/libopencm3_stm32f1.a(gpio.o)
 .debug_aranges
                0x00000000000007f0      0x158 ./libopencm3//lib/libopencm3_stm32f1.a(rcc.o)
 .debug_aranges
                0x0000000000000948       0x50 ./libopencm3//lib/libopencm3_stm32f1.a(gpio_common_all.o)
 .debug_aranges
                0x0000000000000998      0x278 ./libopencm3//lib/libopencm3_stm32f1.a(timer_common_all.o)
 .debug_aranges
                0x0000000000000c10       0xb8 ./libopencm3//lib/libopencm3_stm32f1.a(usart_common_all.o)
 .debug_aranges
                0x0000000000000cc8       0x40 ./libopencm3//lib/libopencm3_stm32f1.a(usart_common_f124.o)
 .debug_aranges
                0x0000000000000d08       0x78 ./libopencm3//lib/libopencm3_stm32f1.a(rcc_common_all.o)
 .debug_aranges
                0x0000000000000d80       0x88 ./libopencm3//lib/libopencm3_stm32f1.a(flash_common_f01.o)
 .debug_aranges
                0x0000000000000e08       0x30 ./libopencm3//lib/libopencm3_stm32f1.a(vector.o)
 .debug_aranges
                0x0000000000000e38       0x78 ./libopencm3//lib/libopencm3_stm32f1.a(systick.o)
 .debug_aranges
                0x0000000000000eb0       0x60 ./libopencm3//lib/libopencm3_stm32f1.a(nvic.o)
 .debug_aranges
                0x0000000000000f10       0x20 /home/a-h/x-tools/arm-none-eabi/lib/gcc/arm-none-eabi/4.9.4/../../../../arm-none-eabi/lib/libc.a(lib_a-atoi.o)
 .debug_aranges
                0x0000000000000f30       0x20 /home/a-h/x-tools/arm-none-eabi/lib/gcc/arm-none-eabi/4.9.4/../../../../arm-none-eabi/lib/libc.a(lib_a-calloc.o)
 .debug_aranges
                0x0000000000000f50       0x20 /home/a-h/x-tools/arm-none-eabi/lib/gcc/arm-none-eabi/4.9.4/../../../../arm-none-eabi/lib/libc.a(lib_a-callocr.o)
 .debug_aranges
                0x0000000000000f70       0x18 /home/a-h/x-tools/arm-none-eabi/lib/gcc/arm-none-eabi/4.9.4/../../../../arm-none-eabi/lib/libc.a(lib_a-impure.o)
 .debug_aranges
                0x0000000000000f88       0x20 /home/a-h/x-tools/arm-none-eabi/lib/gcc/arm-none-eabi/4.9.4/../../../../arm-none-eabi/lib/libc.a(lib_a-itoa.o)
 .debug_aranges
                0x0000000000000fa8       0x20 /home/a-h/x-tools/arm-none-eabi/lib/gcc/arm-none-eabi/4.9.4/../../../../arm-none-eabi/lib/libc.a(lib_a-malloc.o)
 .debug_aranges
                0x0000000000000fc8       0x20 /home/a-h/x-tools/arm-none-eabi/lib/gcc/arm-none-eabi/4.9.4/../../../../arm-none-eabi/lib/libc.a(lib_a-mallocr.o)
 .debug_aranges
                0x0000000000000fe8       0x20 /home/a-h/x-tools/arm-none-eabi/lib/gcc/arm-none-eabi/4.9.4/../../../../arm-none-eabi/lib/libc.a(lib_a-memset.o)
 .debug_aranges
                0x0000000000001008       0x20 /home/a-h/x-tools/arm-none-eabi/lib/gcc/arm-none-eabi/4.9.4/../../../../arm-none-eabi/lib/libc.a(lib_a-mlock.o)
 .debug_aranges
                0x0000000000001028       0x20 /home/a-h/x-tools/arm-none-eabi/lib/gcc/arm-none-eabi/4.9.4/../../../../arm-none-eabi/lib/libc.a(lib_a-sbrkr.o)
 .debug_aranges
                0x0000000000001048       0x20 /home/a-h/x-tools/arm-none-eabi/lib/gcc/arm-none-eabi/4.9.4/../../../../arm-none-eabi/lib/libc.a(lib_a-strcat.o)
 .debug_aranges
                0x0000000000001068       0x20 /home/a-h/x-tools/arm-none-eabi/lib/gcc/arm-none-eabi/4.9.4/../../../../arm-none-eabi/lib/libc.a(lib_a-strlen.o)
 .debug_aranges
                0x0000000000001088       0x20 /home/a-h/x-tools/arm-none-eabi/lib/gcc/arm-none-eabi/4.9.4/../../../../arm-none-eabi/lib/libc.a(lib_a-strncmp.o)
 .debug_aranges
                0x00000000000010a8       0x20 /home/a-h/x-tools/arm-none-eabi/lib/gcc/arm-none-eabi/4.9.4/../../../../arm-none-eabi/lib/libc.a(lib_a-strtol.o)
 .debug_aranges
                0x00000000000010c8       0x20 /home/a-h/x-tools/arm-none-eabi/lib/gcc/arm-none-eabi/4.9.4/../../../../arm-none-eabi/lib/libc.a(lib_a-utoa.o)
 .debug_aranges
                0x00000000000010e8       0x18 /home/a-h/x-tools/arm-none-eabi/lib/gcc/arm-none-eabi/4.9.4/../../../../arm-none-eabi/lib/libc.a(lib_a-ctype_.o)
 .debug_aranges
                0x0000000000001100       0x20 /home/a-h/x-tools/arm-none-eabi/lib/gcc/arm-none-eabi/4.9.4/../../../../arm-none-eabi/lib/libc.a(lib_a-freer.o)
 .debug_aranges
                0x0000000000001120       0x20 /home/a-h/x-tools/arm-none-eabi/lib/gcc/arm-none-eabi/4.9.4/../../../../arm-none-eabi/lib/libc.a(lib_a-reent.o)
 .debug_aranges
                0x0000000000001140       0x20 /home/a-h/x-tools/arm-none-eabi/lib/gcc/arm-none-eabi/4.9.4/libgcc.a(_arm_addsubdf3.o)
 .debug_aranges
                0x0000000000001160       0x20 /home/a-h/x-tools/arm-none-eabi/lib/gcc/arm-none-eabi/4.9.4/libgcc.a(_arm_addsubsf3.o)
 .debug_aranges
                0x0000000000001180       0x20 /home/a-h/x-tools/arm-none-eabi/lib/gcc/arm-none-eabi/4.9.4/libgcc.a(_arm_muldivsf3.o)
 .debug_aranges
                0x00000000000011a0       0x20 /home/a-h/x-tools/arm-none-eabi/lib/gcc/arm-none-eabi/4.9.4/libgcc.a(_arm_cmpsf2.o)
 .debug_aranges
                0x00000000000011c0       0x20 /home/a-h/x-tools/arm-none-eabi/lib/gcc/arm-none-eabi/4.9.4/libgcc.a(_arm_fixsfsi.o)
 .debug_aranges
                0x00000000000011e0       0x20 /home/a-h/x-tools/arm-none-eabi/lib/gcc/arm-none-eabi/4.9.4/../../../../arm-none-eabi/lib/libnosys.a(sbrk.o)

.debug_ranges   0x0000000000000000      0xfb8
 .debug_ranges  0x0000000000000000       0xd0 stack/CO_driver.o
 .debug_ranges  0x00000000000000d0       0x28 stack/crc16-ccitt.o
 .debug_ranges  0x00000000000000f8      0x198 stack/CO_SDO.o
 .debug_ranges  0x0000000000000290       0x48 stack/CO_Emergency.o
 .debug_ranges  0x00000000000002d8       0x38 stack/CO_NMT_Heartbeat.o
 .debug_ranges  0x0000000000000310       0x68 stack/CO_SYNC.o
 .debug_ranges  0x0000000000000378      0x118 stack/CO_PDO.o
 .debug_ranges  0x0000000000000490       0x48 stack/CO_HBconsumer.o
 .debug_ranges  0x00000000000004d8       0x30 ./CANopen.o
 .debug_ranges  0x0000000000000508       0x18 sources/gpio.o
 .debug_ranges  0x0000000000000520       0x10 sources/rcc.o
 .debug_ranges  0x0000000000000530       0x70 sources/usart.o
 .debug_ranges  0x00000000000005a0       0x20 sources/adc.o
 .debug_ranges  0x00000000000005c0       0x50 sources/bq76pl455.o
 .debug_ranges  0x0000000000000610       0x20 sources/timers.o
 .debug_ranges  0x0000000000000630       0x50 mainbms.o
 .debug_ranges  0x0000000000000680       0x88 ./libopencm3//lib/libopencm3_stm32f1.a(adc.o)
 .debug_ranges  0x0000000000000708      0x138 ./libopencm3//lib/libopencm3_stm32f1.a(adc_common_v1.o)
 .debug_ranges  0x0000000000000840       0x70 ./libopencm3//lib/libopencm3_stm32f1.a(can.o)
 .debug_ranges  0x00000000000008b0       0x28 ./libopencm3//lib/libopencm3_stm32f1.a(gpio.o)
 .debug_ranges  0x00000000000008d8      0x1a8 ./libopencm3//lib/libopencm3_stm32f1.a(rcc.o)
 .debug_ranges  0x0000000000000a80       0x40 ./libopencm3//lib/libopencm3_stm32f1.a(gpio_common_all.o)
 .debug_ranges  0x0000000000000ac0      0x268 ./libopencm3//lib/libopencm3_stm32f1.a(timer_common_all.o)
 .debug_ranges  0x0000000000000d28       0xa8 ./libopencm3//lib/libopencm3_stm32f1.a(usart_common_all.o)
 .debug_ranges  0x0000000000000dd0       0x30 ./libopencm3//lib/libopencm3_stm32f1.a(usart_common_f124.o)
 .debug_ranges  0x0000000000000e00       0x68 ./libopencm3//lib/libopencm3_stm32f1.a(rcc_common_all.o)
 .debug_ranges  0x0000000000000e68       0x78 ./libopencm3//lib/libopencm3_stm32f1.a(flash_common_f01.o)
 .debug_ranges  0x0000000000000ee0       0x20 ./libopencm3//lib/libopencm3_stm32f1.a(vector.o)
 .debug_ranges  0x0000000000000f00       0x68 ./libopencm3//lib/libopencm3_stm32f1.a(systick.o)
 .debug_ranges  0x0000000000000f68       0x50 ./libopencm3//lib/libopencm3_stm32f1.a(nvic.o)

.debug_line     0x0000000000000000     0x8eab
 .debug_line    0x0000000000000000      0x475 stack/CO_driver.o
 .debug_line    0x0000000000000475       0x55 stack/crc16-ccitt.o
 .debug_line    0x00000000000004ca      0x698 stack/CO_SDO.o
 .debug_line    0x0000000000000b62      0x288 stack/CO_Emergency.o
 .debug_line    0x0000000000000dea      0x289 stack/CO_NMT_Heartbeat.o
 .debug_line    0x0000000000001073      0x257 stack/CO_SYNC.o
 .debug_line    0x00000000000012ca      0x5c5 stack/CO_PDO.o
 .debug_line    0x000000000000188f      0x22e stack/CO_HBconsumer.o
 .debug_line    0x0000000000001abd      0x3dd ./CANopen.o
 .debug_line    0x0000000000001e9a       0xfb sources/CO_OD.o
 .debug_line    0x0000000000001f95      0x19e sources/gpio.o
 .debug_line    0x0000000000002133       0xb5 sources/rcc.o
 .debug_line    0x00000000000021e8      0x4d2 sources/usart.o
 .debug_line    0x00000000000026ba      0x1df sources/adc.o
 .debug_line    0x0000000000002899      0x1d9 sources/bq76pl455.o
 .debug_line    0x0000000000002a72      0x1e8 sources/timers.o
 .debug_line    0x0000000000002c5a      0x292 mainbms.o
 .debug_line    0x0000000000002eec      0x3bc ./libopencm3//lib/libopencm3_stm32f1.a(adc.o)
 .debug_line    0x00000000000032a8      0x546 ./libopencm3//lib/libopencm3_stm32f1.a(adc_common_v1.o)
 .debug_line    0x00000000000037ee      0x43f ./libopencm3//lib/libopencm3_stm32f1.a(can.o)
 .debug_line    0x0000000000003c2d      0x2c0 ./libopencm3//lib/libopencm3_stm32f1.a(gpio.o)
 .debug_line    0x0000000000003eed      0x648 ./libopencm3//lib/libopencm3_stm32f1.a(rcc.o)
 .debug_line    0x0000000000004535      0x2f4 ./libopencm3//lib/libopencm3_stm32f1.a(gpio_common_all.o)
 .debug_line    0x0000000000004829      0x875 ./libopencm3//lib/libopencm3_stm32f1.a(timer_common_all.o)
 .debug_line    0x000000000000509e      0x42a ./libopencm3//lib/libopencm3_stm32f1.a(usart_common_all.o)
 .debug_line    0x00000000000054c8      0x315 ./libopencm3//lib/libopencm3_stm32f1.a(usart_common_f124.o)
 .debug_line    0x00000000000057dd      0x33f ./libopencm3//lib/libopencm3_stm32f1.a(rcc_common_all.o)
 .debug_line    0x0000000000005b1c      0x37f ./libopencm3//lib/libopencm3_stm32f1.a(flash_common_f01.o)
 .debug_line    0x0000000000005e9b      0x30e ./libopencm3//lib/libopencm3_stm32f1.a(vector.o)
 .debug_line    0x00000000000061a9      0x2a3 ./libopencm3//lib/libopencm3_stm32f1.a(systick.o)
 .debug_line    0x000000000000644c      0x2c4 ./libopencm3//lib/libopencm3_stm32f1.a(nvic.o)
 .debug_line    0x0000000000006710      0x20b /home/a-h/x-tools/arm-none-eabi/lib/gcc/arm-none-eabi/4.9.4/../../../../arm-none-eabi/lib/libc.a(lib_a-atoi.o)
 .debug_line    0x000000000000691b      0x20a /home/a-h/x-tools/arm-none-eabi/lib/gcc/arm-none-eabi/4.9.4/../../../../arm-none-eabi/lib/libc.a(lib_a-calloc.o)
 .debug_line    0x0000000000006b25      0x1c3 /home/a-h/x-tools/arm-none-eabi/lib/gcc/arm-none-eabi/4.9.4/../../../../arm-none-eabi/lib/libc.a(lib_a-callocr.o)
 .debug_line    0x0000000000006ce8      0x18a /home/a-h/x-tools/arm-none-eabi/lib/gcc/arm-none-eabi/4.9.4/../../../../arm-none-eabi/lib/libc.a(lib_a-impure.o)
 .debug_line    0x0000000000006e72      0x123 /home/a-h/x-tools/arm-none-eabi/lib/gcc/arm-none-eabi/4.9.4/../../../../arm-none-eabi/lib/libc.a(lib_a-itoa.o)
 .debug_line    0x0000000000006f95      0x20d /home/a-h/x-tools/arm-none-eabi/lib/gcc/arm-none-eabi/4.9.4/../../../../arm-none-eabi/lib/libc.a(lib_a-malloc.o)
 .debug_line    0x00000000000071a2      0x3a8 /home/a-h/x-tools/arm-none-eabi/lib/gcc/arm-none-eabi/4.9.4/../../../../arm-none-eabi/lib/libc.a(lib_a-mallocr.o)
 .debug_line    0x000000000000754a      0x187 /home/a-h/x-tools/arm-none-eabi/lib/gcc/arm-none-eabi/4.9.4/../../../../arm-none-eabi/lib/libc.a(lib_a-memset.o)
 .debug_line    0x00000000000076d1      0x19c /home/a-h/x-tools/arm-none-eabi/lib/gcc/arm-none-eabi/4.9.4/../../../../arm-none-eabi/lib/libc.a(lib_a-mlock.o)
 .debug_line    0x000000000000786d      0x214 /home/a-h/x-tools/arm-none-eabi/lib/gcc/arm-none-eabi/4.9.4/../../../../arm-none-eabi/lib/libc.a(lib_a-sbrkr.o)
 .debug_line    0x0000000000007a81      0x113 /home/a-h/x-tools/arm-none-eabi/lib/gcc/arm-none-eabi/4.9.4/../../../../arm-none-eabi/lib/libc.a(lib_a-strcat.o)
 .debug_line    0x0000000000007b94      0x18b /home/a-h/x-tools/arm-none-eabi/lib/gcc/arm-none-eabi/4.9.4/../../../../arm-none-eabi/lib/libc.a(lib_a-strlen.o)
 .debug_line    0x0000000000007d1f      0x192 /home/a-h/x-tools/arm-none-eabi/lib/gcc/arm-none-eabi/4.9.4/../../../../arm-none-eabi/lib/libc.a(lib_a-strncmp.o)
 .debug_line    0x0000000000007eb1      0x280 /home/a-h/x-tools/arm-none-eabi/lib/gcc/arm-none-eabi/4.9.4/../../../../arm-none-eabi/lib/libc.a(lib_a-strtol.o)
 .debug_line    0x0000000000008131      0x13d /home/a-h/x-tools/arm-none-eabi/lib/gcc/arm-none-eabi/4.9.4/../../../../arm-none-eabi/lib/libc.a(lib_a-utoa.o)
 .debug_line    0x000000000000826e       0x8b /home/a-h/x-tools/arm-none-eabi/lib/gcc/arm-none-eabi/4.9.4/../../../../arm-none-eabi/lib/libc.a(lib_a-ctype_.o)
 .debug_line    0x00000000000082f9      0x2ca /home/a-h/x-tools/arm-none-eabi/lib/gcc/arm-none-eabi/4.9.4/../../../../arm-none-eabi/lib/libc.a(lib_a-freer.o)
 .debug_line    0x00000000000085c3      0x241 /home/a-h/x-tools/arm-none-eabi/lib/gcc/arm-none-eabi/4.9.4/../../../../arm-none-eabi/lib/libc.a(lib_a-reent.o)
 .debug_line    0x0000000000008804      0x1b0 /home/a-h/x-tools/arm-none-eabi/lib/gcc/arm-none-eabi/4.9.4/libgcc.a(_arm_addsubdf3.o)
 .debug_line    0x00000000000089b4      0x151 /home/a-h/x-tools/arm-none-eabi/lib/gcc/arm-none-eabi/4.9.4/libgcc.a(_arm_addsubsf3.o)
 .debug_line    0x0000000000008b05      0x174 /home/a-h/x-tools/arm-none-eabi/lib/gcc/arm-none-eabi/4.9.4/libgcc.a(_arm_muldivsf3.o)
 .debug_line    0x0000000000008c79       0xe5 /home/a-h/x-tools/arm-none-eabi/lib/gcc/arm-none-eabi/4.9.4/libgcc.a(_arm_cmpsf2.o)
 .debug_line    0x0000000000008d5e       0xb1 /home/a-h/x-tools/arm-none-eabi/lib/gcc/arm-none-eabi/4.9.4/libgcc.a(_arm_fixsfsi.o)
 .debug_line    0x0000000000008e0f       0x9c /home/a-h/x-tools/arm-none-eabi/lib/gcc/arm-none-eabi/4.9.4/../../../../arm-none-eabi/lib/libnosys.a(sbrk.o)

.debug_str      0x0000000000000000    0x1bb38
 .debug_str     0x0000000000000000      0x926 stack/CO_driver.o
                                        0xa14 (size before relaxing)
 .debug_str     0x0000000000000926       0x3e stack/crc16-ccitt.o
                                        0x136 (size before relaxing)
 .debug_str     0x0000000000000964      0xda3 stack/CO_SDO.o
                                       0x123b (size before relaxing)
 .debug_str     0x0000000000001707      0x1e9 stack/CO_Emergency.o
                                       0x1163 (size before relaxing)
 .debug_str     0x00000000000018f0      0x2f8 stack/CO_NMT_Heartbeat.o
                                        0x8da (size before relaxing)
 .debug_str     0x0000000000001be8      0x18b stack/CO_SYNC.o
                                       0x1138 (size before relaxing)
 .debug_str     0x0000000000001d73      0x3c0 stack/CO_PDO.o
                                       0x104c (size before relaxing)
 .debug_str     0x0000000000002133      0x159 stack/CO_HBconsumer.o
                                       0x10f7 (size before relaxing)
 .debug_str     0x000000000000228c      0x5ca ./CANopen.o
                                       0x1c5e (size before relaxing)
 .debug_str     0x0000000000002856      0x147 sources/CO_OD.o
                                        0x937 (size before relaxing)
 .debug_str     0x000000000000299d       0x37 sources/gpio.o
                                        0x415 (size before relaxing)
 .debug_str     0x00000000000029d4       0x3d sources/rcc.o
                                        0x3ca (size before relaxing)
 .debug_str     0x0000000000002a11      0x2b2 sources/usart.o
                                       0x146f (size before relaxing)
 .debug_str     0x0000000000002cc3      0x16f sources/adc.o
                                        0x55c (size before relaxing)
 .debug_str     0x0000000000002e32       0xcc sources/bq76pl455.o
                                        0x277 (size before relaxing)
 .debug_str     0x0000000000002efe      0x342 sources/timers.o
                                        0x72d (size before relaxing)
 .debug_str     0x0000000000003240       0x71 mainbms.o
                                       0x10d9 (size before relaxing)
 .debug_str     0x00000000000032b1     0x64c2 ./libopencm3//lib/libopencm3_stm32f1.a(adc.o)
                                       0x6707 (size before relaxing)
 .debug_str     0x0000000000009773      0x423 ./libopencm3//lib/libopencm3_stm32f1.a(adc_common_v1.o)
                                       0x6a37 (size before relaxing)
 .debug_str     0x0000000000009b96     0x3cfa ./libopencm3//lib/libopencm3_stm32f1.a(can.o)
                                       0x7ff0 (size before relaxing)
 .debug_str     0x000000000000d890     0x3803 ./libopencm3//lib/libopencm3_stm32f1.a(gpio.o)
                                       0x7860 (size before relaxing)
 .debug_str     0x0000000000011093      0xc4b ./libopencm3//lib/libopencm3_stm32f1.a(rcc.o)
                                       0x70fe (size before relaxing)
 .debug_str     0x0000000000011cde       0x5a ./libopencm3//lib/libopencm3_stm32f1.a(gpio_common_all.o)
                                       0x7854 (size before relaxing)
 .debug_str     0x0000000000011d38     0x4a58 ./libopencm3//lib/libopencm3_stm32f1.a(timer_common_all.o)
                                       0xb201 (size before relaxing)
 .debug_str     0x0000000000016790      0xffa ./libopencm3//lib/libopencm3_stm32f1.a(usart_common_all.o)
                                       0x7552 (size before relaxing)
 .debug_str     0x000000000001778a       0x2d ./libopencm3//lib/libopencm3_stm32f1.a(usart_common_f124.o)
                                       0x7366 (size before relaxing)
 .debug_str     0x00000000000177b7      0x168 ./libopencm3//lib/libopencm3_stm32f1.a(rcc_common_all.o)
                                       0x6a49 (size before relaxing)
 .debug_str     0x000000000001791f      0x181 ./libopencm3//lib/libopencm3_stm32f1.a(flash_common_f01.o)
                                       0x4907 (size before relaxing)
 .debug_str     0x0000000000017aa0     0x24e7 ./libopencm3//lib/libopencm3_stm32f1.a(vector.o)
                                       0x59b1 (size before relaxing)
 .debug_str     0x0000000000019f87      0x2f0 ./libopencm3//lib/libopencm3_stm32f1.a(systick.o)
                                       0x3820 (size before relaxing)
 .debug_str     0x000000000001a277      0x9bd ./libopencm3//lib/libopencm3_stm32f1.a(nvic.o)
                                       0x46bd (size before relaxing)
 .debug_str     0x000000000001ac34      0x447 /home/a-h/x-tools/arm-none-eabi/lib/gcc/arm-none-eabi/4.9.4/../../../../arm-none-eabi/lib/libc.a(lib_a-atoi.o)
                                        0x52c (size before relaxing)
 .debug_str     0x000000000001b07b       0x75 /home/a-h/x-tools/arm-none-eabi/lib/gcc/arm-none-eabi/4.9.4/../../../../arm-none-eabi/lib/libc.a(lib_a-calloc.o)
                                        0x539 (size before relaxing)
 .debug_str     0x000000000001b0f0      0x11f /home/a-h/x-tools/arm-none-eabi/lib/gcc/arm-none-eabi/4.9.4/../../../../arm-none-eabi/lib/libc.a(lib_a-callocr.o)
                                        0x5e1 (size before relaxing)
 .debug_str     0x000000000001b20f       0x89 /home/a-h/x-tools/arm-none-eabi/lib/gcc/arm-none-eabi/4.9.4/../../../../arm-none-eabi/lib/libc.a(lib_a-impure.o)
                                        0x53a (size before relaxing)
 .debug_str     0x000000000001b298       0x7e /home/a-h/x-tools/arm-none-eabi/lib/gcc/arm-none-eabi/4.9.4/../../../../arm-none-eabi/lib/libc.a(lib_a-itoa.o)
                                        0x17d (size before relaxing)
 .debug_str     0x000000000001b316       0x7f /home/a-h/x-tools/arm-none-eabi/lib/gcc/arm-none-eabi/4.9.4/../../../../arm-none-eabi/lib/libc.a(lib_a-malloc.o)
                                        0x54d (size before relaxing)
 .debug_str     0x000000000001b395      0x1c1 /home/a-h/x-tools/arm-none-eabi/lib/gcc/arm-none-eabi/4.9.4/../../../../arm-none-eabi/lib/libc.a(lib_a-mallocr.o)
                                        0x7b7 (size before relaxing)
 .debug_str     0x000000000001b556       0x6b /home/a-h/x-tools/arm-none-eabi/lib/gcc/arm-none-eabi/4.9.4/../../../../arm-none-eabi/lib/libc.a(lib_a-memset.o)
                                        0x168 (size before relaxing)
 .debug_str     0x000000000001b5c1       0x7f /home/a-h/x-tools/arm-none-eabi/lib/gcc/arm-none-eabi/4.9.4/../../../../arm-none-eabi/lib/libc.a(lib_a-mlock.o)
                                        0x542 (size before relaxing)
 .debug_str     0x000000000001b640       0x74 /home/a-h/x-tools/arm-none-eabi/lib/gcc/arm-none-eabi/4.9.4/../../../../arm-none-eabi/lib/libc.a(lib_a-sbrkr.o)
                                        0x531 (size before relaxing)
 .debug_str     0x000000000001b6b4       0x6b /home/a-h/x-tools/arm-none-eabi/lib/gcc/arm-none-eabi/4.9.4/../../../../arm-none-eabi/lib/libc.a(lib_a-strcat.o)
                                        0x161 (size before relaxing)
 .debug_str     0x000000000001b71f       0x78 /home/a-h/x-tools/arm-none-eabi/lib/gcc/arm-none-eabi/4.9.4/../../../../arm-none-eabi/lib/libc.a(lib_a-strlen.o)
                                        0x175 (size before relaxing)
 .debug_str     0x000000000001b797       0x6c /home/a-h/x-tools/arm-none-eabi/lib/gcc/arm-none-eabi/4.9.4/../../../../arm-none-eabi/lib/libc.a(lib_a-strncmp.o)
                                        0x16a (size before relaxing)
 .debug_str     0x000000000001b803       0x93 /home/a-h/x-tools/arm-none-eabi/lib/gcc/arm-none-eabi/4.9.4/../../../../arm-none-eabi/lib/libc.a(lib_a-strtol.o)
                                        0x55f (size before relaxing)
 .debug_str     0x000000000001b896       0x69 /home/a-h/x-tools/arm-none-eabi/lib/gcc/arm-none-eabi/4.9.4/../../../../arm-none-eabi/lib/libc.a(lib_a-utoa.o)
                                        0x180 (size before relaxing)
 .debug_str     0x000000000001b8ff       0x72 /home/a-h/x-tools/arm-none-eabi/lib/gcc/arm-none-eabi/4.9.4/../../../../arm-none-eabi/lib/libc.a(lib_a-ctype_.o)
                                         0xeb (size before relaxing)