Archive member included to satisfy reference by file (symbol)

./libopencm3//lib/libopencm3_stm32f1.a(adc.o)
                              adc.o (adc_power_on)
./libopencm3//lib/libopencm3_stm32f1.a(adc_common_v1.o)
                              adc.o (adc_power_off)
./libopencm3//lib/libopencm3_stm32f1.a(can.o)
                              can.o (can_reset)
./libopencm3//lib/libopencm3_stm32f1.a(gpio.o)
                              gpio.o (gpio_set_mode)
./libopencm3//lib/libopencm3_stm32f1.a(rcc.o)
                              rcc.o (rcc_clock_setup_in_hsi_out_64mhz)
./libopencm3//lib/libopencm3_stm32f1.a(gpio_common_all.o)
                              gpio.o (gpio_set)
./libopencm3//lib/libopencm3_stm32f1.a(timer_common_all.o)
                              timers.o (timer_enable_irq)
./libopencm3//lib/libopencm3_stm32f1.a(usart_common_all.o)
                              uart.o (usart_set_baudrate)
./libopencm3//lib/libopencm3_stm32f1.a(usart_common_f124.o)
                              uart.o (usart_send)
./libopencm3//lib/libopencm3_stm32f1.a(rcc_common_all.o)
                              gpio.o (rcc_periph_clock_enable)
./libopencm3//lib/libopencm3_stm32f1.a(flash_common_f01.o)
                              ./libopencm3//lib/libopencm3_stm32f1.a(rcc.o) (flash_set_ws)
./libopencm3//lib/libopencm3_stm32f1.a(vector.o)
                              (reset_handler)
./libopencm3//lib/libopencm3_stm32f1.a(nvic.o)
                              uart.o (nvic_enable_irq)
./libopencm3//lib/libopencm3_stm32f1.a(assert.o)
                              ./libopencm3//lib/libopencm3_stm32f1.a(rcc.o) (cm3_assert_failed)
./libopencm3//lib/libopencm3_stm32f1.a(flash.o)
                              ./libopencm3//lib/libopencm3_stm32f1.a(flash_common_f01.o) (flash_get_status_flags)
/home/a-h/x-tools/arm-none-eabi/lib/gcc/arm-none-eabi/4.9.4/../../../../arm-none-eabi/lib/libc.a(lib_a-calloc.o)
                              CANopen.o (calloc)
/home/a-h/x-tools/arm-none-eabi/lib/gcc/arm-none-eabi/4.9.4/../../../../arm-none-eabi/lib/libc.a(lib_a-callocr.o)
                              /home/a-h/x-tools/arm-none-eabi/lib/gcc/arm-none-eabi/4.9.4/../../../../arm-none-eabi/lib/libc.a(lib_a-calloc.o) (_calloc_r)
/home/a-h/x-tools/arm-none-eabi/lib/gcc/arm-none-eabi/4.9.4/../../../../arm-none-eabi/lib/libc.a(lib_a-impure.o)
                              /home/a-h/x-tools/arm-none-eabi/lib/gcc/arm-none-eabi/4.9.4/../../../../arm-none-eabi/lib/libc.a(lib_a-calloc.o) (_impure_ptr)
/home/a-h/x-tools/arm-none-eabi/lib/gcc/arm-none-eabi/4.9.4/../../../../arm-none-eabi/lib/libc.a(lib_a-malloc.o)
                              CANopen.o (free)
/home/a-h/x-tools/arm-none-eabi/lib/gcc/arm-none-eabi/4.9.4/../../../../arm-none-eabi/lib/libc.a(lib_a-mallocr.o)
                              /home/a-h/x-tools/arm-none-eabi/lib/gcc/arm-none-eabi/4.9.4/../../../../arm-none-eabi/lib/libc.a(lib_a-callocr.o) (_malloc_r)
/home/a-h/x-tools/arm-none-eabi/lib/gcc/arm-none-eabi/4.9.4/../../../../arm-none-eabi/lib/libc.a(lib_a-memset.o)
                              /home/a-h/x-tools/arm-none-eabi/lib/gcc/arm-none-eabi/4.9.4/../../../../arm-none-eabi/lib/libc.a(lib_a-callocr.o) (memset)
/home/a-h/x-tools/arm-none-eabi/lib/gcc/arm-none-eabi/4.9.4/../../../../arm-none-eabi/lib/libc.a(lib_a-mlock.o)
                              /home/a-h/x-tools/arm-none-eabi/lib/gcc/arm-none-eabi/4.9.4/../../../../arm-none-eabi/lib/libc.a(lib_a-mallocr.o) (__malloc_lock)
/home/a-h/x-tools/arm-none-eabi/lib/gcc/arm-none-eabi/4.9.4/../../../../arm-none-eabi/lib/libc.a(lib_a-sbrkr.o)
                              /home/a-h/x-tools/arm-none-eabi/lib/gcc/arm-none-eabi/4.9.4/../../../../arm-none-eabi/lib/libc.a(lib_a-mallocr.o) (_sbrk_r)
/home/a-h/x-tools/arm-none-eabi/lib/gcc/arm-none-eabi/4.9.4/../../../../arm-none-eabi/lib/libc.a(lib_a-snprintf.o)
                              ./stack/CO_trace.o (snprintf)
/home/a-h/x-tools/arm-none-eabi/lib/gcc/arm-none-eabi/4.9.4/../../../../arm-none-eabi/lib/libc.a(lib_a-strncmp.o)
                              uart.o (strncmp)
/home/a-h/x-tools/arm-none-eabi/lib/gcc/arm-none-eabi/4.9.4/../../../../arm-none-eabi/lib/libc.a(lib_a-svfprintf.o)
                              /home/a-h/x-tools/arm-none-eabi/lib/gcc/arm-none-eabi/4.9.4/../../../../arm-none-eabi/lib/libc.a(lib_a-snprintf.o) (_svfprintf_r)
/home/a-h/x-tools/arm-none-eabi/lib/gcc/arm-none-eabi/4.9.4/../../../../arm-none-eabi/lib/libc.a(lib_a-dtoa.o)
                              /home/a-h/x-tools/arm-none-eabi/lib/gcc/arm-none-eabi/4.9.4/../../../../arm-none-eabi/lib/libc.a(lib_a-svfprintf.o) (_dtoa_r)
/home/a-h/x-tools/arm-none-eabi/lib/gcc/arm-none-eabi/4.9.4/../../../../arm-none-eabi/lib/libc.a(lib_a-freer.o)
                              /home/a-h/x-tools/arm-none-eabi/lib/gcc/arm-none-eabi/4.9.4/../../../../arm-none-eabi/lib/libc.a(lib_a-malloc.o) (_free_r)
/home/a-h/x-tools/arm-none-eabi/lib/gcc/arm-none-eabi/4.9.4/../../../../arm-none-eabi/lib/libc.a(lib_a-locale.o)
[...]
Memory Configuration

Name             Origin             Length             Attributes
rom              0x0000000008000000 0x0000000000010000 xr
ram              0x0000000020000000 0x0000000000005000 xrw
*default*        0x0000000000000000 0xffffffffffffffff

Linker script and memory map

LOAD gpio.o
LOAD rcc.o
LOAD uart.o
LOAD can.o
LOAD adc.o
LOAD timers.o
LOAD CANopen.o
LOAD ./stack/CO_driver.o
LOAD ./stack/crc16-ccitt.o
LOAD ./stack/CO_SDO.o
LOAD ./stack/CO_Emergency.o
LOAD ./stack/CO_NMT_Heartbeat.o
LOAD ./stack/CO_SYNC.o
LOAD ./stack/CO_PDO.o
LOAD ./stack/CO_HBconsumer.o
LOAD ./stack/CO_SDOmaster.o
LOAD ./stack/CO_trace.o
LOAD ./stack/CO_OD.o
LOAD mainbms.o
LOAD ./libopencm3//lib/libopencm3_stm32f1.a
START GROUP
LOAD /home/a-h/x-tools/arm-none-eabi/lib/gcc/arm-none-eabi/4.9.4/../../../../arm-none-eabi/lib/libc.a
LOAD /home/a-h/x-tools/arm-none-eabi/lib/gcc/arm-none-eabi/4.9.4/libgcc.a
LOAD /home/a-h/x-tools/arm-none-eabi/lib/gcc/arm-none-eabi/4.9.4/../../../../arm-none-eabi/lib/libnosys.a
END GROUP
START GROUP
LOAD /home/a-h/x-tools/arm-none-eabi/lib/gcc/arm-none-eabi/4.9.4/libgcc.a
LOAD /home/a-h/x-tools/arm-none-eabi/lib/gcc/arm-none-eabi/4.9.4/../../../../arm-none-eabi/lib/libc.a
END GROUP

.text           0x0000000008000000     0x38f0
 *(.vectors)
 .vectors       0x0000000008000000      0x150 ./libopencm3//lib/libopencm3_stm32f1.a(vector.o)
                0x0000000008000000                vector_table
 *(.text*)
 .text.gpio_init
                0x0000000008000150       0xb0 gpio.o
                0x0000000008000150                gpio_init
 .text.rcc_init
                0x0000000008000200       0x22 rcc.o
                0x0000000008000200                rcc_init
 *fill*         0x0000000008000222        0x2 
 .text.sys_tick_handler
                0x0000000008000224       0x80 rcc.o
                0x0000000008000224                sys_tick_handler
 .text.usart_init
                0x00000000080002a4       0x88 uart.o
                0x00000000080002a4                usart_init
 .text.usart_send_string
                0x000000000800032c       0x1c uart.o
                0x000000000800032c                usart_send_string
 .text.usart_send_byte
                0x0000000008000348       0x14 uart.o
                0x0000000008000348                usart_send_byte
 .text.process_command
                0x000000000800035c       0xec uart.o
                0x000000000800035c                process_command
 .text.usart1_isr
                0x0000000008000448       0xb8 uart.o
                0x0000000008000448                usart1_isr
 .text.my_usart_print_int
                0x0000000008000500       0x60 uart.o
                0x0000000008000500                my_usart_print_int
 .text.can_setup
                0x0000000008000560       0xac can.o
                0x0000000008000560                can_setup
 .text.usb_lp_can_rx0_isr
                0x000000000800060c       0x6c can.o
                0x000000000800060c                usb_lp_can_rx0_isr
 .text.can_send_test
                0x0000000008000678       0x40 can.o
                0x0000000008000678                can_send_test
 .text.adc_init
                0x00000000080006b8       0xa8 adc.o
                0x00000000080006b8                adc_init
 .text.adc_get  0x0000000008000760       0x30 adc.o
                0x0000000008000760                adc_get
 .text.adc_get_temperature
                0x0000000008000790       0x3c adc.o
                0x0000000008000790                adc_get_temperature
 .text.tim1_init
                0x00000000080007cc       0x80 timers.o
                0x00000000080007cc                tim1_init
 .text.tim1_up_isr
                0x000000000800084c       0x20 timers.o
                0x000000000800084c                tim1_up_isr
 .text.tim1_cc_isr
                0x000000000800086c       0x58 timers.o
                0x000000000800086c                tim1_cc_isr
 .text.CO_delete
                0x00000000080008c4       0xb0 CANopen.o
                0x00000000080008c4                CO_delete
 .text.CO_init  0x0000000008000974      0x3f0 CANopen.o
                0x0000000008000974                CO_init
 .text.CO_CANsetConfigurationMode
                0x0000000008000d64        0x2 ./stack/CO_driver.o
                0x0000000008000d64                CO_CANsetConfigurationMode
 .text.CO_CANsetNormalMode
                0x0000000008000d66        0x6 ./stack/CO_driver.o
                0x0000000008000d66                CO_CANsetNormalMode
 .text.CO_CANmodule_init
                0x0000000008000d6c       0x68 ./stack/CO_driver.o
                0x0000000008000d6c                CO_CANmodule_init
 .text.CO_CANmodule_disable
                0x0000000008000dd4        0x2 ./stack/CO_driver.o
                0x0000000008000dd4                CO_CANmodule_disable
 .text.CO_CANrxBufferInit
                0x0000000008000dd6       0x48 ./stack/CO_driver.o
                0x0000000008000dd6                CO_CANrxBufferInit
 .text.CO_CANtxBufferInit
                0x0000000008000e1e       0x3e ./stack/CO_driver.o
                0x0000000008000e1e                CO_CANtxBufferInit
 .text.CO_SDO_receive
                0x0000000008000e5c       0xb6 ./stack/CO_SDO.o
 .text.CO_memcpy
                0x0000000008000f12       0x18 ./stack/CO_SDO.o
                0x0000000008000f12                CO_memcpy
 .text.CO_getUint32
                0x0000000008000f2a       0x20 ./stack/CO_SDO.o
                0x0000000008000f2a                CO_getUint32
 .text.CO_setUint32
                0x0000000008000f4a       0x18 ./stack/CO_SDO.o
                0x0000000008000f4a                CO_setUint32
 .text.CO_ODF_1200
                0x0000000008000f62       0x24 ./stack/CO_SDO.o
 .text.CO_memcpySwap2
                0x0000000008000f86        0xa ./stack/CO_SDO.o
                0x0000000008000f86                CO_memcpySwap2
 .text.CO_memcpySwap4
                0x0000000008000f90       0x12 ./stack/CO_SDO.o
                0x0000000008000f90                CO_memcpySwap4
 .text.CO_OD_find
                0x0000000008000fa2       0x58 ./stack/CO_SDO.o
                0x0000000008000fa2                CO_OD_find
 .text.CO_OD_configure
                0x0000000008000ffa       0x5a ./stack/CO_SDO.o
                0x0000000008000ffa                CO_OD_configure
 .text.CO_SDO_init
                0x0000000008001054       0xf0 ./stack/CO_SDO.o
                0x0000000008001054                CO_SDO_init
 .text.CO_OD_getLength
                0x0000000008001144       0x3e ./stack/CO_SDO.o
                0x0000000008001144                CO_OD_getLength
 .text.CO_OD_getAttribute
                0x0000000008001182       0x4a ./stack/CO_SDO.o
                0x0000000008001182                CO_OD_getAttribute
 .text.CO_OD_getDataPointer
                0x00000000080011cc       0x3c ./stack/CO_SDO.o
                0x00000000080011cc                CO_OD_getDataPointer
 .text.CO_ODF_1003
                0x0000000008001208       0x40 ./stack/CO_Emergency.o
 .text.CO_ODF_1014
                0x0000000008001248       0x1e ./stack/CO_Emergency.o
 *fill*         0x0000000008001266        0x2 
 .text.CO_EM_init
                0x0000000008001268       0xcc ./stack/CO_Emergency.o
                0x0000000008001268                CO_EM_init
 .text.CO_errorReport
                0x0000000008001334       0x92 ./stack/CO_Emergency.o
                0x0000000008001334                CO_errorReport
 .text.CO_NMT_receive
                0x00000000080013c6       0x56 ./stack/CO_NMT_Heartbeat.o
 .text.CO_NMT_init
                0x000000000800141c       0x84 ./stack/CO_NMT_Heartbeat.o
                0x000000000800141c                CO_NMT_init
 .text.CO_ODF_1019
                0x00000000080014a0       0x48 ./stack/CO_SYNC.o
 .text.CO_ODF_1006
                0x00000000080014e8       0x32 ./stack/CO_SYNC.o
 *fill*         0x000000000800151a        0x2 
 .text.CO_ODF_1005
                0x000000000800151c       0x7c ./stack/CO_SYNC.o
 .text.CO_SYNC_receive
                0x0000000008001598       0x40 ./stack/CO_SYNC.o
 .text.CO_SYNC_init
                0x00000000080015d8      0x104 ./stack/CO_SYNC.o
                0x00000000080015d8                CO_SYNC_init
 .text.CO_PDOfindMap
                0x00000000080016dc      0x11c ./stack/CO_PDO.o
 .text.CO_RPDOconfigMap
                0x00000000080017f8       0x96 ./stack/CO_PDO.o
 *fill*         0x000000000800188e        0x2 
 .text.CO_ODF_RPDOmap
                0x0000000008001890       0x98 ./stack/CO_PDO.o
 .text.CO_TPDOconfigMap
                0x0000000008001928       0x8a ./stack/CO_PDO.o
 *fill*         0x00000000080019b2        0x2 
 .text.CO_ODF_TPDOmap
                0x00000000080019b4       0x98 ./stack/CO_PDO.o
 .text.CO_RPDOconfigCom
                0x0000000008001a4c       0x74 ./stack/CO_PDO.o
 .text.CO_ODF_RPDOcom
                0x0000000008001ac0       0xd0 ./stack/CO_PDO.o
 .text.CO_TPDOconfigCom
                0x0000000008001b90       0x50 ./stack/CO_PDO.o
 .text.CO_ODF_TPDOcom
                0x0000000008001be0      0x10c ./stack/CO_PDO.o
 .text.CO_PDO_receive
                0x0000000008001cec       0x8e ./stack/CO_PDO.o
 *fill*         0x0000000008001d7a        0x2 
 .text.CO_RPDO_init
                0x0000000008001d7c       0xbc ./stack/CO_PDO.o
                0x0000000008001d7c                CO_RPDO_init
 .text.CO_TPDO_init
                0x0000000008001e38       0xe4 ./stack/CO_PDO.o
                0x0000000008001e38                CO_TPDO_init
 .text.CO_HBcons_receive
                0x0000000008001f1c        0xe ./stack/CO_HBconsumer.o
 *fill*         0x0000000008001f2a        0x2 
 .text.CO_HBcons_monitoredNodeConfig.part.0
                0x0000000008001f2c       0x50 ./stack/CO_HBconsumer.o
 .text.CO_ODF_1016
                0x0000000008001f7c       0x74 ./stack/CO_HBconsumer.o
 .text.CO_HBconsumer_init
                0x0000000008001ff0       0x68 ./stack/CO_HBconsumer.o
                0x0000000008001ff0                CO_HBconsumer_init
 .text.startup.main
                0x0000000008002058       0x9c mainbms.o
                0x0000000008002058                main
 .text.adc_power_on
                0x00000000080020f4       0x10 ./libopencm3//lib/libopencm3_stm32f1.a(adc.o)
                0x00000000080020f4                adc_power_on
 .text.adc_start_conversion_direct
                0x0000000008002104       0x10 ./libopencm3//lib/libopencm3_stm32f1.a(adc.o)
                0x0000000008002104                adc_start_conversion_direct
 .text.adc_enable_temperature_sensor
                0x0000000008002114       0x10 ./libopencm3//lib/libopencm3_stm32f1.a(adc.o)
                0x0000000008002114                adc_enable_temperature_sensor
 .text.adc_disable_external_trigger_regular
                0x0000000008002124        0xa ./libopencm3//lib/libopencm3_stm32f1.a(adc.o)
                0x0000000008002124                adc_disable_external_trigger_regular
 .text.adc_reset_calibration
                0x000000000800212e       0x14 ./libopencm3//lib/libopencm3_stm32f1.a(adc.o)
                0x000000000800212e                adc_reset_calibration
 .text.adc_calibrate_async
                0x0000000008002142        0xa ./libopencm3//lib/libopencm3_stm32f1.a(adc.o)
                0x0000000008002142                adc_calibrate_async
 .text.adc_is_calibrating
                0x000000000800214c        0x8 ./libopencm3//lib/libopencm3_stm32f1.a(adc.o)
                0x000000000800214c                adc_is_calibrating
 .text.adc_calibrate
                0x0000000008002154       0x14 ./libopencm3//lib/libopencm3_stm32f1.a(adc.o)
                0x0000000008002154                adc_calibrate
 .text.adc_set_sample_time_on_all_channels
                0x0000000008002168       0x2a ./libopencm3//lib/libopencm3_stm32f1.a(adc.o)
                0x0000000008002168                adc_set_sample_time_on_all_channels
 .text.adc_power_off
                0x0000000008002192        0xa ./libopencm3//lib/libopencm3_stm32f1.a(adc_common_v1.o)
                0x0000000008002192                adc_power_off
 .text.adc_disable_scan_mode
                0x000000000800219c        0xa ./libopencm3//lib/libopencm3_stm32f1.a(adc_common_v1.o)
                0x000000000800219c                adc_disable_scan_mode
 .text.adc_set_right_aligned
                0x00000000080021a6        0xa ./libopencm3//lib/libopencm3_stm32f1.a(adc_common_v1.o)
                0x00000000080021a6                adc_set_right_aligned
 .text.adc_set_single_conversion_mode
                0x00000000080021b0        0xa ./libopencm3//lib/libopencm3_stm32f1.a(adc_common_v1.o)
                0x00000000080021b0                adc_set_single_conversion_mode
 .text.adc_set_regular_sequence
                0x00000000080021ba       0x78 ./libopencm3//lib/libopencm3_stm32f1.a(adc_common_v1.o)
                0x00000000080021ba                adc_set_regular_sequence
 *fill*         0x0000000008002232        0x2 
 .text.can_reset
                0x0000000008002234       0x18 ./libopencm3//lib/libopencm3_stm32f1.a(can.o)
                0x0000000008002234                can_reset
 .text.can_init
                0x000000000800224c      0x124 ./libopencm3//lib/libopencm3_stm32f1.a(can.o)
                0x000000000800224c                can_init
 .text.can_filter_init
                0x0000000008002370       0x8e ./libopencm3//lib/libopencm3_stm32f1.a(can.o)
                0x0000000008002370                can_filter_init
 .text.can_filter_id_mask_32bit_init
                0x00000000080023fe       0x1a ./libopencm3//lib/libopencm3_stm32f1.a(can.o)
                0x00000000080023fe                can_filter_id_mask_32bit_init
 .text.can_enable_irq
                0x0000000008002418        0x8 ./libopencm3//lib/libopencm3_stm32f1.a(can.o)
                0x0000000008002418                can_enable_irq
 .text.can_transmit
                0x0000000008002420       0xc4 ./libopencm3//lib/libopencm3_stm32f1.a(can.o)
                0x0000000008002420                can_transmit
 .text.can_fifo_release
                0x00000000080024e4       0x16 ./libopencm3//lib/libopencm3_stm32f1.a(can.o)
                0x00000000080024e4                can_fifo_release
 *fill*         0x00000000080024fa        0x2 
 .text.can_receive
                0x00000000080024fc       0xd0 ./libopencm3//lib/libopencm3_stm32f1.a(can.o)
                0x00000000080024fc                can_receive
 .text.gpio_set_mode
                0x00000000080025cc       0x64 ./libopencm3//lib/libopencm3_stm32f1.a(gpio.o)
                0x00000000080025cc                gpio_set_mode
 .text.rcc_osc_on.part.1
                0x0000000008002630       0x10 ./libopencm3//lib/libopencm3_stm32f1.a(rcc.o)
 .text.rcc_is_osc_ready
                0x0000000008002640       0x5c ./libopencm3//lib/libopencm3_stm32f1.a(rcc.o)
                0x0000000008002640                rcc_is_osc_ready
 .text.rcc_wait_for_osc_ready
                0x000000000800269c       0x10 ./libopencm3//lib/libopencm3_stm32f1.a(rcc.o)
                0x000000000800269c                rcc_wait_for_osc_ready
 .text.rcc_osc_on
                0x00000000080026ac       0x54 ./libopencm3//lib/libopencm3_stm32f1.a(rcc.o)
                0x00000000080026ac                rcc_osc_on
 .text.rcc_set_sysclk_source
                0x0000000008002700       0x14 ./libopencm3//lib/libopencm3_stm32f1.a(rcc.o)
                0x0000000008002700                rcc_set_sysclk_source
 .text.rcc_set_pll_multiplication_factor
                0x0000000008002714       0x14 ./libopencm3//lib/libopencm3_stm32f1.a(rcc.o)
                0x0000000008002714                rcc_set_pll_multiplication_factor
 .text.rcc_set_pll_source
                0x0000000008002728       0x14 ./libopencm3//lib/libopencm3_stm32f1.a(rcc.o)
                0x0000000008002728                rcc_set_pll_source
 .text.rcc_set_adcpre
                0x000000000800273c       0x14 ./libopencm3//lib/libopencm3_stm32f1.a(rcc.o)
                0x000000000800273c                rcc_set_adcpre
 .text.rcc_set_ppre2
                0x0000000008002750       0x14 ./libopencm3//lib/libopencm3_stm32f1.a(rcc.o)
                0x0000000008002750                rcc_set_ppre2
 .text.rcc_set_ppre1
                0x0000000008002764       0x14 ./libopencm3//lib/libopencm3_stm32f1.a(rcc.o)
                0x0000000008002764                rcc_set_ppre1
 .text.rcc_set_hpre
                0x0000000008002778       0x14 ./libopencm3//lib/libopencm3_stm32f1.a(rcc.o)
                0x0000000008002778                rcc_set_hpre
 .text.rcc_clock_setup_in_hsi_out_64mhz
                0x000000000800278c       0x74 ./libopencm3//lib/libopencm3_stm32f1.a(rcc.o)
                0x000000000800278c                rcc_clock_setup_in_hsi_out_64mhz
 .text.gpio_set
                0x0000000008002800        0x4 ./libopencm3//lib/libopencm3_stm32f1.a(gpio_common_all.o)
                0x0000000008002800                gpio_set
 .text.gpio_clear
                0x0000000008002804        0x6 ./libopencm3//lib/libopencm3_stm32f1.a(gpio_common_all.o)
                0x0000000008002804                gpio_clear
 .text.gpio_toggle
                0x000000000800280a       0x10 ./libopencm3//lib/libopencm3_stm32f1.a(gpio_common_all.o)
                0x000000000800280a                gpio_toggle
 .text.timer_enable_irq
                0x000000000800281a        0x8 ./libopencm3//lib/libopencm3_stm32f1.a(timer_common_all.o)
                0x000000000800281a                timer_enable_irq
 .text.timer_clear_flag
                0x0000000008002822        0x6 ./libopencm3//lib/libopencm3_stm32f1.a(timer_common_all.o)
                0x0000000008002822                timer_clear_flag
 .text.timer_set_mode
                0x0000000008002828       0x12 ./libopencm3//lib/libopencm3_stm32f1.a(timer_common_all.o)
                0x0000000008002828                timer_set_mode
 .text.timer_disable_preload
                0x000000000800283a        0xa ./libopencm3//lib/libopencm3_stm32f1.a(timer_common_all.o)
                0x000000000800283a                timer_disable_preload
 .text.timer_continuous_mode
                0x0000000008002844        0xa ./libopencm3//lib/libopencm3_stm32f1.a(timer_common_all.o)
                0x0000000008002844                timer_continuous_mode
 .text.timer_enable_counter
                0x000000000800284e        0xa ./libopencm3//lib/libopencm3_stm32f1.a(timer_common_all.o)
                0x000000000800284e                timer_enable_counter
 .text.timer_set_prescaler
                0x0000000008002858        0x4 ./libopencm3//lib/libopencm3_stm32f1.a(timer_common_all.o)
                0x0000000008002858                timer_set_prescaler
 .text.timer_set_period
                0x000000000800285c        0x4 ./libopencm3//lib/libopencm3_stm32f1.a(timer_common_all.o)
                0x000000000800285c                timer_set_period
 .text.timer_enable_oc_preload
                0x0000000008002860       0x34 ./libopencm3//lib/libopencm3_stm32f1.a(timer_common_all.o)
                0x0000000008002860                timer_enable_oc_preload
 .text.timer_set_oc_value
                0x0000000008002894       0x20 ./libopencm3//lib/libopencm3_stm32f1.a(timer_common_all.o)
                0x0000000008002894                timer_set_oc_value
 .text.usart_set_baudrate
                0x00000000080028b4       0x28 ./libopencm3//lib/libopencm3_stm32f1.a(usart_common_all.o)
                0x00000000080028b4                usart_set_baudrate
 .text.usart_set_databits
                0x00000000080028dc       0x12 ./libopencm3//lib/libopencm3_stm32f1.a(usart_common_all.o)
                0x00000000080028dc                usart_set_databits
 .text.usart_set_stopbits
                0x00000000080028ee        0xc ./libopencm3//lib/libopencm3_stm32f1.a(usart_common_all.o)
                0x00000000080028ee                usart_set_stopbits
 .text.usart_set_parity
                0x00000000080028fa        0xc ./libopencm3//lib/libopencm3_stm32f1.a(usart_common_all.o)
                0x00000000080028fa                usart_set_parity
 .text.usart_set_mode
                0x0000000008002906        0xc ./libopencm3//lib/libopencm3_stm32f1.a(usart_common_all.o)
                0x0000000008002906                usart_set_mode
 .text.usart_set_flow_control
                0x0000000008002912        0xc ./libopencm3//lib/libopencm3_stm32f1.a(usart_common_all.o)
                0x0000000008002912                usart_set_flow_control
 .text.usart_enable
                0x000000000800291e        0xa ./libopencm3//lib/libopencm3_stm32f1.a(usart_common_all.o)
                0x000000000800291e                usart_enable
 .text.usart_send_blocking
                0x0000000008002928       0x16 ./libopencm3//lib/libopencm3_stm32f1.a(usart_common_all.o)
                0x0000000008002928                usart_send_blocking
 .text.usart_send
                0x000000000800293e        0x8 ./libopencm3//lib/libopencm3_stm32f1.a(usart_common_f124.o)
                0x000000000800293e                usart_send
 .text.usart_recv
                0x0000000008002946        0x8 ./libopencm3//lib/libopencm3_stm32f1.a(usart_common_f124.o)
                0x0000000008002946                usart_recv
 .text.usart_wait_send_ready
                0x000000000800294e        0x8 ./libopencm3//lib/libopencm3_stm32f1.a(usart_common_f124.o)
                0x000000000800294e                usart_wait_send_ready
 .text.rcc_periph_clock_enable
                0x0000000008002956       0x1a ./libopencm3//lib/libopencm3_stm32f1.a(rcc_common_all.o)
                0x0000000008002956                rcc_periph_clock_enable
 .text.rcc_periph_reset_pulse
                0x0000000008002970       0x22 ./libopencm3//lib/libopencm3_stm32f1.a(rcc_common_all.o)
                0x0000000008002970                rcc_periph_reset_pulse
 *fill*         0x0000000008002992        0x2 
 .text.flash_set_ws
                0x0000000008002994       0x14 ./libopencm3//lib/libopencm3_stm32f1.a(flash_common_f01.o)
                0x0000000008002994                flash_set_ws
 .text.blocking_handler
                0x00000000080029a8        0x2 ./libopencm3//lib/libopencm3_stm32f1.a(vector.o)
                0x00000000080029a8                usart3_isr
                0x00000000080029a8                rtc_isr
                0x00000000080029a8                tim7_isr
                0x00000000080029a8                adc1_2_isr
                0x00000000080029a8                tim1_trg_com_isr
                0x00000000080029a8                usb_hp_can_tx_isr
                0x00000000080029a8                tim6_isr
                0x00000000080029a8                usb_wakeup_isr
                0x00000000080029a8                blocking_handler
                0x00000000080029a8                tim5_isr
                0x00000000080029a8                otg_fs_isr
                0x00000000080029a8                spi1_isr
                0x00000000080029a8                dma1_channel6_isr
                0x00000000080029a8                exti2_isr
                0x00000000080029a8                can_rx1_isr
                0x00000000080029a8                dma1_channel5_isr
                0x00000000080029a8                dma2_channel5_isr
                0x00000000080029a8                usage_fault_handler
                0x00000000080029a8                tim8_trg_com_isr
                0x00000000080029a8                can2_rx0_isr
                0x00000000080029a8                tim1_brk_isr
                0x00000000080029a8                can2_rx1_isr
                0x00000000080029a8                sdio_isr
                0x00000000080029a8                eth_isr
                0x00000000080029a8                dma1_channel4_isr
                0x00000000080029a8                tim8_brk_isr
                0x00000000080029a8                dma2_channel4_5_isr
                0x00000000080029a8                pvd_isr
                0x00000000080029a8                rcc_isr
                0x00000000080029a8                flash_isr
                0x00000000080029a8                uart4_isr
                0x00000000080029a8                rtc_alarm_isr
                0x00000000080029a8                exti15_10_isr
                0x00000000080029a8                hard_fault_handler
                0x00000000080029a8                exti1_isr
                0x00000000080029a8                i2c1_ev_isr
                0x00000000080029a8                dma2_channel1_isr
                0x00000000080029a8                spi2_isr
                0x00000000080029a8                tim8_up_isr
                0x00000000080029a8                dma2_channel2_isr
                0x00000000080029a8                adc3_isr
                0x00000000080029a8                exti3_isr
                0x00000000080029a8                tim3_isr
                0x00000000080029a8                usart2_isr
                0x00000000080029a8                i2c2_er_isr
                0x00000000080029a8                i2c2_ev_isr
                0x00000000080029a8                uart5_isr
                0x00000000080029a8                fsmc_isr
                0x00000000080029a8                dma1_channel1_isr
                0x00000000080029a8                exti4_isr
                0x00000000080029a8                mem_manage_handler
                0x00000000080029a8                can2_tx_isr
                0x00000000080029a8                exti9_5_isr
                0x00000000080029a8                dma2_channel3_isr
                0x00000000080029a8                dma1_channel7_isr
                0x00000000080029a8                can2_sce_isr
                0x00000000080029a8                tim4_isr
                0x00000000080029a8                dma1_channel2_isr
                0x00000000080029a8                i2c1_er_isr
                0x00000000080029a8                can_sce_isr
                0x00000000080029a8                tim8_cc_isr
                0x00000000080029a8                tamper_isr
                0x00000000080029a8                eth_wkup_isr
                0x00000000080029a8                bus_fault_handler
                0x00000000080029a8                wwdg_isr
                0x00000000080029a8                dma1_channel3_isr
                0x00000000080029a8                spi3_isr
                0x00000000080029a8                tim2_isr
                0x00000000080029a8                exti0_isr
 .text.null_handler
                0x00000000080029aa        0x2 ./libopencm3//lib/libopencm3_stm32f1.a(vector.o)
                0x00000000080029aa                null_handler
                0x00000000080029aa                sv_call_handler
                0x00000000080029aa                pend_sv_handler
                0x00000000080029aa                debug_monitor_handler
                0x00000000080029aa                nmi_handler
 .text.reset_handler
                0x00000000080029ac       0x90 ./libopencm3//lib/libopencm3_stm32f1.a(vector.o)
                0x00000000080029ac                reset_handler
 .text.nvic_enable_irq
                0x0000000008002a3c       0x18 ./libopencm3//lib/libopencm3_stm32f1.a(nvic.o)
                0x0000000008002a3c                nvic_enable_irq
 .text.nvic_set_priority
                0x0000000008002a54       0x20 ./libopencm3//lib/libopencm3_stm32f1.a(nvic.o)
                0x0000000008002a54                nvic_set_priority
 .text          0x0000000008002a74       0x10 /home/a-h/x-tools/arm-none-eabi/lib/gcc/arm-none-eabi/4.9.4/../../../../arm-none-eabi/lib/libc.a(lib_a-calloc.o)
                0x0000000008002a74                calloc
 .text          0x0000000008002a84       0x5a /home/a-h/x-tools/arm-none-eabi/lib/gcc/arm-none-eabi/4.9.4/../../../../arm-none-eabi/lib/libc.a(lib_a-callocr.o)
                0x0000000008002a84                _calloc_r
 *fill*         0x0000000008002ade        0x2 
 .text          0x0000000008002ae0       0x20 /home/a-h/x-tools/arm-none-eabi/lib/gcc/arm-none-eabi/4.9.4/../../../../arm-none-eabi/lib/libc.a(lib_a-malloc.o)
                0x0000000008002ae0                malloc
                0x0000000008002af0                free
 .text          0x0000000008002b00      0x430 /home/a-h/x-tools/arm-none-eabi/lib/gcc/arm-none-eabi/4.9.4/../../../../arm-none-eabi/lib/libc.a(lib_a-mallocr.o)
                0x0000000008002b00                _malloc_r
 .text          0x0000000008002f30       0x10 /home/a-h/x-tools/arm-none-eabi/lib/gcc/arm-none-eabi/4.9.4/../../../../arm-none-eabi/lib/libc.a(lib_a-memset.o)
                0x0000000008002f30                memset
 .text          0x0000000008002f40        0x4 /home/a-h/x-tools/arm-none-eabi/lib/gcc/arm-none-eabi/4.9.4/../../../../arm-none-eabi/lib/libc.a(lib_a-mlock.o)
                0x0000000008002f40                __malloc_lock
                0x0000000008002f42                __malloc_unlock
 .text          0x0000000008002f44       0x20 /home/a-h/x-tools/arm-none-eabi/lib/gcc/arm-none-eabi/4.9.4/../../../../arm-none-eabi/lib/libc.a(lib_a-sbrkr.o)
                0x0000000008002f44                _sbrk_r
 .text          0x0000000008002f64       0x32 /home/a-h/x-tools/arm-none-eabi/lib/gcc/arm-none-eabi/4.9.4/../../../../arm-none-eabi/lib/libc.a(lib_a-strncmp.o)
                0x0000000008002f64                strncmp
 *fill*         0x0000000008002f96        0x2 
 .text          0x0000000008002f98      0x210 /home/a-h/x-tools/arm-none-eabi/lib/gcc/arm-none-eabi/4.9.4/../../../../arm-none-eabi/lib/libc.a(lib_a-freer.o)
                0x0000000008002f98                _malloc_trim_r
                0x0000000008003034                _free_r
 .text          0x00000000080031a8       0x1c /home/a-h/x-tools/arm-none-eabi/lib/gcc/arm-none-eabi/4.9.4/../../../../arm-none-eabi/lib/libnosys.a(sbrk.o)
                0x00000000080031a8                _sbrk
                0x00000000080031c4                . = ALIGN (0x4)
 *(.rodata*)
 .rodata.str1.1
                0x00000000080031c4       0x2f uart.o
 .rodata        0x00000000080031f3        0x8 can.o
 *fill*         0x00000000080031fb        0x1 
 .rodata.OD_record1602
                0x00000000080031fc       0x48 ./stack/CO_OD.o
                0x00000000080031fc                OD_record1602
 .rodata.OD_record2120
                0x0000000008003244       0x30 ./stack/CO_OD.o
                0x0000000008003244                OD_record2120
 .rodata.OD_record1200
                0x0000000008003274       0x18 ./stack/CO_OD.o
                0x0000000008003274                OD_record1200
 .rodata.OD_record1400
                0x000000000800328c       0x18 ./stack/CO_OD.o
                0x000000000800328c                OD_record1400
 .rodata.OD_record1A01
                0x00000000080032a4       0x48 ./stack/CO_OD.o
                0x00000000080032a4                OD_record1A01
 .rodata.OD_record1402
                0x00000000080032ec       0x18 ./stack/CO_OD.o
                0x00000000080032ec                OD_record1402
 .rodata.OD_record2130
                0x0000000008003304       0x20 ./stack/CO_OD.o
                0x0000000008003304                OD_record2130
 .rodata.OD_record1401
                0x0000000008003324       0x18 ./stack/CO_OD.o
                0x0000000008003324                OD_record1401
 .rodata.OD_record1018
                0x000000000800333c       0x28 ./stack/CO_OD.o
                0x000000000800333c                OD_record1018
 .rodata.OD_record1800
                0x0000000008003364       0x38 ./stack/CO_OD.o
                0x0000000008003364                OD_record1800
 .rodata.OD_record1801
                0x000000000800339c       0x38 ./stack/CO_OD.o
                0x000000000800339c                OD_record1801
 .rodata.OD_record1802
                0x00000000080033d4       0x38 ./stack/CO_OD.o
                0x00000000080033d4                OD_record1802
 .rodata.OD_record1803
                0x000000000800340c       0x38 ./stack/CO_OD.o
                0x000000000800340c                OD_record1803
 .rodata.OD_record1403
                0x0000000008003444       0x18 ./stack/CO_OD.o
                0x0000000008003444                OD_record1403
 .rodata.OD_record1A00
                0x000000000800345c       0x48 ./stack/CO_OD.o
                0x000000000800345c                OD_record1A00
 .rodata.CO_OD  0x00000000080034a4      0x294 ./stack/CO_OD.o
                0x00000000080034a4                CO_OD
 .rodata.OD_record1A02
                0x0000000008003738       0x48 ./stack/CO_OD.o
                0x0000000008003738                OD_record1A02
 .rodata.OD_record1A03
                0x0000000008003780       0x48 ./stack/CO_OD.o
                0x0000000008003780                OD_record1A03
 .rodata.OD_record1600
                0x00000000080037c8       0x48 ./stack/CO_OD.o
                0x00000000080037c8                OD_record1600
 .rodata.OD_record1601
                0x0000000008003810       0x48 ./stack/CO_OD.o
                0x0000000008003810                OD_record1601
 .rodata.OD_record1603
                0x0000000008003858       0x48 ./stack/CO_OD.o
                0x0000000008003858                OD_record1603
 .rodata.str1.1
                0x00000000080038a0       0x47 mainbms.o
 *fill*         0x00000000080038e7        0x1 
 .rodata        0x00000000080038e8        0x8 ./libopencm3//lib/libopencm3_stm32f1.a(can.o)
 .rodata.str1.1
                0x00000000080038f0       0x47 /home/a-h/x-tools/arm-none-eabi/lib/gcc/arm-none-eabi/4.9.4/../../../../arm-none-eabi/lib/libc.a(lib_a-impure.o)
                                          0x2 (size before relaxing)
                0x0000000008003938                . = ALIGN (0x4)

.glue_7         0x00000000080038f0        0x0
 .glue_7        0x00000000080038f0        0x0 linker stubs

.glue_7t        0x00000000080038f0        0x0
 .glue_7t       0x00000000080038f0        0x0 linker stubs

.vfp11_veneer   0x00000000080038f0        0x0
 .vfp11_veneer  0x00000000080038f0        0x0 linker stubs

.v4_bx          0x00000000080038f0        0x0
 .v4_bx         0x00000000080038f0        0x0 linker stubs

.iplt           0x00000000080038f0        0x0
 .iplt          0x00000000080038f0        0x0 gpio.o

.rel.dyn        0x00000000080038f0        0x0
 .rel.iplt      0x00000000080038f0        0x0 gpio.o

.preinit_array  0x00000000080038f0        0x0
                0x00000000080038f0                . = ALIGN (0x4)
                0x00000000080038f0                __preinit_array_start = .
 *(.preinit_array)
                0x00000000080038f0                __preinit_array_end = .

.init_array     0x00000000080038f0        0x0
                0x00000000080038f0                . = ALIGN (0x4)
                0x00000000080038f0                __init_array_start = .
 *(SORT(.init_array.*))
 *(.init_array)
                0x00000000080038f0                __init_array_end = .

.fini_array     0x00000000080038f0        0x0
                0x00000000080038f0                . = ALIGN (0x4)
                0x00000000080038f0                __fini_array_start = .
 *(.fini_array)
 *(SORT(.fini_array.*))
                0x00000000080038f0                __fini_array_end = .

.ARM.extab
 *(.ARM.extab*)

.ARM.exidx      0x00000000080038f0        0x0
                0x00000000080038f0                __exidx_start = .
 *(.ARM.exidx*)
                0x00000000080038f0                __exidx_end = .
                0x00000000080038f0                . = ALIGN (0x4)
                0x00000000080038f0                _etext = .

.data           0x0000000020000000      0xd08 load address 0x00000000080038f0
                0x0000000020000000                _data = .
 *(.data*)
 .data.data.4346
                0x0000000020000000        0x8 rcc.o
 .data.help_msg
                0x0000000020000008       0xd1 uart.o
                0x0000000020000008                help_msg
 *fill*         0x00000000200000d9        0x3 
 .data.CO_OD_ROM
                0x00000000200000dc      0x258 ./stack/CO_OD.o
                0x00000000200000dc                CO_OD_ROM
 *fill*         0x0000000020000334        0x4 
 .data.CO_OD_RAM
                0x0000000020000338      0x130 ./stack/CO_OD.o
                0x0000000020000338                CO_OD_RAM
 .data.CO_OD_EEPROM
                0x0000000020000468       0x4c ./stack/CO_OD.o
                0x0000000020000468                CO_OD_EEPROM
 .data.upcount  0x00000000200004b4        0x1 mainbms.o
                0x00000000200004b4                upcount
 *fill*         0x00000000200004b5        0x1 
 .data.compare_time
                0x00000000200004b6        0x2 mainbms.o
                0x00000000200004b6                compare_time
 .data.rcc_ahb_frequency
                0x00000000200004b8        0x4 ./libopencm3//lib/libopencm3_stm32f1.a(rcc.o)
                0x00000000200004b8                rcc_ahb_frequency
 .data.rcc_apb1_frequency
                0x00000000200004bc        0x4 ./libopencm3//lib/libopencm3_stm32f1.a(rcc.o)
                0x00000000200004bc                rcc_apb1_frequency
 .data.rcc_apb2_frequency
                0x00000000200004c0        0x4 ./libopencm3//lib/libopencm3_stm32f1.a(rcc.o)
                0x00000000200004c0                rcc_apb2_frequency
 *fill*         0x00000000200004c4        0x4 
 .data          0x00000000200004c8      0x430 /home/a-h/x-tools/arm-none-eabi/lib/gcc/arm-none-eabi/4.9.4/../../../../arm-none-eabi/lib/libc.a(lib_a-impure.o)
                0x00000000200004c8                _impure_ptr
 .data          0x00000000200008f8      0x410 /home/a-h/x-tools/arm-none-eabi/lib/gcc/arm-none-eabi/4.9.4/../../../../arm-none-eabi/lib/libc.a(lib_a-mallocr.o)
                0x00000000200008f8                __malloc_av_
                0x0000000020000d00                __malloc_sbrk_base
                0x0000000020000d04                __malloc_trim_threshold
                0x0000000020000d08                . = ALIGN (0x4)
                0x0000000020000d08                _edata = .
                0x00000000080038f0                _data_loadaddr = LOADADDR (.data)

.igot.plt       0x0000000020000d08        0x0 load address 0x00000000080045f8
 .igot.plt      0x0000000020000d08        0x0 gpio.o

.bss            0x0000000020000d08       0xf4 load address 0x00000000080045f8
 *(.bss*)
 .bss.temp32.4345
                0x0000000020000d08        0x4 rcc.o
 .bss.rec_len   0x0000000020000d0c        0x1 uart.o
                0x0000000020000d0c                rec_len
 *fill*         0x0000000020000d0d        0x3 
 .bss.usart1    0x0000000020000d10       0x10 uart.o
                0x0000000020000d10                usart1
 .bss.resiever  0x0000000020000d20       0x32 uart.o
                0x0000000020000d20                resiever
 *fill*         0x0000000020000d52        0x2 
 .bss.CO_HBcons_monitoredNodes
                0x0000000020000d54        0x4 CANopen.o
 .bss.CO        0x0000000020000d58        0x4 CANopen.o
                0x0000000020000d58                CO
 .bss.CO_SDO_ODExtensions
                0x0000000020000d5c        0x4 CANopen.o
 .bss.CO_CANmodule_txArray0
                0x0000000020000d60        0x4 CANopen.o
 .bss.CO_CANmodule_rxArray0
                0x0000000020000d64        0x4 CANopen.o
 .bss.CO_memoryUsed
                0x0000000020000d68        0x4 CANopen.o
 .bss.COO       0x0000000020000d6c       0x3c CANopen.o
 .bss.dummyTX.4984
                0x0000000020000da8        0x4 ./stack/CO_PDO.o
 .bss.dummyRX.4985
                0x0000000020000dac        0x4 ./stack/CO_PDO.o
 .bss.channel_array
                0x0000000020000db0       0x10 mainbms.o
                0x0000000020000db0                channel_array
 .bss           0x0000000020000dc0       0x34 /home/a-h/x-tools/arm-none-eabi/lib/gcc/arm-none-eabi/4.9.4/../../../../arm-none-eabi/lib/libc.a(lib_a-mallocr.o)
                0x0000000020000dc0                __malloc_top_pad
                0x0000000020000dc4                __malloc_current_mallinfo
                0x0000000020000dec                __malloc_max_sbrked_mem
                0x0000000020000df0                __malloc_max_total_mem
 .bss           0x0000000020000df4        0x4 /home/a-h/x-tools/arm-none-eabi/lib/gcc/arm-none-eabi/4.9.4/../../../../arm-none-eabi/lib/libnosys.a(sbrk.o)
 *(COMMON)
 COMMON         0x0000000020000df8        0x4 /home/a-h/x-tools/arm-none-eabi/lib/gcc/arm-none-eabi/4.9.4/../../../../arm-none-eabi/lib/libc.a(lib_a-reent.o)
                0x0000000020000df8                errno
                0x0000000020000dfc                . = ALIGN (0x4)
                0x0000000020000dfc                _ebss = .

/DISCARD/
 *(.eh_frame)
                0x0000000020000dfc                . = ALIGN (0x4)
                0x0000000020000dfc                end = .
                0x0000000020005000                PROVIDE (_stack, (ORIGIN (ram) + LENGTH (ram)))
OUTPUT(mainbms.elf elf32-littlearm)

.debug_info     0x0000000000000000    0x193db
 .debug_info    0x0000000000000000      0x53e gpio.o
 .debug_info    0x000000000000053e      0x43b rcc.o
 .debug_info    0x0000000000000979      0xbc1 uart.o
 .debug_info    0x000000000000153a      0x790 can.o
 .debug_info    0x0000000000001cca      0x60d adc.o
 .debug_info    0x00000000000022d7      0x756 timers.o
 .debug_info    0x0000000000002a2d     0x2596 CANopen.o
 .debug_info    0x0000000000004fc3      0x982 ./stack/CO_driver.o
 .debug_info    0x0000000000005945     0x1973 ./stack/CO_SDO.o
 .debug_info    0x00000000000072b8     0x1159 ./stack/CO_Emergency.o
 .debug_info    0x0000000000008411      0xad3 ./stack/CO_NMT_Heartbeat.o
 .debug_info    0x0000000000008ee4     0x1090 ./stack/CO_SYNC.o
 .debug_info    0x0000000000009f74     0x1c78 ./stack/CO_PDO.o
 .debug_info    0x000000000000bbec      0xf52 ./stack/CO_HBconsumer.o
 .debug_info    0x000000000000cb3e      0xb59 ./stack/CO_OD.o
 .debug_info    0x000000000000d697     0x12cf mainbms.o
 .debug_info    0x000000000000e966      0x387 ./libopencm3//lib/libopencm3_stm32f1.a(adc.o)
 .debug_info    0x000000000000eced      0x7b4 ./libopencm3//lib/libopencm3_stm32f1.a(adc_common_v1.o)
 .debug_info    0x000000000000f4a1      0xa27 ./libopencm3//lib/libopencm3_stm32f1.a(can.o)
 .debug_info    0x000000000000fec8      0x1df ./libopencm3//lib/libopencm3_stm32f1.a(gpio.o)
 .debug_info    0x00000000000100a7     0x10fd ./libopencm3//lib/libopencm3_stm32f1.a(rcc.o)
 .debug_info    0x00000000000111a4      0x22c ./libopencm3//lib/libopencm3_stm32f1.a(gpio_common_all.o)
 .debug_info    0x00000000000113d0     0x117e ./libopencm3//lib/libopencm3_stm32f1.a(timer_common_all.o)
 .debug_info    0x000000000001254e      0x4cf ./libopencm3//lib/libopencm3_stm32f1.a(usart_common_all.o)
 .debug_info    0x0000000000012a1d      0x17a ./libopencm3//lib/libopencm3_stm32f1.a(usart_common_f124.o)
 .debug_info    0x0000000000012b97      0x5b8 ./libopencm3//lib/libopencm3_stm32f1.a(rcc_common_all.o)
 .debug_info    0x000000000001314f      0x27f ./libopencm3//lib/libopencm3_stm32f1.a(flash_common_f01.o)
 .debug_info    0x00000000000133ce      0x2a4 ./libopencm3//lib/libopencm3_stm32f1.a(vector.o)
 .debug_info    0x0000000000013672      0x214 ./libopencm3//lib/libopencm3_stm32f1.a(nvic.o)
 .debug_info    0x0000000000013886      0x8de /home/a-h/x-tools/arm-none-eabi/lib/gcc/arm-none-eabi/4.9.4/../../../../arm-none-eabi/lib/libc.a(lib_a-calloc.o)
 .debug_info    0x0000000000014164      0x9e8 /home/a-h/x-tools/arm-none-eabi/lib/gcc/arm-none-eabi/4.9.4/../../../../arm-none-eabi/lib/libc.a(lib_a-callocr.o)
 .debug_info    0x0000000000014b4c      0x890 /home/a-h/x-tools/arm-none-eabi/lib/gcc/arm-none-eabi/4.9.4/../../../../arm-none-eabi/lib/libc.a(lib_a-impure.o)
 .debug_info    0x00000000000153dc      0x911 /home/a-h/x-tools/arm-none-eabi/lib/gcc/arm-none-eabi/4.9.4/../../../../arm-none-eabi/lib/libc.a(lib_a-malloc.o)
 .debug_info    0x0000000000015ced      0xd21 /home/a-h/x-tools/arm-none-eabi/lib/gcc/arm-none-eabi/4.9.4/../../../../arm-none-eabi/lib/libc.a(lib_a-mallocr.o)
 .debug_info    0x0000000000016a0e       0xcf /home/a-h/x-tools/arm-none-eabi/lib/gcc/arm-none-eabi/4.9.4/../../../../arm-none-eabi/lib/libc.a(lib_a-memset.o)
 .debug_info    0x0000000000016add      0x8b0 /home/a-h/x-tools/arm-none-eabi/lib/gcc/arm-none-eabi/4.9.4/../../../../arm-none-eabi/lib/libc.a(lib_a-mlock.o)
 .debug_info    0x000000000001738d      0x8f0 /home/a-h/x-tools/arm-none-eabi/lib/gcc/arm-none-eabi/4.9.4/../../../../arm-none-eabi/lib/libc.a(lib_a-sbrkr.o)
 .debug_info    0x0000000000017c7d       0xcb /home/a-h/x-tools/arm-none-eabi/lib/gcc/arm-none-eabi/4.9.4/../../../../arm-none-eabi/lib/libc.a(lib_a-strncmp.o)
 .debug_info    0x0000000000017d48      0xc07 /home/a-h/x-tools/arm-none-eabi/lib/gcc/arm-none-eabi/4.9.4/../../../../arm-none-eabi/lib/libc.a(lib_a-freer.o)
 .debug_info    0x000000000001894f      0x9f7 /home/a-h/x-tools/arm-none-eabi/lib/gcc/arm-none-eabi/4.9.4/../../../../arm-none-eabi/lib/libc.a(lib_a-reent.o)
 .debug_info    0x0000000000019346       0x95 /home/a-h/x-tools/arm-none-eabi/lib/gcc/arm-none-eabi/4.9.4/../../../../arm-none-eabi/lib/libnosys.a(sbrk.o)

.debug_abbrev   0x0000000000000000     0x46ca
 .debug_abbrev  0x0000000000000000      0x104 gpio.o
 .debug_abbrev  0x0000000000000104      0x116 rcc.o
 .debug_abbrev  0x000000000000021a      0x272 uart.o
 .debug_abbrev  0x000000000000048c      0x156 can.o
 .debug_abbrev  0x00000000000005e2      0x12f adc.o
 .debug_abbrev  0x0000000000000711       0xdf timers.o
 .debug_abbrev  0x00000000000007f0      0x2f7 CANopen.o
 .debug_abbrev  0x0000000000000ae7      0x287 ./stack/CO_driver.o
 .debug_abbrev  0x0000000000000d6e      0x40b ./stack/CO_SDO.o
 .debug_abbrev  0x0000000000001179      0x2e8 ./stack/CO_Emergency.o
 .debug_abbrev  0x0000000000001461      0x2ba ./stack/CO_NMT_Heartbeat.o
 .debug_abbrev  0x000000000000171b      0x2dd ./stack/CO_SYNC.o
 .debug_abbrev  0x00000000000019f8      0x344 ./stack/CO_PDO.o
 .debug_abbrev  0x0000000000001d3c      0x2da ./stack/CO_HBconsumer.o
 .debug_abbrev  0x0000000000002016      0x105 ./stack/CO_OD.o
 .debug_abbrev  0x000000000000211b      0x1fa mainbms.o
 .debug_abbrev  0x0000000000002315      0x165 ./libopencm3//lib/libopencm3_stm32f1.a(adc.o)
 .debug_abbrev  0x000000000000247a      0x149 ./libopencm3//lib/libopencm3_stm32f1.a(adc_common_v1.o)
 .debug_abbrev  0x00000000000025c3      0x24c ./libopencm3//lib/libopencm3_stm32f1.a(can.o)
 .debug_abbrev  0x000000000000280f       0xb7 ./libopencm3//lib/libopencm3_stm32f1.a(gpio.o)
 .debug_abbrev  0x00000000000028c6      0x291 ./libopencm3//lib/libopencm3_stm32f1.a(rcc.o)
 .debug_abbrev  0x0000000000002b57      0x10e ./libopencm3//lib/libopencm3_stm32f1.a(gpio_common_all.o)
 .debug_abbrev  0x0000000000002c65      0x15c ./libopencm3//lib/libopencm3_stm32f1.a(timer_common_all.o)
 .debug_abbrev  0x0000000000002dc1      0x12b ./libopencm3//lib/libopencm3_stm32f1.a(usart_common_all.o)
 .debug_abbrev  0x0000000000002eec       0x8e ./libopencm3//lib/libopencm3_stm32f1.a(usart_common_f124.o)
 .debug_abbrev  0x0000000000002f7a       0xc1 ./libopencm3//lib/libopencm3_stm32f1.a(rcc_common_all.o)
 .debug_abbrev  0x000000000000303b       0xe7 ./libopencm3//lib/libopencm3_stm32f1.a(flash_common_f01.o)
 .debug_abbrev  0x0000000000003122      0x12b ./libopencm3//lib/libopencm3_stm32f1.a(vector.o)
 .debug_abbrev  0x000000000000324d       0xa6 ./libopencm3//lib/libopencm3_stm32f1.a(nvic.o)
 .debug_abbrev  0x00000000000032f3      0x1da /home/a-h/x-tools/arm-none-eabi/lib/gcc/arm-none-eabi/4.9.4/../../../../arm-none-eabi/lib/libc.a(lib_a-calloc.o)
 .debug_abbrev  0x00000000000034cd      0x215 /home/a-h/x-tools/arm-none-eabi/lib/gcc/arm-none-eabi/4.9.4/../../../../arm-none-eabi/lib/libc.a(lib_a-callocr.o)
 .debug_abbrev  0x00000000000036e2      0x17e /home/a-h/x-tools/arm-none-eabi/lib/gcc/arm-none-eabi/4.9.4/../../../../arm-none-eabi/lib/libc.a(lib_a-impure.o)
 .debug_abbrev  0x0000000000003860      0x1f8 /home/a-h/x-tools/arm-none-eabi/lib/gcc/arm-none-eabi/4.9.4/../../../../arm-none-eabi/lib/libc.a(lib_a-malloc.o)
 .debug_abbrev  0x0000000000003a58      0x2a4 /home/a-h/x-tools/arm-none-eabi/lib/gcc/arm-none-eabi/4.9.4/../../../../arm-none-eabi/lib/libc.a(lib_a-mallocr.o)
 .debug_abbrev  0x0000000000003cfc       0x8c /home/a-h/x-tools/arm-none-eabi/lib/gcc/arm-none-eabi/4.9.4/../../../../arm-none-eabi/lib/libc.a(lib_a-memset.o)
 .debug_abbrev  0x0000000000003d88      0x198 /home/a-h/x-tools/arm-none-eabi/lib/gcc/arm-none-eabi/4.9.4/../../../../arm-none-eabi/lib/libc.a(lib_a-mlock.o)
 .debug_abbrev  0x0000000000003f20      0x1fb /home/a-h/x-tools/arm-none-eabi/lib/gcc/arm-none-eabi/4.9.4/../../../../arm-none-eabi/lib/libc.a(lib_a-sbrkr.o)
 .debug_abbrev  0x000000000000411b       0x6e /home/a-h/x-tools/arm-none-eabi/lib/gcc/arm-none-eabi/4.9.4/../../../../arm-none-eabi/lib/libc.a(lib_a-strncmp.o)
 .debug_abbrev  0x0000000000004189      0x266 /home/a-h/x-tools/arm-none-eabi/lib/gcc/arm-none-eabi/4.9.4/../../../../arm-none-eabi/lib/libc.a(lib_a-freer.o)
 .debug_abbrev  0x00000000000043ef      0x25a /home/a-h/x-tools/arm-none-eabi/lib/gcc/arm-none-eabi/4.9.4/../../../../arm-none-eabi/lib/libc.a(lib_a-reent.o)
 .debug_abbrev  0x0000000000004649       0x81 /home/a-h/x-tools/arm-none-eabi/lib/gcc/arm-none-eabi/4.9.4/../../../../arm-none-eabi/lib/libnosys.a(sbrk.o)

.debug_loc      0x0000000000000000     0x8193
 .debug_loc     0x0000000000000000       0x66 gpio.o
 .debug_loc     0x0000000000000066      0x627 uart.o
 .debug_loc     0x000000000000068d       0x66 can.o
 .debug_loc     0x00000000000006f3       0xd0 adc.o
 .debug_loc     0x00000000000007c3      0x561 CANopen.o
 .debug_loc     0x0000000000000d24      0x54c ./stack/CO_driver.o
 .debug_loc     0x0000000000001270     0x128f ./stack/CO_SDO.o
 .debug_loc     0x00000000000024ff      0x6b8 ./stack/CO_Emergency.o
 .debug_loc     0x0000000000002bb7      0x44f ./stack/CO_NMT_Heartbeat.o
 .debug_loc     0x0000000000003006      0x58b ./stack/CO_SYNC.o
 .debug_loc     0x0000000000003591     0x1587 ./stack/CO_PDO.o
 .debug_loc     0x0000000000004b18      0x650 ./stack/CO_HBconsumer.o
 .debug_loc     0x0000000000005168       0x6b mainbms.o
 .debug_loc     0x00000000000051d3      0x1db ./libopencm3//lib/libopencm3_stm32f1.a(adc.o)
 .debug_loc     0x00000000000053ae      0x343 ./libopencm3//lib/libopencm3_stm32f1.a(adc_common_v1.o)
 .debug_loc     0x00000000000056f1      0x9d6 ./libopencm3//lib/libopencm3_stm32f1.a(can.o)
 .debug_loc     0x00000000000060c7      0x1aa ./libopencm3//lib/libopencm3_stm32f1.a(gpio.o)
 .debug_loc     0x0000000000006271      0x3f2 ./libopencm3//lib/libopencm3_stm32f1.a(rcc.o)
 .debug_loc     0x0000000000006663       0x84 ./libopencm3//lib/libopencm3_stm32f1.a(gpio_common_all.o)
 .debug_loc     0x00000000000066e7      0x506 ./libopencm3//lib/libopencm3_stm32f1.a(timer_common_all.o)
 .debug_loc     0x0000000000006bed      0x1ca ./libopencm3//lib/libopencm3_stm32f1.a(usart_common_all.o)
 .debug_loc     0x0000000000006db7       0x63 ./libopencm3//lib/libopencm3_stm32f1.a(usart_common_f124.o)
 .debug_loc     0x0000000000006e1a      0x14a ./libopencm3//lib/libopencm3_stm32f1.a(rcc_common_all.o)
 .debug_loc     0x0000000000006f64       0xd3 ./libopencm3//lib/libopencm3_stm32f1.a(flash_common_f01.o)
 .debug_loc     0x0000000000007037       0xdf ./libopencm3//lib/libopencm3_stm32f1.a(vector.o)
 .debug_loc     0x0000000000007116      0x129 ./libopencm3//lib/libopencm3_stm32f1.a(nvic.o)
 .debug_loc     0x000000000000723f       0x58 /home/a-h/x-tools/arm-none-eabi/lib/gcc/arm-none-eabi/4.9.4/../../../../arm-none-eabi/lib/libc.a(lib_a-calloc.o)
 .debug_loc     0x0000000000007297      0x1e7 /home/a-h/x-tools/arm-none-eabi/lib/gcc/arm-none-eabi/4.9.4/../../../../arm-none-eabi/lib/libc.a(lib_a-callocr.o)
 .debug_loc     0x000000000000747e       0x58 /home/a-h/x-tools/arm-none-eabi/lib/gcc/arm-none-eabi/4.9.4/../../../../arm-none-eabi/lib/libc.a(lib_a-malloc.o)
 .debug_loc     0x00000000000074d6      0x6ab /home/a-h/x-tools/arm-none-eabi/lib/gcc/arm-none-eabi/4.9.4/../../../../arm-none-eabi/lib/libc.a(lib_a-mallocr.o)
 .debug_loc     0x0000000000007b81       0x49 /home/a-h/x-tools/arm-none-eabi/lib/gcc/arm-none-eabi/4.9.4/../../../../arm-none-eabi/lib/libc.a(lib_a-memset.o)
 .debug_loc     0x0000000000007bca       0x4d /home/a-h/x-tools/arm-none-eabi/lib/gcc/arm-none-eabi/4.9.4/../../../../arm-none-eabi/lib/libc.a(lib_a-sbrkr.o)
 .debug_loc     0x0000000000007c17       0x8b /home/a-h/x-tools/arm-none-eabi/lib/gcc/arm-none-eabi/4.9.4/../../../../arm-none-eabi/lib/libc.a(lib_a-strncmp.o)
 .debug_loc     0x0000000000007ca2      0x39a /home/a-h/x-tools/arm-none-eabi/lib/gcc/arm-none-eabi/4.9.4/../../../../arm-none-eabi/lib/libc.a(lib_a-freer.o)
 .debug_loc     0x000000000000803c      0x12b /home/a-h/x-tools/arm-none-eabi/lib/gcc/arm-none-eabi/4.9.4/../../../../arm-none-eabi/lib/libc.a(lib_a-reent.o)
 .debug_loc     0x0000000000008167       0x2c /home/a-h/x-tools/arm-none-eabi/lib/gcc/arm-none-eabi/4.9.4/../../../../arm-none-eabi/lib/libnosys.a(sbrk.o)

.debug_aranges  0x0000000000000000      0xf70
 .debug_aranges
                0x0000000000000000       0x28 gpio.o
 .debug_aranges
                0x0000000000000028       0x28 rcc.o
 .debug_aranges
                0x0000000000000050       0x60 uart.o
 .debug_aranges
                0x00000000000000b0       0x30 can.o
 .debug_aranges
                0x00000000000000e0       0x30 adc.o
 .debug_aranges
                0x0000000000000110       0x30 timers.o
 .debug_aranges
                0x0000000000000140       0x40 CANopen.o
 .debug_aranges
                0x0000000000000180       0x70 ./stack/CO_driver.o
 .debug_aranges
                0x00000000000001f0       0xd0 ./stack/CO_SDO.o
 .debug_aranges
                0x00000000000002c0       0x58 ./stack/CO_Emergency.o
 .debug_aranges
                0x0000000000000318       0x48 ./stack/CO_NMT_Heartbeat.o
 .debug_aranges
                0x0000000000000360       0x48 ./stack/CO_SYNC.o
 .debug_aranges
                0x00000000000003a8       0x98 ./stack/CO_PDO.o
 .debug_aranges
                0x0000000000000440       0x40 ./stack/CO_HBconsumer.o
 .debug_aranges
                0x0000000000000480       0x18 ./stack/CO_OD.o
 .debug_aranges
                0x0000000000000498       0x20 mainbms.o
 .debug_aranges
                0x00000000000004b8       0x98 ./libopencm3//lib/libopencm3_stm32f1.a(adc.o)
 .debug_aranges
                0x0000000000000550      0x148 ./libopencm3//lib/libopencm3_stm32f1.a(adc_common_v1.o)
 .debug_aranges
                0x0000000000000698       0x80 ./libopencm3//lib/libopencm3_stm32f1.a(can.o)
 .debug_aranges
                0x0000000000000718       0x38 ./libopencm3//lib/libopencm3_stm32f1.a(gpio.o)
 .debug_aranges
                0x0000000000000750      0x158 ./libopencm3//lib/libopencm3_stm32f1.a(rcc.o)
 .debug_aranges
                0x00000000000008a8       0x50 ./libopencm3//lib/libopencm3_stm32f1.a(gpio_common_all.o)
 .debug_aranges
                0x00000000000008f8      0x278 ./libopencm3//lib/libopencm3_stm32f1.a(timer_common_all.o)
 .debug_aranges
                0x0000000000000b70       0xb8 ./libopencm3//lib/libopencm3_stm32f1.a(usart_common_all.o)
 .debug_aranges
                0x0000000000000c28       0x40 ./libopencm3//lib/libopencm3_stm32f1.a(usart_common_f124.o)
 .debug_aranges
                0x0000000000000c68       0x78 ./libopencm3//lib/libopencm3_stm32f1.a(rcc_common_all.o)
 .debug_aranges
                0x0000000000000ce0       0x88 ./libopencm3//lib/libopencm3_stm32f1.a(flash_common_f01.o)
 .debug_aranges
                0x0000000000000d68       0x30 ./libopencm3//lib/libopencm3_stm32f1.a(vector.o)
 .debug_aranges
                0x0000000000000d98       0x60 ./libopencm3//lib/libopencm3_stm32f1.a(nvic.o)
 .debug_aranges
                0x0000000000000df8       0x20 /home/a-h/x-tools/arm-none-eabi/lib/gcc/arm-none-eabi/4.9.4/../../../../arm-none-eabi/lib/libc.a(lib_a-calloc.o)
 .debug_aranges
                0x0000000000000e18       0x20 /home/a-h/x-tools/arm-none-eabi/lib/gcc/arm-none-eabi/4.9.4/../../../../arm-none-eabi/lib/libc.a(lib_a-callocr.o)
 .debug_aranges
                0x0000000000000e38       0x18 /home/a-h/x-tools/arm-none-eabi/lib/gcc/arm-none-eabi/4.9.4/../../../../arm-none-eabi/lib/libc.a(lib_a-impure.o)
 .debug_aranges
                0x0000000000000e50       0x20 /home/a-h/x-tools/arm-none-eabi/lib/gcc/arm-none-eabi/4.9.4/../../../../arm-none-eabi/lib/libc.a(lib_a-malloc.o)
 .debug_aranges
                0x0000000000000e70       0x20 /home/a-h/x-tools/arm-none-eabi/lib/gcc/arm-none-eabi/4.9.4/../../../../arm-none-eabi/lib/libc.a(lib_a-mallocr.o)
 .debug_aranges
                0x0000000000000e90       0x20 /home/a-h/x-tools/arm-none-eabi/lib/gcc/arm-none-eabi/4.9.4/../../../../arm-none-eabi/lib/libc.a(lib_a-memset.o)
 .debug_aranges
                0x0000000000000eb0       0x20 /home/a-h/x-tools/arm-none-eabi/lib/gcc/arm-none-eabi/4.9.4/../../../../arm-none-eabi/lib/libc.a(lib_a-mlock.o)
 .debug_aranges
                0x0000000000000ed0       0x20 /home/a-h/x-tools/arm-none-eabi/lib/gcc/arm-none-eabi/4.9.4/../../../../arm-none-eabi/lib/libc.a(lib_a-sbrkr.o)
 .debug_aranges
                0x0000000000000ef0       0x20 /home/a-h/x-tools/arm-none-eabi/lib/gcc/arm-none-eabi/4.9.4/../../../../arm-none-eabi/lib/libc.a(lib_a-strncmp.o)
 .debug_aranges
                0x0000000000000f10       0x20 /home/a-h/x-tools/arm-none-eabi/lib/gcc/arm-none-eabi/4.9.4/../../../../arm-none-eabi/lib/libc.a(lib_a-freer.o)
 .debug_aranges
                0x0000000000000f30       0x20 /home/a-h/x-tools/arm-none-eabi/lib/gcc/arm-none-eabi/4.9.4/../../../../arm-none-eabi/lib/libc.a(lib_a-reent.o)
 .debug_aranges
                0x0000000000000f50       0x20 /home/a-h/x-tools/arm-none-eabi/lib/gcc/arm-none-eabi/4.9.4/../../../../arm-none-eabi/lib/libnosys.a(sbrk.o)

.debug_ranges   0x0000000000000000      0xe48
 .debug_ranges  0x0000000000000000       0x18 gpio.o
 .debug_ranges  0x0000000000000018       0x18 rcc.o
 .debug_ranges  0x0000000000000030       0x68 uart.o
 .debug_ranges  0x0000000000000098       0x20 can.o
 .debug_ranges  0x00000000000000b8       0x20 adc.o
 .debug_ranges  0x00000000000000d8       0x20 timers.o
 .debug_ranges  0x00000000000000f8       0x30 CANopen.o
 .debug_ranges  0x0000000000000128       0x60 ./stack/CO_driver.o
 .debug_ranges  0x0000000000000188      0x198 ./stack/CO_SDO.o
 .debug_ranges  0x0000000000000320       0x48 ./stack/CO_Emergency.o
 .debug_ranges  0x0000000000000368       0x38 ./stack/CO_NMT_Heartbeat.o
 .debug_ranges  0x00000000000003a0       0x68 ./stack/CO_SYNC.o
 .debug_ranges  0x0000000000000408      0x118 ./stack/CO_PDO.o
 .debug_ranges  0x0000000000000520       0x48 ./stack/CO_HBconsumer.o
 .debug_ranges  0x0000000000000568       0x10 mainbms.o
 .debug_ranges  0x0000000000000578       0x88 ./libopencm3//lib/libopencm3_stm32f1.a(adc.o)
 .debug_ranges  0x0000000000000600      0x138 ./libopencm3//lib/libopencm3_stm32f1.a(adc_common_v1.o)
 .debug_ranges  0x0000000000000738       0x70 ./libopencm3//lib/libopencm3_stm32f1.a(can.o)
 .debug_ranges  0x00000000000007a8       0x28 ./libopencm3//lib/libopencm3_stm32f1.a(gpio.o)
 .debug_ranges  0x00000000000007d0      0x1a8 ./libopencm3//lib/libopencm3_stm32f1.a(rcc.o)
 .debug_ranges  0x0000000000000978       0x40 ./libopencm3//lib/libopencm3_stm32f1.a(gpio_common_all.o)
 .debug_ranges  0x00000000000009b8      0x268 ./libopencm3//lib/libopencm3_stm32f1.a(timer_common_all.o)
 .debug_ranges  0x0000000000000c20       0xa8 ./libopencm3//lib/libopencm3_stm32f1.a(usart_common_all.o)
 .debug_ranges  0x0000000000000cc8       0x30 ./libopencm3//lib/libopencm3_stm32f1.a(usart_common_f124.o)
 .debug_ranges  0x0000000000000cf8       0x68 ./libopencm3//lib/libopencm3_stm32f1.a(rcc_common_all.o)
 .debug_ranges  0x0000000000000d60       0x78 ./libopencm3//lib/libopencm3_stm32f1.a(flash_common_f01.o)
 .debug_ranges  0x0000000000000dd8       0x20 ./libopencm3//lib/libopencm3_stm32f1.a(vector.o)
 .debug_ranges  0x0000000000000df8       0x50 ./libopencm3//lib/libopencm3_stm32f1.a(nvic.o)

.debug_line     0x0000000000000000     0x7929
 .debug_line    0x0000000000000000      0x196 gpio.o
 .debug_line    0x0000000000000196      0x1a3 rcc.o
 .debug_line    0x0000000000000339      0x3b7 uart.o
 .debug_line    0x00000000000006f0      0x228 can.o
 .debug_line    0x0000000000000918      0x1ea adc.o
 .debug_line    0x0000000000000b02      0x1e0 timers.o
 .debug_line    0x0000000000000ce2      0x3d5 CANopen.o
 .debug_line    0x00000000000010b7      0x27e ./stack/CO_driver.o
 .debug_line    0x0000000000001335      0x698 ./stack/CO_SDO.o
 .debug_line    0x00000000000019cd      0x288 ./stack/CO_Emergency.o
 .debug_line    0x0000000000001c55      0x289 ./stack/CO_NMT_Heartbeat.o
 .debug_line    0x0000000000001ede      0x257 ./stack/CO_SYNC.o
 .debug_line    0x0000000000002135      0x5c5 ./stack/CO_PDO.o
 .debug_line    0x00000000000026fa      0x22e ./stack/CO_HBconsumer.o
 .debug_line    0x0000000000002928       0xe8 ./stack/CO_OD.o
 .debug_line    0x0000000000002a10      0x21c mainbms.o
 .debug_line    0x0000000000002c2c      0x3bc ./libopencm3//lib/libopencm3_stm32f1.a(adc.o)
 .debug_line    0x0000000000002fe8      0x546 ./libopencm3//lib/libopencm3_stm32f1.a(adc_common_v1.o)
 .debug_line    0x000000000000352e      0x43f ./libopencm3//lib/libopencm3_stm32f1.a(can.o)
 .debug_line    0x000000000000396d      0x2c0 ./libopencm3//lib/libopencm3_stm32f1.a(gpio.o)
 .debug_line    0x0000000000003c2d      0x648 ./libopencm3//lib/libopencm3_stm32f1.a(rcc.o)
 .debug_line    0x0000000000004275      0x2f4 ./libopencm3//lib/libopencm3_stm32f1.a(gpio_common_all.o)
 .debug_line    0x0000000000004569      0x875 ./libopencm3//lib/libopencm3_stm32f1.a(timer_common_all.o)
 .debug_line    0x0000000000004dde      0x42a ./libopencm3//lib/libopencm3_stm32f1.a(usart_common_all.o)
 .debug_line    0x0000000000005208      0x315 ./libopencm3//lib/libopencm3_stm32f1.a(usart_common_f124.o)
 .debug_line    0x000000000000551d      0x33f ./libopencm3//lib/libopencm3_stm32f1.a(rcc_common_all.o)
 .debug_line    0x000000000000585c      0x37f ./libopencm3//lib/libopencm3_stm32f1.a(flash_common_f01.o)
 .debug_line    0x0000000000005bdb      0x30e ./libopencm3//lib/libopencm3_stm32f1.a(vector.o)
 .debug_line    0x0000000000005ee9      0x2c4 ./libopencm3//lib/libopencm3_stm32f1.a(nvic.o)
 .debug_line    0x00000000000061ad      0x20a /home/a-h/x-tools/arm-none-eabi/lib/gcc/arm-none-eabi/4.9.4/../../../../arm-none-eabi/lib/libc.a(lib_a-calloc.o)
 .debug_line    0x00000000000063b7      0x1c3 /home/a-h/x-tools/arm-none-eabi/lib/gcc/arm-none-eabi/4.9.4/../../../../arm-none-eabi/lib/libc.a(lib_a-callocr.o)
 .debug_line    0x000000000000657a      0x18a /home/a-h/x-tools/arm-none-eabi/lib/gcc/arm-none-eabi/4.9.4/../../../../arm-none-eabi/lib/libc.a(lib_a-impure.o)
 .debug_line    0x0000000000006704      0x20d /home/a-h/x-tools/arm-none-eabi/lib/gcc/arm-none-eabi/4.9.4/../../../../arm-none-eabi/lib/libc.a(lib_a-malloc.o)
 .debug_line    0x0000000000006911      0x3a8 /home/a-h/x-tools/arm-none-eabi/lib/gcc/arm-none-eabi/4.9.4/../../../../arm-none-eabi/lib/libc.a(lib_a-mallocr.o)
 .debug_line    0x0000000000006cb9      0x187 /home/a-h/x-tools/arm-none-eabi/lib/gcc/arm-none-eabi/4.9.4/../../../../arm-none-eabi/lib/libc.a(lib_a-memset.o)
 .debug_line    0x0000000000006e40      0x19c /home/a-h/x-tools/arm-none-eabi/lib/gcc/arm-none-eabi/4.9.4/../../../../arm-none-eabi/lib/libc.a(lib_a-mlock.o)
 .debug_line    0x0000000000006fdc      0x214 /home/a-h/x-tools/arm-none-eabi/lib/gcc/arm-none-eabi/4.9.4/../../../../arm-none-eabi/lib/libc.a(lib_a-sbrkr.o)
 .debug_line    0x00000000000071f0      0x192 /home/a-h/x-tools/arm-none-eabi/lib/gcc/arm-none-eabi/4.9.4/../../../../arm-none-eabi/lib/libc.a(lib_a-strncmp.o)
 .debug_line    0x0000000000007382      0x2ca /home/a-h/x-tools/arm-none-eabi/lib/gcc/arm-none-eabi/4.9.4/../../../../arm-none-eabi/lib/libc.a(lib_a-freer.o)
 .debug_line    0x000000000000764c      0x241 /home/a-h/x-tools/arm-none-eabi/lib/gcc/arm-none-eabi/4.9.4/../../../../arm-none-eabi/lib/libc.a(lib_a-reent.o)
 .debug_line    0x000000000000788d       0x9c /home/a-h/x-tools/arm-none-eabi/lib/gcc/arm-none-eabi/4.9.4/../../../../arm-none-eabi/lib/libnosys.a(sbrk.o)

.debug_str      0x0000000000000000    0x1b244
 .debug_str     0x0000000000000000      0x36f gpio.o
                                        0x40d (size before relaxing)
 .debug_str     0x000000000000036f       0x5e rcc.o
                                        0x444 (size before relaxing)
 .debug_str     0x00000000000003cd      0x230 uart.o
                                        0x63f (size before relaxing)
 .debug_str     0x00000000000005fd       0x93 can.o
                                        0x4d9 (size before relaxing)
 .debug_str     0x0000000000000690      0x11c adc.o
                                        0x527 (size before relaxing)
 .debug_str     0x00000000000007ac      0x33a timers.o
                                        0x725 (size before relaxing)
 .debug_str     0x0000000000000ae6     0x19b6 CANopen.o
                                       0x1c91 (size before relaxing)
 .debug_str     0x000000000000249c      0x10f ./stack/CO_driver.o
                                        0x5e9 (size before relaxing)
 .debug_str     0x00000000000025ab      0x2f4 ./stack/CO_SDO.o
                                       0x123b (size before relaxing)
 .debug_str     0x000000000000289f      0x15f ./stack/CO_Emergency.o
                                       0x1163 (size before relaxing)
 .debug_str     0x00000000000029fe      0x137 ./stack/CO_NMT_Heartbeat.o
                                        0x8da (size before relaxing)
 .debug_str     0x0000000000002b35       0x8d ./stack/CO_SYNC.o
                                       0x1138 (size before relaxing)
 .debug_str     0x0000000000002bc2      0x1af ./stack/CO_PDO.o
                                       0x104c (size before relaxing)
 .debug_str     0x0000000000002d71       0xaa ./stack/CO_HBconsumer.o
                                       0x10f7 (size before relaxing)
 .debug_str     0x0000000000002e1b      0x153 ./stack/CO_OD.o
                                        0x97b (size before relaxing)
 .debug_str     0x0000000000002f6e       0x4d mainbms.o
                                        0xfb7 (size before relaxing)
 .debug_str     0x0000000000002fbb     0x64c2 ./libopencm3//lib/libopencm3_stm32f1.a(adc.o)
                                       0x6707 (size before relaxing)
 .debug_str     0x000000000000947d      0x423 ./libopencm3//lib/libopencm3_stm32f1.a(adc_common_v1.o)
                                       0x6a37 (size before relaxing)
 .debug_str     0x00000000000098a0     0x3d20 ./libopencm3//lib/libopencm3_stm32f1.a(can.o)
                                       0x7ff0 (size before relaxing)
 .debug_str     0x000000000000d5c0     0x3803 ./libopencm3//lib/libopencm3_stm32f1.a(gpio.o)
                                       0x7860 (size before relaxing)
 .debug_str     0x0000000000010dc3      0xc50 ./libopencm3//lib/libopencm3_stm32f1.a(rcc.o)
                                       0x70fe (size before relaxing)
 .debug_str     0x0000000000011a13       0x5a ./libopencm3//lib/libopencm3_stm32f1.a(gpio_common_all.o)
                                       0x7854 (size before relaxing)
 .debug_str     0x0000000000011a6d     0x4a58 ./libopencm3//lib/libopencm3_stm32f1.a(timer_common_all.o)
                                       0xb201 (size before relaxing)
 .debug_str     0x00000000000164c5      0xffa ./libopencm3//lib/libopencm3_stm32f1.a(usart_common_all.o)
                                       0x7552 (size before relaxing)
 .debug_str     0x00000000000174bf       0x2d ./libopencm3//lib/libopencm3_stm32f1.a(usart_common_f124.o)
                                       0x7366 (size before relaxing)
 .debug_str     0x00000000000174ec      0x168 ./libopencm3//lib/libopencm3_stm32f1.a(rcc_common_all.o)
                                       0x6a49 (size before relaxing)
 .debug_str     0x0000000000017654      0x181 ./libopencm3//lib/libopencm3_stm32f1.a(flash_common_f01.o)
                                       0x4907 (size before relaxing)
 .debug_str     0x00000000000177d5     0x24e7 ./libopencm3//lib/libopencm3_stm32f1.a(vector.o)
                                       0x59b1 (size before relaxing)
 .debug_str     0x0000000000019cbc      0x9ce ./libopencm3//lib/libopencm3_stm32f1.a(nvic.o)
                                       0x46bd (size before relaxing)
 .debug_str     0x000000000001a68a      0x43a /home/a-h/x-tools/arm-none-eabi/lib/gcc/arm-none-eabi/4.9.4/../../../../arm-none-eabi/lib/libc.a(lib_a-calloc.o)
                                        0x539 (size before relaxing)
 .debug_str     0x000000000001aac4      0x126 /home/a-h/x-tools/arm-none-eabi/lib/gcc/arm-none-eabi/4.9.4/../../../../arm-none-eabi/lib/libc.a(lib_a-callocr.o)
                                        0x5e1 (size before relaxing)
 .debug_str     0x000000000001abea       0x89 /home/a-h/x-tools/arm-none-eabi/lib/gcc/arm-none-eabi/4.9.4/../../../../arm-none-eabi/lib/libc.a(lib_a-impure.o)
                                        0x53a (size before relaxing)
 .debug_str     0x000000000001ac73       0x7f /home/a-h/x-tools/arm-none-eabi/lib/gcc/arm-none-eabi/4.9.4/../../../../arm-none-eabi/lib/libc.a(lib_a-malloc.o)
                                        0x54d (size before relaxing)
 .debug_str     0x000000000001acf2      0x1c1 /home/a-h/x-tools/arm-none-eabi/lib/gcc/arm-none-eabi/4.9.4/../../../../arm-none-eabi/lib/libc.a(lib_a-mallocr.o)
                                        0x7b7 (size before relaxing)
 .debug_str     0x000000000001aeb3       0x6b /home/a-h/x-tools/arm-none-eabi/lib/gcc/arm-none-eabi/4.9.4/../../../../arm-none-eabi/lib/libc.a(lib_a-memset.o)
                                        0x168 (size before relaxing)
 .debug_str     0x000000000001af1e       0x7f /home/a-h/x-tools/arm-none-eabi/lib/gcc/arm-none-eabi/4.9.4/../../../../arm-none-eabi/lib/libc.a(lib_a-mlock.o)
                                        0x542 (size before relaxing)
 .debug_str     0x000000000001af9d       0x74 /home/a-h/x-tools/arm-none-eabi/lib/gcc/arm-none-eabi/4.9.4/../../../../arm-none-eabi/lib/libc.a(lib_a-sbrkr.o)
                                        0x531 (size before relaxing)
 .debug_str     0x000000000001b011       0x6c /home/a-h/x-tools/arm-none-eabi/lib/gcc/arm-none-eabi/4.9.4/../../../../arm-none-eabi/lib/libc.a(lib_a-strncmp.o)
                                        0x16a (size before relaxing)
 .debug_str     0x000000000001b07d       0x34 /home/a-h/x-tools/arm-none-eabi/lib/gcc/arm-none-eabi/4.9.4/../../../../arm-none-eabi/lib/libc.a(lib_a-freer.o)
                                        0x701 (size before relaxing)
 .debug_str     0x000000000001b0b1       0x95 /home/a-h/x-tools/arm-none-eabi/lib/gcc/arm-none-eabi/4.9.4/../../../../arm-none-eabi/lib/libc.a(lib_a-reent.o)
                                        0x559 (size before relaxing)
 .debug_str     0x000000000001b146       0xfe /home/a-h/x-tools/arm-none-eabi/lib/gcc/arm-none-eabi/4.9.4/../../../../arm-none-eabi/lib/libnosys.a(sbrk.o)
                                        0x117 (size before relaxing)

.comment        0x0000000000000000       0x34
 .comment       0x0000000000000000       0x34 gpio.o
                                         0x35 (size before relaxing)
 .comment       0x0000000000000034       0x35 rcc.o
 .comment       0x0000000000000034       0x35 uart.o
 .comment       0x0000000000000034       0x35 can.o
 .comment       0x0000000000000034       0x35 adc.o
 .comment       0x0000000000000034       0x35 timers.o
 .comment       0x0000000000000034       0x35 CANopen.o
 .comment       0x0000000000000034       0x35 ./stack/CO_driver.o
 .comment       0x0000000000000034       0x35 ./stack/CO_SDO.o
 .comment       0x0000000000000034       0x35 ./stack/CO_Emergency.o
 .comment       0x0000000000000034       0x35 ./stack/CO_NMT_Heartbeat.o
 .comment       0x0000000000000034       0x35 ./stack/CO_SYNC.o
 .comment       0x0000000000000034       0x35 ./stack/CO_PDO.o
 .comment       0x0000000000000034       0x35 ./stack/CO_HBconsumer.o
 .comment       0x0000000000000034       0x35 ./stack/CO_OD.o
 .comment       0x0000000000000034       0x35 mainbms.o
 .comment       0x0000000000000034       0x35 ./libopencm3//lib/libopencm3_stm32f1.a(adc.o)
 .comment       0x0000000000000034       0x35 ./libopencm3//lib/libopencm3_stm32f1.a(adc_common_v1.o)
 .comment       0x0000000000000034       0x35 ./libopencm3//lib/libopencm3_stm32f1.a(can.o)
 .comment       0x0000000000000034       0x35 ./libopencm3//lib/libopencm3_stm32f1.a(gpio.o)
 .comment       0x0000000000000034       0x35 ./libopencm3//lib/libopencm3_stm32f1.a(rcc.o)
 .comment       0x0000000000000034       0x35 ./libopencm3//lib/libopencm3_stm32f1.a(gpio_common_all.o)
 .comment       0x0000000000000034       0x35 ./libopencm3//lib/libopencm3_stm32f1.a(timer_common_all.o)
 .comment       0x0000000000000034       0x35 ./libopencm3//lib/libopencm3_stm32f1.a(usart_common_all.o)
 .comment       0x0000000000000034       0x35 ./libopencm3//lib/libopencm3_stm32f1.a(usart_common_f124.o)
 .comment       0x0000000000000034       0x35 ./libopencm3//lib/libopencm3_stm32f1.a(rcc_common_all.o)
 .comment       0x0000000000000034       0x35 ./libopencm3//lib/libopencm3_stm32f1.a(flash_common_f01.o)
 .comment       0x0000000000000034       0x35 ./libopencm3//lib/libopencm3_stm32f1.a(vector.o)
 .comment       0x0000000000000034       0x35 ./libopencm3//lib/libopencm3_stm32f1.a(nvic.o)
 .comment       0x0000000000000034       0x35 /home/a-h/x-tools/arm-none-eabi/lib/gcc/arm-none-eabi/4.9.4/../../../../arm-none-eabi/lib/libc.a(lib_a-calloc.o)
 .comment       0x0000000000000034       0x35 /home/a-h/x-tools/arm-none-eabi/lib/gcc/arm-none-eabi/4.9.4/../../../../arm-none-eabi/lib/libc.a(lib_a-callocr.o)
 .comment       0x0000000000000034       0x35 /home/a-h/x-tools/arm-none-eabi/lib/gcc/arm-none-eabi/4.9.4/../../../../arm-none-eabi/lib/libc.a(lib_a-impure.o)
 .comment       0x0000000000000034       0x35 /home/a-h/x-tools/arm-none-eabi/lib/gcc/arm-none-eabi/4.9.4/../../../../arm-none-eabi/lib/libc.a(lib_a-malloc.o)
 .comment       0x0000000000000034       0x35 /home/a-h/x-tools/arm-none-eabi/lib/gcc/arm-none-eabi/4.9.4/../../../../arm-none-eabi/lib/libc.a(lib_a-mallocr.o)
 .comment       0x0000000000000034       0x35 /home/a-h/x-tools/arm-none-eabi/lib/gcc/arm-none-eabi/4.9.4/../../../../arm-none-eabi/lib/libc.a(lib_a-memset.o)
 .comment       0x0000000000000034       0x35 /home/a-h/x-tools/arm-none-eabi/lib/gcc/arm-none-eabi/4.9.4/../../../../arm-none-eabi/lib/libc.a(lib_a-mlock.o)
 .comment       0x0000000000000034       0x35 /home/a-h/x-tools/arm-none-eabi/lib/gcc/arm-none-eabi/4.9.4/../../../../arm-none-eabi/lib/libc.a(lib_a-sbrkr.o)
 .comment       0x0000000000000034       0x35 /home/a-h/x-tools/arm-none-eabi/lib/gcc/arm-none-eabi/4.9.4/../../../../arm-none-eabi/lib/libc.a(lib_a-strncmp.o)
 .comment       0x0000000000000034       0x35 /home/a-h/x-tools/arm-none-eabi/lib/gcc/arm-none-eabi/4.9.4/../../../../arm-none-eabi/lib/libc.a(lib_a-freer.o)
 .comment       0x0000000000000034       0x35 /home/a-h/x-tools/arm-none-eabi/lib/gcc/arm-none-eabi/4.9.4/../../../../arm-none-eabi/lib/libc.a(lib_a-reent.o)
 .comment       0x0000000000000034       0x35 /home/a-h/x-tools/arm-none-eabi/lib/gcc/arm-none-eabi/4.9.4/../../../../arm-none-eabi/lib/libnosys.a(sbrk.o)

.ARM.attributes
                0x0000000000000000       0x31
 .ARM.attributes
                0x0000000000000000       0x33 gpio.o
 .ARM.attributes
                0x0000000000000033       0x33 rcc.o
 .ARM.attributes
                0x0000000000000066       0x33 uart.o
 .ARM.attributes
                0x0000000000000099       0x33 can.o
 .ARM.attributes
                0x00000000000000cc       0x33 adc.o
 .ARM.attributes
                0x00000000000000ff       0x33 timers.o
 .ARM.attributes
                0x0000000000000132       0x33 CANopen.o
 .ARM.attributes
                0x0000000000000165       0x33 ./stack/CO_driver.o
 .ARM.attributes
                0x0000000000000198       0x33 ./stack/CO_SDO.o
 .ARM.attributes
                0x00000000000001cb       0x33 ./stack/CO_Emergency.o
 .ARM.attributes
                0x00000000000001fe       0x33 ./stack/CO_NMT_Heartbeat.o
 .ARM.attributes
                0x0000000000000231       0x33 ./stack/CO_SYNC.o
 .ARM.attributes
                0x0000000000000264       0x33 ./stack/CO_PDO.o
 .ARM.attributes
                0x0000000000000297       0x33 ./stack/CO_HBconsumer.o
 .ARM.attributes
                0x00000000000002ca       0x33 ./stack/CO_OD.o
 .ARM.attributes
                0x00000000000002fd       0x33 mainbms.o
 .ARM.attributes
                0x0000000000000330       0x33 ./libopencm3//lib/libopencm3_stm32f1.a(adc.o)
 .ARM.attributes
                0x0000000000000363       0x33 ./libopencm3//lib/libopencm3_stm32f1.a(adc_common_v1.o)
 .ARM.attributes
                0x0000000000000396       0x33 ./libopencm3//lib/libopencm3_stm32f1.a(can.o)
 .ARM.attributes
                0x00000000000003c9       0x33 ./libopencm3//lib/libopencm3_stm32f1.a(gpio.o)
 .ARM.attributes
                0x00000000000003fc       0x33 ./libopencm3//lib/libopencm3_stm32f1.a(rcc.o)
 .ARM.attributes
                0x000000000000042f       0x33 ./libopencm3//lib/libopencm3_stm32f1.a(gpio_common_all.o)
 .ARM.attributes
                0x0000000000000462       0x33 ./libopencm3//lib/libopencm3_stm32f1.a(timer_common_all.o)
 .ARM.attributes
                0x0000000000000495       0x33 ./libopencm3//lib/libopencm3_stm32f1.a(usart_common_all.o)
 .ARM.attributes
                0x00000000000004c8       0x33 ./libopencm3//lib/libopencm3_stm32f1.a(usart_common_f124.o)
 .ARM.attributes
                0x00000000000004fb       0x33 ./libopencm3//lib/libopencm3_stm32f1.a(rcc_common_all.o)
 .ARM.attributes
                0x000000000000052e       0x33 ./libopencm3//lib/libopencm3_stm32f1.a(flash_common_f01.o)
 .ARM.attributes
                0x0000000000000561       0x33 ./libopencm3//lib/libopencm3_stm32f1.a(vector.o)
 .ARM.attributes
                0x0000000000000594       0x33 ./libopencm3//lib/libopencm3_stm32f1.a(nvic.o)
 .ARM.attributes
                0x00000000000005c7       0x33 /home/a-h/x-tools/arm-none-eabi/lib/gcc/arm-none-eabi/4.9.4/../../../../arm-none-eabi/lib/libc.a(lib_a-calloc.o)
 .ARM.attributes
                0x00000000000005fa       0x33 /home/a-h/x-tools/arm-none-eabi/lib/gcc/arm-none-eabi/4.9.4/../../../../arm-none-eabi/lib/libc.a(lib_a-callocr.o)
 .ARM.attributes
                0x000000000000062d       0x33 /home/a-h/x-tools/arm-none-eabi/lib/gcc/arm-none-eabi/4.9.4/../../../../arm-none-eabi/lib/libc.a(lib_a-impure.o)
 .ARM.attributes
                0x0000000000000660       0x33 /home/a-h/x-tools/arm-none-eabi/lib/gcc/arm-none-eabi/4.9.4/../../../../arm-none-eabi/lib/libc.a(lib_a-malloc.o)
 .ARM.attributes
                0x0000000000000693       0x33 /home/a-h/x-tools/arm-none-eabi/lib/gcc/arm-none-eabi/4.9.4/../../../../arm-none-eabi/lib/libc.a(lib_a-mallocr.o)
 .ARM.attributes
                0x00000000000006c6       0x33 /home/a-h/x-tools/arm-none-eabi/lib/gcc/arm-none-eabi/4.9.4/../../../../arm-none-eabi/lib/libc.a(lib_a-memset.o)
 .ARM.attributes
                0x00000000000006f9       0x33 /home/a-h/x-tools/arm-none-eabi/lib/gcc/arm-none-eabi/4.9.4/../../../../arm-none-eabi/lib/libc.a(lib_a-mlock.o)
 .ARM.attributes
                0x000000000000072c       0x33 /home/a-h/x-tools/arm-none-eabi/lib/gcc/arm-none-eabi/4.9.4/../../../../arm-none-eabi/lib/libc.a(lib_a-sbrkr.o)
 .ARM.attributes
                0x000000000000075f       0x33 /home/a-h/x-tools/arm-none-eabi/lib/gcc/arm-none-eabi/4.9.4/../../../../arm-none-eabi/lib/libc.a(lib_a-strncmp.o)
 .ARM.attributes
                0x0000000000000792       0x33 /home/a-h/x-tools/arm-none-eabi/lib/gcc/arm-none-eabi/4.9.4/../../../../arm-none-eabi/lib/libc.a(lib_a-freer.o)
 .ARM.attributes
                0x00000000000007c5       0x33 /home/a-h/x-tools/arm-none-eabi/lib/gcc/arm-none-eabi/4.9.4/../../../../arm-none-eabi/lib/libc.a(lib_a-reent.o)
 .ARM.attributes
                0x00000000000007f8       0x33 /home/a-h/x-tools/arm-none-eabi/lib/gcc/arm-none-eabi/4.9.4/../../../../arm-none-eabi/lib/libnosys.a(sbrk.o)

.debug_frame    0x0000000000000000     0x2104
 .debug_frame   0x0000000000000000       0x4c gpio.o
 .debug_frame   0x000000000000004c       0x50 rcc.o
 .debug_frame   0x000000000000009c      0x12c uart.o
 .debug_frame   0x00000000000001c8       0x70 can.o
 .debug_frame   0x0000000000000238       0x64 adc.o
 .debug_frame   0x000000000000029c       0x64 timers.o
 .debug_frame   0x0000000000000300       0xc0 CANopen.o
 .debug_frame   0x00000000000003c0      0x124 ./stack/CO_driver.o
 .debug_frame   0x00000000000004e4      0x258 ./stack/CO_SDO.o
 .debug_frame   0x000000000000073c       0xec ./stack/CO_Emergency.o
 .debug_frame   0x0000000000000828       0x98 ./stack/CO_NMT_Heartbeat.o
 .debug_frame   0x00000000000008c0       0xc0 ./stack/CO_SYNC.o
 .debug_frame   0x0000000000000980      0x214 ./stack/CO_PDO.o
 .debug_frame   0x0000000000000b94       0xa8 ./stack/CO_HBconsumer.o
 .debug_frame   0x0000000000000c3c       0x28 mainbms.o
 .debug_frame   0x0000000000000c64      0x128 ./libopencm3//lib/libopencm3_stm32f1.a(adc.o)
 .debug_frame   0x0000000000000d8c      0x294 ./libopencm3//lib/libopencm3_stm32f1.a(adc_common_v1.o)
 .debug_frame   0x0000000000001020      0x174 ./libopencm3//lib/libopencm3_stm32f1.a(can.o)
 .debug_frame   0x0000000000001194       0x64 ./libopencm3//lib/libopencm3_stm32f1.a(gpio.o)
 .debug_frame   0x00000000000011f8      0x2e0 ./libopencm3//lib/libopencm3_stm32f1.a(rcc.o)
 .debug_frame   0x00000000000014d8       0x80 ./libopencm3//lib/libopencm3_stm32f1.a(gpio_common_all.o)
 .debug_frame   0x0000000000001558      0x4d8 ./libopencm3//lib/libopencm3_stm32f1.a(timer_common_all.o)
 .debug_frame   0x0000000000001a30      0x170 ./libopencm3//lib/libopencm3_stm32f1.a(usart_common_all.o)
 .debug_frame   0x0000000000001ba0       0x60 ./libopencm3//lib/libopencm3_stm32f1.a(usart_common_f124.o)
 .debug_frame   0x0000000000001c00       0xd0 ./libopencm3//lib/libopencm3_stm32f1.a(rcc_common_all.o)
 .debug_frame   0x0000000000001cd0      0x120 ./libopencm3//lib/libopencm3_stm32f1.a(flash_common_f01.o)
 .debug_frame   0x0000000000001df0       0x40 ./libopencm3//lib/libopencm3_stm32f1.a(vector.o)
 .debug_frame   0x0000000000001e30       0xa0 ./libopencm3//lib/libopencm3_stm32f1.a(nvic.o)
 .debug_frame   0x0000000000001ed0       0x20 /home/a-h/x-tools/arm-none-eabi/lib/gcc/arm-none-eabi/4.9.4/../../../../arm-none-eabi/lib/libc.a(lib_a-calloc.o)
 .debug_frame   0x0000000000001ef0       0x28 /home/a-h/x-tools/arm-none-eabi/lib/gcc/arm-none-eabi/4.9.4/../../../../arm-none-eabi/lib/libc.a(lib_a-callocr.o)
 .debug_frame   0x0000000000001f18       0x30 /home/a-h/x-tools/arm-none-eabi/lib/gcc/arm-none-eabi/4.9.4/../../../../arm-none-eabi/lib/libc.a(lib_a-malloc.o)
 .debug_frame   0x0000000000001f48       0x3c /home/a-h/x-tools/arm-none-eabi/lib/gcc/arm-none-eabi/4.9.4/../../../../arm-none-eabi/lib/libc.a(lib_a-mallocr.o)
 .debug_frame   0x0000000000001f84       0x20 /home/a-h/x-tools/arm-none-eabi/lib/gcc/arm-none-eabi/4.9.4/../../../../arm-none-eabi/lib/libc.a(lib_a-memset.o)
 .debug_frame   0x0000000000001fa4       0x30 /home/a-h/x-tools/arm-none-eabi/lib/gcc/arm-none-eabi/4.9.4/../../../../arm-none-eabi/lib/libc.a(lib_a-mlock.o)
 .debug_frame   0x0000000000001fd4       0x2c /home/a-h/x-tools/arm-none-eabi/lib/gcc/arm-none-eabi/4.9.4/../../../../arm-none-eabi/lib/libc.a(lib_a-sbrkr.o)
 .debug_frame   0x0000000000002000       0x2c /home/a-h/x-tools/arm-none-eabi/lib/gcc/arm-none-eabi/4.9.4/../../../../arm-none-eabi/lib/libc.a(lib_a-strncmp.o)
 .debug_frame   0x000000000000202c       0x5c /home/a-h/x-tools/arm-none-eabi/lib/gcc/arm-none-eabi/4.9.4/../../../../arm-none-eabi/lib/libc.a(lib_a-freer.o)
 .debug_frame   0x0000000000002088       0x5c /home/a-h/x-tools/arm-none-eabi/lib/gcc/arm-none-eabi/4.9.4/../../../../arm-none-eabi/lib/libc.a(lib_a-reent.o)
 .debug_frame   0x00000000000020e4       0x20 /home/a-h/x-tools/arm-none-eabi/lib/gcc/arm-none-eabi/4.9.4/../../../../arm-none-eabi/lib/libnosys.a(sbrk.o)

.debug_macro    0x0000000000000000     0x5716
 .debug_macro   0x0000000000000000       0xa1 ./libopencm3//lib/libopencm3_stm32f1.a(adc.o)
 .debug_macro   0x00000000000000a1      0x874 ./libopencm3//lib/libopencm3_stm32f1.a(adc.o)
 .debug_macro   0x0000000000000915       0x22 ./libopencm3//lib/libopencm3_stm32f1.a(adc.o)
 .debug_macro   0x0000000000000937       0x44 ./libopencm3//lib/libopencm3_stm32f1.a(adc.o)
 .debug_macro   0x000000000000097b       0x1c ./libopencm3//lib/libopencm3_stm32f1.a(adc.o)
 .debug_macro   0x0000000000000997      0x1f7 ./libopencm3//lib/libopencm3_stm32f1.a(adc.o)
 .debug_macro   0x0000000000000b8e       0x22 ./libopencm3//lib/libopencm3_stm32f1.a(adc.o)
 .debug_macro   0x0000000000000bb0       0xfa ./libopencm3//lib/libopencm3_stm32f1.a(adc.o)
 .debug_macro   0x0000000000000caa       0x58 ./libopencm3//lib/libopencm3_stm32f1.a(adc.o)
 .debug_macro   0x0000000000000d02      0x1b4 ./libopencm3//lib/libopencm3_stm32f1.a(adc.o)
 .debug_macro   0x0000000000000eb6      0x449 ./libopencm3//lib/libopencm3_stm32f1.a(adc.o)
 .debug_macro   0x00000000000012ff      0x456 ./libopencm3//lib/libopencm3_stm32f1.a(adc.o)
 .debug_macro   0x0000000000001755       0xa1 ./libopencm3//lib/libopencm3_stm32f1.a(adc_common_v1.o)
 .debug_macro   0x00000000000017f6       0xb2 ./libopencm3//lib/libopencm3_stm32f1.a(can.o)
 .debug_macro   0x00000000000018a8      0x513 ./libopencm3//lib/libopencm3_stm32f1.a(can.o)
 .debug_macro   0x0000000000001dbb      0x82c ./libopencm3//lib/libopencm3_stm32f1.a(can.o)
 .debug_macro   0x00000000000025e7       0xa1 ./libopencm3//lib/libopencm3_stm32f1.a(gpio.o)
 .debug_macro   0x0000000000002688       0x76 ./libopencm3//lib/libopencm3_stm32f1.a(gpio.o)
 .debug_macro   0x00000000000026fe      0xdfd ./libopencm3//lib/libopencm3_stm32f1.a(gpio.o)
 .debug_macro   0x00000000000034fb       0xc8 ./libopencm3//lib/libopencm3_stm32f1.a(rcc.o)
 .debug_macro   0x00000000000035c3       0x16 ./libopencm3//lib/libopencm3_stm32f1.a(rcc.o)
 .debug_macro   0x00000000000035d9       0xdc ./libopencm3//lib/libopencm3_stm32f1.a(rcc.o)
 .debug_macro   0x00000000000036b5       0x82 ./libopencm3//lib/libopencm3_stm32f1.a(rcc.o)
 .debug_macro   0x0000000000003737       0xa1 ./libopencm3//lib/libopencm3_stm32f1.a(gpio_common_all.o)
 .debug_macro   0x00000000000037d8       0xb4 ./libopencm3//lib/libopencm3_stm32f1.a(timer_common_all.o)
 .debug_macro   0x000000000000388c      0xf96 ./libopencm3//lib/libopencm3_stm32f1.a(timer_common_all.o)
 .debug_macro   0x0000000000004822       0xc3 ./libopencm3//lib/libopencm3_stm32f1.a(usart_common_all.o)
 .debug_macro   0x00000000000048e5       0x8e ./libopencm3//lib/libopencm3_stm32f1.a(usart_common_all.o)
 .debug_macro   0x0000000000004973      0x273 ./libopencm3//lib/libopencm3_stm32f1.a(usart_common_all.o)
 .debug_macro   0x0000000000004be6       0xc3 ./libopencm3//lib/libopencm3_stm32f1.a(usart_common_f124.o)
 .debug_macro   0x0000000000004ca9       0xb7 ./libopencm3//lib/libopencm3_stm32f1.a(rcc_common_all.o)
 .debug_macro   0x0000000000004d60       0xa1 ./libopencm3//lib/libopencm3_stm32f1.a(flash_common_f01.o)
 .debug_macro   0x0000000000004e01       0xb8 ./libopencm3//lib/libopencm3_stm32f1.a(vector.o)
 .debug_macro   0x0000000000004eb9      0x3a1 ./libopencm3//lib/libopencm3_stm32f1.a(vector.o)
 .debug_macro   0x000000000000525a       0x6a ./libopencm3//lib/libopencm3_stm32f1.a(vector.o)
 .debug_macro   0x00000000000052c4      0x1a2 ./libopencm3//lib/libopencm3_stm32f1.a(vector.o)
 .debug_macro   0x0000000000005466       0x9c ./libopencm3//lib/libopencm3_stm32f1.a(nvic.o)
 .debug_macro   0x0000000000005502       0x64 ./libopencm3//lib/libopencm3_stm32f1.a(nvic.o)
 .debug_macro   0x0000000000005566      0x1b0 ./libopencm3//lib/libopencm3_stm32f1.a(nvic.o)
