Archive member included to satisfy reference by file (symbol)

./libopencm3//lib/libopencm3_stm32f1.a(adc.o)
                              sources/adc.o (adc_power_on)
./libopencm3//lib/libopencm3_stm32f1.a(adc_common_v1.o)
                              sources/adc.o (adc_power_off)
./libopencm3//lib/libopencm3_stm32f1.a(can.o)
                              stack/CO_driver.o (can_reset)
./libopencm3//lib/libopencm3_stm32f1.a(gpio.o)
                              stack/CO_driver.o (gpio_set_mode)
./libopencm3//lib/libopencm3_stm32f1.a(rcc.o)
                              sources/rcc.o (rcc_clock_setup_in_hse_8mhz_out_72mhz)
./libopencm3//lib/libopencm3_stm32f1.a(gpio_common_all.o)
                              stack/CO_driver.o (gpio_set)
./libopencm3//lib/libopencm3_stm32f1.a(timer_common_all.o)
                              sources/timers.o (timer_enable_irq)
./libopencm3//lib/libopencm3_stm32f1.a(usart_common_all.o)
                              sources/usart.o (usart_set_baudrate)
./libopencm3//lib/libopencm3_stm32f1.a(usart_common_f124.o)
                              sources/usart.o (usart_send)
./libopencm3//lib/libopencm3_stm32f1.a(rcc_common_all.o)
                              stack/CO_driver.o (rcc_periph_clock_enable)
./libopencm3//lib/libopencm3_stm32f1.a(flash_common_f01.o)
                              ./libopencm3//lib/libopencm3_stm32f1.a(rcc.o) (flash_set_ws)
./libopencm3//lib/libopencm3_stm32f1.a(vector.o)
                              (reset_handler)
./libopencm3//lib/libopencm3_stm32f1.a(systick.o)
                              stack/CO_driver.o (systick_set_reload)
./libopencm3//lib/libopencm3_stm32f1.a(nvic.o)
                              stack/CO_driver.o (nvic_enable_irq)
./libopencm3//lib/libopencm3_stm32f1.a(assert.o)
                              ./libopencm3//lib/libopencm3_stm32f1.a(rcc.o) (cm3_assert_failed)
./libopencm3//lib/libopencm3_stm32f1.a(flash.o)
                              ./libopencm3//lib/libopencm3_stm32f1.a(flash_common_f01.o) (flash_get_status_flags)
/home/a-h/x-tools/arm-none-eabi/lib/gcc/arm-none-eabi/4.9.4/../../../../arm-none-eabi/lib/libc.a(lib_a-calloc.o)
                              ./CANopen.o (calloc)
/home/a-h/x-tools/arm-none-eabi/lib/gcc/arm-none-eabi/4.9.4/../../../../arm-none-eabi/lib/libc.a(lib_a-callocr.o)
                              /home/a-h/x-tools/arm-none-eabi/lib/gcc/arm-none-eabi/4.9.4/../../../../arm-none-eabi/lib/libc.a(lib_a-calloc.o) (_calloc_r)
/home/a-h/x-tools/arm-none-eabi/lib/gcc/arm-none-eabi/4.9.4/../../../../arm-none-eabi/lib/libc.a(lib_a-impure.o)
                              /home/a-h/x-tools/arm-none-eabi/lib/gcc/arm-none-eabi/4.9.4/../../../../arm-none-eabi/lib/libc.a(lib_a-calloc.o) (_impure_ptr)
/home/a-h/x-tools/arm-none-eabi/lib/gcc/arm-none-eabi/4.9.4/../../../../arm-none-eabi/lib/libc.a(lib_a-malloc.o)
                              ./CANopen.o (free)
/home/a-h/x-tools/arm-none-eabi/lib/gcc/arm-none-eabi/4.9.4/../../../../arm-none-eabi/lib/libc.a(lib_a-mallocr.o)
                              /home/a-h/x-tools/arm-none-eabi/lib/gcc/arm-none-eabi/4.9.4/../../../../arm-none-eabi/lib/libc.a(lib_a-callocr.o) (_malloc_r)
/home/a-h/x-tools/arm-none-eabi/lib/gcc/arm-none-eabi/4.9.4/../../../../arm-none-eabi/lib/libc.a(lib_a-memset.o)
                              /home/a-h/x-tools/arm-none-eabi/lib/gcc/arm-none-eabi/4.9.4/../../../../arm-none-eabi/lib/libc.a(lib_a-callocr.o) (memset)
/home/a-h/x-tools/arm-none-eabi/lib/gcc/arm-none-eabi/4.9.4/../../../../arm-none-eabi/lib/libc.a(lib_a-mlock.o)
                              /home/a-h/x-tools/arm-none-eabi/lib/gcc/arm-none-eabi/4.9.4/../../../../arm-none-eabi/lib/libc.a(lib_a-mallocr.o) (__malloc_lock)
/home/a-h/x-tools/arm-none-eabi/lib/gcc/arm-none-eabi/4.9.4/../../../../arm-none-eabi/lib/libc.a(lib_a-sbrkr.o)
                              /home/a-h/x-tools/arm-none-eabi/lib/gcc/arm-none-eabi/4.9.4/../../../../arm-none-eabi/lib/libc.a(lib_a-mallocr.o) (_sbrk_r)
/home/a-h/x-tools/arm-none-eabi/lib/gcc/arm-none-eabi/4.9.4/../../../../arm-none-eabi/lib/libc.a(lib_a-snprintf.o)
                              stack/CO_trace.o (snprintf)
/home/a-h/x-tools/arm-none-eabi/lib/gcc/arm-none-eabi/4.9.4/../../../../arm-none-eabi/lib/libc.a(lib_a-strncmp.o)
                              sources/usart.o (strncmp)
/home/a-h/x-tools/arm-none-eabi/lib/gcc/arm-none-eabi/4.9.4/../../../../arm-none-eabi/lib/libc.a(lib_a-svfprintf.o)
                              /home/a-h/x-tools/arm-none-eabi/lib/gcc/arm-none-eabi/4.9.4/../../../../arm-none-eabi/lib/libc.a(lib_a-snprintf.o) (_svfprintf_r)
/home/a-h/x-tools/arm-none-eabi/lib/gcc/arm-none-eabi/4.9.4/../../../../arm-none-eabi/lib/libc.a(lib_a-dtoa.o)
                              /home/a-h/x-tools/arm-none-eabi/lib/gcc/arm-none-eabi/4.9.4/../../../../arm-none-eabi/lib/libc.a(lib_a-svfprintf.o) (_dtoa_r)
/home/a-h/x-tools/arm-none-eabi/lib/gcc/arm-none-eabi/4.9.4/../../../../arm-none-eabi/lib/libc.a(lib_a-freer.o)
[...]
Memory Configuration

Name             Origin             Length             Attributes
rom              0x0000000008000000 0x0000000000010000 xr
ram              0x0000000020000000 0x0000000000005000 xrw
*default*        0x0000000000000000 0xffffffffffffffff

Linker script and memory map

LOAD stack/CO_driver.o
LOAD stack/crc16-ccitt.o
LOAD stack/CO_SDO.o
LOAD stack/CO_Emergency.o
LOAD stack/CO_NMT_Heartbeat.o
LOAD stack/CO_SYNC.o
LOAD stack/CO_PDO.o
LOAD stack/CO_HBconsumer.o
LOAD stack/CO_SDOmaster.o
LOAD stack/CO_trace.o
LOAD ./CANopen.o
LOAD sources/CO_OD.o
LOAD sources/gpio.o
LOAD sources/rcc.o
LOAD sources/usart.o
LOAD sources/adc.o
LOAD sources/timers.o
LOAD mainbms.o
LOAD ./libopencm3//lib/libopencm3_stm32f1.a
START GROUP
LOAD /home/a-h/x-tools/arm-none-eabi/lib/gcc/arm-none-eabi/4.9.4/../../../../arm-none-eabi/lib/libc.a
LOAD /home/a-h/x-tools/arm-none-eabi/lib/gcc/arm-none-eabi/4.9.4/libgcc.a
LOAD /home/a-h/x-tools/arm-none-eabi/lib/gcc/arm-none-eabi/4.9.4/../../../../arm-none-eabi/lib/libnosys.a
END GROUP
START GROUP
LOAD /home/a-h/x-tools/arm-none-eabi/lib/gcc/arm-none-eabi/4.9.4/libgcc.a
LOAD /home/a-h/x-tools/arm-none-eabi/lib/gcc/arm-none-eabi/4.9.4/../../../../arm-none-eabi/lib/libc.a
END GROUP

.text           0x0000000008000000     0x5338
 *(.vectors)
 .vectors       0x0000000008000000      0x150 ./libopencm3//lib/libopencm3_stm32f1.a(vector.o)
                0x0000000008000000                vector_table
 *(.text*)
 .text.CO_CANsendToModule.isra.0
                0x0000000008000150       0x58 stack/CO_driver.o
 .text.CO_CANsetConfigurationMode
                0x00000000080001a8        0x2 stack/CO_driver.o
                0x00000000080001a8                CO_CANsetConfigurationMode
 .text.CO_CANsetNormalMode
                0x00000000080001aa        0x6 stack/CO_driver.o
                0x00000000080001aa                CO_CANsetNormalMode
 .text.CO_CANmodule_init
                0x00000000080001b0      0x194 stack/CO_driver.o
                0x00000000080001b0                CO_CANmodule_init
 .text.CO_CANmodule_disable
                0x0000000008000344       0x30 stack/CO_driver.o
                0x0000000008000344                CO_CANmodule_disable
 .text.CO_CANrxBufferInit
                0x0000000008000374       0x54 stack/CO_driver.o
                0x0000000008000374                CO_CANrxBufferInit
 .text.CO_CANtxBufferInit
                0x00000000080003c8       0x36 stack/CO_driver.o
                0x00000000080003c8                CO_CANtxBufferInit
 *fill*         0x00000000080003fe        0x2 
 .text.CO_CANsend
                0x0000000008000400       0x54 stack/CO_driver.o
                0x0000000008000400                CO_CANsend
 .text.CO_CANclearPendingSyncPDOs
                0x0000000008000454       0x4e stack/CO_driver.o
                0x0000000008000454                CO_CANclearPendingSyncPDOs
 .text.CO_CANverifyErrors
                0x00000000080004a2        0x2 stack/CO_driver.o
                0x00000000080004a2                CO_CANverifyErrors
 .text.CO_CANinterrupt_Rx
                0x00000000080004a4       0x98 stack/CO_driver.o
                0x00000000080004a4                CO_CANinterrupt_Rx
 .text.CO_CANinterrupt_Tx
                0x000000000800053c       0x4c stack/CO_driver.o
                0x000000000800053c                CO_CANinterrupt_Tx
 .text.CO_TimerSetup
                0x0000000008000588       0x1c stack/CO_driver.o
                0x0000000008000588                CO_TimerSetup
 .text.crc16_ccitt
                0x00000000080005a4       0x28 stack/crc16-ccitt.o
                0x00000000080005a4                crc16_ccitt
 .text.CO_SDO_receive
                0x00000000080005cc       0xb6 stack/CO_SDO.o
 .text.CO_memcpy
                0x0000000008000682       0x18 stack/CO_SDO.o
                0x0000000008000682                CO_memcpy
 .text.CO_getUint32
                0x000000000800069a       0x20 stack/CO_SDO.o
                0x000000000800069a                CO_getUint32
 .text.CO_setUint32
                0x00000000080006ba       0x18 stack/CO_SDO.o
                0x00000000080006ba                CO_setUint32
 .text.CO_ODF_1200
                0x00000000080006d2       0x24 stack/CO_SDO.o
 .text.CO_memcpySwap2
                0x00000000080006f6        0xa stack/CO_SDO.o
                0x00000000080006f6                CO_memcpySwap2
 .text.CO_memcpySwap4
                0x0000000008000700       0x12 stack/CO_SDO.o
                0x0000000008000700                CO_memcpySwap4
 .text.CO_SDO_abort
                0x0000000008000712       0x4a stack/CO_SDO.o
 .text.CO_OD_find
                0x000000000800075c       0x58 stack/CO_SDO.o
                0x000000000800075c                CO_OD_find
 .text.CO_OD_configure
                0x00000000080007b4       0x5a stack/CO_SDO.o
                0x00000000080007b4                CO_OD_configure
 *fill*         0x000000000800080e        0x2 
 .text.CO_SDO_init
                0x0000000008000810       0xf0 stack/CO_SDO.o
                0x0000000008000810                CO_SDO_init
 .text.CO_OD_getLength
                0x0000000008000900       0x3e stack/CO_SDO.o
                0x0000000008000900                CO_OD_getLength
 .text.CO_OD_getAttribute
                0x000000000800093e       0x4a stack/CO_SDO.o
                0x000000000800093e                CO_OD_getAttribute
 .text.CO_OD_getDataPointer
                0x0000000008000988       0x3c stack/CO_SDO.o
                0x0000000008000988                CO_OD_getDataPointer
 .text.CO_OD_getFlagsPointer
                0x00000000080009c4       0x1c stack/CO_SDO.o
                0x00000000080009c4                CO_OD_getFlagsPointer
 .text.CO_SDO_initTransfer
                0x00000000080009e0       0xc0 stack/CO_SDO.o
                0x00000000080009e0                CO_SDO_initTransfer
 .text.CO_SDO_readOD
                0x0000000008000aa0       0x78 stack/CO_SDO.o
                0x0000000008000aa0                CO_SDO_readOD
 .text.CO_SDO_writeOD
                0x0000000008000b18       0x90 stack/CO_SDO.o
                0x0000000008000b18                CO_SDO_writeOD
 .text.CO_SDO_process
                0x0000000008000ba8      0x828 stack/CO_SDO.o
                0x0000000008000ba8                CO_SDO_process
 .text.CO_ODF_1003
                0x00000000080013d0       0x40 stack/CO_Emergency.o
 .text.CO_ODF_1014
                0x0000000008001410       0x1e stack/CO_Emergency.o
 *fill*         0x000000000800142e        0x2 
 .text.CO_EM_init
                0x0000000008001430       0xcc stack/CO_Emergency.o
                0x0000000008001430                CO_EM_init
 .text.CO_errorReport
                0x00000000080014fc       0x92 stack/CO_Emergency.o
                0x00000000080014fc                CO_errorReport
 .text.CO_EM_process
                0x000000000800158e       0xfe stack/CO_Emergency.o
                0x000000000800158e                CO_EM_process
 .text.CO_isError
                0x000000000800168c       0x24 stack/CO_Emergency.o
                0x000000000800168c                CO_isError
 .text.CO_NMT_receive
                0x00000000080016b0       0x56 stack/CO_NMT_Heartbeat.o
 *fill*         0x0000000008001706        0x2 
 .text.CO_NMT_init
                0x0000000008001708       0x84 stack/CO_NMT_Heartbeat.o
                0x0000000008001708                CO_NMT_init
 .text.CO_NMT_blinkingProcess50ms
                0x000000000800178c       0xd2 stack/CO_NMT_Heartbeat.o
                0x000000000800178c                CO_NMT_blinkingProcess50ms
 .text.CO_NMT_process
                0x000000000800185e      0x20a stack/CO_NMT_Heartbeat.o
                0x000000000800185e                CO_NMT_process
 .text.CO_ODF_1019
                0x0000000008001a68       0x48 stack/CO_SYNC.o
 .text.CO_ODF_1006
                0x0000000008001ab0       0x32 stack/CO_SYNC.o
 *fill*         0x0000000008001ae2        0x2 
 .text.CO_ODF_1005
                0x0000000008001ae4       0x7c stack/CO_SYNC.o
 .text.CO_SYNC_receive
                0x0000000008001b60       0x40 stack/CO_SYNC.o
 .text.CO_SYNC_init
                0x0000000008001ba0      0x104 stack/CO_SYNC.o
                0x0000000008001ba0                CO_SYNC_init
 .text.CO_SYNC_process
                0x0000000008001ca4       0xbc stack/CO_SYNC.o
                0x0000000008001ca4                CO_SYNC_process
 .text.CO_PDOfindMap
                0x0000000008001d60      0x11c stack/CO_PDO.o
 .text.CO_RPDOconfigMap
                0x0000000008001e7c       0x96 stack/CO_PDO.o
 *fill*         0x0000000008001f12        0x2 
 .text.CO_ODF_RPDOmap
                0x0000000008001f14       0x98 stack/CO_PDO.o
 .text.CO_TPDOconfigMap
                0x0000000008001fac       0x8a stack/CO_PDO.o
 *fill*         0x0000000008002036        0x2 
 .text.CO_ODF_TPDOmap
                0x0000000008002038       0x98 stack/CO_PDO.o
 .text.CO_RPDOconfigCom
                0x00000000080020d0       0x74 stack/CO_PDO.o
 .text.CO_ODF_RPDOcom
                0x0000000008002144       0xd0 stack/CO_PDO.o
 .text.CO_TPDOconfigCom
                0x0000000008002214       0x50 stack/CO_PDO.o
 .text.CO_ODF_TPDOcom
                0x0000000008002264      0x10c stack/CO_PDO.o
 .text.CO_PDO_receive
                0x0000000008002370       0x8e stack/CO_PDO.o
 *fill*         0x00000000080023fe        0x2 
 .text.CO_RPDO_init
                0x0000000008002400       0xbc stack/CO_PDO.o
                0x0000000008002400                CO_RPDO_init
 .text.CO_TPDO_init
                0x00000000080024bc       0xe4 stack/CO_PDO.o
                0x00000000080024bc                CO_TPDO_init
 .text.CO_TPDOisCOS
                0x00000000080025a0      0x110 stack/CO_PDO.o
                0x00000000080025a0                CO_TPDOisCOS
 .text.CO_TPDOsend
                0x00000000080026b0       0x2e stack/CO_PDO.o
                0x00000000080026b0                CO_TPDOsend
 .text.CO_RPDO_process
                0x00000000080026de       0x5e stack/CO_PDO.o
                0x00000000080026de                CO_RPDO_process
 .text.CO_TPDO_process
                0x000000000800273c       0xca stack/CO_PDO.o
                0x000000000800273c                CO_TPDO_process
 .text.CO_HBcons_receive
                0x0000000008002806        0xe stack/CO_HBconsumer.o
 .text.CO_HBcons_monitoredNodeConfig.part.0
                0x0000000008002814       0x50 stack/CO_HBconsumer.o
 .text.CO_ODF_1016
                0x0000000008002864       0x74 stack/CO_HBconsumer.o
 .text.CO_HBconsumer_init
                0x00000000080028d8       0x68 stack/CO_HBconsumer.o
                0x00000000080028d8                CO_HBconsumer_init
 .text.CO_HBconsumer_process
                0x0000000008002940       0xba stack/CO_HBconsumer.o
                0x0000000008002940                CO_HBconsumer_process
 *fill*         0x00000000080029fa        0x2 
 .text.CO_delete
                0x00000000080029fc       0xb0 ./CANopen.o
                0x00000000080029fc                CO_delete
 .text.CO_init  0x0000000008002aac      0x3f0 ./CANopen.o
                0x0000000008002aac                CO_init
 .text.CO_process
                0x0000000008002e9c       0xa8 ./CANopen.o
                0x0000000008002e9c                CO_process
 .text.CO_process_SYNC_RPDO
                0x0000000008002f44       0x40 ./CANopen.o
                0x0000000008002f44                CO_process_SYNC_RPDO
 .text.CO_process_TPDO
                0x0000000008002f84       0x36 ./CANopen.o
                0x0000000008002f84                CO_process_TPDO
 *fill*         0x0000000008002fba        0x2 
 .text.gpio_init
                0x0000000008002fbc       0xbc sources/gpio.o
                0x0000000008002fbc                gpio_init
 .text.channel_set
                0x0000000008003078       0x7c sources/gpio.o
                0x0000000008003078                channel_set
 .text.rcc_init
                0x00000000080030f4       0x22 sources/rcc.o
                0x00000000080030f4                rcc_init
 *fill*         0x0000000008003116        0x2 
 .text.usart_init
                0x0000000008003118      0x1a0 sources/usart.o
                0x0000000008003118                usart_init
 .text.usart_send_string
                0x00000000080032b8       0x1c sources/usart.o
                0x00000000080032b8                usart_send_string
 .text.usart_send_byte
                0x00000000080032d4       0x14 sources/usart.o
                0x00000000080032d4                usart_send_byte
 .text.process_command
                0x00000000080032e8       0xf8 sources/usart.o
                0x00000000080032e8                process_command
 .text.usart1_isr
                0x00000000080033e0       0xb8 sources/usart.o
                0x00000000080033e0                usart1_isr
 .text.adc_init
                0x0000000008003498       0xcc sources/adc.o
                0x0000000008003498                adc_init
 .text.adc_get  0x0000000008003564       0x30 sources/adc.o
                0x0000000008003564                adc_get
 .text.tim1_init
                0x0000000008003594       0x80 sources/timers.o
                0x0000000008003594                tim1_init
 .text.tim1_up_isr
                0x0000000008003614       0x20 sources/timers.o
                0x0000000008003614                tim1_up_isr
 .text.tim1_cc_isr
                0x0000000008003634       0x58 sources/timers.o
                0x0000000008003634                tim1_cc_isr
 .text.resieveProc
                0x000000000800368c        0x2 mainbms.o
                0x000000000800368c                resieveProc
 *fill*         0x000000000800368e        0x2 
 .text.sys_tick_handler
                0x0000000008003690       0x38 mainbms.o
                0x0000000008003690                sys_tick_handler
 .text.usb_hp_can_tx_isr
                0x00000000080036c8       0x10 mainbms.o
                0x00000000080036c8                usb_hp_can_tx_isr
 .text.usb_lp_can_rx0_isr
                0x00000000080036d8       0x34 mainbms.o
                0x00000000080036d8                usb_lp_can_rx0_isr
 .text.can_send_test
                0x000000000800370c       0x50 mainbms.o
                0x000000000800370c                can_send_test
 .text.startup.main
                0x000000000800375c       0xdc mainbms.o
                0x000000000800375c                main
 .text.adc_power_on
                0x0000000008003838       0x10 ./libopencm3//lib/libopencm3_stm32f1.a(adc.o)
                0x0000000008003838                adc_power_on
 .text.adc_start_conversion_direct
                0x0000000008003848       0x10 ./libopencm3//lib/libopencm3_stm32f1.a(adc.o)
                0x0000000008003848                adc_start_conversion_direct
 .text.adc_enable_temperature_sensor
                0x0000000008003858       0x10 ./libopencm3//lib/libopencm3_stm32f1.a(adc.o)
                0x0000000008003858                adc_enable_temperature_sensor
 .text.adc_disable_external_trigger_regular
                0x0000000008003868        0xa ./libopencm3//lib/libopencm3_stm32f1.a(adc.o)
                0x0000000008003868                adc_disable_external_trigger_regular
 .text.adc_reset_calibration
                0x0000000008003872       0x14 ./libopencm3//lib/libopencm3_stm32f1.a(adc.o)
                0x0000000008003872                adc_reset_calibration
 .text.adc_calibrate_async
                0x0000000008003886        0xa ./libopencm3//lib/libopencm3_stm32f1.a(adc.o)
                0x0000000008003886                adc_calibrate_async
 .text.adc_is_calibrating
                0x0000000008003890        0x8 ./libopencm3//lib/libopencm3_stm32f1.a(adc.o)
                0x0000000008003890                adc_is_calibrating
 .text.adc_calibrate
                0x0000000008003898       0x14 ./libopencm3//lib/libopencm3_stm32f1.a(adc.o)
                0x0000000008003898                adc_calibrate
 .text.adc_set_sample_time_on_all_channels
                0x00000000080038ac       0x2a ./libopencm3//lib/libopencm3_stm32f1.a(adc.o)
                0x00000000080038ac                adc_set_sample_time_on_all_channels
 .text.adc_power_off
                0x00000000080038d6        0xa ./libopencm3//lib/libopencm3_stm32f1.a(adc_common_v1.o)
                0x00000000080038d6                adc_power_off
 .text.adc_disable_scan_mode
                0x00000000080038e0        0xa ./libopencm3//lib/libopencm3_stm32f1.a(adc_common_v1.o)
                0x00000000080038e0                adc_disable_scan_mode
 .text.adc_set_right_aligned
                0x00000000080038ea        0xa ./libopencm3//lib/libopencm3_stm32f1.a(adc_common_v1.o)
                0x00000000080038ea                adc_set_right_aligned
 .text.adc_set_single_conversion_mode
                0x00000000080038f4        0xa ./libopencm3//lib/libopencm3_stm32f1.a(adc_common_v1.o)
                0x00000000080038f4                adc_set_single_conversion_mode
 .text.adc_set_regular_sequence
                0x00000000080038fe       0x78 ./libopencm3//lib/libopencm3_stm32f1.a(adc_common_v1.o)
                0x00000000080038fe                adc_set_regular_sequence
 *fill*         0x0000000008003976        0x2 
 .text.can_reset
                0x0000000008003978       0x18 ./libopencm3//lib/libopencm3_stm32f1.a(can.o)
                0x0000000008003978                can_reset
 .text.can_init
                0x0000000008003990      0x124 ./libopencm3//lib/libopencm3_stm32f1.a(can.o)
                0x0000000008003990                can_init
 .text.can_filter_init
                0x0000000008003ab4       0x8e ./libopencm3//lib/libopencm3_stm32f1.a(can.o)
                0x0000000008003ab4                can_filter_init
 .text.can_filter_id_mask_32bit_init
                0x0000000008003b42       0x1a ./libopencm3//lib/libopencm3_stm32f1.a(can.o)
                0x0000000008003b42                can_filter_id_mask_32bit_init
 .text.can_enable_irq
                0x0000000008003b5c        0x8 ./libopencm3//lib/libopencm3_stm32f1.a(can.o)
                0x0000000008003b5c                can_enable_irq
 .text.can_disable_irq
                0x0000000008003b64        0xa ./libopencm3//lib/libopencm3_stm32f1.a(can.o)
                0x0000000008003b64                can_disable_irq
 .text.can_transmit
                0x0000000008003b6e       0xc4 ./libopencm3//lib/libopencm3_stm32f1.a(can.o)
                0x0000000008003b6e                can_transmit
 .text.can_fifo_release
                0x0000000008003c32       0x16 ./libopencm3//lib/libopencm3_stm32f1.a(can.o)
                0x0000000008003c32                can_fifo_release
 .text.can_receive
                0x0000000008003c48       0xd0 ./libopencm3//lib/libopencm3_stm32f1.a(can.o)
                0x0000000008003c48                can_receive
 .text.can_available_mailbox
                0x0000000008003d18        0xe ./libopencm3//lib/libopencm3_stm32f1.a(can.o)
                0x0000000008003d18                can_available_mailbox
 .text.gpio_set_mode
                0x0000000008003d26       0x64 ./libopencm3//lib/libopencm3_stm32f1.a(gpio.o)
                0x0000000008003d26                gpio_set_mode
 *fill*         0x0000000008003d8a        0x2 
 .text.rcc_osc_on.part.1
                0x0000000008003d8c       0x10 ./libopencm3//lib/libopencm3_stm32f1.a(rcc.o)
 .text.rcc_is_osc_ready
                0x0000000008003d9c       0x5c ./libopencm3//lib/libopencm3_stm32f1.a(rcc.o)
                0x0000000008003d9c                rcc_is_osc_ready
 .text.rcc_wait_for_osc_ready
                0x0000000008003df8       0x10 ./libopencm3//lib/libopencm3_stm32f1.a(rcc.o)
                0x0000000008003df8                rcc_wait_for_osc_ready
 .text.rcc_osc_on
                0x0000000008003e08       0x54 ./libopencm3//lib/libopencm3_stm32f1.a(rcc.o)
                0x0000000008003e08                rcc_osc_on
 .text.rcc_set_sysclk_source
                0x0000000008003e5c       0x14 ./libopencm3//lib/libopencm3_stm32f1.a(rcc.o)
                0x0000000008003e5c                rcc_set_sysclk_source
 .text.rcc_set_pll_multiplication_factor
                0x0000000008003e70       0x14 ./libopencm3//lib/libopencm3_stm32f1.a(rcc.o)
                0x0000000008003e70                rcc_set_pll_multiplication_factor
 .text.rcc_set_pll_source
                0x0000000008003e84       0x14 ./libopencm3//lib/libopencm3_stm32f1.a(rcc.o)
                0x0000000008003e84                rcc_set_pll_source
 .text.rcc_set_pllxtpre
                0x0000000008003e98       0x14 ./libopencm3//lib/libopencm3_stm32f1.a(rcc.o)
                0x0000000008003e98                rcc_set_pllxtpre
 .text.rcc_set_adcpre
                0x0000000008003eac       0x14 ./libopencm3//lib/libopencm3_stm32f1.a(rcc.o)
                0x0000000008003eac                rcc_set_adcpre
 .text.rcc_set_ppre2
                0x0000000008003ec0       0x14 ./libopencm3//lib/libopencm3_stm32f1.a(rcc.o)
                0x0000000008003ec0                rcc_set_ppre2
 .text.rcc_set_ppre1
                0x0000000008003ed4       0x14 ./libopencm3//lib/libopencm3_stm32f1.a(rcc.o)
                0x0000000008003ed4                rcc_set_ppre1
 .text.rcc_set_hpre
                0x0000000008003ee8       0x14 ./libopencm3//lib/libopencm3_stm32f1.a(rcc.o)
                0x0000000008003ee8                rcc_set_hpre
 .text.rcc_clock_setup_in_hse_8mhz_out_72mhz
                0x0000000008003efc       0x8c ./libopencm3//lib/libopencm3_stm32f1.a(rcc.o)
                0x0000000008003efc                rcc_clock_setup_in_hse_8mhz_out_72mhz
 .text.gpio_set
                0x0000000008003f88        0x4 ./libopencm3//lib/libopencm3_stm32f1.a(gpio_common_all.o)
                0x0000000008003f88                gpio_set
 .text.gpio_clear
                0x0000000008003f8c        0x6 ./libopencm3//lib/libopencm3_stm32f1.a(gpio_common_all.o)
                0x0000000008003f8c                gpio_clear
 .text.gpio_toggle
                0x0000000008003f92       0x10 ./libopencm3//lib/libopencm3_stm32f1.a(gpio_common_all.o)
                0x0000000008003f92                gpio_toggle
 .text.timer_enable_irq
                0x0000000008003fa2        0x8 ./libopencm3//lib/libopencm3_stm32f1.a(timer_common_all.o)
                0x0000000008003fa2                timer_enable_irq
 .text.timer_clear_flag
                0x0000000008003faa        0x6 ./libopencm3//lib/libopencm3_stm32f1.a(timer_common_all.o)
                0x0000000008003faa                timer_clear_flag
 .text.timer_set_mode
                0x0000000008003fb0       0x12 ./libopencm3//lib/libopencm3_stm32f1.a(timer_common_all.o)
                0x0000000008003fb0                timer_set_mode
 .text.timer_disable_preload
                0x0000000008003fc2        0xa ./libopencm3//lib/libopencm3_stm32f1.a(timer_common_all.o)
                0x0000000008003fc2                timer_disable_preload
 .text.timer_continuous_mode
                0x0000000008003fcc        0xa ./libopencm3//lib/libopencm3_stm32f1.a(timer_common_all.o)
                0x0000000008003fcc                timer_continuous_mode
 .text.timer_enable_counter
                0x0000000008003fd6        0xa ./libopencm3//lib/libopencm3_stm32f1.a(timer_common_all.o)
                0x0000000008003fd6                timer_enable_counter
 .text.timer_set_prescaler
                0x0000000008003fe0        0x4 ./libopencm3//lib/libopencm3_stm32f1.a(timer_common_all.o)
                0x0000000008003fe0                timer_set_prescaler
 .text.timer_set_period
                0x0000000008003fe4        0x4 ./libopencm3//lib/libopencm3_stm32f1.a(timer_common_all.o)
                0x0000000008003fe4                timer_set_period
 .text.timer_enable_oc_preload
                0x0000000008003fe8       0x34 ./libopencm3//lib/libopencm3_stm32f1.a(timer_common_all.o)
                0x0000000008003fe8                timer_enable_oc_preload
 .text.timer_set_oc_value
                0x000000000800401c       0x20 ./libopencm3//lib/libopencm3_stm32f1.a(timer_common_all.o)
                0x000000000800401c                timer_set_oc_value
 .text.usart_set_baudrate
                0x000000000800403c       0x28 ./libopencm3//lib/libopencm3_stm32f1.a(usart_common_all.o)
                0x000000000800403c                usart_set_baudrate
 .text.usart_set_databits
                0x0000000008004064       0x12 ./libopencm3//lib/libopencm3_stm32f1.a(usart_common_all.o)
                0x0000000008004064                usart_set_databits
 .text.usart_set_stopbits
                0x0000000008004076        0xc ./libopencm3//lib/libopencm3_stm32f1.a(usart_common_all.o)
                0x0000000008004076                usart_set_stopbits
 .text.usart_set_parity
                0x0000000008004082        0xc ./libopencm3//lib/libopencm3_stm32f1.a(usart_common_all.o)
                0x0000000008004082                usart_set_parity
 .text.usart_set_mode
                0x000000000800408e        0xc ./libopencm3//lib/libopencm3_stm32f1.a(usart_common_all.o)
                0x000000000800408e                usart_set_mode
 .text.usart_set_flow_control
                0x000000000800409a        0xc ./libopencm3//lib/libopencm3_stm32f1.a(usart_common_all.o)
                0x000000000800409a                usart_set_flow_control
 .text.usart_enable
                0x00000000080040a6        0xa ./libopencm3//lib/libopencm3_stm32f1.a(usart_common_all.o)
                0x00000000080040a6                usart_enable
 .text.usart_send_blocking
                0x00000000080040b0       0x16 ./libopencm3//lib/libopencm3_stm32f1.a(usart_common_all.o)
                0x00000000080040b0                usart_send_blocking
 .text.usart_send
                0x00000000080040c6        0x8 ./libopencm3//lib/libopencm3_stm32f1.a(usart_common_f124.o)
                0x00000000080040c6                usart_send
 .text.usart_recv
                0x00000000080040ce        0x8 ./libopencm3//lib/libopencm3_stm32f1.a(usart_common_f124.o)
                0x00000000080040ce                usart_recv
 .text.usart_wait_send_ready
                0x00000000080040d6        0x8 ./libopencm3//lib/libopencm3_stm32f1.a(usart_common_f124.o)
                0x00000000080040d6                usart_wait_send_ready
 .text.rcc_periph_clock_enable
                0x00000000080040de       0x1a ./libopencm3//lib/libopencm3_stm32f1.a(rcc_common_all.o)
                0x00000000080040de                rcc_periph_clock_enable
 .text.rcc_periph_reset_pulse
                0x00000000080040f8       0x22 ./libopencm3//lib/libopencm3_stm32f1.a(rcc_common_all.o)
                0x00000000080040f8                rcc_periph_reset_pulse
 *fill*         0x000000000800411a        0x2 
 .text.flash_set_ws
                0x000000000800411c       0x14 ./libopencm3//lib/libopencm3_stm32f1.a(flash_common_f01.o)
                0x000000000800411c                flash_set_ws
 .text.blocking_handler
                0x0000000008004130        0x2 ./libopencm3//lib/libopencm3_stm32f1.a(vector.o)
                0x0000000008004130                usart3_isr
                0x0000000008004130                rtc_isr
                0x0000000008004130                tim7_isr
                0x0000000008004130                adc1_2_isr
                0x0000000008004130                tim1_trg_com_isr
                0x0000000008004130                tim6_isr
                0x0000000008004130                usb_wakeup_isr
                0x0000000008004130                blocking_handler
                0x0000000008004130                tim5_isr
                0x0000000008004130                otg_fs_isr
                0x0000000008004130                spi1_isr
                0x0000000008004130                dma1_channel6_isr
                0x0000000008004130                exti2_isr
                0x0000000008004130                can_rx1_isr
                0x0000000008004130                dma1_channel5_isr
                0x0000000008004130                dma2_channel5_isr
                0x0000000008004130                usage_fault_handler
                0x0000000008004130                tim8_trg_com_isr
                0x0000000008004130                can2_rx0_isr
                0x0000000008004130                tim1_brk_isr
                0x0000000008004130                can2_rx1_isr
                0x0000000008004130                sdio_isr
                0x0000000008004130                eth_isr
                0x0000000008004130                dma1_channel4_isr
                0x0000000008004130                tim8_brk_isr
                0x0000000008004130                dma2_channel4_5_isr
                0x0000000008004130                pvd_isr
                0x0000000008004130                rcc_isr
                0x0000000008004130                flash_isr
                0x0000000008004130                uart4_isr
                0x0000000008004130                rtc_alarm_isr
                0x0000000008004130                exti15_10_isr
                0x0000000008004130                hard_fault_handler
                0x0000000008004130                exti1_isr
                0x0000000008004130                i2c1_ev_isr
                0x0000000008004130                dma2_channel1_isr
                0x0000000008004130                spi2_isr
                0x0000000008004130                tim8_up_isr
                0x0000000008004130                dma2_channel2_isr
                0x0000000008004130                adc3_isr
                0x0000000008004130                exti3_isr
                0x0000000008004130                tim3_isr
                0x0000000008004130                usart2_isr
                0x0000000008004130                i2c2_er_isr
                0x0000000008004130                i2c2_ev_isr
                0x0000000008004130                uart5_isr
                0x0000000008004130                fsmc_isr
                0x0000000008004130                dma1_channel1_isr
                0x0000000008004130                exti4_isr
                0x0000000008004130                mem_manage_handler
                0x0000000008004130                can2_tx_isr
                0x0000000008004130                exti9_5_isr
                0x0000000008004130                dma2_channel3_isr
                0x0000000008004130                dma1_channel7_isr
                0x0000000008004130                can2_sce_isr
                0x0000000008004130                tim4_isr
                0x0000000008004130                dma1_channel2_isr
                0x0000000008004130                i2c1_er_isr
                0x0000000008004130                can_sce_isr
                0x0000000008004130                tim8_cc_isr
                0x0000000008004130                tamper_isr
                0x0000000008004130                eth_wkup_isr
                0x0000000008004130                bus_fault_handler
                0x0000000008004130                wwdg_isr
                0x0000000008004130                dma1_channel3_isr
                0x0000000008004130                spi3_isr
                0x0000000008004130                tim2_isr
                0x0000000008004130                exti0_isr
 .text.null_handler
                0x0000000008004132        0x2 ./libopencm3//lib/libopencm3_stm32f1.a(vector.o)
                0x0000000008004132                null_handler
                0x0000000008004132                sv_call_handler
                0x0000000008004132                pend_sv_handler
                0x0000000008004132                debug_monitor_handler
                0x0000000008004132                nmi_handler
 .text.reset_handler
                0x0000000008004134       0x90 ./libopencm3//lib/libopencm3_stm32f1.a(vector.o)
                0x0000000008004134                reset_handler
 .text.systick_set_reload
                0x00000000080041c4       0x10 ./libopencm3//lib/libopencm3_stm32f1.a(systick.o)
                0x00000000080041c4                systick_set_reload
 .text.systick_set_clocksource
                0x00000000080041d4       0x18 ./libopencm3//lib/libopencm3_stm32f1.a(systick.o)
                0x00000000080041d4                systick_set_clocksource
 .text.systick_interrupt_enable
                0x00000000080041ec       0x10 ./libopencm3//lib/libopencm3_stm32f1.a(systick.o)
                0x00000000080041ec                systick_interrupt_enable
 .text.systick_counter_enable
                0x00000000080041fc       0x10 ./libopencm3//lib/libopencm3_stm32f1.a(systick.o)
                0x00000000080041fc                systick_counter_enable
 .text.nvic_enable_irq
                0x000000000800420c       0x18 ./libopencm3//lib/libopencm3_stm32f1.a(nvic.o)
                0x000000000800420c                nvic_enable_irq
 .text.nvic_disable_irq
                0x0000000008004224       0x18 ./libopencm3//lib/libopencm3_stm32f1.a(nvic.o)
                0x0000000008004224                nvic_disable_irq
 .text.nvic_set_priority
                0x000000000800423c       0x20 ./libopencm3//lib/libopencm3_stm32f1.a(nvic.o)
                0x000000000800423c                nvic_set_priority
 .text          0x000000000800425c       0x10 /home/a-h/x-tools/arm-none-eabi/lib/gcc/arm-none-eabi/4.9.4/../../../../arm-none-eabi/lib/libc.a(lib_a-calloc.o)
                0x000000000800425c                calloc
 .text          0x000000000800426c       0x5a /home/a-h/x-tools/arm-none-eabi/lib/gcc/arm-none-eabi/4.9.4/../../../../arm-none-eabi/lib/libc.a(lib_a-callocr.o)
                0x000000000800426c                _calloc_r
 *fill*         0x00000000080042c6        0x2 
 .text          0x00000000080042c8       0x20 /home/a-h/x-tools/arm-none-eabi/lib/gcc/arm-none-eabi/4.9.4/../../../../arm-none-eabi/lib/libc.a(lib_a-malloc.o)
                0x00000000080042c8                malloc
                0x00000000080042d8                free
 .text          0x00000000080042e8      0x430 /home/a-h/x-tools/arm-none-eabi/lib/gcc/arm-none-eabi/4.9.4/../../../../arm-none-eabi/lib/libc.a(lib_a-mallocr.o)
                0x00000000080042e8                _malloc_r
 .text          0x0000000008004718       0x10 /home/a-h/x-tools/arm-none-eabi/lib/gcc/arm-none-eabi/4.9.4/../../../../arm-none-eabi/lib/libc.a(lib_a-memset.o)
                0x0000000008004718                memset
 .text          0x0000000008004728        0x4 /home/a-h/x-tools/arm-none-eabi/lib/gcc/arm-none-eabi/4.9.4/../../../../arm-none-eabi/lib/libc.a(lib_a-mlock.o)
                0x0000000008004728                __malloc_lock
                0x000000000800472a                __malloc_unlock
 .text          0x000000000800472c       0x20 /home/a-h/x-tools/arm-none-eabi/lib/gcc/arm-none-eabi/4.9.4/../../../../arm-none-eabi/lib/libc.a(lib_a-sbrkr.o)
                0x000000000800472c                _sbrk_r
 .text          0x000000000800474c       0x32 /home/a-h/x-tools/arm-none-eabi/lib/gcc/arm-none-eabi/4.9.4/../../../../arm-none-eabi/lib/libc.a(lib_a-strncmp.o)
                0x000000000800474c                strncmp
 *fill*         0x000000000800477e        0x2 
 .text          0x0000000008004780      0x210 /home/a-h/x-tools/arm-none-eabi/lib/gcc/arm-none-eabi/4.9.4/../../../../arm-none-eabi/lib/libc.a(lib_a-freer.o)
                0x0000000008004780                _malloc_trim_r
                0x000000000800481c                _free_r
 .text          0x0000000008004990       0x1c /home/a-h/x-tools/arm-none-eabi/lib/gcc/arm-none-eabi/4.9.4/../../../../arm-none-eabi/lib/libnosys.a(sbrk.o)
                0x0000000008004990                _sbrk
                0x00000000080049ac                . = ALIGN (0x4)
 *(.rodata*)
 .rodata.str1.1
                0x00000000080049ac       0x40 stack/CO_driver.o
 .rodata.crc16_ccitt_table
                0x00000000080049ec      0x200 stack/crc16-ccitt.o
 .rodata.OD_record2120
                0x0000000008004bec       0x30 sources/CO_OD.o
                0x0000000008004bec                OD_record2120
 .rodata.OD_record1200
                0x0000000008004c1c       0x18 sources/CO_OD.o
                0x0000000008004c1c                OD_record1200
 .rodata.OD_record1400
                0x0000000008004c34       0x18 sources/CO_OD.o
                0x0000000008004c34                OD_record1400
 .rodata.OD_record1A01
                0x0000000008004c4c       0x48 sources/CO_OD.o
                0x0000000008004c4c                OD_record1A01
 .rodata.OD_record1402
                0x0000000008004c94       0x18 sources/CO_OD.o
                0x0000000008004c94                OD_record1402
 .rodata.OD_record1602
                0x0000000008004cac       0x48 sources/CO_OD.o
                0x0000000008004cac                OD_record1602
 .rodata.OD_record1401
                0x0000000008004cf4       0x18 sources/CO_OD.o
                0x0000000008004cf4                OD_record1401
 .rodata.OD_record1018
                0x0000000008004d0c       0x28 sources/CO_OD.o
                0x0000000008004d0c                OD_record1018
 .rodata.OD_record1800
                0x0000000008004d34       0x38 sources/CO_OD.o
                0x0000000008004d34                OD_record1800
 .rodata.OD_record1801
                0x0000000008004d6c       0x38 sources/CO_OD.o
                0x0000000008004d6c                OD_record1801
 .rodata.OD_record1802
                0x0000000008004da4       0x38 sources/CO_OD.o
                0x0000000008004da4                OD_record1802
 .rodata.OD_record1803
                0x0000000008004ddc       0x38 sources/CO_OD.o
                0x0000000008004ddc                OD_record1803
 .rodata.OD_record1403
                0x0000000008004e14       0x18 sources/CO_OD.o
                0x0000000008004e14                OD_record1403
 .rodata.OD_record1A00
                0x0000000008004e2c       0x48 sources/CO_OD.o
                0x0000000008004e2c                OD_record1A00
 .rodata.CO_OD  0x0000000008004e74      0x288 sources/CO_OD.o
                0x0000000008004e74                CO_OD
 .rodata.OD_record1A02
                0x00000000080050fc       0x48 sources/CO_OD.o
                0x00000000080050fc                OD_record1A02
 .rodata.OD_record1A03
                0x0000000008005144       0x48 sources/CO_OD.o
                0x0000000008005144                OD_record1A03
 .rodata.OD_record1600
                0x000000000800518c       0x48 sources/CO_OD.o
                0x000000000800518c                OD_record1600
 .rodata.OD_record1601
                0x00000000080051d4       0x48 sources/CO_OD.o
                0x00000000080051d4                OD_record1601
 .rodata.OD_record1603
                0x000000000800521c       0x48 sources/CO_OD.o
                0x000000000800521c                OD_record1603
 .rodata.str1.1
                0x0000000008005264       0x46 sources/usart.o
 .rodata        0x00000000080052aa        0x8 mainbms.o
 .rodata.str1.1
                0x00000000080052b2       0x7e mainbms.o
 .rodata        0x0000000008005330        0x8 ./libopencm3//lib/libopencm3_stm32f1.a(can.o)
 .rodata.str1.1
                0x0000000008005338       0x7e /home/a-h/x-tools/arm-none-eabi/lib/gcc/arm-none-eabi/4.9.4/../../../../arm-none-eabi/lib/libc.a(lib_a-impure.o)
                                          0x2 (size before relaxing)
                0x00000000080053b8                . = ALIGN (0x4)

.glue_7         0x0000000008005338        0x0
 .glue_7        0x0000000008005338        0x0 linker stubs

.glue_7t        0x0000000008005338        0x0
 .glue_7t       0x0000000008005338        0x0 linker stubs

.vfp11_veneer   0x0000000008005338        0x0
 .vfp11_veneer  0x0000000008005338        0x0 linker stubs

.v4_bx          0x0000000008005338        0x0
 .v4_bx         0x0000000008005338        0x0 linker stubs

.iplt           0x0000000008005338        0x0
 .iplt          0x0000000008005338        0x0 stack/CO_driver.o

.rel.dyn        0x0000000008005338        0x0
 .rel.iplt      0x0000000008005338        0x0 stack/CO_driver.o

.preinit_array  0x0000000008005338        0x0
                0x0000000008005338                . = ALIGN (0x4)
                0x0000000008005338                __preinit_array_start = .
 *(.preinit_array)
                0x0000000008005338                __preinit_array_end = .

.init_array     0x0000000008005338        0x0
                0x0000000008005338                . = ALIGN (0x4)
                0x0000000008005338                __init_array_start = .
 *(SORT(.init_array.*))
 *(.init_array)
                0x0000000008005338                __init_array_end = .

.fini_array     0x0000000008005338        0x0
                0x0000000008005338                . = ALIGN (0x4)
                0x0000000008005338                __fini_array_start = .
 *(.fini_array)
 *(SORT(.fini_array.*))
                0x0000000008005338                __fini_array_end = .

.ARM.extab
 *(.ARM.extab*)

.ARM.exidx      0x0000000008005338        0x0
                0x0000000008005338                __exidx_start = .
 *(.ARM.exidx*)
                0x0000000008005338                __exidx_end = .
                0x0000000008005338                . = ALIGN (0x4)
                0x0000000008005338                _etext = .

.data           0x0000000020000000      0xc68 load address 0x0000000008005338
                0x0000000020000000                _data = .
 *(.data*)
 .data.CO_OD_ROM
                0x0000000020000000      0x258 sources/CO_OD.o
                0x0000000020000000                CO_OD_ROM
 .data.CO_OD_RAM
                0x0000000020000258      0x100 sources/CO_OD.o
                0x0000000020000258                CO_OD_RAM
 .data.CO_OD_EEPROM
                0x0000000020000358       0x4c sources/CO_OD.o
                0x0000000020000358                CO_OD_EEPROM
 .data.help_msg
                0x00000000200003a4       0x6a sources/usart.o
 .data.testdata
                0x000000002000040e        0x8 sources/usart.o
                0x000000002000040e                testdata
 .data.upcount  0x0000000020000416        0x1 mainbms.o
                0x0000000020000416                upcount
 *fill*         0x0000000020000417        0x1 
 .data.compare_time
                0x0000000020000418        0x2 mainbms.o
                0x0000000020000418                compare_time
 *fill*         0x000000002000041a        0x2 
 .data.rcc_ahb_frequency
                0x000000002000041c        0x4 ./libopencm3//lib/libopencm3_stm32f1.a(rcc.o)
                0x000000002000041c                rcc_ahb_frequency
 .data.rcc_apb1_frequency
                0x0000000020000420        0x4 ./libopencm3//lib/libopencm3_stm32f1.a(rcc.o)
                0x0000000020000420                rcc_apb1_frequency
 .data.rcc_apb2_frequency
                0x0000000020000424        0x4 ./libopencm3//lib/libopencm3_stm32f1.a(rcc.o)
                0x0000000020000424                rcc_apb2_frequency
 .data          0x0000000020000428      0x430 /home/a-h/x-tools/arm-none-eabi/lib/gcc/arm-none-eabi/4.9.4/../../../../arm-none-eabi/lib/libc.a(lib_a-impure.o)
                0x0000000020000428                _impure_ptr
 .data          0x0000000020000858      0x410 /home/a-h/x-tools/arm-none-eabi/lib/gcc/arm-none-eabi/4.9.4/../../../../arm-none-eabi/lib/libc.a(lib_a-mallocr.o)
                0x0000000020000858                __malloc_av_
                0x0000000020000c60                __malloc_sbrk_base
                0x0000000020000c64                __malloc_trim_threshold
                0x0000000020000c68                . = ALIGN (0x4)
                0x0000000020000c68                _edata = .
                0x0000000008005338                _data_loadaddr = LOADADDR (.data)

.igot.plt       0x0000000020000c68        0x0 load address 0x0000000008005fa0
 .igot.plt      0x0000000020000c68        0x0 stack/CO_driver.o

.bss            0x0000000020000c68      0x10c load address 0x0000000008005fa0
 *(.bss*)
 .bss.dummyTX.4988
                0x0000000020000c68        0x4 stack/CO_PDO.o
 .bss.dummyRX.4989
                0x0000000020000c6c        0x4 stack/CO_PDO.o
 .bss.ms50.5293
                0x0000000020000c70        0x2 ./CANopen.o
 *fill*         0x0000000020000c72        0x2 
 .bss.CO_HBcons_monitoredNodes
                0x0000000020000c74        0x4 ./CANopen.o
 .bss.CO        0x0000000020000c78        0x4 ./CANopen.o
                0x0000000020000c78                CO
 .bss.CO_SDO_ODExtensions
                0x0000000020000c7c        0x4 ./CANopen.o
 .bss.CO_CANmodule_txArray0
                0x0000000020000c80        0x4 ./CANopen.o
 .bss.CO_CANmodule_rxArray0
                0x0000000020000c84        0x4 ./CANopen.o
 .bss.CO_memoryUsed
                0x0000000020000c88        0x4 ./CANopen.o
 .bss.COO       0x0000000020000c8c       0x3c ./CANopen.o
 .bss.rec_len   0x0000000020000cc8        0x1 sources/usart.o
 *fill*         0x0000000020000cc9        0x3 
 .bss.usart1    0x0000000020000ccc       0x10 sources/usart.o
                0x0000000020000ccc                usart1
 .bss.resiever  0x0000000020000cdc       0x32 sources/usart.o
 .bss.channel_array1
                0x0000000020000d0e       0x10 sources/adc.o
                0x0000000020000d0e                channel_array1
 .bss.channel_array2
                0x0000000020000d1e       0x10 sources/adc.o
                0x0000000020000d1e                channel_array2
 *fill*         0x0000000020000d2e        0x2 
 .bss.txbuff    0x0000000020000d30        0x4 mainbms.o
                0x0000000020000d30                txbuff
 .bss.fpointer  0x0000000020000d34        0x4 mainbms.o
                0x0000000020000d34                fpointer
 .bss           0x0000000020000d38       0x34 /home/a-h/x-tools/arm-none-eabi/lib/gcc/arm-none-eabi/4.9.4/../../../../arm-none-eabi/lib/libc.a(lib_a-mallocr.o)
                0x0000000020000d38                __malloc_top_pad
                0x0000000020000d3c                __malloc_current_mallinfo
                0x0000000020000d64                __malloc_max_sbrked_mem
                0x0000000020000d68                __malloc_max_total_mem
 .bss           0x0000000020000d6c        0x4 /home/a-h/x-tools/arm-none-eabi/lib/gcc/arm-none-eabi/4.9.4/../../../../arm-none-eabi/lib/libnosys.a(sbrk.o)
 *(COMMON)
 COMMON         0x0000000020000d70        0x4 /home/a-h/x-tools/arm-none-eabi/lib/gcc/arm-none-eabi/4.9.4/../../../../arm-none-eabi/lib/libc.a(lib_a-reent.o)
                0x0000000020000d70                errno
                0x0000000020000d74                . = ALIGN (0x4)
                0x0000000020000d74                _ebss = .

/DISCARD/
 *(.eh_frame)
                0x0000000020000d74                . = ALIGN (0x4)
                0x0000000020000d74                end = .
                0x0000000020005000                PROVIDE (_stack, (ORIGIN (ram) + LENGTH (ram)))
OUTPUT(mainbms.elf elf32-littlearm)

.debug_info     0x0000000000000000    0x1ac95
 .debug_info    0x0000000000000000     0x133b stack/CO_driver.o
 .debug_info    0x000000000000133b       0xdc stack/crc16-ccitt.o
 .debug_info    0x0000000000001417     0x1973 stack/CO_SDO.o
 .debug_info    0x0000000000002d8a     0x1159 stack/CO_Emergency.o
 .debug_info    0x0000000000003ee3      0xad3 stack/CO_NMT_Heartbeat.o
 .debug_info    0x00000000000049b6     0x1090 stack/CO_SYNC.o
 .debug_info    0x0000000000005a46     0x1c78 stack/CO_PDO.o
 .debug_info    0x00000000000076be      0xf52 stack/CO_HBconsumer.o
 .debug_info    0x0000000000008610     0x2530 ./CANopen.o
 .debug_info    0x000000000000ab40      0xacd sources/CO_OD.o
 .debug_info    0x000000000000b60d      0x55e sources/gpio.o
 .debug_info    0x000000000000bb6b      0x27f sources/rcc.o
 .debug_info    0x000000000000bdea     0x1da7 sources/usart.o
 .debug_info    0x000000000000db91      0x685 sources/adc.o
 .debug_info    0x000000000000e216      0x756 sources/timers.o
 .debug_info    0x000000000000e96c     0x165f mainbms.o
 .debug_info    0x000000000000ffcb      0x387 ./libopencm3//lib/libopencm3_stm32f1.a(adc.o)
 .debug_info    0x0000000000010352      0x7b4 ./libopencm3//lib/libopencm3_stm32f1.a(adc_common_v1.o)
 .debug_info    0x0000000000010b06      0xa27 ./libopencm3//lib/libopencm3_stm32f1.a(can.o)
 .debug_info    0x000000000001152d      0x1df ./libopencm3//lib/libopencm3_stm32f1.a(gpio.o)
 .debug_info    0x000000000001170c     0x10fd ./libopencm3//lib/libopencm3_stm32f1.a(rcc.o)
 .debug_info    0x0000000000012809      0x22c ./libopencm3//lib/libopencm3_stm32f1.a(gpio_common_all.o)
 .debug_info    0x0000000000012a35     0x117e ./libopencm3//lib/libopencm3_stm32f1.a(timer_common_all.o)
 .debug_info    0x0000000000013bb3      0x4cf ./libopencm3//lib/libopencm3_stm32f1.a(usart_common_all.o)
 .debug_info    0x0000000000014082      0x17a ./libopencm3//lib/libopencm3_stm32f1.a(usart_common_f124.o)
 .debug_info    0x00000000000141fc      0x5b8 ./libopencm3//lib/libopencm3_stm32f1.a(rcc_common_all.o)
 .debug_info    0x00000000000147b4      0x27f ./libopencm3//lib/libopencm3_stm32f1.a(flash_common_f01.o)
 .debug_info    0x0000000000014a33      0x2a4 ./libopencm3//lib/libopencm3_stm32f1.a(vector.o)
 .debug_info    0x0000000000014cd7      0x255 ./libopencm3//lib/libopencm3_stm32f1.a(systick.o)
 .debug_info    0x0000000000014f2c      0x214 ./libopencm3//lib/libopencm3_stm32f1.a(nvic.o)
 .debug_info    0x0000000000015140      0x8de /home/a-h/x-tools/arm-none-eabi/lib/gcc/arm-none-eabi/4.9.4/../../../../arm-none-eabi/lib/libc.a(lib_a-calloc.o)
 .debug_info    0x0000000000015a1e      0x9e8 /home/a-h/x-tools/arm-none-eabi/lib/gcc/arm-none-eabi/4.9.4/../../../../arm-none-eabi/lib/libc.a(lib_a-callocr.o)
 .debug_info    0x0000000000016406      0x890 /home/a-h/x-tools/arm-none-eabi/lib/gcc/arm-none-eabi/4.9.4/../../../../arm-none-eabi/lib/libc.a(lib_a-impure.o)
 .debug_info    0x0000000000016c96      0x911 /home/a-h/x-tools/arm-none-eabi/lib/gcc/arm-none-eabi/4.9.4/../../../../arm-none-eabi/lib/libc.a(lib_a-malloc.o)
 .debug_info    0x00000000000175a7      0xd21 /home/a-h/x-tools/arm-none-eabi/lib/gcc/arm-none-eabi/4.9.4/../../../../arm-none-eabi/lib/libc.a(lib_a-mallocr.o)
 .debug_info    0x00000000000182c8       0xcf /home/a-h/x-tools/arm-none-eabi/lib/gcc/arm-none-eabi/4.9.4/../../../../arm-none-eabi/lib/libc.a(lib_a-memset.o)
 .debug_info    0x0000000000018397      0x8b0 /home/a-h/x-tools/arm-none-eabi/lib/gcc/arm-none-eabi/4.9.4/../../../../arm-none-eabi/lib/libc.a(lib_a-mlock.o)
 .debug_info    0x0000000000018c47      0x8f0 /home/a-h/x-tools/arm-none-eabi/lib/gcc/arm-none-eabi/4.9.4/../../../../arm-none-eabi/lib/libc.a(lib_a-sbrkr.o)
 .debug_info    0x0000000000019537       0xcb /home/a-h/x-tools/arm-none-eabi/lib/gcc/arm-none-eabi/4.9.4/../../../../arm-none-eabi/lib/libc.a(lib_a-strncmp.o)
 .debug_info    0x0000000000019602      0xc07 /home/a-h/x-tools/arm-none-eabi/lib/gcc/arm-none-eabi/4.9.4/../../../../arm-none-eabi/lib/libc.a(lib_a-freer.o)
 .debug_info    0x000000000001a209      0x9f7 /home/a-h/x-tools/arm-none-eabi/lib/gcc/arm-none-eabi/4.9.4/../../../../arm-none-eabi/lib/libc.a(lib_a-reent.o)
 .debug_info    0x000000000001ac00       0x95 /home/a-h/x-tools/arm-none-eabi/lib/gcc/arm-none-eabi/4.9.4/../../../../arm-none-eabi/lib/libnosys.a(sbrk.o)

.debug_abbrev   0x0000000000000000     0x49be
 .debug_abbrev  0x0000000000000000      0x3f2 stack/CO_driver.o
 .debug_abbrev  0x00000000000003f2       0xa0 stack/crc16-ccitt.o
 .debug_abbrev  0x0000000000000492      0x40b stack/CO_SDO.o
 .debug_abbrev  0x000000000000089d      0x2e8 stack/CO_Emergency.o
 .debug_abbrev  0x0000000000000b85      0x2ba stack/CO_NMT_Heartbeat.o
 .debug_abbrev  0x0000000000000e3f      0x2dd stack/CO_SYNC.o
 .debug_abbrev  0x000000000000111c      0x344 stack/CO_PDO.o
 .debug_abbrev  0x0000000000001460      0x2da stack/CO_HBconsumer.o
 .debug_abbrev  0x000000000000173a      0x2d7 ./CANopen.o
 .debug_abbrev  0x0000000000001a11       0xf6 sources/CO_OD.o
 .debug_abbrev  0x0000000000001b07      0x104 sources/gpio.o
 .debug_abbrev  0x0000000000001c0b       0xb7 sources/rcc.o
 .debug_abbrev  0x0000000000001cc2      0x337 sources/usart.o
 .debug_abbrev  0x0000000000001ff9      0x15b sources/adc.o
 .debug_abbrev  0x0000000000002154       0xdf sources/timers.o
 .debug_abbrev  0x0000000000002233      0x2a4 mainbms.o
 .debug_abbrev  0x00000000000024d7      0x165 ./libopencm3//lib/libopencm3_stm32f1.a(adc.o)
 .debug_abbrev  0x000000000000263c      0x149 ./libopencm3//lib/libopencm3_stm32f1.a(adc_common_v1.o)
 .debug_abbrev  0x0000000000002785      0x24c ./libopencm3//lib/libopencm3_stm32f1.a(can.o)
 .debug_abbrev  0x00000000000029d1       0xb7 ./libopencm3//lib/libopencm3_stm32f1.a(gpio.o)
 .debug_abbrev  0x0000000000002a88      0x291 ./libopencm3//lib/libopencm3_stm32f1.a(rcc.o)
 .debug_abbrev  0x0000000000002d19      0x10e ./libopencm3//lib/libopencm3_stm32f1.a(gpio_common_all.o)
 .debug_abbrev  0x0000000000002e27      0x15c ./libopencm3//lib/libopencm3_stm32f1.a(timer_common_all.o)
 .debug_abbrev  0x0000000000002f83      0x12b ./libopencm3//lib/libopencm3_stm32f1.a(usart_common_all.o)
 .debug_abbrev  0x00000000000030ae       0x8e ./libopencm3//lib/libopencm3_stm32f1.a(usart_common_f124.o)
 .debug_abbrev  0x000000000000313c       0xc1 ./libopencm3//lib/libopencm3_stm32f1.a(rcc_common_all.o)
 .debug_abbrev  0x00000000000031fd       0xe7 ./libopencm3//lib/libopencm3_stm32f1.a(flash_common_f01.o)
 .debug_abbrev  0x00000000000032e4      0x12b ./libopencm3//lib/libopencm3_stm32f1.a(vector.o)
 .debug_abbrev  0x000000000000340f      0x132 ./libopencm3//lib/libopencm3_stm32f1.a(systick.o)
 .debug_abbrev  0x0000000000003541       0xa6 ./libopencm3//lib/libopencm3_stm32f1.a(nvic.o)
 .debug_abbrev  0x00000000000035e7      0x1da /home/a-h/x-tools/arm-none-eabi/lib/gcc/arm-none-eabi/4.9.4/../../../../arm-none-eabi/lib/libc.a(lib_a-calloc.o)
 .debug_abbrev  0x00000000000037c1      0x215 /home/a-h/x-tools/arm-none-eabi/lib/gcc/arm-none-eabi/4.9.4/../../../../arm-none-eabi/lib/libc.a(lib_a-callocr.o)
 .debug_abbrev  0x00000000000039d6      0x17e /home/a-h/x-tools/arm-none-eabi/lib/gcc/arm-none-eabi/4.9.4/../../../../arm-none-eabi/lib/libc.a(lib_a-impure.o)
 .debug_abbrev  0x0000000000003b54      0x1f8 /home/a-h/x-tools/arm-none-eabi/lib/gcc/arm-none-eabi/4.9.4/../../../../arm-none-eabi/lib/libc.a(lib_a-malloc.o)
 .debug_abbrev  0x0000000000003d4c      0x2a4 /home/a-h/x-tools/arm-none-eabi/lib/gcc/arm-none-eabi/4.9.4/../../../../arm-none-eabi/lib/libc.a(lib_a-mallocr.o)
 .debug_abbrev  0x0000000000003ff0       0x8c /home/a-h/x-tools/arm-none-eabi/lib/gcc/arm-none-eabi/4.9.4/../../../../arm-none-eabi/lib/libc.a(lib_a-memset.o)
 .debug_abbrev  0x000000000000407c      0x198 /home/a-h/x-tools/arm-none-eabi/lib/gcc/arm-none-eabi/4.9.4/../../../../arm-none-eabi/lib/libc.a(lib_a-mlock.o)
 .debug_abbrev  0x0000000000004214      0x1fb /home/a-h/x-tools/arm-none-eabi/lib/gcc/arm-none-eabi/4.9.4/../../../../arm-none-eabi/lib/libc.a(lib_a-sbrkr.o)
 .debug_abbrev  0x000000000000440f       0x6e /home/a-h/x-tools/arm-none-eabi/lib/gcc/arm-none-eabi/4.9.4/../../../../arm-none-eabi/lib/libc.a(lib_a-strncmp.o)
 .debug_abbrev  0x000000000000447d      0x266 /home/a-h/x-tools/arm-none-eabi/lib/gcc/arm-none-eabi/4.9.4/../../../../arm-none-eabi/lib/libc.a(lib_a-freer.o)
 .debug_abbrev  0x00000000000046e3      0x25a /home/a-h/x-tools/arm-none-eabi/lib/gcc/arm-none-eabi/4.9.4/../../../../arm-none-eabi/lib/libc.a(lib_a-reent.o)
 .debug_abbrev  0x000000000000493d       0x81 /home/a-h/x-tools/arm-none-eabi/lib/gcc/arm-none-eabi/4.9.4/../../../../arm-none-eabi/lib/libnosys.a(sbrk.o)

.debug_loc      0x0000000000000000     0x882a
 .debug_loc     0x0000000000000000      0x887 stack/CO_driver.o
 .debug_loc     0x0000000000000887       0xc5 stack/crc16-ccitt.o
 .debug_loc     0x000000000000094c     0x128f stack/CO_SDO.o
 .debug_loc     0x0000000000001bdb      0x6b8 stack/CO_Emergency.o
 .debug_loc     0x0000000000002293      0x44f stack/CO_NMT_Heartbeat.o
 .debug_loc     0x00000000000026e2      0x58b stack/CO_SYNC.o
 .debug_loc     0x0000000000002c6d     0x1587 stack/CO_PDO.o
 .debug_loc     0x00000000000041f4      0x650 stack/CO_HBconsumer.o
 .debug_loc     0x0000000000004844      0x561 ./CANopen.o
 .debug_loc     0x0000000000004da5       0x66 sources/gpio.o
 .debug_loc     0x0000000000004e0b      0x748 sources/usart.o
 .debug_loc     0x0000000000005553       0xc5 sources/adc.o
 .debug_loc     0x0000000000005618       0xc0 mainbms.o
 .debug_loc     0x00000000000056d8      0x1db ./libopencm3//lib/libopencm3_stm32f1.a(adc.o)
 .debug_loc     0x00000000000058b3      0x343 ./libopencm3//lib/libopencm3_stm32f1.a(adc_common_v1.o)
 .debug_loc     0x0000000000005bf6      0x9d6 ./libopencm3//lib/libopencm3_stm32f1.a(can.o)
 .debug_loc     0x00000000000065cc      0x1aa ./libopencm3//lib/libopencm3_stm32f1.a(gpio.o)
 .debug_loc     0x0000000000006776      0x3f2 ./libopencm3//lib/libopencm3_stm32f1.a(rcc.o)
 .debug_loc     0x0000000000006b68       0x84 ./libopencm3//lib/libopencm3_stm32f1.a(gpio_common_all.o)
 .debug_loc     0x0000000000006bec      0x506 ./libopencm3//lib/libopencm3_stm32f1.a(timer_common_all.o)
 .debug_loc     0x00000000000070f2      0x1ca ./libopencm3//lib/libopencm3_stm32f1.a(usart_common_all.o)
 .debug_loc     0x00000000000072bc       0x63 ./libopencm3//lib/libopencm3_stm32f1.a(usart_common_f124.o)
 .debug_loc     0x000000000000731f      0x14a ./libopencm3//lib/libopencm3_stm32f1.a(rcc_common_all.o)
 .debug_loc     0x0000000000007469       0xd3 ./libopencm3//lib/libopencm3_stm32f1.a(flash_common_f01.o)
 .debug_loc     0x000000000000753c       0xdf ./libopencm3//lib/libopencm3_stm32f1.a(vector.o)
 .debug_loc     0x000000000000761b      0x192 ./libopencm3//lib/libopencm3_stm32f1.a(systick.o)
 .debug_loc     0x00000000000077ad      0x129 ./libopencm3//lib/libopencm3_stm32f1.a(nvic.o)
 .debug_loc     0x00000000000078d6       0x58 /home/a-h/x-tools/arm-none-eabi/lib/gcc/arm-none-eabi/4.9.4/../../../../arm-none-eabi/lib/libc.a(lib_a-calloc.o)
 .debug_loc     0x000000000000792e      0x1e7 /home/a-h/x-tools/arm-none-eabi/lib/gcc/arm-none-eabi/4.9.4/../../../../arm-none-eabi/lib/libc.a(lib_a-callocr.o)
 .debug_loc     0x0000000000007b15       0x58 /home/a-h/x-tools/arm-none-eabi/lib/gcc/arm-none-eabi/4.9.4/../../../../arm-none-eabi/lib/libc.a(lib_a-malloc.o)
 .debug_loc     0x0000000000007b6d      0x6ab /home/a-h/x-tools/arm-none-eabi/lib/gcc/arm-none-eabi/4.9.4/../../../../arm-none-eabi/lib/libc.a(lib_a-mallocr.o)
 .debug_loc     0x0000000000008218       0x49 /home/a-h/x-tools/arm-none-eabi/lib/gcc/arm-none-eabi/4.9.4/../../../../arm-none-eabi/lib/libc.a(lib_a-memset.o)
 .debug_loc     0x0000000000008261       0x4d /home/a-h/x-tools/arm-none-eabi/lib/gcc/arm-none-eabi/4.9.4/../../../../arm-none-eabi/lib/libc.a(lib_a-sbrkr.o)
 .debug_loc     0x00000000000082ae       0x8b /home/a-h/x-tools/arm-none-eabi/lib/gcc/arm-none-eabi/4.9.4/../../../../arm-none-eabi/lib/libc.a(lib_a-strncmp.o)
 .debug_loc     0x0000000000008339      0x39a /home/a-h/x-tools/arm-none-eabi/lib/gcc/arm-none-eabi/4.9.4/../../../../arm-none-eabi/lib/libc.a(lib_a-freer.o)
 .debug_loc     0x00000000000086d3      0x12b /home/a-h/x-tools/arm-none-eabi/lib/gcc/arm-none-eabi/4.9.4/../../../../arm-none-eabi/lib/libc.a(lib_a-reent.o)
 .debug_loc     0x00000000000087fe       0x2c /home/a-h/x-tools/arm-none-eabi/lib/gcc/arm-none-eabi/4.9.4/../../../../arm-none-eabi/lib/libnosys.a(sbrk.o)

.debug_aranges  0x0000000000000000     0x1020
 .debug_aranges
                0x0000000000000000       0x98 stack/CO_driver.o
 .debug_aranges
                0x0000000000000098       0x20 stack/crc16-ccitt.o
 .debug_aranges
                0x00000000000000b8       0xd0 stack/CO_SDO.o
 .debug_aranges
                0x0000000000000188       0x58 stack/CO_Emergency.o
 .debug_aranges
                0x00000000000001e0       0x48 stack/CO_NMT_Heartbeat.o
 .debug_aranges
                0x0000000000000228       0x48 stack/CO_SYNC.o
 .debug_aranges
                0x0000000000000270       0x98 stack/CO_PDO.o
 .debug_aranges
                0x0000000000000308       0x40 stack/CO_HBconsumer.o
 .debug_aranges
                0x0000000000000348       0x40 ./CANopen.o
 .debug_aranges
                0x0000000000000388       0x18 sources/CO_OD.o
 .debug_aranges
                0x00000000000003a0       0x28 sources/gpio.o
 .debug_aranges
                0x00000000000003c8       0x20 sources/rcc.o
 .debug_aranges
                0x00000000000003e8       0x60 sources/usart.o
 .debug_aranges
                0x0000000000000448       0x30 sources/adc.o
 .debug_aranges
                0x0000000000000478       0x30 sources/timers.o
 .debug_aranges
                0x00000000000004a8       0x48 mainbms.o
 .debug_aranges
                0x00000000000004f0       0x98 ./libopencm3//lib/libopencm3_stm32f1.a(adc.o)
 .debug_aranges
                0x0000000000000588      0x148 ./libopencm3//lib/libopencm3_stm32f1.a(adc_common_v1.o)
 .debug_aranges
                0x00000000000006d0       0x80 ./libopencm3//lib/libopencm3_stm32f1.a(can.o)
 .debug_aranges
                0x0000000000000750       0x38 ./libopencm3//lib/libopencm3_stm32f1.a(gpio.o)
 .debug_aranges
                0x0000000000000788      0x158 ./libopencm3//lib/libopencm3_stm32f1.a(rcc.o)
 .debug_aranges
                0x00000000000008e0       0x50 ./libopencm3//lib/libopencm3_stm32f1.a(gpio_common_all.o)
 .debug_aranges
                0x0000000000000930      0x278 ./libopencm3//lib/libopencm3_stm32f1.a(timer_common_all.o)
 .debug_aranges
                0x0000000000000ba8       0xb8 ./libopencm3//lib/libopencm3_stm32f1.a(usart_common_all.o)
 .debug_aranges
                0x0000000000000c60       0x40 ./libopencm3//lib/libopencm3_stm32f1.a(usart_common_f124.o)
 .debug_aranges
                0x0000000000000ca0       0x78 ./libopencm3//lib/libopencm3_stm32f1.a(rcc_common_all.o)
 .debug_aranges
                0x0000000000000d18       0x88 ./libopencm3//lib/libopencm3_stm32f1.a(flash_common_f01.o)
 .debug_aranges
                0x0000000000000da0       0x30 ./libopencm3//lib/libopencm3_stm32f1.a(vector.o)
 .debug_aranges
                0x0000000000000dd0       0x78 ./libopencm3//lib/libopencm3_stm32f1.a(systick.o)
 .debug_aranges
                0x0000000000000e48       0x60 ./libopencm3//lib/libopencm3_stm32f1.a(nvic.o)
 .debug_aranges
                0x0000000000000ea8       0x20 /home/a-h/x-tools/arm-none-eabi/lib/gcc/arm-none-eabi/4.9.4/../../../../arm-none-eabi/lib/libc.a(lib_a-calloc.o)
 .debug_aranges
                0x0000000000000ec8       0x20 /home/a-h/x-tools/arm-none-eabi/lib/gcc/arm-none-eabi/4.9.4/../../../../arm-none-eabi/lib/libc.a(lib_a-callocr.o)
 .debug_aranges
                0x0000000000000ee8       0x18 /home/a-h/x-tools/arm-none-eabi/lib/gcc/arm-none-eabi/4.9.4/../../../../arm-none-eabi/lib/libc.a(lib_a-impure.o)
 .debug_aranges
                0x0000000000000f00       0x20 /home/a-h/x-tools/arm-none-eabi/lib/gcc/arm-none-eabi/4.9.4/../../../../arm-none-eabi/lib/libc.a(lib_a-malloc.o)
 .debug_aranges
                0x0000000000000f20       0x20 /home/a-h/x-tools/arm-none-eabi/lib/gcc/arm-none-eabi/4.9.4/../../../../arm-none-eabi/lib/libc.a(lib_a-mallocr.o)
 .debug_aranges
                0x0000000000000f40       0x20 /home/a-h/x-tools/arm-none-eabi/lib/gcc/arm-none-eabi/4.9.4/../../../../arm-none-eabi/lib/libc.a(lib_a-memset.o)
 .debug_aranges
                0x0000000000000f60       0x20 /home/a-h/x-tools/arm-none-eabi/lib/gcc/arm-none-eabi/4.9.4/../../../../arm-none-eabi/lib/libc.a(lib_a-mlock.o)
 .debug_aranges
                0x0000000000000f80       0x20 /home/a-h/x-tools/arm-none-eabi/lib/gcc/arm-none-eabi/4.9.4/../../../../arm-none-eabi/lib/libc.a(lib_a-sbrkr.o)
 .debug_aranges
                0x0000000000000fa0       0x20 /home/a-h/x-tools/arm-none-eabi/lib/gcc/arm-none-eabi/4.9.4/../../../../arm-none-eabi/lib/libc.a(lib_a-strncmp.o)
 .debug_aranges
                0x0000000000000fc0       0x20 /home/a-h/x-tools/arm-none-eabi/lib/gcc/arm-none-eabi/4.9.4/../../../../arm-none-eabi/lib/libc.a(lib_a-freer.o)
 .debug_aranges
                0x0000000000000fe0       0x20 /home/a-h/x-tools/arm-none-eabi/lib/gcc/arm-none-eabi/4.9.4/../../../../arm-none-eabi/lib/libc.a(lib_a-reent.o)
 .debug_aranges
                0x0000000000001000       0x20 /home/a-h/x-tools/arm-none-eabi/lib/gcc/arm-none-eabi/4.9.4/../../../../arm-none-eabi/lib/libnosys.a(sbrk.o)

.debug_ranges   0x0000000000000000      0xf60
 .debug_ranges  0x0000000000000000       0xd0 stack/CO_driver.o
 .debug_ranges  0x00000000000000d0       0x28 stack/crc16-ccitt.o
 .debug_ranges  0x00000000000000f8      0x198 stack/CO_SDO.o
 .debug_ranges  0x0000000000000290       0x48 stack/CO_Emergency.o
 .debug_ranges  0x00000000000002d8       0x38 stack/CO_NMT_Heartbeat.o
 .debug_ranges  0x0000000000000310       0x68 stack/CO_SYNC.o
 .debug_ranges  0x0000000000000378      0x118 stack/CO_PDO.o
 .debug_ranges  0x0000000000000490       0x48 stack/CO_HBconsumer.o
 .debug_ranges  0x00000000000004d8       0x30 ./CANopen.o
 .debug_ranges  0x0000000000000508       0x18 sources/gpio.o
 .debug_ranges  0x0000000000000520       0x10 sources/rcc.o
 .debug_ranges  0x0000000000000530       0x68 sources/usart.o
 .debug_ranges  0x0000000000000598       0x20 sources/adc.o
 .debug_ranges  0x00000000000005b8       0x20 sources/timers.o
 .debug_ranges  0x00000000000005d8       0x50 mainbms.o
 .debug_ranges  0x0000000000000628       0x88 ./libopencm3//lib/libopencm3_stm32f1.a(adc.o)
 .debug_ranges  0x00000000000006b0      0x138 ./libopencm3//lib/libopencm3_stm32f1.a(adc_common_v1.o)
 .debug_ranges  0x00000000000007e8       0x70 ./libopencm3//lib/libopencm3_stm32f1.a(can.o)
 .debug_ranges  0x0000000000000858       0x28 ./libopencm3//lib/libopencm3_stm32f1.a(gpio.o)
 .debug_ranges  0x0000000000000880      0x1a8 ./libopencm3//lib/libopencm3_stm32f1.a(rcc.o)
 .debug_ranges  0x0000000000000a28       0x40 ./libopencm3//lib/libopencm3_stm32f1.a(gpio_common_all.o)
 .debug_ranges  0x0000000000000a68      0x268 ./libopencm3//lib/libopencm3_stm32f1.a(timer_common_all.o)
 .debug_ranges  0x0000000000000cd0       0xa8 ./libopencm3//lib/libopencm3_stm32f1.a(usart_common_all.o)
 .debug_ranges  0x0000000000000d78       0x30 ./libopencm3//lib/libopencm3_stm32f1.a(usart_common_f124.o)
 .debug_ranges  0x0000000000000da8       0x68 ./libopencm3//lib/libopencm3_stm32f1.a(rcc_common_all.o)
 .debug_ranges  0x0000000000000e10       0x78 ./libopencm3//lib/libopencm3_stm32f1.a(flash_common_f01.o)
 .debug_ranges  0x0000000000000e88       0x20 ./libopencm3//lib/libopencm3_stm32f1.a(vector.o)
 .debug_ranges  0x0000000000000ea8       0x68 ./libopencm3//lib/libopencm3_stm32f1.a(systick.o)
 .debug_ranges  0x0000000000000f10       0x50 ./libopencm3//lib/libopencm3_stm32f1.a(nvic.o)

.debug_line     0x0000000000000000     0x7c61
 .debug_line    0x0000000000000000      0x475 stack/CO_driver.o
 .debug_line    0x0000000000000475       0x55 stack/crc16-ccitt.o
 .debug_line    0x00000000000004ca      0x698 stack/CO_SDO.o
 .debug_line    0x0000000000000b62      0x288 stack/CO_Emergency.o
 .debug_line    0x0000000000000dea      0x289 stack/CO_NMT_Heartbeat.o
 .debug_line    0x0000000000001073      0x257 stack/CO_SYNC.o
 .debug_line    0x00000000000012ca      0x5c5 stack/CO_PDO.o
 .debug_line    0x000000000000188f      0x22e stack/CO_HBconsumer.o
 .debug_line    0x0000000000001abd      0x3dd ./CANopen.o
 .debug_line    0x0000000000001e9a       0xfb sources/CO_OD.o
 .debug_line    0x0000000000001f95      0x19e sources/gpio.o
 .debug_line    0x0000000000002133       0xb5 sources/rcc.o
 .debug_line    0x00000000000021e8      0x480 sources/usart.o
 .debug_line    0x0000000000002668      0x1df sources/adc.o
 .debug_line    0x0000000000002847      0x1e8 sources/timers.o
 .debug_line    0x0000000000002a2f      0x292 mainbms.o
 .debug_line    0x0000000000002cc1      0x3bc ./libopencm3//lib/libopencm3_stm32f1.a(adc.o)
 .debug_line    0x000000000000307d      0x546 ./libopencm3//lib/libopencm3_stm32f1.a(adc_common_v1.o)
 .debug_line    0x00000000000035c3      0x43f ./libopencm3//lib/libopencm3_stm32f1.a(can.o)
 .debug_line    0x0000000000003a02      0x2c0 ./libopencm3//lib/libopencm3_stm32f1.a(gpio.o)
 .debug_line    0x0000000000003cc2      0x648 ./libopencm3//lib/libopencm3_stm32f1.a(rcc.o)
 .debug_line    0x000000000000430a      0x2f4 ./libopencm3//lib/libopencm3_stm32f1.a(gpio_common_all.o)
 .debug_line    0x00000000000045fe      0x875 ./libopencm3//lib/libopencm3_stm32f1.a(timer_common_all.o)
 .debug_line    0x0000000000004e73      0x42a ./libopencm3//lib/libopencm3_stm32f1.a(usart_common_all.o)
 .debug_line    0x000000000000529d      0x315 ./libopencm3//lib/libopencm3_stm32f1.a(usart_common_f124.o)
 .debug_line    0x00000000000055b2      0x33f ./libopencm3//lib/libopencm3_stm32f1.a(rcc_common_all.o)
 .debug_line    0x00000000000058f1      0x37f ./libopencm3//lib/libopencm3_stm32f1.a(flash_common_f01.o)
 .debug_line    0x0000000000005c70      0x30e ./libopencm3//lib/libopencm3_stm32f1.a(vector.o)
 .debug_line    0x0000000000005f7e      0x2a3 ./libopencm3//lib/libopencm3_stm32f1.a(systick.o)
 .debug_line    0x0000000000006221      0x2c4 ./libopencm3//lib/libopencm3_stm32f1.a(nvic.o)
 .debug_line    0x00000000000064e5      0x20a /home/a-h/x-tools/arm-none-eabi/lib/gcc/arm-none-eabi/4.9.4/../../../../arm-none-eabi/lib/libc.a(lib_a-calloc.o)
 .debug_line    0x00000000000066ef      0x1c3 /home/a-h/x-tools/arm-none-eabi/lib/gcc/arm-none-eabi/4.9.4/../../../../arm-none-eabi/lib/libc.a(lib_a-callocr.o)
 .debug_line    0x00000000000068b2      0x18a /home/a-h/x-tools/arm-none-eabi/lib/gcc/arm-none-eabi/4.9.4/../../../../arm-none-eabi/lib/libc.a(lib_a-impure.o)
 .debug_line    0x0000000000006a3c      0x20d /home/a-h/x-tools/arm-none-eabi/lib/gcc/arm-none-eabi/4.9.4/../../../../arm-none-eabi/lib/libc.a(lib_a-malloc.o)
 .debug_line    0x0000000000006c49      0x3a8 /home/a-h/x-tools/arm-none-eabi/lib/gcc/arm-none-eabi/4.9.4/../../../../arm-none-eabi/lib/libc.a(lib_a-mallocr.o)
 .debug_line    0x0000000000006ff1      0x187 /home/a-h/x-tools/arm-none-eabi/lib/gcc/arm-none-eabi/4.9.4/../../../../arm-none-eabi/lib/libc.a(lib_a-memset.o)
 .debug_line    0x0000000000007178      0x19c /home/a-h/x-tools/arm-none-eabi/lib/gcc/arm-none-eabi/4.9.4/../../../../arm-none-eabi/lib/libc.a(lib_a-mlock.o)
 .debug_line    0x0000000000007314      0x214 /home/a-h/x-tools/arm-none-eabi/lib/gcc/arm-none-eabi/4.9.4/../../../../arm-none-eabi/lib/libc.a(lib_a-sbrkr.o)
 .debug_line    0x0000000000007528      0x192 /home/a-h/x-tools/arm-none-eabi/lib/gcc/arm-none-eabi/4.9.4/../../../../arm-none-eabi/lib/libc.a(lib_a-strncmp.o)
 .debug_line    0x00000000000076ba      0x2ca /home/a-h/x-tools/arm-none-eabi/lib/gcc/arm-none-eabi/4.9.4/../../../../arm-none-eabi/lib/libc.a(lib_a-freer.o)
 .debug_line    0x0000000000007984      0x241 /home/a-h/x-tools/arm-none-eabi/lib/gcc/arm-none-eabi/4.9.4/../../../../arm-none-eabi/lib/libc.a(lib_a-reent.o)
 .debug_line    0x0000000000007bc5       0x9c /home/a-h/x-tools/arm-none-eabi/lib/gcc/arm-none-eabi/4.9.4/../../../../arm-none-eabi/lib/libnosys.a(sbrk.o)

.debug_str      0x0000000000000000    0x1b679
 .debug_str     0x0000000000000000      0x926 stack/CO_driver.o
                                        0xa14 (size before relaxing)
 .debug_str     0x0000000000000926       0x3e stack/crc16-ccitt.o
                                        0x136 (size before relaxing)
 .debug_str     0x0000000000000964      0xda3 stack/CO_SDO.o
                                       0x123b (size before relaxing)
 .debug_str     0x0000000000001707      0x1e9 stack/CO_Emergency.o
                                       0x1163 (size before relaxing)
 .debug_str     0x00000000000018f0      0x2f8 stack/CO_NMT_Heartbeat.o
                                        0x8da (size before relaxing)
 .debug_str     0x0000000000001be8      0x18b stack/CO_SYNC.o
                                       0x1138 (size before relaxing)
 .debug_str     0x0000000000001d73      0x3c0 stack/CO_PDO.o
                                       0x104c (size before relaxing)
 .debug_str     0x0000000000002133      0x159 stack/CO_HBconsumer.o
                                       0x10f7 (size before relaxing)
 .debug_str     0x000000000000228c      0x5ca ./CANopen.o
                                       0x1c5e (size before relaxing)
 .debug_str     0x0000000000002856      0x147 sources/CO_OD.o
                                        0x937 (size before relaxing)
 .debug_str     0x000000000000299d       0x37 sources/gpio.o
                                        0x415 (size before relaxing)
 .debug_str     0x00000000000029d4       0x3d sources/rcc.o
                                        0x3ca (size before relaxing)
 .debug_str     0x0000000000002a11      0x204 sources/usart.o
                                       0x13ac (size before relaxing)
 .debug_str     0x0000000000002c15      0x16f sources/adc.o
                                        0x55c (size before relaxing)
 .debug_str     0x0000000000002d84      0x342 sources/timers.o
                                        0x72d (size before relaxing)
 .debug_str     0x00000000000030c6       0x76 mainbms.o
                                       0x10d9 (size before relaxing)
 .debug_str     0x000000000000313c     0x64c2 ./libopencm3//lib/libopencm3_stm32f1.a(adc.o)
                                       0x6707 (size before relaxing)
 .debug_str     0x00000000000095fe      0x423 ./libopencm3//lib/libopencm3_stm32f1.a(adc_common_v1.o)
                                       0x6a37 (size before relaxing)
 .debug_str     0x0000000000009a21     0x3cfa ./libopencm3//lib/libopencm3_stm32f1.a(can.o)
                                       0x7ff0 (size before relaxing)
 .debug_str     0x000000000000d71b     0x3803 ./libopencm3//lib/libopencm3_stm32f1.a(gpio.o)
                                       0x7860 (size before relaxing)
 .debug_str     0x0000000000010f1e      0xc4b ./libopencm3//lib/libopencm3_stm32f1.a(rcc.o)
                                       0x70fe (size before relaxing)
 .debug_str     0x0000000000011b69       0x5a ./libopencm3//lib/libopencm3_stm32f1.a(gpio_common_all.o)
                                       0x7854 (size before relaxing)
 .debug_str     0x0000000000011bc3     0x4a58 ./libopencm3//lib/libopencm3_stm32f1.a(timer_common_all.o)
                                       0xb201 (size before relaxing)
 .debug_str     0x000000000001661b      0xffa ./libopencm3//lib/libopencm3_stm32f1.a(usart_common_all.o)
                                       0x7552 (size before relaxing)
 .debug_str     0x0000000000017615       0x2d ./libopencm3//lib/libopencm3_stm32f1.a(usart_common_f124.o)
                                       0x7366 (size before relaxing)
 .debug_str     0x0000000000017642      0x168 ./libopencm3//lib/libopencm3_stm32f1.a(rcc_common_all.o)
                                       0x6a49 (size before relaxing)
 .debug_str     0x00000000000177aa      0x181 ./libopencm3//lib/libopencm3_stm32f1.a(flash_common_f01.o)
                                       0x4907 (size before relaxing)
 .debug_str     0x000000000001792b     0x24e7 ./libopencm3//lib/libopencm3_stm32f1.a(vector.o)
                                       0x59b1 (size before relaxing)
 .debug_str     0x0000000000019e12      0x2f0 ./libopencm3//lib/libopencm3_stm32f1.a(systick.o)
                                       0x3820 (size before relaxing)
 .debug_str     0x000000000001a102      0x9bd ./libopencm3//lib/libopencm3_stm32f1.a(nvic.o)
                                       0x46bd (size before relaxing)
 .debug_str     0x000000000001aabf      0x43a /home/a-h/x-tools/arm-none-eabi/lib/gcc/arm-none-eabi/4.9.4/../../../../arm-none-eabi/lib/libc.a(lib_a-calloc.o)
                                        0x539 (size before relaxing)
 .debug_str     0x000000000001aef9      0x126 /home/a-h/x-tools/arm-none-eabi/lib/gcc/arm-none-eabi/4.9.4/../../../../arm-none-eabi/lib/libc.a(lib_a-callocr.o)
                                        0x5e1 (size before relaxing)
 .debug_str     0x000000000001b01f       0x89 /home/a-h/x-tools/arm-none-eabi/lib/gcc/arm-none-eabi/4.9.4/../../../../arm-none-eabi/lib/libc.a(lib_a-impure.o)
                                        0x53a (size before relaxing)
 .debug_str     0x000000000001b0a8       0x7f /home/a-h/x-tools/arm-none-eabi/lib/gcc/arm-none-eabi/4.9.4/../../../../arm-none-eabi/lib/libc.a(lib_a-malloc.o)
                                        0x54d (size before relaxing)
 .debug_str     0x000000000001b127      0x1c1 /home/a-h/x-tools/arm-none-eabi/lib/gcc/arm-none-eabi/4.9.4/../../../../arm-none-eabi/lib/libc.a(lib_a-mallocr.o)
                                        0x7b7 (size before relaxing)
 .debug_str     0x000000000001b2e8       0x6b /home/a-h/x-tools/arm-none-eabi/lib/gcc/arm-none-eabi/4.9.4/../../../../arm-none-eabi/lib/libc.a(lib_a-memset.o)
                                        0x168 (size before relaxing)
 .debug_str     0x000000000001b353       0x7f /home/a-h/x-tools/arm-none-eabi/lib/gcc/arm-none-eabi/4.9.4/../../../../arm-none-eabi/lib/libc.a(lib_a-mlock.o)
                                        0x542 (size before relaxing)
 .debug_str     0x000000000001b3d2       0x74 /home/a-h/x-tools/arm-none-eabi/lib/gcc/arm-none-eabi/4.9.4/../../../../arm-none-eabi/lib/libc.a(lib_a-sbrkr.o)
                                        0x531 (size before relaxing)
 .debug_str     0x000000000001b446       0x6c /home/a-h/x-tools/arm-none-eabi/lib/gcc/arm-none-eabi/4.9.4/../../../../arm-none-eabi/lib/libc.a(lib_a-strncmp.o)
                                        0x16a (size before relaxing)
 .debug_str     0x000000000001b4b2       0x34 /home/a-h/x-tools/arm-none-eabi/lib/gcc/arm-none-eabi/4.9.4/../../../../arm-none-eabi/lib/libc.a(lib_a-freer.o)
                                        0x701 (size before relaxing)
 .debug_str     0x000000000001b4e6       0x95 /home/a-h/x-tools/arm-none-eabi/lib/gcc/arm-none-eabi/4.9.4/../../../../arm-none-eabi/lib/libc.a(lib_a-reent.o)
                                        0x559 (size before relaxing)
 .debug_str     0x000000000001b57b       0xfe /home/a-h/x-tools/arm-none-eabi/lib/gcc/arm-none-eabi/4.9.4/../../../../arm-none-eabi/lib/libnosys.a(sbrk.o)
                                        0x117 (size before relaxing)

.comment        0x0000000000000000       0x34
 .comment       0x0000000000000000       0x34 stack/CO_driver.o
                                         0x35 (size before relaxing)
 .comment       0x0000000000000034       0x35 stack/crc16-ccitt.o
 .comment       0x0000000000000034       0x35 stack/CO_SDO.o
 .comment       0x0000000000000034       0x35 stack/CO_Emergency.o
 .comment       0x0000000000000034       0x35 stack/CO_NMT_Heartbeat.o
 .comment       0x0000000000000034       0x35 stack/CO_SYNC.o
 .comment       0x0000000000000034       0x35 stack/CO_PDO.o
 .comment       0x0000000000000034       0x35 stack/CO_HBconsumer.o
 .comment       0x0000000000000034       0x35 ./CANopen.o
 .comment       0x0000000000000034       0x35 sources/CO_OD.o
 .comment       0x0000000000000034       0x35 sources/gpio.o
 .comment       0x0000000000000034       0x35 sources/rcc.o
 .comment       0x0000000000000034       0x35 sources/usart.o
 .comment       0x0000000000000034       0x35 sources/adc.o
 .comment       0x0000000000000034       0x35 sources/timers.o
 .comment       0x0000000000000034       0x35 mainbms.o
 .comment       0x0000000000000034       0x35 ./libopencm3//lib/libopencm3_stm32f1.a(adc.o)
 .comment       0x0000000000000034       0x35 ./libopencm3//lib/libopencm3_stm32f1.a(adc_common_v1.o)
 .comment       0x0000000000000034       0x35 ./libopencm3//lib/libopencm3_stm32f1.a(can.o)
 .comment       0x0000000000000034       0x35 ./libopencm3//lib/libopencm3_stm32f1.a(gpio.o)
 .comment       0x0000000000000034       0x35 ./libopencm3//lib/libopencm3_stm32f1.a(rcc.o)
 .comment       0x0000000000000034       0x35 ./libopencm3//lib/libopencm3_stm32f1.a(gpio_common_all.o)
 .comment       0x0000000000000034       0x35 ./libopencm3//lib/libopencm3_stm32f1.a(timer_common_all.o)
 .comment       0x0000000000000034       0x35 ./libopencm3//lib/libopencm3_stm32f1.a(usart_common_all.o)
 .comment       0x0000000000000034       0x35 ./libopencm3//lib/libopencm3_stm32f1.a(usart_common_f124.o)
 .comment       0x0000000000000034       0x35 ./libopencm3//lib/libopencm3_stm32f1.a(rcc_common_all.o)
 .comment       0x0000000000000034       0x35 ./libopencm3//lib/libopencm3_stm32f1.a(flash_common_f01.o)
 .comment       0x0000000000000034       0x35 ./libopencm3//lib/libopencm3_stm32f1.a(vector.o)
 .comment       0x0000000000000034       0x35 ./libopencm3//lib/libopencm3_stm32f1.a(systick.o)
 .comment       0x0000000000000034       0x35 ./libopencm3//lib/libopencm3_stm32f1.a(nvic.o)
 .comment       0x0000000000000034       0x35 /home/a-h/x-tools/arm-none-eabi/lib/gcc/arm-none-eabi/4.9.4/../../../../arm-none-eabi/lib/libc.a(lib_a-calloc.o)
 .comment       0x0000000000000034       0x35 /home/a-h/x-tools/arm-none-eabi/lib/gcc/arm-none-eabi/4.9.4/../../../../arm-none-eabi/lib/libc.a(lib_a-callocr.o)
 .comment       0x0000000000000034       0x35 /home/a-h/x-tools/arm-none-eabi/lib/gcc/arm-none-eabi/4.9.4/../../../../arm-none-eabi/lib/libc.a(lib_a-impure.o)
 .comment       0x0000000000000034       0x35 /home/a-h/x-tools/arm-none-eabi/lib/gcc/arm-none-eabi/4.9.4/../../../../arm-none-eabi/lib/libc.a(lib_a-malloc.o)
 .comment       0x0000000000000034       0x35 /home/a-h/x-tools/arm-none-eabi/lib/gcc/arm-none-eabi/4.9.4/../../../../arm-none-eabi/lib/libc.a(lib_a-mallocr.o)
 .comment       0x0000000000000034       0x35 /home/a-h/x-tools/arm-none-eabi/lib/gcc/arm-none-eabi/4.9.4/../../../../arm-none-eabi/lib/libc.a(lib_a-memset.o)
 .comment       0x0000000000000034       0x35 /home/a-h/x-tools/arm-none-eabi/lib/gcc/arm-none-eabi/4.9.4/../../../../arm-none-eabi/lib/libc.a(lib_a-mlock.o)
 .comment       0x0000000000000034       0x35 /home/a-h/x-tools/arm-none-eabi/lib/gcc/arm-none-eabi/4.9.4/../../../../arm-none-eabi/lib/libc.a(lib_a-sbrkr.o)
 .comment       0x0000000000000034       0x35 /home/a-h/x-tools/arm-none-eabi/lib/gcc/arm-none-eabi/4.9.4/../../../../arm-none-eabi/lib/libc.a(lib_a-strncmp.o)
 .comment       0x0000000000000034       0x35 /home/a-h/x-tools/arm-none-eabi/lib/gcc/arm-none-eabi/4.9.4/../../../../arm-none-eabi/lib/libc.a(lib_a-freer.o)
 .comment       0x0000000000000034       0x35 /home/a-h/x-tools/arm-none-eabi/lib/gcc/arm-none-eabi/4.9.4/../../../../arm-none-eabi/lib/libc.a(lib_a-reent.o)
 .comment       0x0000000000000034       0x35 /home/a-h/x-tools/arm-none-eabi/lib/gcc/arm-none-eabi/4.9.4/../../../../arm-none-eabi/lib/libnosys.a(sbrk.o)

.ARM.attributes
                0x0000000000000000       0x31
 .ARM.attributes
                0x0000000000000000       0x33 stack/CO_driver.o
 .ARM.attributes
                0x0000000000000033       0x33 stack/crc16-ccitt.o
 .ARM.attributes
                0x0000000000000066       0x33 stack/CO_SDO.o
 .ARM.attributes
                0x0000000000000099       0x33 stack/CO_Emergency.o
 .ARM.attributes
                0x00000000000000cc       0x33 stack/CO_NMT_Heartbeat.o
 .ARM.attributes
                0x00000000000000ff       0x33 stack/CO_SYNC.o
 .ARM.attributes
                0x0000000000000132       0x33 stack/CO_PDO.o
 .ARM.attributes
                0x0000000000000165       0x33 stack/CO_HBconsumer.o
 .ARM.attributes
                0x0000000000000198       0x33 ./CANopen.o
 .ARM.attributes
                0x00000000000001cb       0x33 sources/CO_OD.o
 .ARM.attributes
                0x00000000000001fe       0x33 sources/gpio.o
 .ARM.attributes
                0x0000000000000231       0x33 sources/rcc.o
 .ARM.attributes
                0x0000000000000264       0x33 sources/usart.o
 .ARM.attributes
                0x0000000000000297       0x33 sources/adc.o
 .ARM.attributes
                0x00000000000002ca       0x33 sources/timers.o
 .ARM.attributes
                0x00000000000002fd       0x33 mainbms.o
 .ARM.attributes
                0x0000000000000330       0x33 ./libopencm3//lib/libopencm3_stm32f1.a(adc.o)
 .ARM.attributes
                0x0000000000000363       0x33 ./libopencm3//lib/libopencm3_stm32f1.a(adc_common_v1.o)
 .ARM.attributes
                0x0000000000000396       0x33 ./libopencm3//lib/libopencm3_stm32f1.a(can.o)
 .ARM.attributes
                0x00000000000003c9       0x33 ./libopencm3//lib/libopencm3_stm32f1.a(gpio.o)
 .ARM.attributes
                0x00000000000003fc       0x33 ./libopencm3//lib/libopencm3_stm32f1.a(rcc.o)
 .ARM.attributes
                0x000000000000042f       0x33 ./libopencm3//lib/libopencm3_stm32f1.a(gpio_common_all.o)
 .ARM.attributes
                0x0000000000000462       0x33 ./libopencm3//lib/libopencm3_stm32f1.a(timer_common_all.o)
 .ARM.attributes
                0x0000000000000495       0x33 ./libopencm3//lib/libopencm3_stm32f1.a(usart_common_all.o)
 .ARM.attributes
                0x00000000000004c8       0x33 ./libopencm3//lib/libopencm3_stm32f1.a(usart_common_f124.o)
 .ARM.attributes
                0x00000000000004fb       0x33 ./libopencm3//lib/libopencm3_stm32f1.a(rcc_common_all.o)
 .ARM.attributes
                0x000000000000052e       0x33 ./libopencm3//lib/libopencm3_stm32f1.a(flash_common_f01.o)
 .ARM.attributes
                0x0000000000000561       0x33 ./libopencm3//lib/libopencm3_stm32f1.a(vector.o)
 .ARM.attributes
                0x0000000000000594       0x33 ./libopencm3//lib/libopencm3_stm32f1.a(systick.o)
 .ARM.attributes
                0x00000000000005c7       0x33 ./libopencm3//lib/libopencm3_stm32f1.a(nvic.o)
 .ARM.attributes
                0x00000000000005fa       0x33 /home/a-h/x-tools/arm-none-eabi/lib/gcc/arm-none-eabi/4.9.4/../../../../arm-none-eabi/lib/libc.a(lib_a-calloc.o)
 .ARM.attributes
                0x000000000000062d       0x33 /home/a-h/x-tools/arm-none-eabi/lib/gcc/arm-none-eabi/4.9.4/../../../../arm-none-eabi/lib/libc.a(lib_a-callocr.o)
 .ARM.attributes
                0x0000000000000660       0x33 /home/a-h/x-tools/arm-none-eabi/lib/gcc/arm-none-eabi/4.9.4/../../../../arm-none-eabi/lib/libc.a(lib_a-impure.o)
 .ARM.attributes
                0x0000000000000693       0x33 /home/a-h/x-tools/arm-none-eabi/lib/gcc/arm-none-eabi/4.9.4/../../../../arm-none-eabi/lib/libc.a(lib_a-malloc.o)
 .ARM.attributes
                0x00000000000006c6       0x33 /home/a-h/x-tools/arm-none-eabi/lib/gcc/arm-none-eabi/4.9.4/../../../../arm-none-eabi/lib/libc.a(lib_a-mallocr.o)
 .ARM.attributes
                0x00000000000006f9       0x33 /home/a-h/x-tools/arm-none-eabi/lib/gcc/arm-none-eabi/4.9.4/../../../../arm-none-eabi/lib/libc.a(lib_a-memset.o)
 .ARM.attributes
                0x000000000000072c       0x33 /home/a-h/x-tools/arm-none-eabi/lib/gcc/arm-none-eabi/4.9.4/../../../../arm-none-eabi/lib/libc.a(lib_a-mlock.o)
 .ARM.attributes
                0x000000000000075f       0x33 /home/a-h/x-tools/arm-none-eabi/lib/gcc/arm-none-eabi/4.9.4/../../../../arm-none-eabi/lib/libc.a(lib_a-sbrkr.o)
 .ARM.attributes
                0x0000000000000792       0x33 /home/a-h/x-tools/arm-none-eabi/lib/gcc/arm-none-eabi/4.9.4/../../../../arm-none-eabi/lib/libc.a(lib_a-strncmp.o)
 .ARM.attributes
                0x00000000000007c5       0x33 /home/a-h/x-tools/arm-none-eabi/lib/gcc/arm-none-eabi/4.9.4/../../../../arm-none-eabi/lib/libc.a(lib_a-freer.o)
 .ARM.attributes
                0x00000000000007f8       0x33 /home/a-h/x-tools/arm-none-eabi/lib/gcc/arm-none-eabi/4.9.4/../../../../arm-none-eabi/lib/libc.a(lib_a-reent.o)
 .ARM.attributes
                0x000000000000082b       0x33 /home/a-h/x-tools/arm-none-eabi/lib/gcc/arm-none-eabi/4.9.4/../../../../arm-none-eabi/lib/libnosys.a(sbrk.o)

.debug_frame    0x0000000000000000     0x2288
 .debug_frame   0x0000000000000000      0x1c0 stack/CO_driver.o
 .debug_frame   0x00000000000001c0       0x2c stack/crc16-ccitt.o
 .debug_frame   0x00000000000001ec      0x258 stack/CO_SDO.o
 .debug_frame   0x0000000000000444       0xec stack/CO_Emergency.o
 .debug_frame   0x0000000000000530       0x98 stack/CO_NMT_Heartbeat.o
 .debug_frame   0x00000000000005c8       0xc0 stack/CO_SYNC.o
 .debug_frame   0x0000000000000688      0x214 stack/CO_PDO.o
 .debug_frame   0x000000000000089c       0xa8 stack/CO_HBconsumer.o
 .debug_frame   0x0000000000000944       0xc0 ./CANopen.o
 .debug_frame   0x0000000000000a04       0x4c sources/gpio.o
 .debug_frame   0x0000000000000a50       0x2c sources/rcc.o
 .debug_frame   0x0000000000000a7c      0x12c sources/usart.o
 .debug_frame   0x0000000000000ba8       0x60 sources/adc.o
 .debug_frame   0x0000000000000c08       0x64 sources/timers.o
 .debug_frame   0x0000000000000c6c       0xa4 mainbms.o
 .debug_frame   0x0000000000000d10      0x128 ./libopencm3//lib/libopencm3_stm32f1.a(adc.o)
 .debug_frame   0x0000000000000e38      0x294 ./libopencm3//lib/libopencm3_stm32f1.a(adc_common_v1.o)
 .debug_frame   0x00000000000010cc      0x174 ./libopencm3//lib/libopencm3_stm32f1.a(can.o)
 .debug_frame   0x0000000000001240       0x64 ./libopencm3//lib/libopencm3_stm32f1.a(gpio.o)
 .debug_frame   0x00000000000012a4      0x2e0 ./libopencm3//lib/libopencm3_stm32f1.a(rcc.o)
 .debug_frame   0x0000000000001584       0x80 ./libopencm3//lib/libopencm3_stm32f1.a(gpio_common_all.o)
 .debug_frame   0x0000000000001604      0x4d8 ./libopencm3//lib/libopencm3_stm32f1.a(timer_common_all.o)
 .debug_frame   0x0000000000001adc      0x170 ./libopencm3//lib/libopencm3_stm32f1.a(usart_common_all.o)
 .debug_frame   0x0000000000001c4c       0x60 ./libopencm3//lib/libopencm3_stm32f1.a(usart_common_f124.o)
 .debug_frame   0x0000000000001cac       0xd0 ./libopencm3//lib/libopencm3_stm32f1.a(rcc_common_all.o)
 .debug_frame   0x0000000000001d7c      0x120 ./libopencm3//lib/libopencm3_stm32f1.a(flash_common_f01.o)
 .debug_frame   0x0000000000001e9c       0x40 ./libopencm3//lib/libopencm3_stm32f1.a(vector.o)
 .debug_frame   0x0000000000001edc       0xd8 ./libopencm3//lib/libopencm3_stm32f1.a(systick.o)
 .debug_frame   0x0000000000001fb4       0xa0 ./libopencm3//lib/libopencm3_stm32f1.a(nvic.o)
 .debug_frame   0x0000000000002054       0x20 /home/a-h/x-tools/arm-none-eabi/lib/gcc/arm-none-eabi/4.9.4/../../../../arm-none-eabi/lib/libc.a(lib_a-calloc.o)
 .debug_frame   0x0000000000002074       0x28 /home/a-h/x-tools/arm-none-eabi/lib/gcc/arm-none-eabi/4.9.4/../../../../arm-none-eabi/lib/libc.a(lib_a-callocr.o)
 .debug_frame   0x000000000000209c       0x30 /home/a-h/x-tools/arm-none-eabi/lib/gcc/arm-none-eabi/4.9.4/../../../../arm-none-eabi/lib/libc.a(lib_a-malloc.o)
 .debug_frame   0x00000000000020cc       0x3c /home/a-h/x-tools/arm-none-eabi/lib/gcc/arm-none-eabi/4.9.4/../../../../arm-none-eabi/lib/libc.a(lib_a-mallocr.o)
 .debug_frame   0x0000000000002108       0x20 /home/a-h/x-tools/arm-none-eabi/lib/gcc/arm-none-eabi/4.9.4/../../../../arm-none-eabi/lib/libc.a(lib_a-memset.o)
 .debug_frame   0x0000000000002128       0x30 /home/a-h/x-tools/arm-none-eabi/lib/gcc/arm-none-eabi/4.9.4/../../../../arm-none-eabi/lib/libc.a(lib_a-mlock.o)
 .debug_frame   0x0000000000002158       0x2c /home/a-h/x-tools/arm-none-eabi/lib/gcc/arm-none-eabi/4.9.4/../../../../arm-none-eabi/lib/libc.a(lib_a-sbrkr.o)
 .debug_frame   0x0000000000002184       0x2c /home/a-h/x-tools/arm-none-eabi/lib/gcc/arm-none-eabi/4.9.4/../../../../arm-none-eabi/lib/libc.a(lib_a-strncmp.o)
 .debug_frame   0x00000000000021b0       0x5c /home/a-h/x-tools/arm-none-eabi/lib/gcc/arm-none-eabi/4.9.4/../../../../arm-none-eabi/lib/libc.a(lib_a-freer.o)
 .debug_frame   0x000000000000220c       0x5c /home/a-h/x-tools/arm-none-eabi/lib/gcc/arm-none-eabi/4.9.4/../../../../arm-none-eabi/lib/libc.a(lib_a-reent.o)
 .debug_frame   0x0000000000002268       0x20 /home/a-h/x-tools/arm-none-eabi/lib/gcc/arm-none-eabi/4.9.4/../../../../arm-none-eabi/lib/libnosys.a(sbrk.o)

.debug_macro    0x0000000000000000     0x57f5
 .debug_macro   0x0000000000000000       0xa1 ./libopencm3//lib/libopencm3_stm32f1.a(adc.o)
 .debug_macro   0x00000000000000a1      0x874 ./libopencm3//lib/libopencm3_stm32f1.a(adc.o)
 .debug_macro   0x0000000000000915       0x22 ./libopencm3//lib/libopencm3_stm32f1.a(adc.o)
 .debug_macro   0x0000000000000937       0x44 ./libopencm3//lib/libopencm3_stm32f1.a(adc.o)
 .debug_macro   0x000000000000097b       0x1c ./libopencm3//lib/libopencm3_stm32f1.a(adc.o)
 .debug_macro   0x0000000000000997      0x1f7 ./libopencm3//lib/libopencm3_stm32f1.a(adc.o)
 .debug_macro   0x0000000000000b8e       0x22 ./libopencm3//lib/libopencm3_stm32f1.a(adc.o)
 .debug_macro   0x0000000000000bb0       0xfa ./libopencm3//lib/libopencm3_stm32f1.a(adc.o)
 .debug_macro   0x0000000000000caa       0x58 ./libopencm3//lib/libopencm3_stm32f1.a(adc.o)
 .debug_macro   0x0000000000000d02      0x1b4 ./libopencm3//lib/libopencm3_stm32f1.a(adc.o)
 .debug_macro   0x0000000000000eb6      0x449 ./libopencm3//lib/libopencm3_stm32f1.a(adc.o)
 .debug_macro   0x00000000000012ff      0x456 ./libopencm3//lib/libopencm3_stm32f1.a(adc.o)
 .debug_macro   0x0000000000001755       0xa1 ./libopencm3//lib/libopencm3_stm32f1.a(adc_common_v1.o)
 .debug_macro   0x00000000000017f6       0xb2 ./libopencm3//lib/libopencm3_stm32f1.a(can.o)
 .debug_macro   0x00000000000018a8      0x513 ./libopencm3//lib/libopencm3_stm32f1.a(can.o)
 .debug_macro   0x0000000000001dbb      0x82c ./libopencm3//lib/libopencm3_stm32f1.a(can.o)
 .debug_macro   0x00000000000025e7       0xa1 ./libopencm3//lib/libopencm3_stm32f1.a(gpio.o)
 .debug_macro   0x0000000000002688       0x76 ./libopencm3//lib/libopencm3_stm32f1.a(gpio.o)
 .debug_macro   0x00000000000026fe      0xdfd ./libopencm3//lib/libopencm3_stm32f1.a(gpio.o)
 .debug_macro   0x00000000000034fb       0xc8 ./libopencm3//lib/libopencm3_stm32f1.a(rcc.o)
 .debug_macro   0x00000000000035c3       0x16 ./libopencm3//lib/libopencm3_stm32f1.a(rcc.o)
 .debug_macro   0x00000000000035d9       0xdc ./libopencm3//lib/libopencm3_stm32f1.a(rcc.o)
 .debug_macro   0x00000000000036b5       0x82 ./libopencm3//lib/libopencm3_stm32f1.a(rcc.o)
 .debug_macro   0x0000000000003737       0xa1 ./libopencm3//lib/libopencm3_stm32f1.a(gpio_common_all.o)
 .debug_macro   0x00000000000037d8       0xb4 ./libopencm3//lib/libopencm3_stm32f1.a(timer_common_all.o)
 .debug_macro   0x000000000000388c      0xf96 ./libopencm3//lib/libopencm3_stm32f1.a(timer_common_all.o)
 .debug_macro   0x0000000000004822       0xc3 ./libopencm3//lib/libopencm3_stm32f1.a(usart_common_all.o)