Archive member included to satisfy reference by file (symbol)

./libopencm3//lib/libopencm3_stm32f1.a(adc.o)
                              sources/adc.o (adc_power_on)
./libopencm3//lib/libopencm3_stm32f1.a(adc_common_v1.o)
                              sources/adc.o (adc_power_off)
./libopencm3//lib/libopencm3_stm32f1.a(can.o)
                              stack/CO_driver.o (can_reset)
./libopencm3//lib/libopencm3_stm32f1.a(gpio.o)
                              stack/CO_driver.o (gpio_set_mode)
./libopencm3//lib/libopencm3_stm32f1.a(rcc.o)
                              sources/rcc.o (rcc_clock_setup_in_hsi_out_64mhz)
./libopencm3//lib/libopencm3_stm32f1.a(gpio_common_all.o)
                              stack/CO_driver.o (gpio_set)
./libopencm3//lib/libopencm3_stm32f1.a(timer_common_all.o)
                              sources/timers.o (timer_enable_irq)
./libopencm3//lib/libopencm3_stm32f1.a(usart_common_all.o)
                              sources/usart.o (usart_set_baudrate)
./libopencm3//lib/libopencm3_stm32f1.a(usart_common_f124.o)
                              sources/usart.o (usart_send)
./libopencm3//lib/libopencm3_stm32f1.a(rcc_common_all.o)
                              stack/CO_driver.o (rcc_periph_clock_enable)
./libopencm3//lib/libopencm3_stm32f1.a(flash_common_f01.o)
                              ./libopencm3//lib/libopencm3_stm32f1.a(rcc.o) (flash_set_ws)
./libopencm3//lib/libopencm3_stm32f1.a(vector.o)
                              (reset_handler)
./libopencm3//lib/libopencm3_stm32f1.a(nvic.o)
                              stack/CO_driver.o (nvic_enable_irq)
./libopencm3//lib/libopencm3_stm32f1.a(assert.o)
                              ./libopencm3//lib/libopencm3_stm32f1.a(rcc.o) (cm3_assert_failed)
./libopencm3//lib/libopencm3_stm32f1.a(flash.o)
                              ./libopencm3//lib/libopencm3_stm32f1.a(flash_common_f01.o) (flash_get_status_flags)
/home/a-h/x-tools/arm-none-eabi/lib/gcc/arm-none-eabi/4.9.4/../../../../arm-none-eabi/lib/libc.a(lib_a-calloc.o)
                              ./CANopen.o (calloc)
/home/a-h/x-tools/arm-none-eabi/lib/gcc/arm-none-eabi/4.9.4/../../../../arm-none-eabi/lib/libc.a(lib_a-callocr.o)
                              /home/a-h/x-tools/arm-none-eabi/lib/gcc/arm-none-eabi/4.9.4/../../../../arm-none-eabi/lib/libc.a(lib_a-calloc.o) (_calloc_r)
/home/a-h/x-tools/arm-none-eabi/lib/gcc/arm-none-eabi/4.9.4/../../../../arm-none-eabi/lib/libc.a(lib_a-impure.o)
                              /home/a-h/x-tools/arm-none-eabi/lib/gcc/arm-none-eabi/4.9.4/../../../../arm-none-eabi/lib/libc.a(lib_a-calloc.o) (_impure_ptr)
/home/a-h/x-tools/arm-none-eabi/lib/gcc/arm-none-eabi/4.9.4/../../../../arm-none-eabi/lib/libc.a(lib_a-malloc.o)
                              ./CANopen.o (free)
/home/a-h/x-tools/arm-none-eabi/lib/gcc/arm-none-eabi/4.9.4/../../../../arm-none-eabi/lib/libc.a(lib_a-mallocr.o)
                              /home/a-h/x-tools/arm-none-eabi/lib/gcc/arm-none-eabi/4.9.4/../../../../arm-none-eabi/lib/libc.a(lib_a-callocr.o) (_malloc_r)
/home/a-h/x-tools/arm-none-eabi/lib/gcc/arm-none-eabi/4.9.4/../../../../arm-none-eabi/lib/libc.a(lib_a-memset.o)
                              /home/a-h/x-tools/arm-none-eabi/lib/gcc/arm-none-eabi/4.9.4/../../../../arm-none-eabi/lib/libc.a(lib_a-callocr.o) (memset)
/home/a-h/x-tools/arm-none-eabi/lib/gcc/arm-none-eabi/4.9.4/../../../../arm-none-eabi/lib/libc.a(lib_a-mlock.o)
                              /home/a-h/x-tools/arm-none-eabi/lib/gcc/arm-none-eabi/4.9.4/../../../../arm-none-eabi/lib/libc.a(lib_a-mallocr.o) (__malloc_lock)
/home/a-h/x-tools/arm-none-eabi/lib/gcc/arm-none-eabi/4.9.4/../../../../arm-none-eabi/lib/libc.a(lib_a-sbrkr.o)
                              /home/a-h/x-tools/arm-none-eabi/lib/gcc/arm-none-eabi/4.9.4/../../../../arm-none-eabi/lib/libc.a(lib_a-mallocr.o) (_sbrk_r)
/home/a-h/x-tools/arm-none-eabi/lib/gcc/arm-none-eabi/4.9.4/../../../../arm-none-eabi/lib/libc.a(lib_a-snprintf.o)
                              stack/CO_trace.o (snprintf)
/home/a-h/x-tools/arm-none-eabi/lib/gcc/arm-none-eabi/4.9.4/../../../../arm-none-eabi/lib/libc.a(lib_a-strncmp.o)
                              sources/usart.o (strncmp)
/home/a-h/x-tools/arm-none-eabi/lib/gcc/arm-none-eabi/4.9.4/../../../../arm-none-eabi/lib/libc.a(lib_a-svfprintf.o)
                              /home/a-h/x-tools/arm-none-eabi/lib/gcc/arm-none-eabi/4.9.4/../../../../arm-none-eabi/lib/libc.a(lib_a-snprintf.o) (_svfprintf_r)
/home/a-h/x-tools/arm-none-eabi/lib/gcc/arm-none-eabi/4.9.4/../../../../arm-none-eabi/lib/libc.a(lib_a-dtoa.o)
                              /home/a-h/x-tools/arm-none-eabi/lib/gcc/arm-none-eabi/4.9.4/../../../../arm-none-eabi/lib/libc.a(lib_a-svfprintf.o) (_dtoa_r)
/home/a-h/x-tools/arm-none-eabi/lib/gcc/arm-none-eabi/4.9.4/../../../../arm-none-eabi/lib/libc.a(lib_a-freer.o)
                              /home/a-h/x-tools/arm-none-eabi/lib/gcc/arm-none-eabi/4.9.4/../../../../arm-none-eabi/lib/libc.a(lib_a-malloc.o) (_free_r)
[...]
Memory Configuration

Name             Origin             Length             Attributes
rom              0x0000000008000000 0x0000000000010000 xr
ram              0x0000000020000000 0x0000000000005000 xrw
*default*        0x0000000000000000 0xffffffffffffffff

Linker script and memory map

LOAD stack/CO_driver.o
LOAD stack/crc16-ccitt.o
LOAD stack/CO_SDO.o
LOAD stack/CO_Emergency.o
LOAD stack/CO_NMT_Heartbeat.o
LOAD stack/CO_SYNC.o
LOAD stack/CO_PDO.o
LOAD stack/CO_HBconsumer.o
LOAD stack/CO_SDOmaster.o
LOAD stack/CO_trace.o
LOAD ./CANopen.o
LOAD sources/CO_OD.o
LOAD sources/gpio.o
LOAD sources/rcc.o
LOAD sources/usart.o
LOAD sources/adc.o
LOAD sources/timers.o
LOAD mainbms.o
LOAD ./libopencm3//lib/libopencm3_stm32f1.a
START GROUP
LOAD /home/a-h/x-tools/arm-none-eabi/lib/gcc/arm-none-eabi/4.9.4/../../../../arm-none-eabi/lib/libc.a
LOAD /home/a-h/x-tools/arm-none-eabi/lib/gcc/arm-none-eabi/4.9.4/libgcc.a
LOAD /home/a-h/x-tools/arm-none-eabi/lib/gcc/arm-none-eabi/4.9.4/../../../../arm-none-eabi/lib/libnosys.a
END GROUP
START GROUP
LOAD /home/a-h/x-tools/arm-none-eabi/lib/gcc/arm-none-eabi/4.9.4/libgcc.a
LOAD /home/a-h/x-tools/arm-none-eabi/lib/gcc/arm-none-eabi/4.9.4/../../../../arm-none-eabi/lib/libc.a
END GROUP

.text           0x0000000008000000     0x3bd8
 *(.vectors)
 .vectors       0x0000000008000000      0x150 ./libopencm3//lib/libopencm3_stm32f1.a(vector.o)
                0x0000000008000000                vector_table
 *(.text*)
 .text.CO_CANsendToModule.isra.0
                0x0000000008000150       0x58 stack/CO_driver.o
 .text.CO_CANsetConfigurationMode
                0x00000000080001a8        0x2 stack/CO_driver.o
                0x00000000080001a8                CO_CANsetConfigurationMode
 .text.CO_CANsetNormalMode
                0x00000000080001aa        0x6 stack/CO_driver.o
                0x00000000080001aa                CO_CANsetNormalMode
 .text.CO_CANmodule_init
                0x00000000080001b0      0x1a4 stack/CO_driver.o
                0x00000000080001b0                CO_CANmodule_init
 .text.CO_CANmodule_disable
                0x0000000008000354       0x30 stack/CO_driver.o
                0x0000000008000354                CO_CANmodule_disable
 .text.CO_CANrxBufferInit
                0x0000000008000384       0x54 stack/CO_driver.o
                0x0000000008000384                CO_CANrxBufferInit
 .text.CO_CANtxBufferInit
                0x00000000080003d8       0x36 stack/CO_driver.o
                0x00000000080003d8                CO_CANtxBufferInit
 *fill*         0x000000000800040e        0x2 
 .text.CO_CANsend
                0x0000000008000410       0x54 stack/CO_driver.o
                0x0000000008000410                CO_CANsend
 .text.CO_CANinterrupt_Rx
                0x0000000008000464       0x78 stack/CO_driver.o
                0x0000000008000464                CO_CANinterrupt_Rx
 .text.CO_CANinterrupt_Tx
                0x00000000080004dc       0x4c stack/CO_driver.o
                0x00000000080004dc                CO_CANinterrupt_Tx
 .text.CO_SDO_receive
                0x0000000008000528       0xb6 stack/CO_SDO.o
 .text.CO_memcpy
                0x00000000080005de       0x18 stack/CO_SDO.o
                0x00000000080005de                CO_memcpy
 .text.CO_getUint32
                0x00000000080005f6       0x20 stack/CO_SDO.o
                0x00000000080005f6                CO_getUint32
 .text.CO_setUint32
                0x0000000008000616       0x18 stack/CO_SDO.o
                0x0000000008000616                CO_setUint32
 .text.CO_ODF_1200
                0x000000000800062e       0x24 stack/CO_SDO.o
 .text.CO_memcpySwap2
                0x0000000008000652        0xa stack/CO_SDO.o
                0x0000000008000652                CO_memcpySwap2
 .text.CO_memcpySwap4
                0x000000000800065c       0x12 stack/CO_SDO.o
                0x000000000800065c                CO_memcpySwap4
 .text.CO_OD_find
                0x000000000800066e       0x58 stack/CO_SDO.o
                0x000000000800066e                CO_OD_find
 .text.CO_OD_configure
                0x00000000080006c6       0x5a stack/CO_SDO.o
                0x00000000080006c6                CO_OD_configure
 .text.CO_SDO_init
                0x0000000008000720       0xf0 stack/CO_SDO.o
                0x0000000008000720                CO_SDO_init
 .text.CO_OD_getLength
                0x0000000008000810       0x3e stack/CO_SDO.o
                0x0000000008000810                CO_OD_getLength
 .text.CO_OD_getAttribute
                0x000000000800084e       0x4a stack/CO_SDO.o
                0x000000000800084e                CO_OD_getAttribute
 .text.CO_OD_getDataPointer
                0x0000000008000898       0x3c stack/CO_SDO.o
                0x0000000008000898                CO_OD_getDataPointer
 .text.CO_ODF_1003
                0x00000000080008d4       0x40 stack/CO_Emergency.o
 .text.CO_ODF_1014
                0x0000000008000914       0x1e stack/CO_Emergency.o
 *fill*         0x0000000008000932        0x2 
 .text.CO_EM_init
                0x0000000008000934       0xcc stack/CO_Emergency.o
                0x0000000008000934                CO_EM_init
 .text.CO_errorReport
                0x0000000008000a00       0x92 stack/CO_Emergency.o
                0x0000000008000a00                CO_errorReport
 .text.CO_NMT_receive
                0x0000000008000a92       0x56 stack/CO_NMT_Heartbeat.o
 .text.CO_NMT_init
                0x0000000008000ae8       0x84 stack/CO_NMT_Heartbeat.o
                0x0000000008000ae8                CO_NMT_init
 .text.CO_ODF_1019
                0x0000000008000b6c       0x48 stack/CO_SYNC.o
 .text.CO_ODF_1006
                0x0000000008000bb4       0x32 stack/CO_SYNC.o
 *fill*         0x0000000008000be6        0x2 
 .text.CO_ODF_1005
                0x0000000008000be8       0x7c stack/CO_SYNC.o
 .text.CO_SYNC_receive
                0x0000000008000c64       0x40 stack/CO_SYNC.o
 .text.CO_SYNC_init
                0x0000000008000ca4      0x104 stack/CO_SYNC.o
                0x0000000008000ca4                CO_SYNC_init
 .text.CO_PDOfindMap
                0x0000000008000da8      0x11c stack/CO_PDO.o
 .text.CO_RPDOconfigMap
                0x0000000008000ec4       0x96 stack/CO_PDO.o
 *fill*         0x0000000008000f5a        0x2 
 .text.CO_ODF_RPDOmap
                0x0000000008000f5c       0x98 stack/CO_PDO.o
 .text.CO_TPDOconfigMap
                0x0000000008000ff4       0x8a stack/CO_PDO.o
 *fill*         0x000000000800107e        0x2 
 .text.CO_ODF_TPDOmap
                0x0000000008001080       0x98 stack/CO_PDO.o
 .text.CO_RPDOconfigCom
                0x0000000008001118       0x74 stack/CO_PDO.o
 .text.CO_ODF_RPDOcom
                0x000000000800118c       0xd0 stack/CO_PDO.o
 .text.CO_TPDOconfigCom
                0x000000000800125c       0x50 stack/CO_PDO.o
 .text.CO_ODF_TPDOcom
                0x00000000080012ac      0x10c stack/CO_PDO.o
 .text.CO_PDO_receive
                0x00000000080013b8       0x8e stack/CO_PDO.o
 *fill*         0x0000000008001446        0x2 
 .text.CO_RPDO_init
                0x0000000008001448       0xbc stack/CO_PDO.o
                0x0000000008001448                CO_RPDO_init
 .text.CO_TPDO_init
                0x0000000008001504       0xe4 stack/CO_PDO.o
                0x0000000008001504                CO_TPDO_init
 .text.CO_HBcons_receive
                0x00000000080015e8        0xe stack/CO_HBconsumer.o
 *fill*         0x00000000080015f6        0x2 
 .text.CO_HBcons_monitoredNodeConfig.part.0
                0x00000000080015f8       0x50 stack/CO_HBconsumer.o
 .text.CO_ODF_1016
                0x0000000008001648       0x74 stack/CO_HBconsumer.o
 .text.CO_HBconsumer_init
                0x00000000080016bc       0x68 stack/CO_HBconsumer.o
                0x00000000080016bc                CO_HBconsumer_init
 .text.CO_delete
                0x0000000008001724       0xb0 ./CANopen.o
                0x0000000008001724                CO_delete
 .text.CO_init  0x00000000080017d4      0x3f0 ./CANopen.o
                0x00000000080017d4                CO_init
 .text.gpio_init
                0x0000000008001bc4       0xbc sources/gpio.o
                0x0000000008001bc4                gpio_init
 .text.rcc_init
                0x0000000008001c80       0x22 sources/rcc.o
                0x0000000008001c80                rcc_init
 *fill*         0x0000000008001ca2        0x2 
 .text.sys_tick_handler
                0x0000000008001ca4       0x80 sources/rcc.o
                0x0000000008001ca4                sys_tick_handler
 .text.usart_init
                0x0000000008001d24       0x88 sources/usart.o
                0x0000000008001d24                usart_init
 .text.usart_send_string
                0x0000000008001dac       0x1c sources/usart.o
                0x0000000008001dac                usart_send_string
 .text.usart_send_byte
                0x0000000008001dc8       0x14 sources/usart.o
                0x0000000008001dc8                usart_send_byte
 .text.process_command
                0x0000000008001ddc      0x13c sources/usart.o
                0x0000000008001ddc                process_command
 .text.usart1_isr
                0x0000000008001f18       0xb8 sources/usart.o
                0x0000000008001f18                usart1_isr
 .text.adc_init
                0x0000000008001fd0       0xa8 sources/adc.o
                0x0000000008001fd0                adc_init
 .text.adc_get  0x0000000008002078       0x30 sources/adc.o
                0x0000000008002078                adc_get
 .text.tim1_init
                0x00000000080020a8       0x80 sources/timers.o
                0x00000000080020a8                tim1_init
 .text.tim1_up_isr
                0x0000000008002128       0x20 sources/timers.o
                0x0000000008002128                tim1_up_isr
 .text.tim1_cc_isr
                0x0000000008002148       0x58 sources/timers.o
                0x0000000008002148                tim1_cc_isr
 .text.resieveProc
                0x00000000080021a0        0x2 mainbms.o
                0x00000000080021a0                resieveProc
 *fill*         0x00000000080021a2        0x2 
 .text.startup.main
                0x00000000080021a4       0xe4 mainbms.o
                0x00000000080021a4                main
 .text.usb_hp_can_tx_isr
                0x0000000008002288       0x10 mainbms.o
                0x0000000008002288                usb_hp_can_tx_isr
 .text.usb_lp_can_rx0_isr
                0x0000000008002298       0x34 mainbms.o
                0x0000000008002298                usb_lp_can_rx0_isr
 .text.can_send_test
                0x00000000080022cc       0x50 mainbms.o
                0x00000000080022cc                can_send_test
 .text.adc_power_on
                0x000000000800231c       0x10 ./libopencm3//lib/libopencm3_stm32f1.a(adc.o)
                0x000000000800231c                adc_power_on
 .text.adc_start_conversion_direct
                0x000000000800232c       0x10 ./libopencm3//lib/libopencm3_stm32f1.a(adc.o)
                0x000000000800232c                adc_start_conversion_direct
 .text.adc_enable_temperature_sensor
                0x000000000800233c       0x10 ./libopencm3//lib/libopencm3_stm32f1.a(adc.o)
                0x000000000800233c                adc_enable_temperature_sensor
 .text.adc_disable_external_trigger_regular
                0x000000000800234c        0xa ./libopencm3//lib/libopencm3_stm32f1.a(adc.o)
                0x000000000800234c                adc_disable_external_trigger_regular
 .text.adc_reset_calibration
                0x0000000008002356       0x14 ./libopencm3//lib/libopencm3_stm32f1.a(adc.o)
                0x0000000008002356                adc_reset_calibration
 .text.adc_calibrate_async
                0x000000000800236a        0xa ./libopencm3//lib/libopencm3_stm32f1.a(adc.o)
                0x000000000800236a                adc_calibrate_async
 .text.adc_is_calibrating
                0x0000000008002374        0x8 ./libopencm3//lib/libopencm3_stm32f1.a(adc.o)
                0x0000000008002374                adc_is_calibrating
 .text.adc_calibrate
                0x000000000800237c       0x14 ./libopencm3//lib/libopencm3_stm32f1.a(adc.o)
                0x000000000800237c                adc_calibrate
 .text.adc_set_sample_time_on_all_channels
                0x0000000008002390       0x2a ./libopencm3//lib/libopencm3_stm32f1.a(adc.o)
                0x0000000008002390                adc_set_sample_time_on_all_channels
 .text.adc_power_off
                0x00000000080023ba        0xa ./libopencm3//lib/libopencm3_stm32f1.a(adc_common_v1.o)
                0x00000000080023ba                adc_power_off
 .text.adc_disable_scan_mode
                0x00000000080023c4        0xa ./libopencm3//lib/libopencm3_stm32f1.a(adc_common_v1.o)
                0x00000000080023c4                adc_disable_scan_mode
 .text.adc_set_right_aligned
                0x00000000080023ce        0xa ./libopencm3//lib/libopencm3_stm32f1.a(adc_common_v1.o)
                0x00000000080023ce                adc_set_right_aligned
 .text.adc_set_single_conversion_mode
                0x00000000080023d8        0xa ./libopencm3//lib/libopencm3_stm32f1.a(adc_common_v1.o)
                0x00000000080023d8                adc_set_single_conversion_mode
 .text.adc_set_regular_sequence
                0x00000000080023e2       0x78 ./libopencm3//lib/libopencm3_stm32f1.a(adc_common_v1.o)
                0x00000000080023e2                adc_set_regular_sequence
 *fill*         0x000000000800245a        0x2 
 .text.can_reset
                0x000000000800245c       0x18 ./libopencm3//lib/libopencm3_stm32f1.a(can.o)
                0x000000000800245c                can_reset
 .text.can_init
                0x0000000008002474      0x124 ./libopencm3//lib/libopencm3_stm32f1.a(can.o)
                0x0000000008002474                can_init
 .text.can_filter_init
                0x0000000008002598       0x8e ./libopencm3//lib/libopencm3_stm32f1.a(can.o)
                0x0000000008002598                can_filter_init
 .text.can_filter_id_mask_32bit_init
                0x0000000008002626       0x1a ./libopencm3//lib/libopencm3_stm32f1.a(can.o)
                0x0000000008002626                can_filter_id_mask_32bit_init
 .text.can_enable_irq
                0x0000000008002640        0x8 ./libopencm3//lib/libopencm3_stm32f1.a(can.o)
                0x0000000008002640                can_enable_irq
 .text.can_disable_irq
                0x0000000008002648        0xa ./libopencm3//lib/libopencm3_stm32f1.a(can.o)
                0x0000000008002648                can_disable_irq
 .text.can_transmit
                0x0000000008002652       0xc4 ./libopencm3//lib/libopencm3_stm32f1.a(can.o)
                0x0000000008002652                can_transmit
 .text.can_fifo_release
                0x0000000008002716       0x16 ./libopencm3//lib/libopencm3_stm32f1.a(can.o)
                0x0000000008002716                can_fifo_release
 .text.can_receive
                0x000000000800272c       0xd0 ./libopencm3//lib/libopencm3_stm32f1.a(can.o)
                0x000000000800272c                can_receive
 .text.can_available_mailbox
                0x00000000080027fc        0xe ./libopencm3//lib/libopencm3_stm32f1.a(can.o)
                0x00000000080027fc                can_available_mailbox
 .text.gpio_set_mode
                0x000000000800280a       0x64 ./libopencm3//lib/libopencm3_stm32f1.a(gpio.o)
                0x000000000800280a                gpio_set_mode
 *fill*         0x000000000800286e        0x2 
 .text.rcc_osc_on.part.1
                0x0000000008002870       0x10 ./libopencm3//lib/libopencm3_stm32f1.a(rcc.o)
 .text.rcc_is_osc_ready
                0x0000000008002880       0x5c ./libopencm3//lib/libopencm3_stm32f1.a(rcc.o)
                0x0000000008002880                rcc_is_osc_ready
 .text.rcc_wait_for_osc_ready
                0x00000000080028dc       0x10 ./libopencm3//lib/libopencm3_stm32f1.a(rcc.o)
                0x00000000080028dc                rcc_wait_for_osc_ready
 .text.rcc_osc_on
                0x00000000080028ec       0x54 ./libopencm3//lib/libopencm3_stm32f1.a(rcc.o)
                0x00000000080028ec                rcc_osc_on
 .text.rcc_set_sysclk_source
                0x0000000008002940       0x14 ./libopencm3//lib/libopencm3_stm32f1.a(rcc.o)
                0x0000000008002940                rcc_set_sysclk_source
 .text.rcc_set_pll_multiplication_factor
                0x0000000008002954       0x14 ./libopencm3//lib/libopencm3_stm32f1.a(rcc.o)
                0x0000000008002954                rcc_set_pll_multiplication_factor
 .text.rcc_set_pll_source
                0x0000000008002968       0x14 ./libopencm3//lib/libopencm3_stm32f1.a(rcc.o)
                0x0000000008002968                rcc_set_pll_source
 .text.rcc_set_adcpre
                0x000000000800297c       0x14 ./libopencm3//lib/libopencm3_stm32f1.a(rcc.o)
                0x000000000800297c                rcc_set_adcpre
 .text.rcc_set_ppre2
                0x0000000008002990       0x14 ./libopencm3//lib/libopencm3_stm32f1.a(rcc.o)
                0x0000000008002990                rcc_set_ppre2
 .text.rcc_set_ppre1
                0x00000000080029a4       0x14 ./libopencm3//lib/libopencm3_stm32f1.a(rcc.o)
                0x00000000080029a4                rcc_set_ppre1
 .text.rcc_set_hpre
                0x00000000080029b8       0x14 ./libopencm3//lib/libopencm3_stm32f1.a(rcc.o)
                0x00000000080029b8                rcc_set_hpre
 .text.rcc_clock_setup_in_hsi_out_64mhz
                0x00000000080029cc       0x74 ./libopencm3//lib/libopencm3_stm32f1.a(rcc.o)
                0x00000000080029cc                rcc_clock_setup_in_hsi_out_64mhz
 .text.gpio_set
                0x0000000008002a40        0x4 ./libopencm3//lib/libopencm3_stm32f1.a(gpio_common_all.o)
                0x0000000008002a40                gpio_set
 .text.gpio_clear
                0x0000000008002a44        0x6 ./libopencm3//lib/libopencm3_stm32f1.a(gpio_common_all.o)
                0x0000000008002a44                gpio_clear
 .text.gpio_toggle
                0x0000000008002a4a       0x10 ./libopencm3//lib/libopencm3_stm32f1.a(gpio_common_all.o)
                0x0000000008002a4a                gpio_toggle
 .text.timer_enable_irq
                0x0000000008002a5a        0x8 ./libopencm3//lib/libopencm3_stm32f1.a(timer_common_all.o)
                0x0000000008002a5a                timer_enable_irq
 .text.timer_clear_flag
                0x0000000008002a62        0x6 ./libopencm3//lib/libopencm3_stm32f1.a(timer_common_all.o)
                0x0000000008002a62                timer_clear_flag
 .text.timer_set_mode
                0x0000000008002a68       0x12 ./libopencm3//lib/libopencm3_stm32f1.a(timer_common_all.o)
                0x0000000008002a68                timer_set_mode
 .text.timer_disable_preload
                0x0000000008002a7a        0xa ./libopencm3//lib/libopencm3_stm32f1.a(timer_common_all.o)
                0x0000000008002a7a                timer_disable_preload
 .text.timer_continuous_mode
                0x0000000008002a84        0xa ./libopencm3//lib/libopencm3_stm32f1.a(timer_common_all.o)
                0x0000000008002a84                timer_continuous_mode
 .text.timer_enable_counter
                0x0000000008002a8e        0xa ./libopencm3//lib/libopencm3_stm32f1.a(timer_common_all.o)
                0x0000000008002a8e                timer_enable_counter
 .text.timer_set_prescaler
                0x0000000008002a98        0x4 ./libopencm3//lib/libopencm3_stm32f1.a(timer_common_all.o)
                0x0000000008002a98                timer_set_prescaler
 .text.timer_set_period
                0x0000000008002a9c        0x4 ./libopencm3//lib/libopencm3_stm32f1.a(timer_common_all.o)
                0x0000000008002a9c                timer_set_period
 .text.timer_enable_oc_preload
                0x0000000008002aa0       0x34 ./libopencm3//lib/libopencm3_stm32f1.a(timer_common_all.o)
                0x0000000008002aa0                timer_enable_oc_preload
 .text.timer_set_oc_value
                0x0000000008002ad4       0x20 ./libopencm3//lib/libopencm3_stm32f1.a(timer_common_all.o)
                0x0000000008002ad4                timer_set_oc_value
 .text.usart_set_baudrate
                0x0000000008002af4       0x28 ./libopencm3//lib/libopencm3_stm32f1.a(usart_common_all.o)
                0x0000000008002af4                usart_set_baudrate
 .text.usart_set_databits
                0x0000000008002b1c       0x12 ./libopencm3//lib/libopencm3_stm32f1.a(usart_common_all.o)
                0x0000000008002b1c                usart_set_databits
 .text.usart_set_stopbits
                0x0000000008002b2e        0xc ./libopencm3//lib/libopencm3_stm32f1.a(usart_common_all.o)
                0x0000000008002b2e                usart_set_stopbits
 .text.usart_set_parity
                0x0000000008002b3a        0xc ./libopencm3//lib/libopencm3_stm32f1.a(usart_common_all.o)
                0x0000000008002b3a                usart_set_parity
 .text.usart_set_mode
                0x0000000008002b46        0xc ./libopencm3//lib/libopencm3_stm32f1.a(usart_common_all.o)
                0x0000000008002b46                usart_set_mode
 .text.usart_set_flow_control
                0x0000000008002b52        0xc ./libopencm3//lib/libopencm3_stm32f1.a(usart_common_all.o)
                0x0000000008002b52                usart_set_flow_control
 .text.usart_enable
                0x0000000008002b5e        0xa ./libopencm3//lib/libopencm3_stm32f1.a(usart_common_all.o)
                0x0000000008002b5e                usart_enable
 .text.usart_send_blocking
                0x0000000008002b68       0x16 ./libopencm3//lib/libopencm3_stm32f1.a(usart_common_all.o)
                0x0000000008002b68                usart_send_blocking
 .text.usart_send
                0x0000000008002b7e        0x8 ./libopencm3//lib/libopencm3_stm32f1.a(usart_common_f124.o)
                0x0000000008002b7e                usart_send
 .text.usart_recv
                0x0000000008002b86        0x8 ./libopencm3//lib/libopencm3_stm32f1.a(usart_common_f124.o)
                0x0000000008002b86                usart_recv
 .text.usart_wait_send_ready
                0x0000000008002b8e        0x8 ./libopencm3//lib/libopencm3_stm32f1.a(usart_common_f124.o)
                0x0000000008002b8e                usart_wait_send_ready
 .text.rcc_periph_clock_enable
                0x0000000008002b96       0x1a ./libopencm3//lib/libopencm3_stm32f1.a(rcc_common_all.o)
                0x0000000008002b96                rcc_periph_clock_enable
 .text.rcc_periph_reset_pulse
                0x0000000008002bb0       0x22 ./libopencm3//lib/libopencm3_stm32f1.a(rcc_common_all.o)
                0x0000000008002bb0                rcc_periph_reset_pulse
 *fill*         0x0000000008002bd2        0x2 
 .text.flash_set_ws
                0x0000000008002bd4       0x14 ./libopencm3//lib/libopencm3_stm32f1.a(flash_common_f01.o)
                0x0000000008002bd4                flash_set_ws
 .text.blocking_handler
                0x0000000008002be8        0x2 ./libopencm3//lib/libopencm3_stm32f1.a(vector.o)
                0x0000000008002be8                usart3_isr
                0x0000000008002be8                rtc_isr
                0x0000000008002be8                tim7_isr
                0x0000000008002be8                adc1_2_isr
                0x0000000008002be8                tim1_trg_com_isr
                0x0000000008002be8                tim6_isr
                0x0000000008002be8                usb_wakeup_isr
                0x0000000008002be8                blocking_handler
                0x0000000008002be8                tim5_isr
                0x0000000008002be8                otg_fs_isr
                0x0000000008002be8                spi1_isr
                0x0000000008002be8                dma1_channel6_isr
                0x0000000008002be8                exti2_isr
                0x0000000008002be8                can_rx1_isr
                0x0000000008002be8                dma1_channel5_isr
                0x0000000008002be8                dma2_channel5_isr
                0x0000000008002be8                usage_fault_handler
                0x0000000008002be8                tim8_trg_com_isr
                0x0000000008002be8                can2_rx0_isr
                0x0000000008002be8                tim1_brk_isr
                0x0000000008002be8                can2_rx1_isr
                0x0000000008002be8                sdio_isr
                0x0000000008002be8                eth_isr
                0x0000000008002be8                dma1_channel4_isr
                0x0000000008002be8                tim8_brk_isr
                0x0000000008002be8                dma2_channel4_5_isr
                0x0000000008002be8                pvd_isr
                0x0000000008002be8                rcc_isr
                0x0000000008002be8                flash_isr
                0x0000000008002be8                uart4_isr
                0x0000000008002be8                rtc_alarm_isr
                0x0000000008002be8                exti15_10_isr
                0x0000000008002be8                hard_fault_handler
                0x0000000008002be8                exti1_isr
                0x0000000008002be8                i2c1_ev_isr
                0x0000000008002be8                dma2_channel1_isr
                0x0000000008002be8                spi2_isr
                0x0000000008002be8                tim8_up_isr
                0x0000000008002be8                dma2_channel2_isr
                0x0000000008002be8                adc3_isr
                0x0000000008002be8                exti3_isr
                0x0000000008002be8                tim3_isr
                0x0000000008002be8                usart2_isr
                0x0000000008002be8                i2c2_er_isr
                0x0000000008002be8                i2c2_ev_isr
                0x0000000008002be8                uart5_isr
                0x0000000008002be8                fsmc_isr
                0x0000000008002be8                dma1_channel1_isr
                0x0000000008002be8                exti4_isr
                0x0000000008002be8                mem_manage_handler
                0x0000000008002be8                can2_tx_isr
                0x0000000008002be8                exti9_5_isr
                0x0000000008002be8                dma2_channel3_isr
                0x0000000008002be8                dma1_channel7_isr
                0x0000000008002be8                can2_sce_isr
                0x0000000008002be8                tim4_isr
                0x0000000008002be8                dma1_channel2_isr
                0x0000000008002be8                i2c1_er_isr
                0x0000000008002be8                can_sce_isr
                0x0000000008002be8                tim8_cc_isr
                0x0000000008002be8                tamper_isr
                0x0000000008002be8                eth_wkup_isr
                0x0000000008002be8                bus_fault_handler
                0x0000000008002be8                wwdg_isr
                0x0000000008002be8                dma1_channel3_isr
                0x0000000008002be8                spi3_isr
                0x0000000008002be8                tim2_isr
                0x0000000008002be8                exti0_isr
 .text.null_handler
                0x0000000008002bea        0x2 ./libopencm3//lib/libopencm3_stm32f1.a(vector.o)
                0x0000000008002bea                null_handler
                0x0000000008002bea                sv_call_handler
                0x0000000008002bea                pend_sv_handler
                0x0000000008002bea                debug_monitor_handler
                0x0000000008002bea                nmi_handler
 .text.reset_handler
                0x0000000008002bec       0x90 ./libopencm3//lib/libopencm3_stm32f1.a(vector.o)
                0x0000000008002bec                reset_handler
 .text.nvic_enable_irq
                0x0000000008002c7c       0x18 ./libopencm3//lib/libopencm3_stm32f1.a(nvic.o)
                0x0000000008002c7c                nvic_enable_irq
 .text.nvic_disable_irq
                0x0000000008002c94       0x18 ./libopencm3//lib/libopencm3_stm32f1.a(nvic.o)
                0x0000000008002c94                nvic_disable_irq
 .text.nvic_set_priority
                0x0000000008002cac       0x20 ./libopencm3//lib/libopencm3_stm32f1.a(nvic.o)
                0x0000000008002cac                nvic_set_priority
 .text          0x0000000008002ccc       0x10 /home/a-h/x-tools/arm-none-eabi/lib/gcc/arm-none-eabi/4.9.4/../../../../arm-none-eabi/lib/libc.a(lib_a-calloc.o)
                0x0000000008002ccc                calloc
 .text          0x0000000008002cdc       0x5a /home/a-h/x-tools/arm-none-eabi/lib/gcc/arm-none-eabi/4.9.4/../../../../arm-none-eabi/lib/libc.a(lib_a-callocr.o)
                0x0000000008002cdc                _calloc_r
 *fill*         0x0000000008002d36        0x2 
 .text          0x0000000008002d38       0x20 /home/a-h/x-tools/arm-none-eabi/lib/gcc/arm-none-eabi/4.9.4/../../../../arm-none-eabi/lib/libc.a(lib_a-malloc.o)
                0x0000000008002d38                malloc
                0x0000000008002d48                free
 .text          0x0000000008002d58      0x430 /home/a-h/x-tools/arm-none-eabi/lib/gcc/arm-none-eabi/4.9.4/../../../../arm-none-eabi/lib/libc.a(lib_a-mallocr.o)
                0x0000000008002d58                _malloc_r
 .text          0x0000000008003188       0x10 /home/a-h/x-tools/arm-none-eabi/lib/gcc/arm-none-eabi/4.9.4/../../../../arm-none-eabi/lib/libc.a(lib_a-memset.o)
                0x0000000008003188                memset
 .text          0x0000000008003198        0x4 /home/a-h/x-tools/arm-none-eabi/lib/gcc/arm-none-eabi/4.9.4/../../../../arm-none-eabi/lib/libc.a(lib_a-mlock.o)
                0x0000000008003198                __malloc_lock
                0x000000000800319a                __malloc_unlock
 .text          0x000000000800319c       0x20 /home/a-h/x-tools/arm-none-eabi/lib/gcc/arm-none-eabi/4.9.4/../../../../arm-none-eabi/lib/libc.a(lib_a-sbrkr.o)
                0x000000000800319c                _sbrk_r
 .text          0x00000000080031bc       0x32 /home/a-h/x-tools/arm-none-eabi/lib/gcc/arm-none-eabi/4.9.4/../../../../arm-none-eabi/lib/libc.a(lib_a-strncmp.o)
                0x00000000080031bc                strncmp
 *fill*         0x00000000080031ee        0x2 
 .text          0x00000000080031f0      0x210 /home/a-h/x-tools/arm-none-eabi/lib/gcc/arm-none-eabi/4.9.4/../../../../arm-none-eabi/lib/libc.a(lib_a-freer.o)
                0x00000000080031f0                _malloc_trim_r
                0x000000000800328c                _free_r
 .text          0x0000000008003400       0x1c /home/a-h/x-tools/arm-none-eabi/lib/gcc/arm-none-eabi/4.9.4/../../../../arm-none-eabi/lib/libnosys.a(sbrk.o)
                0x0000000008003400                _sbrk
                0x000000000800341c                . = ALIGN (0x4)
 *(.rodata*)
 .rodata.str1.1
                0x000000000800341c       0x4c stack/CO_driver.o
 .rodata.OD_record2120
                0x0000000008003468       0x30 sources/CO_OD.o
                0x0000000008003468                OD_record2120
 .rodata.OD_record1200
                0x0000000008003498       0x18 sources/CO_OD.o
                0x0000000008003498                OD_record1200
 .rodata.OD_record1400
                0x00000000080034b0       0x18 sources/CO_OD.o
                0x00000000080034b0                OD_record1400
 .rodata.OD_record1A01
                0x00000000080034c8       0x48 sources/CO_OD.o
                0x00000000080034c8                OD_record1A01
 .rodata.OD_record1402
                0x0000000008003510       0x18 sources/CO_OD.o
                0x0000000008003510                OD_record1402
 .rodata.OD_record1602
                0x0000000008003528       0x48 sources/CO_OD.o
                0x0000000008003528                OD_record1602
 .rodata.OD_record1401
                0x0000000008003570       0x18 sources/CO_OD.o
                0x0000000008003570                OD_record1401
 .rodata.OD_record1018
                0x0000000008003588       0x28 sources/CO_OD.o
                0x0000000008003588                OD_record1018
 .rodata.OD_record1800
                0x00000000080035b0       0x38 sources/CO_OD.o
                0x00000000080035b0                OD_record1800
 .rodata.OD_record1801
                0x00000000080035e8       0x38 sources/CO_OD.o
                0x00000000080035e8                OD_record1801
 .rodata.OD_record1802
                0x0000000008003620       0x38 sources/CO_OD.o
                0x0000000008003620                OD_record1802
 .rodata.OD_record1803
                0x0000000008003658       0x38 sources/CO_OD.o
                0x0000000008003658                OD_record1803
 .rodata.OD_record1403
                0x0000000008003690       0x18 sources/CO_OD.o
                0x0000000008003690                OD_record1403
 .rodata.OD_record1A00
                0x00000000080036a8       0x48 sources/CO_OD.o
                0x00000000080036a8                OD_record1A00
 .rodata.CO_OD  0x00000000080036f0      0x288 sources/CO_OD.o
                0x00000000080036f0                CO_OD
 .rodata.OD_record1A02
                0x0000000008003978       0x48 sources/CO_OD.o
                0x0000000008003978                OD_record1A02
 .rodata.OD_record1A03
                0x00000000080039c0       0x48 sources/CO_OD.o
                0x00000000080039c0                OD_record1A03
 .rodata.OD_record1600
                0x0000000008003a08       0x48 sources/CO_OD.o
                0x0000000008003a08                OD_record1600
 .rodata.OD_record1601
                0x0000000008003a50       0x48 sources/CO_OD.o
                0x0000000008003a50                OD_record1601
 .rodata.OD_record1603
                0x0000000008003a98       0x48 sources/CO_OD.o
                0x0000000008003a98                OD_record1603
 .rodata.str1.1
                0x0000000008003ae0       0x68 sources/usart.o
 .rodata        0x0000000008003b48        0x8 mainbms.o
 .rodata.str1.1
                0x0000000008003b50       0x7e mainbms.o
 *fill*         0x0000000008003bce        0x2 
 .rodata        0x0000000008003bd0        0x8 ./libopencm3//lib/libopencm3_stm32f1.a(can.o)
 .rodata.str1.1
                0x0000000008003bd8       0x7e /home/a-h/x-tools/arm-none-eabi/lib/gcc/arm-none-eabi/4.9.4/../../../../arm-none-eabi/lib/libc.a(lib_a-impure.o)
                                          0x2 (size before relaxing)
                0x0000000008003c58                . = ALIGN (0x4)

.glue_7         0x0000000008003bd8        0x0
 .glue_7        0x0000000008003bd8        0x0 linker stubs

.glue_7t        0x0000000008003bd8        0x0
 .glue_7t       0x0000000008003bd8        0x0 linker stubs

.vfp11_veneer   0x0000000008003bd8        0x0
 .vfp11_veneer  0x0000000008003bd8        0x0 linker stubs

.v4_bx          0x0000000008003bd8        0x0
 .v4_bx         0x0000000008003bd8        0x0 linker stubs

.iplt           0x0000000008003bd8        0x0
 .iplt          0x0000000008003bd8        0x0 stack/CO_driver.o

.rel.dyn        0x0000000008003bd8        0x0
 .rel.iplt      0x0000000008003bd8        0x0 stack/CO_driver.o

.preinit_array  0x0000000008003bd8        0x0
                0x0000000008003bd8                . = ALIGN (0x4)
                0x0000000008003bd8                __preinit_array_start = .
 *(.preinit_array)
                0x0000000008003bd8                __preinit_array_end = .

.init_array     0x0000000008003bd8        0x0
                0x0000000008003bd8                . = ALIGN (0x4)
                0x0000000008003bd8                __init_array_start = .
 *(SORT(.init_array.*))
 *(.init_array)
                0x0000000008003bd8                __init_array_end = .

.fini_array     0x0000000008003bd8        0x0
                0x0000000008003bd8                . = ALIGN (0x4)
                0x0000000008003bd8                __fini_array_start = .
 *(.fini_array)
 *(SORT(.fini_array.*))
                0x0000000008003bd8                __fini_array_end = .

.ARM.extab
 *(.ARM.extab*)

.ARM.exidx      0x0000000008003bd8        0x0
                0x0000000008003bd8                __exidx_start = .
 *(.ARM.exidx*)
                0x0000000008003bd8                __exidx_end = .
                0x0000000008003bd8                . = ALIGN (0x4)
                0x0000000008003bd8                _etext = .

.data           0x0000000020000000      0xc68 load address 0x0000000008003bd8
                0x0000000020000000                _data = .
 *(.data*)
 .data.CO_OD_ROM
                0x0000000020000000      0x258 sources/CO_OD.o
                0x0000000020000000                CO_OD_ROM
 .data.CO_OD_RAM
                0x0000000020000258      0x100 sources/CO_OD.o
                0x0000000020000258                CO_OD_RAM
 .data.CO_OD_EEPROM
                0x0000000020000358       0x4c sources/CO_OD.o
                0x0000000020000358                CO_OD_EEPROM
 .data.data.4344
                0x00000000200003a4        0x8 sources/rcc.o
 .data.help_msg
                0x00000000200003ac       0x6a sources/usart.o
                0x00000000200003ac                help_msg
 .data.upcount  0x0000000020000416        0x1 mainbms.o
                0x0000000020000416                upcount
 *fill*         0x0000000020000417        0x1 
 .data.compare_time
                0x0000000020000418        0x2 mainbms.o
                0x0000000020000418                compare_time
 *fill*         0x000000002000041a        0x2 
 .data.rcc_ahb_frequency
                0x000000002000041c        0x4 ./libopencm3//lib/libopencm3_stm32f1.a(rcc.o)
                0x000000002000041c                rcc_ahb_frequency
 .data.rcc_apb1_frequency
                0x0000000020000420        0x4 ./libopencm3//lib/libopencm3_stm32f1.a(rcc.o)
                0x0000000020000420                rcc_apb1_frequency
 .data.rcc_apb2_frequency
                0x0000000020000424        0x4 ./libopencm3//lib/libopencm3_stm32f1.a(rcc.o)
                0x0000000020000424                rcc_apb2_frequency
 .data          0x0000000020000428      0x430 /home/a-h/x-tools/arm-none-eabi/lib/gcc/arm-none-eabi/4.9.4/../../../../arm-none-eabi/lib/libc.a(lib_a-impure.o)
                0x0000000020000428                _impure_ptr
 .data          0x0000000020000858      0x410 /home/a-h/x-tools/arm-none-eabi/lib/gcc/arm-none-eabi/4.9.4/../../../../arm-none-eabi/lib/libc.a(lib_a-mallocr.o)
                0x0000000020000858                __malloc_av_
                0x0000000020000c60                __malloc_sbrk_base
                0x0000000020000c64                __malloc_trim_threshold
                0x0000000020000c68                . = ALIGN (0x4)
                0x0000000020000c68                _edata = .
                0x0000000008003bd8                _data_loadaddr = LOADADDR (.data)

.igot.plt       0x0000000020000c68        0x0 load address 0x0000000008004840
 .igot.plt      0x0000000020000c68        0x0 stack/CO_driver.o

.bss            0x0000000020000c68       0xfc load address 0x0000000008004840
 *(.bss*)
 .bss.dummyTX.4988
                0x0000000020000c68        0x4 stack/CO_PDO.o
 .bss.dummyRX.4989
                0x0000000020000c6c        0x4 stack/CO_PDO.o
 .bss.CO_HBcons_monitoredNodes
                0x0000000020000c70        0x4 ./CANopen.o
 .bss.CO        0x0000000020000c74        0x4 ./CANopen.o
                0x0000000020000c74                CO
 .bss.CO_SDO_ODExtensions
                0x0000000020000c78        0x4 ./CANopen.o
 .bss.CO_CANmodule_txArray0
                0x0000000020000c7c        0x4 ./CANopen.o
 .bss.CO_CANmodule_rxArray0
                0x0000000020000c80        0x4 ./CANopen.o
 .bss.CO_memoryUsed
                0x0000000020000c84        0x4 ./CANopen.o
 .bss.COO       0x0000000020000c88       0x3c ./CANopen.o
 .bss.temp32.4343
                0x0000000020000cc4        0x4 sources/rcc.o
 .bss.rec_len   0x0000000020000cc8        0x1 sources/usart.o
                0x0000000020000cc8                rec_len
 *fill*         0x0000000020000cc9        0x3 
 .bss.usart1    0x0000000020000ccc       0x10 sources/usart.o
                0x0000000020000ccc                usart1
 .bss.resiever  0x0000000020000cdc       0x32 sources/usart.o
                0x0000000020000cdc                resiever
 *fill*         0x0000000020000d0e        0x2 
 .bss.txbuff    0x0000000020000d10        0x4 mainbms.o
                0x0000000020000d10                txbuff
 .bss.channel_array
                0x0000000020000d14       0x10 mainbms.o
                0x0000000020000d14                channel_array
 .bss.fpointer  0x0000000020000d24        0x4 mainbms.o
                0x0000000020000d24                fpointer
 .bss           0x0000000020000d28       0x34 /home/a-h/x-tools/arm-none-eabi/lib/gcc/arm-none-eabi/4.9.4/../../../../arm-none-eabi/lib/libc.a(lib_a-mallocr.o)
                0x0000000020000d28                __malloc_top_pad
                0x0000000020000d2c                __malloc_current_mallinfo
                0x0000000020000d54                __malloc_max_sbrked_mem
                0x0000000020000d58                __malloc_max_total_mem
 .bss           0x0000000020000d5c        0x4 /home/a-h/x-tools/arm-none-eabi/lib/gcc/arm-none-eabi/4.9.4/../../../../arm-none-eabi/lib/libnosys.a(sbrk.o)
 *(COMMON)
 COMMON         0x0000000020000d60        0x4 /home/a-h/x-tools/arm-none-eabi/lib/gcc/arm-none-eabi/4.9.4/../../../../arm-none-eabi/lib/libc.a(lib_a-reent.o)
                0x0000000020000d60                errno
                0x0000000020000d64                . = ALIGN (0x4)
                0x0000000020000d64                _ebss = .

/DISCARD/
 *(.eh_frame)
                0x0000000020000d64                . = ALIGN (0x4)
                0x0000000020000d64                end = .
                0x0000000020005000                PROVIDE (_stack, (ORIGIN (ram) + LENGTH (ram)))
OUTPUT(main_bms.elf elf32-littlearm)

.debug_info     0x0000000000000000    0x1a764
 .debug_info    0x0000000000000000     0x12d1 stack/CO_driver.o
 .debug_info    0x00000000000012d1     0x1973 stack/CO_SDO.o
 .debug_info    0x0000000000002c44     0x1159 stack/CO_Emergency.o
 .debug_info    0x0000000000003d9d      0xad3 stack/CO_NMT_Heartbeat.o
 .debug_info    0x0000000000004870     0x1090 stack/CO_SYNC.o
 .debug_info    0x0000000000005900     0x1c78 stack/CO_PDO.o
 .debug_info    0x0000000000007578      0xf52 stack/CO_HBconsumer.o
 .debug_info    0x00000000000084ca     0x2530 ./CANopen.o
 .debug_info    0x000000000000a9fa      0xacd sources/CO_OD.o
 .debug_info    0x000000000000b4c7      0x55e sources/gpio.o
 .debug_info    0x000000000000ba25      0x43b sources/rcc.o
 .debug_info    0x000000000000be60     0x1bd5 sources/usart.o
 .debug_info    0x000000000000da35      0x60d sources/adc.o
 .debug_info    0x000000000000e042      0x756 sources/timers.o
 .debug_info    0x000000000000e798     0x1557 mainbms.o
 .debug_info    0x000000000000fcef      0x387 ./libopencm3//lib/libopencm3_stm32f1.a(adc.o)
 .debug_info    0x0000000000010076      0x7b4 ./libopencm3//lib/libopencm3_stm32f1.a(adc_common_v1.o)
 .debug_info    0x000000000001082a      0xa27 ./libopencm3//lib/libopencm3_stm32f1.a(can.o)
 .debug_info    0x0000000000011251      0x1df ./libopencm3//lib/libopencm3_stm32f1.a(gpio.o)
 .debug_info    0x0000000000011430     0x10fd ./libopencm3//lib/libopencm3_stm32f1.a(rcc.o)
 .debug_info    0x000000000001252d      0x22c ./libopencm3//lib/libopencm3_stm32f1.a(gpio_common_all.o)
 .debug_info    0x0000000000012759     0x117e ./libopencm3//lib/libopencm3_stm32f1.a(timer_common_all.o)
 .debug_info    0x00000000000138d7      0x4cf ./libopencm3//lib/libopencm3_stm32f1.a(usart_common_all.o)
 .debug_info    0x0000000000013da6      0x17a ./libopencm3//lib/libopencm3_stm32f1.a(usart_common_f124.o)
 .debug_info    0x0000000000013f20      0x5b8 ./libopencm3//lib/libopencm3_stm32f1.a(rcc_common_all.o)
 .debug_info    0x00000000000144d8      0x27f ./libopencm3//lib/libopencm3_stm32f1.a(flash_common_f01.o)
 .debug_info    0x0000000000014757      0x2a4 ./libopencm3//lib/libopencm3_stm32f1.a(vector.o)
 .debug_info    0x00000000000149fb      0x214 ./libopencm3//lib/libopencm3_stm32f1.a(nvic.o)
 .debug_info    0x0000000000014c0f      0x8de /home/a-h/x-tools/arm-none-eabi/lib/gcc/arm-none-eabi/4.9.4/../../../../arm-none-eabi/lib/libc.a(lib_a-calloc.o)
 .debug_info    0x00000000000154ed      0x9e8 /home/a-h/x-tools/arm-none-eabi/lib/gcc/arm-none-eabi/4.9.4/../../../../arm-none-eabi/lib/libc.a(lib_a-callocr.o)
 .debug_info    0x0000000000015ed5      0x890 /home/a-h/x-tools/arm-none-eabi/lib/gcc/arm-none-eabi/4.9.4/../../../../arm-none-eabi/lib/libc.a(lib_a-impure.o)
 .debug_info    0x0000000000016765      0x911 /home/a-h/x-tools/arm-none-eabi/lib/gcc/arm-none-eabi/4.9.4/../../../../arm-none-eabi/lib/libc.a(lib_a-malloc.o)
 .debug_info    0x0000000000017076      0xd21 /home/a-h/x-tools/arm-none-eabi/lib/gcc/arm-none-eabi/4.9.4/../../../../arm-none-eabi/lib/libc.a(lib_a-mallocr.o)
 .debug_info    0x0000000000017d97       0xcf /home/a-h/x-tools/arm-none-eabi/lib/gcc/arm-none-eabi/4.9.4/../../../../arm-none-eabi/lib/libc.a(lib_a-memset.o)
 .debug_info    0x0000000000017e66      0x8b0 /home/a-h/x-tools/arm-none-eabi/lib/gcc/arm-none-eabi/4.9.4/../../../../arm-none-eabi/lib/libc.a(lib_a-mlock.o)
 .debug_info    0x0000000000018716      0x8f0 /home/a-h/x-tools/arm-none-eabi/lib/gcc/arm-none-eabi/4.9.4/../../../../arm-none-eabi/lib/libc.a(lib_a-sbrkr.o)
 .debug_info    0x0000000000019006       0xcb /home/a-h/x-tools/arm-none-eabi/lib/gcc/arm-none-eabi/4.9.4/../../../../arm-none-eabi/lib/libc.a(lib_a-strncmp.o)
 .debug_info    0x00000000000190d1      0xc07 /home/a-h/x-tools/arm-none-eabi/lib/gcc/arm-none-eabi/4.9.4/../../../../arm-none-eabi/lib/libc.a(lib_a-freer.o)
 .debug_info    0x0000000000019cd8      0x9f7 /home/a-h/x-tools/arm-none-eabi/lib/gcc/arm-none-eabi/4.9.4/../../../../arm-none-eabi/lib/libc.a(lib_a-reent.o)
 .debug_info    0x000000000001a6cf       0x95 /home/a-h/x-tools/arm-none-eabi/lib/gcc/arm-none-eabi/4.9.4/../../../../arm-none-eabi/lib/libnosys.a(sbrk.o)

.debug_abbrev   0x0000000000000000     0x47b5
 .debug_abbrev  0x0000000000000000      0x3da stack/CO_driver.o
 .debug_abbrev  0x00000000000003da      0x40b stack/CO_SDO.o
 .debug_abbrev  0x00000000000007e5      0x2e8 stack/CO_Emergency.o
 .debug_abbrev  0x0000000000000acd      0x2ba stack/CO_NMT_Heartbeat.o
 .debug_abbrev  0x0000000000000d87      0x2dd stack/CO_SYNC.o
 .debug_abbrev  0x0000000000001064      0x344 stack/CO_PDO.o
 .debug_abbrev  0x00000000000013a8      0x2da stack/CO_HBconsumer.o
 .debug_abbrev  0x0000000000001682      0x2d7 ./CANopen.o
 .debug_abbrev  0x0000000000001959       0xf6 sources/CO_OD.o
 .debug_abbrev  0x0000000000001a4f      0x104 sources/gpio.o
 .debug_abbrev  0x0000000000001b53      0x116 sources/rcc.o
 .debug_abbrev  0x0000000000001c69      0x334 sources/usart.o
 .debug_abbrev  0x0000000000001f9d      0x12f sources/adc.o
 .debug_abbrev  0x00000000000020cc       0xdf sources/timers.o
 .debug_abbrev  0x00000000000021ab      0x255 mainbms.o
 .debug_abbrev  0x0000000000002400      0x165 ./libopencm3//lib/libopencm3_stm32f1.a(adc.o)
 .debug_abbrev  0x0000000000002565      0x149 ./libopencm3//lib/libopencm3_stm32f1.a(adc_common_v1.o)
 .debug_abbrev  0x00000000000026ae      0x24c ./libopencm3//lib/libopencm3_stm32f1.a(can.o)
 .debug_abbrev  0x00000000000028fa       0xb7 ./libopencm3//lib/libopencm3_stm32f1.a(gpio.o)
 .debug_abbrev  0x00000000000029b1      0x291 ./libopencm3//lib/libopencm3_stm32f1.a(rcc.o)
 .debug_abbrev  0x0000000000002c42      0x10e ./libopencm3//lib/libopencm3_stm32f1.a(gpio_common_all.o)
 .debug_abbrev  0x0000000000002d50      0x15c ./libopencm3//lib/libopencm3_stm32f1.a(timer_common_all.o)
 .debug_abbrev  0x0000000000002eac      0x12b ./libopencm3//lib/libopencm3_stm32f1.a(usart_common_all.o)
 .debug_abbrev  0x0000000000002fd7       0x8e ./libopencm3//lib/libopencm3_stm32f1.a(usart_common_f124.o)
 .debug_abbrev  0x0000000000003065       0xc1 ./libopencm3//lib/libopencm3_stm32f1.a(rcc_common_all.o)
 .debug_abbrev  0x0000000000003126       0xe7 ./libopencm3//lib/libopencm3_stm32f1.a(flash_common_f01.o)
 .debug_abbrev  0x000000000000320d      0x12b ./libopencm3//lib/libopencm3_stm32f1.a(vector.o)
 .debug_abbrev  0x0000000000003338       0xa6 ./libopencm3//lib/libopencm3_stm32f1.a(nvic.o)
 .debug_abbrev  0x00000000000033de      0x1da /home/a-h/x-tools/arm-none-eabi/lib/gcc/arm-none-eabi/4.9.4/../../../../arm-none-eabi/lib/libc.a(lib_a-calloc.o)
 .debug_abbrev  0x00000000000035b8      0x215 /home/a-h/x-tools/arm-none-eabi/lib/gcc/arm-none-eabi/4.9.4/../../../../arm-none-eabi/lib/libc.a(lib_a-callocr.o)
 .debug_abbrev  0x00000000000037cd      0x17e /home/a-h/x-tools/arm-none-eabi/lib/gcc/arm-none-eabi/4.9.4/../../../../arm-none-eabi/lib/libc.a(lib_a-impure.o)
 .debug_abbrev  0x000000000000394b      0x1f8 /home/a-h/x-tools/arm-none-eabi/lib/gcc/arm-none-eabi/4.9.4/../../../../arm-none-eabi/lib/libc.a(lib_a-malloc.o)
 .debug_abbrev  0x0000000000003b43      0x2a4 /home/a-h/x-tools/arm-none-eabi/lib/gcc/arm-none-eabi/4.9.4/../../../../arm-none-eabi/lib/libc.a(lib_a-mallocr.o)
 .debug_abbrev  0x0000000000003de7       0x8c /home/a-h/x-tools/arm-none-eabi/lib/gcc/arm-none-eabi/4.9.4/../../../../arm-none-eabi/lib/libc.a(lib_a-memset.o)
 .debug_abbrev  0x0000000000003e73      0x198 /home/a-h/x-tools/arm-none-eabi/lib/gcc/arm-none-eabi/4.9.4/../../../../arm-none-eabi/lib/libc.a(lib_a-mlock.o)
 .debug_abbrev  0x000000000000400b      0x1fb /home/a-h/x-tools/arm-none-eabi/lib/gcc/arm-none-eabi/4.9.4/../../../../arm-none-eabi/lib/libc.a(lib_a-sbrkr.o)
 .debug_abbrev  0x0000000000004206       0x6e /home/a-h/x-tools/arm-none-eabi/lib/gcc/arm-none-eabi/4.9.4/../../../../arm-none-eabi/lib/libc.a(lib_a-strncmp.o)
 .debug_abbrev  0x0000000000004274      0x266 /home/a-h/x-tools/arm-none-eabi/lib/gcc/arm-none-eabi/4.9.4/../../../../arm-none-eabi/lib/libc.a(lib_a-freer.o)
 .debug_abbrev  0x00000000000044da      0x25a /home/a-h/x-tools/arm-none-eabi/lib/gcc/arm-none-eabi/4.9.4/../../../../arm-none-eabi/lib/libc.a(lib_a-reent.o)
 .debug_abbrev  0x0000000000004734       0x81 /home/a-h/x-tools/arm-none-eabi/lib/gcc/arm-none-eabi/4.9.4/../../../../arm-none-eabi/lib/libnosys.a(sbrk.o)

.debug_loc      0x0000000000000000     0x846b
 .debug_loc     0x0000000000000000      0x835 stack/CO_driver.o
 .debug_loc     0x0000000000000835     0x128f stack/CO_SDO.o
 .debug_loc     0x0000000000001ac4      0x6b8 stack/CO_Emergency.o
 .debug_loc     0x000000000000217c      0x44f stack/CO_NMT_Heartbeat.o
 .debug_loc     0x00000000000025cb      0x58b stack/CO_SYNC.o
 .debug_loc     0x0000000000002b56     0x1587 stack/CO_PDO.o
 .debug_loc     0x00000000000040dd      0x650 stack/CO_HBconsumer.o
 .debug_loc     0x000000000000472d      0x561 ./CANopen.o
 .debug_loc     0x0000000000004c8e       0x66 sources/gpio.o
 .debug_loc     0x0000000000004cf4      0x63a sources/usart.o
 .debug_loc     0x000000000000532e       0xd0 sources/adc.o
 .debug_loc     0x00000000000053fe       0xad mainbms.o
 .debug_loc     0x00000000000054ab      0x1db ./libopencm3//lib/libopencm3_stm32f1.a(adc.o)
 .debug_loc     0x0000000000005686      0x343 ./libopencm3//lib/libopencm3_stm32f1.a(adc_common_v1.o)
 .debug_loc     0x00000000000059c9      0x9d6 ./libopencm3//lib/libopencm3_stm32f1.a(can.o)
 .debug_loc     0x000000000000639f      0x1aa ./libopencm3//lib/libopencm3_stm32f1.a(gpio.o)
 .debug_loc     0x0000000000006549      0x3f2 ./libopencm3//lib/libopencm3_stm32f1.a(rcc.o)
 .debug_loc     0x000000000000693b       0x84 ./libopencm3//lib/libopencm3_stm32f1.a(gpio_common_all.o)
 .debug_loc     0x00000000000069bf      0x506 ./libopencm3//lib/libopencm3_stm32f1.a(timer_common_all.o)
 .debug_loc     0x0000000000006ec5      0x1ca ./libopencm3//lib/libopencm3_stm32f1.a(usart_common_all.o)
 .debug_loc     0x000000000000708f       0x63 ./libopencm3//lib/libopencm3_stm32f1.a(usart_common_f124.o)
 .debug_loc     0x00000000000070f2      0x14a ./libopencm3//lib/libopencm3_stm32f1.a(rcc_common_all.o)
 .debug_loc     0x000000000000723c       0xd3 ./libopencm3//lib/libopencm3_stm32f1.a(flash_common_f01.o)
 .debug_loc     0x000000000000730f       0xdf ./libopencm3//lib/libopencm3_stm32f1.a(vector.o)
 .debug_loc     0x00000000000073ee      0x129 ./libopencm3//lib/libopencm3_stm32f1.a(nvic.o)
 .debug_loc     0x0000000000007517       0x58 /home/a-h/x-tools/arm-none-eabi/lib/gcc/arm-none-eabi/4.9.4/../../../../arm-none-eabi/lib/libc.a(lib_a-calloc.o)
 .debug_loc     0x000000000000756f      0x1e7 /home/a-h/x-tools/arm-none-eabi/lib/gcc/arm-none-eabi/4.9.4/../../../../arm-none-eabi/lib/libc.a(lib_a-callocr.o)
 .debug_loc     0x0000000000007756       0x58 /home/a-h/x-tools/arm-none-eabi/lib/gcc/arm-none-eabi/4.9.4/../../../../arm-none-eabi/lib/libc.a(lib_a-malloc.o)
 .debug_loc     0x00000000000077ae      0x6ab /home/a-h/x-tools/arm-none-eabi/lib/gcc/arm-none-eabi/4.9.4/../../../../arm-none-eabi/lib/libc.a(lib_a-mallocr.o)
 .debug_loc     0x0000000000007e59       0x49 /home/a-h/x-tools/arm-none-eabi/lib/gcc/arm-none-eabi/4.9.4/../../../../arm-none-eabi/lib/libc.a(lib_a-memset.o)
 .debug_loc     0x0000000000007ea2       0x4d /home/a-h/x-tools/arm-none-eabi/lib/gcc/arm-none-eabi/4.9.4/../../../../arm-none-eabi/lib/libc.a(lib_a-sbrkr.o)
 .debug_loc     0x0000000000007eef       0x8b /home/a-h/x-tools/arm-none-eabi/lib/gcc/arm-none-eabi/4.9.4/../../../../arm-none-eabi/lib/libc.a(lib_a-strncmp.o)
 .debug_loc     0x0000000000007f7a      0x39a /home/a-h/x-tools/arm-none-eabi/lib/gcc/arm-none-eabi/4.9.4/../../../../arm-none-eabi/lib/libc.a(lib_a-freer.o)
 .debug_loc     0x0000000000008314      0x12b /home/a-h/x-tools/arm-none-eabi/lib/gcc/arm-none-eabi/4.9.4/../../../../arm-none-eabi/lib/libc.a(lib_a-reent.o)
 .debug_loc     0x000000000000843f       0x2c /home/a-h/x-tools/arm-none-eabi/lib/gcc/arm-none-eabi/4.9.4/../../../../arm-none-eabi/lib/libnosys.a(sbrk.o)

.debug_aranges  0x0000000000000000      0xf80
 .debug_aranges
                0x0000000000000000       0x90 stack/CO_driver.o
 .debug_aranges
                0x0000000000000090       0xd0 stack/CO_SDO.o
 .debug_aranges
                0x0000000000000160       0x58 stack/CO_Emergency.o
 .debug_aranges
                0x00000000000001b8       0x48 stack/CO_NMT_Heartbeat.o
 .debug_aranges
                0x0000000000000200       0x48 stack/CO_SYNC.o
 .debug_aranges
                0x0000000000000248       0x98 stack/CO_PDO.o
 .debug_aranges
                0x00000000000002e0       0x40 stack/CO_HBconsumer.o
 .debug_aranges
                0x0000000000000320       0x40 ./CANopen.o
 .debug_aranges
                0x0000000000000360       0x18 sources/CO_OD.o
 .debug_aranges
                0x0000000000000378       0x28 sources/gpio.o
 .debug_aranges
                0x00000000000003a0       0x28 sources/rcc.o
 .debug_aranges
                0x00000000000003c8       0x60 sources/usart.o
 .debug_aranges
                0x0000000000000428       0x30 sources/adc.o
 .debug_aranges
                0x0000000000000458       0x30 sources/timers.o
 .debug_aranges
                0x0000000000000488       0x40 mainbms.o
 .debug_aranges
                0x00000000000004c8       0x98 ./libopencm3//lib/libopencm3_stm32f1.a(adc.o)
 .debug_aranges
                0x0000000000000560      0x148 ./libopencm3//lib/libopencm3_stm32f1.a(adc_common_v1.o)
 .debug_aranges
                0x00000000000006a8       0x80 ./libopencm3//lib/libopencm3_stm32f1.a(can.o)
 .debug_aranges
                0x0000000000000728       0x38 ./libopencm3//lib/libopencm3_stm32f1.a(gpio.o)
 .debug_aranges
                0x0000000000000760      0x158 ./libopencm3//lib/libopencm3_stm32f1.a(rcc.o)
 .debug_aranges
                0x00000000000008b8       0x50 ./libopencm3//lib/libopencm3_stm32f1.a(gpio_common_all.o)
 .debug_aranges
                0x0000000000000908      0x278 ./libopencm3//lib/libopencm3_stm32f1.a(timer_common_all.o)
 .debug_aranges
                0x0000000000000b80       0xb8 ./libopencm3//lib/libopencm3_stm32f1.a(usart_common_all.o)
 .debug_aranges
                0x0000000000000c38       0x40 ./libopencm3//lib/libopencm3_stm32f1.a(usart_common_f124.o)
 .debug_aranges
                0x0000000000000c78       0x78 ./libopencm3//lib/libopencm3_stm32f1.a(rcc_common_all.o)
 .debug_aranges
                0x0000000000000cf0       0x88 ./libopencm3//lib/libopencm3_stm32f1.a(flash_common_f01.o)
 .debug_aranges
                0x0000000000000d78       0x30 ./libopencm3//lib/libopencm3_stm32f1.a(vector.o)
 .debug_aranges
                0x0000000000000da8       0x60 ./libopencm3//lib/libopencm3_stm32f1.a(nvic.o)
 .debug_aranges
                0x0000000000000e08       0x20 /home/a-h/x-tools/arm-none-eabi/lib/gcc/arm-none-eabi/4.9.4/../../../../arm-none-eabi/lib/libc.a(lib_a-calloc.o)
 .debug_aranges
                0x0000000000000e28       0x20 /home/a-h/x-tools/arm-none-eabi/lib/gcc/arm-none-eabi/4.9.4/../../../../arm-none-eabi/lib/libc.a(lib_a-callocr.o)
 .debug_aranges
                0x0000000000000e48       0x18 /home/a-h/x-tools/arm-none-eabi/lib/gcc/arm-none-eabi/4.9.4/../../../../arm-none-eabi/lib/libc.a(lib_a-impure.o)
 .debug_aranges
                0x0000000000000e60       0x20 /home/a-h/x-tools/arm-none-eabi/lib/gcc/arm-none-eabi/4.9.4/../../../../arm-none-eabi/lib/libc.a(lib_a-malloc.o)
 .debug_aranges
                0x0000000000000e80       0x20 /home/a-h/x-tools/arm-none-eabi/lib/gcc/arm-none-eabi/4.9.4/../../../../arm-none-eabi/lib/libc.a(lib_a-mallocr.o)
 .debug_aranges
                0x0000000000000ea0       0x20 /home/a-h/x-tools/arm-none-eabi/lib/gcc/arm-none-eabi/4.9.4/../../../../arm-none-eabi/lib/libc.a(lib_a-memset.o)
 .debug_aranges
                0x0000000000000ec0       0x20 /home/a-h/x-tools/arm-none-eabi/lib/gcc/arm-none-eabi/4.9.4/../../../../arm-none-eabi/lib/libc.a(lib_a-mlock.o)
 .debug_aranges
                0x0000000000000ee0       0x20 /home/a-h/x-tools/arm-none-eabi/lib/gcc/arm-none-eabi/4.9.4/../../../../arm-none-eabi/lib/libc.a(lib_a-sbrkr.o)
 .debug_aranges
                0x0000000000000f00       0x20 /home/a-h/x-tools/arm-none-eabi/lib/gcc/arm-none-eabi/4.9.4/../../../../arm-none-eabi/lib/libc.a(lib_a-strncmp.o)
 .debug_aranges
                0x0000000000000f20       0x20 /home/a-h/x-tools/arm-none-eabi/lib/gcc/arm-none-eabi/4.9.4/../../../../arm-none-eabi/lib/libc.a(lib_a-freer.o)
 .debug_aranges
                0x0000000000000f40       0x20 /home/a-h/x-tools/arm-none-eabi/lib/gcc/arm-none-eabi/4.9.4/../../../../arm-none-eabi/lib/libc.a(lib_a-reent.o)
 .debug_aranges
                0x0000000000000f60       0x20 /home/a-h/x-tools/arm-none-eabi/lib/gcc/arm-none-eabi/4.9.4/../../../../arm-none-eabi/lib/libnosys.a(sbrk.o)

.debug_ranges   0x0000000000000000      0xe98
 .debug_ranges  0x0000000000000000       0xb0 stack/CO_driver.o
 .debug_ranges  0x00000000000000b0      0x198 stack/CO_SDO.o
 .debug_ranges  0x0000000000000248       0x48 stack/CO_Emergency.o
 .debug_ranges  0x0000000000000290       0x38 stack/CO_NMT_Heartbeat.o
 .debug_ranges  0x00000000000002c8       0x68 stack/CO_SYNC.o
 .debug_ranges  0x0000000000000330      0x118 stack/CO_PDO.o
 .debug_ranges  0x0000000000000448       0x48 stack/CO_HBconsumer.o
 .debug_ranges  0x0000000000000490       0x30 ./CANopen.o
 .debug_ranges  0x00000000000004c0       0x18 sources/gpio.o
 .debug_ranges  0x00000000000004d8       0x18 sources/rcc.o
 .debug_ranges  0x00000000000004f0       0x68 sources/usart.o
 .debug_ranges  0x0000000000000558       0x20 sources/adc.o
 .debug_ranges  0x0000000000000578       0x20 sources/timers.o
 .debug_ranges  0x0000000000000598       0x30 mainbms.o
 .debug_ranges  0x00000000000005c8       0x88 ./libopencm3//lib/libopencm3_stm32f1.a(adc.o)
 .debug_ranges  0x0000000000000650      0x138 ./libopencm3//lib/libopencm3_stm32f1.a(adc_common_v1.o)
 .debug_ranges  0x0000000000000788       0x70 ./libopencm3//lib/libopencm3_stm32f1.a(can.o)
 .debug_ranges  0x00000000000007f8       0x28 ./libopencm3//lib/libopencm3_stm32f1.a(gpio.o)
 .debug_ranges  0x0000000000000820      0x1a8 ./libopencm3//lib/libopencm3_stm32f1.a(rcc.o)
 .debug_ranges  0x00000000000009c8       0x40 ./libopencm3//lib/libopencm3_stm32f1.a(gpio_common_all.o)
 .debug_ranges  0x0000000000000a08      0x268 ./libopencm3//lib/libopencm3_stm32f1.a(timer_common_all.o)
 .debug_ranges  0x0000000000000c70       0xa8 ./libopencm3//lib/libopencm3_stm32f1.a(usart_common_all.o)
 .debug_ranges  0x0000000000000d18       0x30 ./libopencm3//lib/libopencm3_stm32f1.a(usart_common_f124.o)
 .debug_ranges  0x0000000000000d48       0x68 ./libopencm3//lib/libopencm3_stm32f1.a(rcc_common_all.o)
 .debug_ranges  0x0000000000000db0       0x78 ./libopencm3//lib/libopencm3_stm32f1.a(flash_common_f01.o)
 .debug_ranges  0x0000000000000e28       0x20 ./libopencm3//lib/libopencm3_stm32f1.a(vector.o)
 .debug_ranges  0x0000000000000e48       0x50 ./libopencm3//lib/libopencm3_stm32f1.a(nvic.o)

.debug_line     0x0000000000000000     0x7a3d
 .debug_line    0x0000000000000000      0x461 stack/CO_driver.o
 .debug_line    0x0000000000000461      0x698 stack/CO_SDO.o
 .debug_line    0x0000000000000af9      0x288 stack/CO_Emergency.o
 .debug_line    0x0000000000000d81      0x289 stack/CO_NMT_Heartbeat.o
 .debug_line    0x000000000000100a      0x257 stack/CO_SYNC.o
 .debug_line    0x0000000000001261      0x5c5 stack/CO_PDO.o
 .debug_line    0x0000000000001826      0x22e stack/CO_HBconsumer.o
 .debug_line    0x0000000000001a54      0x3dd ./CANopen.o
 .debug_line    0x0000000000001e31       0xfb sources/CO_OD.o
 .debug_line    0x0000000000001f2c      0x1a0 sources/gpio.o
 .debug_line    0x00000000000020cc      0x1ab sources/rcc.o
 .debug_line    0x0000000000002277      0x454 sources/usart.o
 .debug_line    0x00000000000026cb      0x1e9 sources/adc.o
 .debug_line    0x00000000000028b4      0x1e8 sources/timers.o
 .debug_line    0x0000000000002a9c      0x2a4 mainbms.o
 .debug_line    0x0000000000002d40      0x3bc ./libopencm3//lib/libopencm3_stm32f1.a(adc.o)
 .debug_line    0x00000000000030fc      0x546 ./libopencm3//lib/libopencm3_stm32f1.a(adc_common_v1.o)
 .debug_line    0x0000000000003642      0x43f ./libopencm3//lib/libopencm3_stm32f1.a(can.o)
 .debug_line    0x0000000000003a81      0x2c0 ./libopencm3//lib/libopencm3_stm32f1.a(gpio.o)
 .debug_line    0x0000000000003d41      0x648 ./libopencm3//lib/libopencm3_stm32f1.a(rcc.o)
 .debug_line    0x0000000000004389      0x2f4 ./libopencm3//lib/libopencm3_stm32f1.a(gpio_common_all.o)
 .debug_line    0x000000000000467d      0x875 ./libopencm3//lib/libopencm3_stm32f1.a(timer_common_all.o)
 .debug_line    0x0000000000004ef2      0x42a ./libopencm3//lib/libopencm3_stm32f1.a(usart_common_all.o)
 .debug_line    0x000000000000531c      0x315 ./libopencm3//lib/libopencm3_stm32f1.a(usart_common_f124.o)
 .debug_line    0x0000000000005631      0x33f ./libopencm3//lib/libopencm3_stm32f1.a(rcc_common_all.o)
 .debug_line    0x0000000000005970      0x37f ./libopencm3//lib/libopencm3_stm32f1.a(flash_common_f01.o)
 .debug_line    0x0000000000005cef      0x30e ./libopencm3//lib/libopencm3_stm32f1.a(vector.o)
 .debug_line    0x0000000000005ffd      0x2c4 ./libopencm3//lib/libopencm3_stm32f1.a(nvic.o)
 .debug_line    0x00000000000062c1      0x20a /home/a-h/x-tools/arm-none-eabi/lib/gcc/arm-none-eabi/4.9.4/../../../../arm-none-eabi/lib/libc.a(lib_a-calloc.o)
 .debug_line    0x00000000000064cb      0x1c3 /home/a-h/x-tools/arm-none-eabi/lib/gcc/arm-none-eabi/4.9.4/../../../../arm-none-eabi/lib/libc.a(lib_a-callocr.o)
 .debug_line    0x000000000000668e      0x18a /home/a-h/x-tools/arm-none-eabi/lib/gcc/arm-none-eabi/4.9.4/../../../../arm-none-eabi/lib/libc.a(lib_a-impure.o)
 .debug_line    0x0000000000006818      0x20d /home/a-h/x-tools/arm-none-eabi/lib/gcc/arm-none-eabi/4.9.4/../../../../arm-none-eabi/lib/libc.a(lib_a-malloc.o)
 .debug_line    0x0000000000006a25      0x3a8 /home/a-h/x-tools/arm-none-eabi/lib/gcc/arm-none-eabi/4.9.4/../../../../arm-none-eabi/lib/libc.a(lib_a-mallocr.o)
 .debug_line    0x0000000000006dcd      0x187 /home/a-h/x-tools/arm-none-eabi/lib/gcc/arm-none-eabi/4.9.4/../../../../arm-none-eabi/lib/libc.a(lib_a-memset.o)
 .debug_line    0x0000000000006f54      0x19c /home/a-h/x-tools/arm-none-eabi/lib/gcc/arm-none-eabi/4.9.4/../../../../arm-none-eabi/lib/libc.a(lib_a-mlock.o)
 .debug_line    0x00000000000070f0      0x214 /home/a-h/x-tools/arm-none-eabi/lib/gcc/arm-none-eabi/4.9.4/../../../../arm-none-eabi/lib/libc.a(lib_a-sbrkr.o)
 .debug_line    0x0000000000007304      0x192 /home/a-h/x-tools/arm-none-eabi/lib/gcc/arm-none-eabi/4.9.4/../../../../arm-none-eabi/lib/libc.a(lib_a-strncmp.o)
 .debug_line    0x0000000000007496      0x2ca /home/a-h/x-tools/arm-none-eabi/lib/gcc/arm-none-eabi/4.9.4/../../../../arm-none-eabi/lib/libc.a(lib_a-freer.o)
 .debug_line    0x0000000000007760      0x241 /home/a-h/x-tools/arm-none-eabi/lib/gcc/arm-none-eabi/4.9.4/../../../../arm-none-eabi/lib/libc.a(lib_a-reent.o)
 .debug_line    0x00000000000079a1       0x9c /home/a-h/x-tools/arm-none-eabi/lib/gcc/arm-none-eabi/4.9.4/../../../../arm-none-eabi/lib/libnosys.a(sbrk.o)

.debug_str      0x0000000000000000    0x1b2b3
 .debug_str     0x0000000000000000      0x8c6 stack/CO_driver.o
                                        0x9b4 (size before relaxing)
 .debug_str     0x00000000000008c6      0xdaf stack/CO_SDO.o
                                       0x123b (size before relaxing)
 .debug_str     0x0000000000001675      0x1e9 stack/CO_Emergency.o
                                       0x1163 (size before relaxing)
 .debug_str     0x000000000000185e      0x2f8 stack/CO_NMT_Heartbeat.o
                                        0x8da (size before relaxing)
 .debug_str     0x0000000000001b56      0x18b stack/CO_SYNC.o
                                       0x1138 (size before relaxing)
 .debug_str     0x0000000000001ce1      0x3c0 stack/CO_PDO.o
                                       0x104c (size before relaxing)
 .debug_str     0x00000000000020a1      0x159 stack/CO_HBconsumer.o
                                       0x10f7 (size before relaxing)
 .debug_str     0x00000000000021fa      0x5ca ./CANopen.o
                                       0x1c5e (size before relaxing)
 .debug_str     0x00000000000027c4      0x147 sources/CO_OD.o
                                        0x937 (size before relaxing)
 .debug_str     0x000000000000290b       0x37 sources/gpio.o
                                        0x415 (size before relaxing)
 .debug_str     0x0000000000002942       0x50 sources/rcc.o
                                        0x44c (size before relaxing)
 .debug_str     0x0000000000002992      0x1d0 sources/usart.o
                                       0x1387 (size before relaxing)
 .debug_str     0x0000000000002b62      0x138 sources/adc.o
                                        0x52f (size before relaxing)
 .debug_str     0x0000000000002c9a      0x342 sources/timers.o
                                        0x72d (size before relaxing)
 .debug_str     0x0000000000002fdc       0x85 mainbms.o
                                       0x1060 (size before relaxing)
 .debug_str     0x0000000000003061     0x64c2 ./libopencm3//lib/libopencm3_stm32f1.a(adc.o)
                                       0x6707 (size before relaxing)
 .debug_str     0x0000000000009523      0x423 ./libopencm3//lib/libopencm3_stm32f1.a(adc_common_v1.o)
                                       0x6a37 (size before relaxing)
 .debug_str     0x0000000000009946     0x3cfa ./libopencm3//lib/libopencm3_stm32f1.a(can.o)
                                       0x7ff0 (size before relaxing)
 .debug_str     0x000000000000d640     0x3803 ./libopencm3//lib/libopencm3_stm32f1.a(gpio.o)
                                       0x7860 (size before relaxing)
 .debug_str     0x0000000000010e43      0xc50 ./libopencm3//lib/libopencm3_stm32f1.a(rcc.o)
                                       0x70fe (size before relaxing)
 .debug_str     0x0000000000011a93       0x5a ./libopencm3//lib/libopencm3_stm32f1.a(gpio_common_all.o)
                                       0x7854 (size before relaxing)
 .debug_str     0x0000000000011aed     0x4a58 ./libopencm3//lib/libopencm3_stm32f1.a(timer_common_all.o)
                                       0xb201 (size before relaxing)
 .debug_str     0x0000000000016545      0xffa ./libopencm3//lib/libopencm3_stm32f1.a(usart_common_all.o)
                                       0x7552 (size before relaxing)
 .debug_str     0x000000000001753f       0x2d ./libopencm3//lib/libopencm3_stm32f1.a(usart_common_f124.o)
                                       0x7366 (size before relaxing)
 .debug_str     0x000000000001756c      0x168 ./libopencm3//lib/libopencm3_stm32f1.a(rcc_common_all.o)
                                       0x6a49 (size before relaxing)
 .debug_str     0x00000000000176d4      0x181 ./libopencm3//lib/libopencm3_stm32f1.a(flash_common_f01.o)
                                       0x4907 (size before relaxing)
 .debug_str     0x0000000000017855     0x24e7 ./libopencm3//lib/libopencm3_stm32f1.a(vector.o)
                                       0x59b1 (size before relaxing)
 .debug_str     0x0000000000019d3c      0x9bd ./libopencm3//lib/libopencm3_stm32f1.a(nvic.o)
                                       0x46bd (size before relaxing)
 .debug_str     0x000000000001a6f9      0x43a /home/a-h/x-tools/arm-none-eabi/lib/gcc/arm-none-eabi/4.9.4/../../../../arm-none-eabi/lib/libc.a(lib_a-calloc.o)
                                        0x539 (size before relaxing)
 .debug_str     0x000000000001ab33      0x126 /home/a-h/x-tools/arm-none-eabi/lib/gcc/arm-none-eabi/4.9.4/../../../../arm-none-eabi/lib/libc.a(lib_a-callocr.o)
                                        0x5e1 (size before relaxing)
 .debug_str     0x000000000001ac59       0x89 /home/a-h/x-tools/arm-none-eabi/lib/gcc/arm-none-eabi/4.9.4/../../../../arm-none-eabi/lib/libc.a(lib_a-impure.o)
                                        0x53a (size before relaxing)
 .debug_str     0x000000000001ace2       0x7f /home/a-h/x-tools/arm-none-eabi/lib/gcc/arm-none-eabi/4.9.4/../../../../arm-none-eabi/lib/libc.a(lib_a-malloc.o)
                                        0x54d (size before relaxing)
 .debug_str     0x000000000001ad61      0x1c1 /home/a-h/x-tools/arm-none-eabi/lib/gcc/arm-none-eabi/4.9.4/../../../../arm-none-eabi/lib/libc.a(lib_a-mallocr.o)
                                        0x7b7 (size before relaxing)
 .debug_str     0x000000000001af22       0x6b /home/a-h/x-tools/arm-none-eabi/lib/gcc/arm-none-eabi/4.9.4/../../../../arm-none-eabi/lib/libc.a(lib_a-memset.o)
                                        0x168 (size before relaxing)
 .debug_str     0x000000000001af8d       0x7f /home/a-h/x-tools/arm-none-eabi/lib/gcc/arm-none-eabi/4.9.4/../../../../arm-none-eabi/lib/libc.a(lib_a-mlock.o)
                                        0x542 (size before relaxing)
 .debug_str     0x000000000001b00c       0x74 /home/a-h/x-tools/arm-none-eabi/lib/gcc/arm-none-eabi/4.9.4/../../../../arm-none-eabi/lib/libc.a(lib_a-sbrkr.o)
                                        0x531 (size before relaxing)
 .debug_str     0x000000000001b080       0x6c /home/a-h/x-tools/arm-none-eabi/lib/gcc/arm-none-eabi/4.9.4/../../../../arm-none-eabi/lib/libc.a(lib_a-strncmp.o)
                                        0x16a (size before relaxing)
 .debug_str     0x000000000001b0ec       0x34 /home/a-h/x-tools/arm-none-eabi/lib/gcc/arm-none-eabi/4.9.4/../../../../arm-none-eabi/lib/libc.a(lib_a-freer.o)
                                        0x701 (size before relaxing)
 .debug_str     0x000000000001b120       0x95 /home/a-h/x-tools/arm-none-eabi/lib/gcc/arm-none-eabi/4.9.4/../../../../arm-none-eabi/lib/libc.a(lib_a-reent.o)
                                        0x559 (size before relaxing)
 .debug_str     0x000000000001b1b5       0xfe /home/a-h/x-tools/arm-none-eabi/lib/gcc/arm-none-eabi/4.9.4/../../../../arm-none-eabi/lib/libnosys.a(sbrk.o)
                                        0x117 (size before relaxing)

.comment        0x0000000000000000       0x34
 .comment       0x0000000000000000       0x34 stack/CO_driver.o
                                         0x35 (size before relaxing)
 .comment       0x0000000000000034       0x35 stack/CO_SDO.o
 .comment       0x0000000000000034       0x35 stack/CO_Emergency.o
 .comment       0x0000000000000034       0x35 stack/CO_NMT_Heartbeat.o
 .comment       0x0000000000000034       0x35 stack/CO_SYNC.o
 .comment       0x0000000000000034       0x35 stack/CO_PDO.o
 .comment       0x0000000000000034       0x35 stack/CO_HBconsumer.o
 .comment       0x0000000000000034       0x35 ./CANopen.o
 .comment       0x0000000000000034       0x35 sources/CO_OD.o
 .comment       0x0000000000000034       0x35 sources/gpio.o
 .comment       0x0000000000000034       0x35 sources/rcc.o
 .comment       0x0000000000000034       0x35 sources/usart.o
 .comment       0x0000000000000034       0x35 sources/adc.o
 .comment       0x0000000000000034       0x35 sources/timers.o
 .comment       0x0000000000000034       0x35 mainbms.o
 .comment       0x0000000000000034       0x35 ./libopencm3//lib/libopencm3_stm32f1.a(adc.o)
 .comment       0x0000000000000034       0x35 ./libopencm3//lib/libopencm3_stm32f1.a(adc_common_v1.o)
 .comment       0x0000000000000034       0x35 ./libopencm3//lib/libopencm3_stm32f1.a(can.o)
 .comment       0x0000000000000034       0x35 ./libopencm3//lib/libopencm3_stm32f1.a(gpio.o)
 .comment       0x0000000000000034       0x35 ./libopencm3//lib/libopencm3_stm32f1.a(rcc.o)
 .comment       0x0000000000000034       0x35 ./libopencm3//lib/libopencm3_stm32f1.a(gpio_common_all.o)
 .comment       0x0000000000000034       0x35 ./libopencm3//lib/libopencm3_stm32f1.a(timer_common_all.o)
 .comment       0x0000000000000034       0x35 ./libopencm3//lib/libopencm3_stm32f1.a(usart_common_all.o)
 .comment       0x0000000000000034       0x35 ./libopencm3//lib/libopencm3_stm32f1.a(usart_common_f124.o)
 .comment       0x0000000000000034       0x35 ./libopencm3//lib/libopencm3_stm32f1.a(rcc_common_all.o)
 .comment       0x0000000000000034       0x35 ./libopencm3//lib/libopencm3_stm32f1.a(flash_common_f01.o)
 .comment       0x0000000000000034       0x35 ./libopencm3//lib/libopencm3_stm32f1.a(vector.o)
 .comment       0x0000000000000034       0x35 ./libopencm3//lib/libopencm3_stm32f1.a(nvic.o)
 .comment       0x0000000000000034       0x35 /home/a-h/x-tools/arm-none-eabi/lib/gcc/arm-none-eabi/4.9.4/../../../../arm-none-eabi/lib/libc.a(lib_a-calloc.o)
 .comment       0x0000000000000034       0x35 /home/a-h/x-tools/arm-none-eabi/lib/gcc/arm-none-eabi/4.9.4/../../../../arm-none-eabi/lib/libc.a(lib_a-callocr.o)
 .comment       0x0000000000000034       0x35 /home/a-h/x-tools/arm-none-eabi/lib/gcc/arm-none-eabi/4.9.4/../../../../arm-none-eabi/lib/libc.a(lib_a-impure.o)
 .comment       0x0000000000000034       0x35 /home/a-h/x-tools/arm-none-eabi/lib/gcc/arm-none-eabi/4.9.4/../../../../arm-none-eabi/lib/libc.a(lib_a-malloc.o)
 .comment       0x0000000000000034       0x35 /home/a-h/x-tools/arm-none-eabi/lib/gcc/arm-none-eabi/4.9.4/../../../../arm-none-eabi/lib/libc.a(lib_a-mallocr.o)
 .comment       0x0000000000000034       0x35 /home/a-h/x-tools/arm-none-eabi/lib/gcc/arm-none-eabi/4.9.4/../../../../arm-none-eabi/lib/libc.a(lib_a-memset.o)
 .comment       0x0000000000000034       0x35 /home/a-h/x-tools/arm-none-eabi/lib/gcc/arm-none-eabi/4.9.4/../../../../arm-none-eabi/lib/libc.a(lib_a-mlock.o)
 .comment       0x0000000000000034       0x35 /home/a-h/x-tools/arm-none-eabi/lib/gcc/arm-none-eabi/4.9.4/../../../../arm-none-eabi/lib/libc.a(lib_a-sbrkr.o)
 .comment       0x0000000000000034       0x35 /home/a-h/x-tools/arm-none-eabi/lib/gcc/arm-none-eabi/4.9.4/../../../../arm-none-eabi/lib/libc.a(lib_a-strncmp.o)
 .comment       0x0000000000000034       0x35 /home/a-h/x-tools/arm-none-eabi/lib/gcc/arm-none-eabi/4.9.4/../../../../arm-none-eabi/lib/libc.a(lib_a-freer.o)
 .comment       0x0000000000000034       0x35 /home/a-h/x-tools/arm-none-eabi/lib/gcc/arm-none-eabi/4.9.4/../../../../arm-none-eabi/lib/libc.a(lib_a-reent.o)
 .comment       0x0000000000000034       0x35 /home/a-h/x-tools/arm-none-eabi/lib/gcc/arm-none-eabi/4.9.4/../../../../arm-none-eabi/lib/libnosys.a(sbrk.o)

.ARM.attributes
                0x0000000000000000       0x31
 .ARM.attributes
                0x0000000000000000       0x33 stack/CO_driver.o
 .ARM.attributes
                0x0000000000000033       0x33 stack/CO_SDO.o
 .ARM.attributes
                0x0000000000000066       0x33 stack/CO_Emergency.o
 .ARM.attributes
                0x0000000000000099       0x33 stack/CO_NMT_Heartbeat.o
 .ARM.attributes
                0x00000000000000cc       0x33 stack/CO_SYNC.o
 .ARM.attributes
                0x00000000000000ff       0x33 stack/CO_PDO.o
 .ARM.attributes
                0x0000000000000132       0x33 stack/CO_HBconsumer.o
 .ARM.attributes
                0x0000000000000165       0x33 ./CANopen.o
 .ARM.attributes
                0x0000000000000198       0x33 sources/CO_OD.o
 .ARM.attributes
                0x00000000000001cb       0x33 sources/gpio.o
 .ARM.attributes
                0x00000000000001fe       0x33 sources/rcc.o
 .ARM.attributes
                0x0000000000000231       0x33 sources/usart.o
 .ARM.attributes
                0x0000000000000264       0x33 sources/adc.o
 .ARM.attributes
                0x0000000000000297       0x33 sources/timers.o
 .ARM.attributes
                0x00000000000002ca       0x33 mainbms.o
 .ARM.attributes
                0x00000000000002fd       0x33 ./libopencm3//lib/libopencm3_stm32f1.a(adc.o)
 .ARM.attributes
                0x0000000000000330       0x33 ./libopencm3//lib/libopencm3_stm32f1.a(adc_common_v1.o)
 .ARM.attributes
                0x0000000000000363       0x33 ./libopencm3//lib/libopencm3_stm32f1.a(can.o)
 .ARM.attributes
                0x0000000000000396       0x33 ./libopencm3//lib/libopencm3_stm32f1.a(gpio.o)
 .ARM.attributes
                0x00000000000003c9       0x33 ./libopencm3//lib/libopencm3_stm32f1.a(rcc.o)
 .ARM.attributes
                0x00000000000003fc       0x33 ./libopencm3//lib/libopencm3_stm32f1.a(gpio_common_all.o)
 .ARM.attributes
                0x000000000000042f       0x33 ./libopencm3//lib/libopencm3_stm32f1.a(timer_common_all.o)
 .ARM.attributes
                0x0000000000000462       0x33 ./libopencm3//lib/libopencm3_stm32f1.a(usart_common_all.o)
 .ARM.attributes
                0x0000000000000495       0x33 ./libopencm3//lib/libopencm3_stm32f1.a(usart_common_f124.o)
 .ARM.attributes
                0x00000000000004c8       0x33 ./libopencm3//lib/libopencm3_stm32f1.a(rcc_common_all.o)
 .ARM.attributes
                0x00000000000004fb       0x33 ./libopencm3//lib/libopencm3_stm32f1.a(flash_common_f01.o)
 .ARM.attributes
                0x000000000000052e       0x33 ./libopencm3//lib/libopencm3_stm32f1.a(vector.o)
 .ARM.attributes
                0x0000000000000561       0x33 ./libopencm3//lib/libopencm3_stm32f1.a(nvic.o)
 .ARM.attributes
                0x0000000000000594       0x33 /home/a-h/x-tools/arm-none-eabi/lib/gcc/arm-none-eabi/4.9.4/../../../../arm-none-eabi/lib/libc.a(lib_a-calloc.o)
 .ARM.attributes
                0x00000000000005c7       0x33 /home/a-h/x-tools/arm-none-eabi/lib/gcc/arm-none-eabi/4.9.4/../../../../arm-none-eabi/lib/libc.a(lib_a-callocr.o)
 .ARM.attributes
                0x00000000000005fa       0x33 /home/a-h/x-tools/arm-none-eabi/lib/gcc/arm-none-eabi/4.9.4/../../../../arm-none-eabi/lib/libc.a(lib_a-impure.o)
 .ARM.attributes
                0x000000000000062d       0x33 /home/a-h/x-tools/arm-none-eabi/lib/gcc/arm-none-eabi/4.9.4/../../../../arm-none-eabi/lib/libc.a(lib_a-malloc.o)
 .ARM.attributes
                0x0000000000000660       0x33 /home/a-h/x-tools/arm-none-eabi/lib/gcc/arm-none-eabi/4.9.4/../../../../arm-none-eabi/lib/libc.a(lib_a-mallocr.o)
 .ARM.attributes
                0x0000000000000693       0x33 /home/a-h/x-tools/arm-none-eabi/lib/gcc/arm-none-eabi/4.9.4/../../../../arm-none-eabi/lib/libc.a(lib_a-memset.o)
 .ARM.attributes
                0x00000000000006c6       0x33 /home/a-h/x-tools/arm-none-eabi/lib/gcc/arm-none-eabi/4.9.4/../../../../arm-none-eabi/lib/libc.a(lib_a-mlock.o)
 .ARM.attributes
                0x00000000000006f9       0x33 /home/a-h/x-tools/arm-none-eabi/lib/gcc/arm-none-eabi/4.9.4/../../../../arm-none-eabi/lib/libc.a(lib_a-sbrkr.o)
 .ARM.attributes
                0x000000000000072c       0x33 /home/a-h/x-tools/arm-none-eabi/lib/gcc/arm-none-eabi/4.9.4/../../../../arm-none-eabi/lib/libc.a(lib_a-strncmp.o)
 .ARM.attributes
                0x000000000000075f       0x33 /home/a-h/x-tools/arm-none-eabi/lib/gcc/arm-none-eabi/4.9.4/../../../../arm-none-eabi/lib/libc.a(lib_a-freer.o)
 .ARM.attributes
                0x0000000000000792       0x33 /home/a-h/x-tools/arm-none-eabi/lib/gcc/arm-none-eabi/4.9.4/../../../../arm-none-eabi/lib/libc.a(lib_a-reent.o)
 .ARM.attributes
                0x00000000000007c5       0x33 /home/a-h/x-tools/arm-none-eabi/lib/gcc/arm-none-eabi/4.9.4/../../../../arm-none-eabi/lib/libnosys.a(sbrk.o)

.debug_frame    0x0000000000000000     0x216c
 .debug_frame   0x0000000000000000      0x19c stack/CO_driver.o
 .debug_frame   0x000000000000019c      0x258 stack/CO_SDO.o
 .debug_frame   0x00000000000003f4       0xec stack/CO_Emergency.o
 .debug_frame   0x00000000000004e0       0x98 stack/CO_NMT_Heartbeat.o
 .debug_frame   0x0000000000000578       0xc0 stack/CO_SYNC.o
 .debug_frame   0x0000000000000638      0x214 stack/CO_PDO.o
 .debug_frame   0x000000000000084c       0xa8 stack/CO_HBconsumer.o
 .debug_frame   0x00000000000008f4       0xc0 ./CANopen.o
 .debug_frame   0x00000000000009b4       0x4c sources/gpio.o
 .debug_frame   0x0000000000000a00       0x50 sources/rcc.o
 .debug_frame   0x0000000000000a50      0x12c sources/usart.o
 .debug_frame   0x0000000000000b7c       0x64 sources/adc.o
 .debug_frame   0x0000000000000be0       0x64 sources/timers.o
 .debug_frame   0x0000000000000c44       0x88 mainbms.o
 .debug_frame   0x0000000000000ccc      0x128 ./libopencm3//lib/libopencm3_stm32f1.a(adc.o)
 .debug_frame   0x0000000000000df4      0x294 ./libopencm3//lib/libopencm3_stm32f1.a(adc_common_v1.o)
 .debug_frame   0x0000000000001088      0x174 ./libopencm3//lib/libopencm3_stm32f1.a(can.o)
 .debug_frame   0x00000000000011fc       0x64 ./libopencm3//lib/libopencm3_stm32f1.a(gpio.o)
 .debug_frame   0x0000000000001260      0x2e0 ./libopencm3//lib/libopencm3_stm32f1.a(rcc.o)
 .debug_frame   0x0000000000001540       0x80 ./libopencm3//lib/libopencm3_stm32f1.a(gpio_common_all.o)
 .debug_frame   0x00000000000015c0      0x4d8 ./libopencm3//lib/libopencm3_stm32f1.a(timer_common_all.o)
 .debug_frame   0x0000000000001a98      0x170 ./libopencm3//lib/libopencm3_stm32f1.a(usart_common_all.o)
 .debug_frame   0x0000000000001c08       0x60 ./libopencm3//lib/libopencm3_stm32f1.a(usart_common_f124.o)
 .debug_frame   0x0000000000001c68       0xd0 ./libopencm3//lib/libopencm3_stm32f1.a(rcc_common_all.o)
 .debug_frame   0x0000000000001d38      0x120 ./libopencm3//lib/libopencm3_stm32f1.a(flash_common_f01.o)
 .debug_frame   0x0000000000001e58       0x40 ./libopencm3//lib/libopencm3_stm32f1.a(vector.o)
 .debug_frame   0x0000000000001e98       0xa0 ./libopencm3//lib/libopencm3_stm32f1.a(nvic.o)
 .debug_frame   0x0000000000001f38       0x20 /home/a-h/x-tools/arm-none-eabi/lib/gcc/arm-none-eabi/4.9.4/../../../../arm-none-eabi/lib/libc.a(lib_a-calloc.o)
 .debug_frame   0x0000000000001f58       0x28 /home/a-h/x-tools/arm-none-eabi/lib/gcc/arm-none-eabi/4.9.4/../../../../arm-none-eabi/lib/libc.a(lib_a-callocr.o)
 .debug_frame   0x0000000000001f80       0x30 /home/a-h/x-tools/arm-none-eabi/lib/gcc/arm-none-eabi/4.9.4/../../../../arm-none-eabi/lib/libc.a(lib_a-malloc.o)
 .debug_frame   0x0000000000001fb0       0x3c /home/a-h/x-tools/arm-none-eabi/lib/gcc/arm-none-eabi/4.9.4/../../../../arm-none-eabi/lib/libc.a(lib_a-mallocr.o)
 .debug_frame   0x0000000000001fec       0x20 /home/a-h/x-tools/arm-none-eabi/lib/gcc/arm-none-eabi/4.9.4/../../../../arm-none-eabi/lib/libc.a(lib_a-memset.o)
 .debug_frame   0x000000000000200c       0x30 /home/a-h/x-tools/arm-none-eabi/lib/gcc/arm-none-eabi/4.9.4/../../../../arm-none-eabi/lib/libc.a(lib_a-mlock.o)
 .debug_frame   0x000000000000203c       0x2c /home/a-h/x-tools/arm-none-eabi/lib/gcc/arm-none-eabi/4.9.4/../../../../arm-none-eabi/lib/libc.a(lib_a-sbrkr.o)
 .debug_frame   0x0000000000002068       0x2c /home/a-h/x-tools/arm-none-eabi/lib/gcc/arm-none-eabi/4.9.4/../../../../arm-none-eabi/lib/libc.a(lib_a-strncmp.o)
 .debug_frame   0x0000000000002094       0x5c /home/a-h/x-tools/arm-none-eabi/lib/gcc/arm-none-eabi/4.9.4/../../../../arm-none-eabi/lib/libc.a(lib_a-freer.o)
 .debug_frame   0x00000000000020f0       0x5c /home/a-h/x-tools/arm-none-eabi/lib/gcc/arm-none-eabi/4.9.4/../../../../arm-none-eabi/lib/libc.a(lib_a-reent.o)
 .debug_frame   0x000000000000214c       0x20 /home/a-h/x-tools/arm-none-eabi/lib/gcc/arm-none-eabi/4.9.4/../../../../arm-none-eabi/lib/libnosys.a(sbrk.o)

.debug_macro    0x0000000000000000     0x5716
 .debug_macro   0x0000000000000000       0xa1 ./libopencm3//lib/libopencm3_stm32f1.a(adc.o)
 .debug_macro   0x00000000000000a1      0x874 ./libopencm3//lib/libopencm3_stm32f1.a(adc.o)
 .debug_macro   0x0000000000000915       0x22 ./libopencm3//lib/libopencm3_stm32f1.a(adc.o)
 .debug_macro   0x0000000000000937       0x44 ./libopencm3//lib/libopencm3_stm32f1.a(adc.o)
 .debug_macro   0x000000000000097b       0x1c ./libopencm3//lib/libopencm3_stm32f1.a(adc.o)
 .debug_macro   0x0000000000000997      0x1f7 ./libopencm3//lib/libopencm3_stm32f1.a(adc.o)
 .debug_macro   0x0000000000000b8e       0x22 ./libopencm3//lib/libopencm3_stm32f1.a(adc.o)
 .debug_macro   0x0000000000000bb0       0xfa ./libopencm3//lib/libopencm3_stm32f1.a(adc.o)
 .debug_macro   0x0000000000000caa       0x58 ./libopencm3//lib/libopencm3_stm32f1.a(adc.o)
 .debug_macro   0x0000000000000d02      0x1b4 ./libopencm3//lib/libopencm3_stm32f1.a(adc.o)
 .debug_macro   0x0000000000000eb6      0x449 ./libopencm3//lib/libopencm3_stm32f1.a(adc.o)
 .debug_macro   0x00000000000012ff      0x456 ./libopencm3//lib/libopencm3_stm32f1.a(adc.o)
 .debug_macro   0x0000000000001755       0xa1 ./libopencm3//lib/libopencm3_stm32f1.a(adc_common_v1.o)
 .debug_macro   0x00000000000017f6       0xb2 ./libopencm3//lib/libopencm3_stm32f1.a(can.o)
 .debug_macro   0x00000000000018a8      0x513 ./libopencm3//lib/libopencm3_stm32f1.a(can.o)
 .debug_macro   0x0000000000001dbb      0x82c ./libopencm3//lib/libopencm3_stm32f1.a(can.o)
 .debug_macro   0x00000000000025e7       0xa1 ./libopencm3//lib/libopencm3_stm32f1.a(gpio.o)
 .debug_macro   0x0000000000002688       0x76 ./libopencm3//lib/libopencm3_stm32f1.a(gpio.o)
 .debug_macro   0x00000000000026fe      0xdfd ./libopencm3//lib/libopencm3_stm32f1.a(gpio.o)
 .debug_macro   0x00000000000034fb       0xc8 ./libopencm3//lib/libopencm3_stm32f1.a(rcc.o)
 .debug_macro   0x00000000000035c3       0x16 ./libopencm3//lib/libopencm3_stm32f1.a(rcc.o)
 .debug_macro   0x00000000000035d9       0xdc ./libopencm3//lib/libopencm3_stm32f1.a(rcc.o)
 .debug_macro   0x00000000000036b5       0x82 ./libopencm3//lib/libopencm3_stm32f1.a(rcc.o)
 .debug_macro   0x0000000000003737       0xa1 ./libopencm3//lib/libopencm3_stm32f1.a(gpio_common_all.o)
 .debug_macro   0x00000000000037d8       0xb4 ./libopencm3//lib/libopencm3_stm32f1.a(timer_common_all.o)
 .debug_macro   0x000000000000388c      0xf96 ./libopencm3//lib/libopencm3_stm32f1.a(timer_common_all.o)
 .debug_macro   0x0000000000004822       0xc3 ./libopencm3//lib/libopencm3_stm32f1.a(usart_common_all.o)
 .debug_macro   0x00000000000048e5       0x8e ./libopencm3//lib/libopencm3_stm32f1.a(usart_common_all.o)
 .debug_macro   0x0000000000004973      0x273 ./libopencm3//lib/libopencm3_stm32f1.a(usart_common_all.o)
 .debug_macro   0x0000000000004be6       0xc3 ./libopencm3//lib/libopencm3_stm32f1.a(usart_common_f124.o)
 .debug_macro   0x0000000000004ca9       0xb7 ./libopencm3//lib/libopencm3_stm32f1.a(rcc_common_all.o)
 .debug_macro   0x0000000000004d60       0xa1 ./libopencm3//lib/libopencm3_stm32f1.a(flash_common_f01.o)
 .debug_macro   0x0000000000004e01       0xb8 ./libopencm3//lib/libopencm3_stm32f1.a(vector.o)
 .debug_macro   0x0000000000004eb9      0x3a1 ./libopencm3//lib/libopencm3_stm32f1.a(vector.o)
 .debug_macro   0x000000000000525a       0x6a ./libopencm3//lib/libopencm3_stm32f1.a(vector.o)
 .debug_macro   0x00000000000052c4      0x1a2 ./libopencm3//lib/libopencm3_stm32f1.a(vector.o)
 .debug_macro   0x0000000000005466       0x9c ./libopencm3//lib/libopencm3_stm32f1.a(nvic.o)
 .debug_macro   0x0000000000005502       0x64 ./libopencm3//lib/libopencm3_stm32f1.a(nvic.o)
 .debug_macro   0x0000000000005566      0x1b0 ./libopencm3//lib/libopencm3_stm32f1.a(nvic.o)
