Archive member included to satisfy reference by file (symbol)

./libopencm3//lib/libopencm3_stm32f1.a(adc.o)
                              adc.o (adc_power_on)
./libopencm3//lib/libopencm3_stm32f1.a(adc_common_v1.o)
                              adc.o (adc_power_off)
./libopencm3//lib/libopencm3_stm32f1.a(can.o)
                              can.o (can_reset)
./libopencm3//lib/libopencm3_stm32f1.a(gpio.o)
                              gpio.o (gpio_set_mode)
./libopencm3//lib/libopencm3_stm32f1.a(rcc.o)
                              rcc.o (rcc_clock_setup_in_hsi_out_64mhz)
./libopencm3//lib/libopencm3_stm32f1.a(gpio_common_all.o)
                              gpio.o (gpio_set)
./libopencm3//lib/libopencm3_stm32f1.a(timer_common_all.o)
                              timers.o (timer_enable_irq)
./libopencm3//lib/libopencm3_stm32f1.a(usart_common_all.o)
                              uart.o (usart_set_baudrate)
./libopencm3//lib/libopencm3_stm32f1.a(usart_common_f124.o)
                              uart.o (usart_send)
./libopencm3//lib/libopencm3_stm32f1.a(rcc_common_all.o)
                              gpio.o (rcc_periph_clock_enable)
./libopencm3//lib/libopencm3_stm32f1.a(flash_common_f01.o)
                              ./libopencm3//lib/libopencm3_stm32f1.a(rcc.o) (flash_set_ws)
./libopencm3//lib/libopencm3_stm32f1.a(vector.o)
                              (reset_handler)
./libopencm3//lib/libopencm3_stm32f1.a(nvic.o)
                              uart.o (nvic_enable_irq)
./libopencm3//lib/libopencm3_stm32f1.a(assert.o)
                              ./libopencm3//lib/libopencm3_stm32f1.a(rcc.o) (cm3_assert_failed)
./libopencm3//lib/libopencm3_stm32f1.a(flash.o)
                              ./libopencm3//lib/libopencm3_stm32f1.a(flash_common_f01.o) (flash_get_status_flags)
/home/a-h/x-tools/arm-none-eabi/lib/gcc/arm-none-eabi/4.9.4/../../../../arm-none-eabi/lib/libc.a(lib_a-calloc.o)
                              CANopen.o (calloc)
/home/a-h/x-tools/arm-none-eabi/lib/gcc/arm-none-eabi/4.9.4/../../../../arm-none-eabi/lib/libc.a(lib_a-callocr.o)
                              /home/a-h/x-tools/arm-none-eabi/lib/gcc/arm-none-eabi/4.9.4/../../../../arm-none-eabi/lib/libc.a(lib_a-calloc.o) (_calloc_r)
/home/a-h/x-tools/arm-none-eabi/lib/gcc/arm-none-eabi/4.9.4/../../../../arm-none-eabi/lib/libc.a(lib_a-impure.o)
                              /home/a-h/x-tools/arm-none-eabi/lib/gcc/arm-none-eabi/4.9.4/../../../../arm-none-eabi/lib/libc.a(lib_a-calloc.o) (_impure_ptr)
/home/a-h/x-tools/arm-none-eabi/lib/gcc/arm-none-eabi/4.9.4/../../../../arm-none-eabi/lib/libc.a(lib_a-malloc.o)
                              CANopen.o (free)
/home/a-h/x-tools/arm-none-eabi/lib/gcc/arm-none-eabi/4.9.4/../../../../arm-none-eabi/lib/libc.a(lib_a-mallocr.o)
                              /home/a-h/x-tools/arm-none-eabi/lib/gcc/arm-none-eabi/4.9.4/../../../../arm-none-eabi/lib/libc.a(lib_a-callocr.o) (_malloc_r)
/home/a-h/x-tools/arm-none-eabi/lib/gcc/arm-none-eabi/4.9.4/../../../../arm-none-eabi/lib/libc.a(lib_a-memset.o)
                              /home/a-h/x-tools/arm-none-eabi/lib/gcc/arm-none-eabi/4.9.4/../../../../arm-none-eabi/lib/libc.a(lib_a-callocr.o) (memset)
/home/a-h/x-tools/arm-none-eabi/lib/gcc/arm-none-eabi/4.9.4/../../../../arm-none-eabi/lib/libc.a(lib_a-mlock.o)
                              /home/a-h/x-tools/arm-none-eabi/lib/gcc/arm-none-eabi/4.9.4/../../../../arm-none-eabi/lib/libc.a(lib_a-mallocr.o) (__malloc_lock)
/home/a-h/x-tools/arm-none-eabi/lib/gcc/arm-none-eabi/4.9.4/../../../../arm-none-eabi/lib/libc.a(lib_a-sbrkr.o)
                              /home/a-h/x-tools/arm-none-eabi/lib/gcc/arm-none-eabi/4.9.4/../../../../arm-none-eabi/lib/libc.a(lib_a-mallocr.o) (_sbrk_r)
/home/a-h/x-tools/arm-none-eabi/lib/gcc/arm-none-eabi/4.9.4/../../../../arm-none-eabi/lib/libc.a(lib_a-strncmp.o)
                              uart.o (strncmp)
/home/a-h/x-tools/arm-none-eabi/lib/gcc/arm-none-eabi/4.9.4/../../../../arm-none-eabi/lib/libc.a(lib_a-freer.o)
                              /home/a-h/x-tools/arm-none-eabi/lib/gcc/arm-none-eabi/4.9.4/../../../../arm-none-eabi/lib/libc.a(lib_a-malloc.o) (_free_r)
/home/a-h/x-tools/arm-none-eabi/lib/gcc/arm-none-eabi/4.9.4/../../../../arm-none-eabi/lib/libc.a(lib_a-reent.o)
                              /home/a-h/x-tools/arm-none-eabi/lib/gcc/arm-none-eabi/4.9.4/../../../../arm-none-eabi/lib/libc.a(lib_a-sbrkr.o) (errno)
/home/a-h/x-tools/arm-none-eabi/lib/gcc/arm-none-eabi/4.9.4/libgcc.a(_arm_addsubdf3.o)
                              uart.o (__aeabi_dadd)
/home/a-h/x-tools/arm-none-eabi/lib/gcc/arm-none-eabi/4.9.4/libgcc.a(_arm_muldivdf3.o)
                              uart.o (__aeabi_dmul)
/home/a-h/x-tools/arm-none-eabi/lib/gcc/arm-none-eabi/4.9.4/../../../../arm-none-eabi/lib/libnosys.a(sbrk.o)
                              /home/a-h/x-tools/arm-none-eabi/lib/gcc/arm-none-eabi/4.9.4/../../../../arm-none-eabi/lib/libc.a(lib_a-sbrkr.o) (_sbrk)

Allocating common symbols
[...]
Memory Configuration

Name             Origin             Length             Attributes
rom              0x0000000008000000 0x0000000000010000 xr
ram              0x0000000020000000 0x0000000000005000 xrw
*default*        0x0000000000000000 0xffffffffffffffff

Linker script and memory map

LOAD gpio.o
LOAD rcc.o
LOAD uart.o
LOAD can.o
LOAD adc.o
LOAD timers.o
LOAD CANopen.o
LOAD mainbms.o
LOAD ./libopencm3//lib/libopencm3_stm32f1.a
START GROUP
LOAD /home/a-h/x-tools/arm-none-eabi/lib/gcc/arm-none-eabi/4.9.4/../../../../arm-none-eabi/lib/libc.a
LOAD /home/a-h/x-tools/arm-none-eabi/lib/gcc/arm-none-eabi/4.9.4/libgcc.a
LOAD /home/a-h/x-tools/arm-none-eabi/lib/gcc/arm-none-eabi/4.9.4/../../../../arm-none-eabi/lib/libnosys.a
END GROUP
START GROUP
LOAD /home/a-h/x-tools/arm-none-eabi/lib/gcc/arm-none-eabi/4.9.4/libgcc.a
LOAD /home/a-h/x-tools/arm-none-eabi/lib/gcc/arm-none-eabi/4.9.4/../../../../arm-none-eabi/lib/libc.a
END GROUP

.text           0x0000000008000000     0x1334
 *(.vectors)
 .vectors       0x0000000008000000      0x150 ./libopencm3//lib/libopencm3_stm32f1.a(vector.o)
                0x0000000008000000                vector_table
 *(.text*)
 .text.gpio_init
                0x0000000008000150       0xb0 gpio.o
                0x0000000008000150                gpio_init
 .text.rcc_init
                0x0000000008000200       0x22 rcc.o
                0x0000000008000200                rcc_init
 *fill*         0x0000000008000222        0x2 
 .text.sys_tick_handler
                0x0000000008000224       0x80 rcc.o
                0x0000000008000224                sys_tick_handler
 .text.usart_init
                0x00000000080002a4       0x88 uart.o
                0x00000000080002a4                usart_init
 .text.usart_send_string
                0x000000000800032c       0x1c uart.o
                0x000000000800032c                usart_send_string
 .text.usart_send_byte
                0x0000000008000348       0x14 uart.o
                0x0000000008000348                usart_send_byte
 .text.process_command
                0x000000000800035c       0xec uart.o
                0x000000000800035c                process_command
 .text.usart1_isr
                0x0000000008000448       0xb8 uart.o
                0x0000000008000448                usart1_isr
 .text.my_usart_print_int
                0x0000000008000500       0x60 uart.o
                0x0000000008000500                my_usart_print_int
 .text.can_setup
                0x0000000008000560       0xac can.o
                0x0000000008000560                can_setup
 .text.usb_lp_can_rx0_isr
                0x000000000800060c       0x6c can.o
                0x000000000800060c                usb_lp_can_rx0_isr
 .text.can_send_test
                0x0000000008000678       0x40 can.o
                0x0000000008000678                can_send_test
 .text.adc_init
                0x00000000080006b8       0xa8 adc.o
                0x00000000080006b8                adc_init
 .text.adc_get  0x0000000008000760       0x30 adc.o
                0x0000000008000760                adc_get
 .text.adc_get_temperature
                0x0000000008000790       0x3c adc.o
                0x0000000008000790                adc_get_temperature
 .text.tim1_init
                0x00000000080007cc       0x80 timers.o
                0x00000000080007cc                tim1_init
 .text.tim1_up_isr
                0x000000000800084c       0x20 timers.o
                0x000000000800084c                tim1_up_isr
 .text.tim1_cc_isr
                0x000000000800086c       0x58 timers.o
                0x000000000800086c                tim1_cc_isr
 .text.startup.main
                0x00000000080008c4       0x74 mainbms.o
                0x00000000080008c4                main
 .text.adc_power_on
                0x0000000008000938       0x10 ./libopencm3//lib/libopencm3_stm32f1.a(adc.o)
                0x0000000008000938                adc_power_on
 .text.adc_start_conversion_direct
                0x0000000008000948       0x10 ./libopencm3//lib/libopencm3_stm32f1.a(adc.o)
                0x0000000008000948                adc_start_conversion_direct
 .text.adc_enable_temperature_sensor
                0x0000000008000958       0x10 ./libopencm3//lib/libopencm3_stm32f1.a(adc.o)
                0x0000000008000958                adc_enable_temperature_sensor
 .text.adc_disable_external_trigger_regular
                0x0000000008000968        0xa ./libopencm3//lib/libopencm3_stm32f1.a(adc.o)
                0x0000000008000968                adc_disable_external_trigger_regular
 .text.adc_reset_calibration
                0x0000000008000972       0x14 ./libopencm3//lib/libopencm3_stm32f1.a(adc.o)
                0x0000000008000972                adc_reset_calibration
 .text.adc_calibrate_async
                0x0000000008000986        0xa ./libopencm3//lib/libopencm3_stm32f1.a(adc.o)
                0x0000000008000986                adc_calibrate_async
 .text.adc_is_calibrating
                0x0000000008000990        0x8 ./libopencm3//lib/libopencm3_stm32f1.a(adc.o)
                0x0000000008000990                adc_is_calibrating
 .text.adc_calibrate
                0x0000000008000998       0x14 ./libopencm3//lib/libopencm3_stm32f1.a(adc.o)
                0x0000000008000998                adc_calibrate
 .text.adc_set_sample_time_on_all_channels
                0x00000000080009ac       0x2a ./libopencm3//lib/libopencm3_stm32f1.a(adc.o)
                0x00000000080009ac                adc_set_sample_time_on_all_channels
 .text.adc_power_off
                0x00000000080009d6        0xa ./libopencm3//lib/libopencm3_stm32f1.a(adc_common_v1.o)
                0x00000000080009d6                adc_power_off
 .text.adc_disable_scan_mode
                0x00000000080009e0        0xa ./libopencm3//lib/libopencm3_stm32f1.a(adc_common_v1.o)
                0x00000000080009e0                adc_disable_scan_mode
 .text.adc_set_right_aligned
                0x00000000080009ea        0xa ./libopencm3//lib/libopencm3_stm32f1.a(adc_common_v1.o)
                0x00000000080009ea                adc_set_right_aligned
 .text.adc_set_single_conversion_mode
                0x00000000080009f4        0xa ./libopencm3//lib/libopencm3_stm32f1.a(adc_common_v1.o)
                0x00000000080009f4                adc_set_single_conversion_mode
 .text.adc_set_regular_sequence
                0x00000000080009fe       0x78 ./libopencm3//lib/libopencm3_stm32f1.a(adc_common_v1.o)
                0x00000000080009fe                adc_set_regular_sequence
 *fill*         0x0000000008000a76        0x2 
 .text.can_reset
                0x0000000008000a78       0x18 ./libopencm3//lib/libopencm3_stm32f1.a(can.o)
                0x0000000008000a78                can_reset
 .text.can_init
                0x0000000008000a90      0x124 ./libopencm3//lib/libopencm3_stm32f1.a(can.o)
                0x0000000008000a90                can_init
 .text.can_filter_init
                0x0000000008000bb4       0x8e ./libopencm3//lib/libopencm3_stm32f1.a(can.o)
                0x0000000008000bb4                can_filter_init
 .text.can_filter_id_mask_32bit_init
                0x0000000008000c42       0x1a ./libopencm3//lib/libopencm3_stm32f1.a(can.o)
                0x0000000008000c42                can_filter_id_mask_32bit_init
 .text.can_enable_irq
                0x0000000008000c5c        0x8 ./libopencm3//lib/libopencm3_stm32f1.a(can.o)
                0x0000000008000c5c                can_enable_irq
 .text.can_transmit
                0x0000000008000c64       0xc4 ./libopencm3//lib/libopencm3_stm32f1.a(can.o)
                0x0000000008000c64                can_transmit
 .text.can_fifo_release
                0x0000000008000d28       0x16 ./libopencm3//lib/libopencm3_stm32f1.a(can.o)
                0x0000000008000d28                can_fifo_release
 *fill*         0x0000000008000d3e        0x2 
 .text.can_receive
                0x0000000008000d40       0xd0 ./libopencm3//lib/libopencm3_stm32f1.a(can.o)
                0x0000000008000d40                can_receive
 .text.gpio_set_mode
                0x0000000008000e10       0x64 ./libopencm3//lib/libopencm3_stm32f1.a(gpio.o)
                0x0000000008000e10                gpio_set_mode
 .text.rcc_osc_on.part.1
                0x0000000008000e74       0x10 ./libopencm3//lib/libopencm3_stm32f1.a(rcc.o)
 .text.rcc_is_osc_ready
                0x0000000008000e84       0x5c ./libopencm3//lib/libopencm3_stm32f1.a(rcc.o)
                0x0000000008000e84                rcc_is_osc_ready
 .text.rcc_wait_for_osc_ready
                0x0000000008000ee0       0x10 ./libopencm3//lib/libopencm3_stm32f1.a(rcc.o)
                0x0000000008000ee0                rcc_wait_for_osc_ready
 .text.rcc_osc_on
                0x0000000008000ef0       0x54 ./libopencm3//lib/libopencm3_stm32f1.a(rcc.o)
                0x0000000008000ef0                rcc_osc_on
 .text.rcc_set_sysclk_source
                0x0000000008000f44       0x14 ./libopencm3//lib/libopencm3_stm32f1.a(rcc.o)
                0x0000000008000f44                rcc_set_sysclk_source
 .text.rcc_set_pll_multiplication_factor
                0x0000000008000f58       0x14 ./libopencm3//lib/libopencm3_stm32f1.a(rcc.o)
                0x0000000008000f58                rcc_set_pll_multiplication_factor
 .text.rcc_set_pll_source
                0x0000000008000f6c       0x14 ./libopencm3//lib/libopencm3_stm32f1.a(rcc.o)
                0x0000000008000f6c                rcc_set_pll_source
 .text.rcc_set_adcpre
                0x0000000008000f80       0x14 ./libopencm3//lib/libopencm3_stm32f1.a(rcc.o)
                0x0000000008000f80                rcc_set_adcpre
 .text.rcc_set_ppre2
                0x0000000008000f94       0x14 ./libopencm3//lib/libopencm3_stm32f1.a(rcc.o)
                0x0000000008000f94                rcc_set_ppre2
 .text.rcc_set_ppre1
                0x0000000008000fa8       0x14 ./libopencm3//lib/libopencm3_stm32f1.a(rcc.o)
                0x0000000008000fa8                rcc_set_ppre1
 .text.rcc_set_hpre
                0x0000000008000fbc       0x14 ./libopencm3//lib/libopencm3_stm32f1.a(rcc.o)
                0x0000000008000fbc                rcc_set_hpre
 .text.rcc_clock_setup_in_hsi_out_64mhz
                0x0000000008000fd0       0x74 ./libopencm3//lib/libopencm3_stm32f1.a(rcc.o)
                0x0000000008000fd0                rcc_clock_setup_in_hsi_out_64mhz
 .text.gpio_set
                0x0000000008001044        0x4 ./libopencm3//lib/libopencm3_stm32f1.a(gpio_common_all.o)
                0x0000000008001044                gpio_set
 .text.gpio_clear
                0x0000000008001048        0x6 ./libopencm3//lib/libopencm3_stm32f1.a(gpio_common_all.o)
                0x0000000008001048                gpio_clear
 .text.gpio_toggle
                0x000000000800104e       0x10 ./libopencm3//lib/libopencm3_stm32f1.a(gpio_common_all.o)
                0x000000000800104e                gpio_toggle
 .text.timer_enable_irq
                0x000000000800105e        0x8 ./libopencm3//lib/libopencm3_stm32f1.a(timer_common_all.o)
                0x000000000800105e                timer_enable_irq
 .text.timer_clear_flag
                0x0000000008001066        0x6 ./libopencm3//lib/libopencm3_stm32f1.a(timer_common_all.o)
                0x0000000008001066                timer_clear_flag
 .text.timer_set_mode
                0x000000000800106c       0x12 ./libopencm3//lib/libopencm3_stm32f1.a(timer_common_all.o)
                0x000000000800106c                timer_set_mode
 .text.timer_disable_preload
                0x000000000800107e        0xa ./libopencm3//lib/libopencm3_stm32f1.a(timer_common_all.o)
                0x000000000800107e                timer_disable_preload
 .text.timer_continuous_mode
                0x0000000008001088        0xa ./libopencm3//lib/libopencm3_stm32f1.a(timer_common_all.o)
                0x0000000008001088                timer_continuous_mode
 .text.timer_enable_counter
                0x0000000008001092        0xa ./libopencm3//lib/libopencm3_stm32f1.a(timer_common_all.o)
                0x0000000008001092                timer_enable_counter
 .text.timer_set_prescaler
                0x000000000800109c        0x4 ./libopencm3//lib/libopencm3_stm32f1.a(timer_common_all.o)
                0x000000000800109c                timer_set_prescaler
 .text.timer_set_period
                0x00000000080010a0        0x4 ./libopencm3//lib/libopencm3_stm32f1.a(timer_common_all.o)
                0x00000000080010a0                timer_set_period
 .text.timer_enable_oc_preload
                0x00000000080010a4       0x34 ./libopencm3//lib/libopencm3_stm32f1.a(timer_common_all.o)
                0x00000000080010a4                timer_enable_oc_preload
 .text.timer_set_oc_value
                0x00000000080010d8       0x20 ./libopencm3//lib/libopencm3_stm32f1.a(timer_common_all.o)
                0x00000000080010d8                timer_set_oc_value
 .text.usart_set_baudrate
                0x00000000080010f8       0x28 ./libopencm3//lib/libopencm3_stm32f1.a(usart_common_all.o)
                0x00000000080010f8                usart_set_baudrate
 .text.usart_set_databits
                0x0000000008001120       0x12 ./libopencm3//lib/libopencm3_stm32f1.a(usart_common_all.o)
                0x0000000008001120                usart_set_databits
 .text.usart_set_stopbits
                0x0000000008001132        0xc ./libopencm3//lib/libopencm3_stm32f1.a(usart_common_all.o)
                0x0000000008001132                usart_set_stopbits
 .text.usart_set_parity
                0x000000000800113e        0xc ./libopencm3//lib/libopencm3_stm32f1.a(usart_common_all.o)
                0x000000000800113e                usart_set_parity
 .text.usart_set_mode
                0x000000000800114a        0xc ./libopencm3//lib/libopencm3_stm32f1.a(usart_common_all.o)
                0x000000000800114a                usart_set_mode
 .text.usart_set_flow_control
                0x0000000008001156        0xc ./libopencm3//lib/libopencm3_stm32f1.a(usart_common_all.o)
                0x0000000008001156                usart_set_flow_control
 .text.usart_enable
                0x0000000008001162        0xa ./libopencm3//lib/libopencm3_stm32f1.a(usart_common_all.o)
                0x0000000008001162                usart_enable
 .text.usart_send_blocking
                0x000000000800116c       0x16 ./libopencm3//lib/libopencm3_stm32f1.a(usart_common_all.o)
                0x000000000800116c                usart_send_blocking
 .text.usart_send
                0x0000000008001182        0x8 ./libopencm3//lib/libopencm3_stm32f1.a(usart_common_f124.o)
                0x0000000008001182                usart_send
 .text.usart_recv
                0x000000000800118a        0x8 ./libopencm3//lib/libopencm3_stm32f1.a(usart_common_f124.o)
                0x000000000800118a                usart_recv
 .text.usart_wait_send_ready
                0x0000000008001192        0x8 ./libopencm3//lib/libopencm3_stm32f1.a(usart_common_f124.o)
                0x0000000008001192                usart_wait_send_ready
 .text.rcc_periph_clock_enable
                0x000000000800119a       0x1a ./libopencm3//lib/libopencm3_stm32f1.a(rcc_common_all.o)
                0x000000000800119a                rcc_periph_clock_enable
 .text.rcc_periph_reset_pulse
                0x00000000080011b4       0x22 ./libopencm3//lib/libopencm3_stm32f1.a(rcc_common_all.o)
                0x00000000080011b4                rcc_periph_reset_pulse
 *fill*         0x00000000080011d6        0x2 
 .text.flash_set_ws
                0x00000000080011d8       0x14 ./libopencm3//lib/libopencm3_stm32f1.a(flash_common_f01.o)
                0x00000000080011d8                flash_set_ws
 .text.blocking_handler
                0x00000000080011ec        0x2 ./libopencm3//lib/libopencm3_stm32f1.a(vector.o)
                0x00000000080011ec                usart3_isr
                0x00000000080011ec                rtc_isr
                0x00000000080011ec                tim7_isr
                0x00000000080011ec                adc1_2_isr
                0x00000000080011ec                tim1_trg_com_isr
                0x00000000080011ec                usb_hp_can_tx_isr
                0x00000000080011ec                tim6_isr
                0x00000000080011ec                usb_wakeup_isr
                0x00000000080011ec                blocking_handler
                0x00000000080011ec                tim5_isr
                0x00000000080011ec                otg_fs_isr
                0x00000000080011ec                spi1_isr
                0x00000000080011ec                dma1_channel6_isr
                0x00000000080011ec                exti2_isr
                0x00000000080011ec                can_rx1_isr
                0x00000000080011ec                dma1_channel5_isr
                0x00000000080011ec                dma2_channel5_isr
                0x00000000080011ec                usage_fault_handler
                0x00000000080011ec                tim8_trg_com_isr
                0x00000000080011ec                can2_rx0_isr
                0x00000000080011ec                tim1_brk_isr
                0x00000000080011ec                can2_rx1_isr
                0x00000000080011ec                sdio_isr
                0x00000000080011ec                eth_isr
                0x00000000080011ec                dma1_channel4_isr
                0x00000000080011ec                tim8_brk_isr
                0x00000000080011ec                dma2_channel4_5_isr
                0x00000000080011ec                pvd_isr
                0x00000000080011ec                rcc_isr
                0x00000000080011ec                flash_isr
                0x00000000080011ec                uart4_isr
                0x00000000080011ec                rtc_alarm_isr
                0x00000000080011ec                exti15_10_isr
                0x00000000080011ec                hard_fault_handler
                0x00000000080011ec                exti1_isr
                0x00000000080011ec                i2c1_ev_isr
                0x00000000080011ec                dma2_channel1_isr
                0x00000000080011ec                spi2_isr
                0x00000000080011ec                tim8_up_isr
                0x00000000080011ec                dma2_channel2_isr
                0x00000000080011ec                adc3_isr
                0x00000000080011ec                exti3_isr
                0x00000000080011ec                tim3_isr
                0x00000000080011ec                usart2_isr
                0x00000000080011ec                i2c2_er_isr
                0x00000000080011ec                i2c2_ev_isr
                0x00000000080011ec                uart5_isr
                0x00000000080011ec                fsmc_isr
                0x00000000080011ec                dma1_channel1_isr
                0x00000000080011ec                exti4_isr
                0x00000000080011ec                mem_manage_handler
                0x00000000080011ec                can2_tx_isr
                0x00000000080011ec                exti9_5_isr
                0x00000000080011ec                dma2_channel3_isr
                0x00000000080011ec                dma1_channel7_isr
                0x00000000080011ec                can2_sce_isr
                0x00000000080011ec                tim4_isr
                0x00000000080011ec                dma1_channel2_isr
                0x00000000080011ec                i2c1_er_isr
                0x00000000080011ec                can_sce_isr
                0x00000000080011ec                tim8_cc_isr
                0x00000000080011ec                tamper_isr
                0x00000000080011ec                eth_wkup_isr
                0x00000000080011ec                bus_fault_handler
                0x00000000080011ec                wwdg_isr
                0x00000000080011ec                dma1_channel3_isr
                0x00000000080011ec                spi3_isr
                0x00000000080011ec                tim2_isr
                0x00000000080011ec                exti0_isr
 .text.null_handler
                0x00000000080011ee        0x2 ./libopencm3//lib/libopencm3_stm32f1.a(vector.o)
                0x00000000080011ee                null_handler
                0x00000000080011ee                sv_call_handler
                0x00000000080011ee                pend_sv_handler
                0x00000000080011ee                debug_monitor_handler
                0x00000000080011ee                nmi_handler
 .text.reset_handler
                0x00000000080011f0       0x90 ./libopencm3//lib/libopencm3_stm32f1.a(vector.o)
                0x00000000080011f0                reset_handler
 .text.nvic_enable_irq
                0x0000000008001280       0x18 ./libopencm3//lib/libopencm3_stm32f1.a(nvic.o)
                0x0000000008001280                nvic_enable_irq
 .text.nvic_set_priority
                0x0000000008001298       0x20 ./libopencm3//lib/libopencm3_stm32f1.a(nvic.o)
                0x0000000008001298                nvic_set_priority
 .text          0x00000000080012b8       0x32 /home/a-h/x-tools/arm-none-eabi/lib/gcc/arm-none-eabi/4.9.4/../../../../arm-none-eabi/lib/libc.a(lib_a-strncmp.o)
                0x00000000080012b8                strncmp
                0x00000000080012ec                . = ALIGN (0x4)
 *fill*         0x00000000080012ea        0x2 
 *(.rodata*)
 .rodata.str1.1
                0x00000000080012ec       0x2f uart.o
 .rodata        0x000000000800131b        0x8 can.o
 .rodata.str1.1
                0x0000000008001323        0x8 mainbms.o
 *fill*         0x000000000800132b        0x1 
 .rodata        0x000000000800132c        0x8 ./libopencm3//lib/libopencm3_stm32f1.a(can.o)
                0x0000000008001334                . = ALIGN (0x4)

.glue_7         0x0000000008001334        0x0
 .glue_7        0x0000000008001334        0x0 linker stubs

.glue_7t        0x0000000008001334        0x0
 .glue_7t       0x0000000008001334        0x0 linker stubs

.vfp11_veneer   0x0000000008001334        0x0
 .vfp11_veneer  0x0000000008001334        0x0 linker stubs

.v4_bx          0x0000000008001334        0x0
 .v4_bx         0x0000000008001334        0x0 linker stubs

.iplt           0x0000000008001334        0x0
 .iplt          0x0000000008001334        0x0 gpio.o

.rel.dyn        0x0000000008001334        0x0
 .rel.iplt      0x0000000008001334        0x0 gpio.o

.preinit_array  0x0000000008001334        0x0
                0x0000000008001334                . = ALIGN (0x4)
                0x0000000008001334                __preinit_array_start = .
 *(.preinit_array)
                0x0000000008001334                __preinit_array_end = .

.init_array     0x0000000008001334        0x0
                0x0000000008001334                . = ALIGN (0x4)
                0x0000000008001334                __init_array_start = .
 *(SORT(.init_array.*))
 *(.init_array)
                0x0000000008001334                __init_array_end = .

.fini_array     0x0000000008001334        0x0
                0x0000000008001334                . = ALIGN (0x4)
                0x0000000008001334                __fini_array_start = .
 *(.fini_array)
 *(SORT(.fini_array.*))
                0x0000000008001334                __fini_array_end = .

.ARM.extab
 *(.ARM.extab*)

.ARM.exidx      0x0000000008001334        0x0
                0x0000000008001334                __exidx_start = .
 *(.ARM.exidx*)
                0x0000000008001334                __exidx_end = .
                0x0000000008001334                . = ALIGN (0x4)
                0x0000000008001334                _etext = .

.data           0x0000000020000000       0xe8 load address 0x0000000008001334
                0x0000000020000000                _data = .
 *(.data*)
 .data.data.4346
                0x0000000020000000        0x8 rcc.o
 .data.help_msg
                0x0000000020000008       0xd1 uart.o
                0x0000000020000008                help_msg
 .data.upcount  0x00000000200000d9        0x1 mainbms.o
                0x00000000200000d9                upcount
 .data.compare_time
                0x00000000200000da        0x2 mainbms.o
                0x00000000200000da                compare_time
 .data.rcc_ahb_frequency
                0x00000000200000dc        0x4 ./libopencm3//lib/libopencm3_stm32f1.a(rcc.o)
                0x00000000200000dc                rcc_ahb_frequency
 .data.rcc_apb1_frequency
                0x00000000200000e0        0x4 ./libopencm3//lib/libopencm3_stm32f1.a(rcc.o)
                0x00000000200000e0                rcc_apb1_frequency
 .data.rcc_apb2_frequency
                0x00000000200000e4        0x4 ./libopencm3//lib/libopencm3_stm32f1.a(rcc.o)
                0x00000000200000e4                rcc_apb2_frequency
                0x00000000200000e8                . = ALIGN (0x4)
                0x00000000200000e8                _edata = .
                0x0000000008001334                _data_loadaddr = LOADADDR (.data)

.igot.plt       0x00000000200000e8        0x0 load address 0x000000000800141c
 .igot.plt      0x00000000200000e8        0x0 gpio.o

.bss            0x00000000200000e8       0x5c load address 0x000000000800141c
 *(.bss*)
 .bss.temp32.4345
                0x00000000200000e8        0x4 rcc.o
 .bss.rec_len   0x00000000200000ec        0x1 uart.o
                0x00000000200000ec                rec_len
 *fill*         0x00000000200000ed        0x3 
 .bss.usart1    0x00000000200000f0       0x10 uart.o
                0x00000000200000f0                usart1
 .bss.resiever  0x0000000020000100       0x32 uart.o
                0x0000000020000100                resiever
 .bss.channel_array
                0x0000000020000132       0x10 mainbms.o
                0x0000000020000132                channel_array
 *(COMMON)
                0x0000000020000144                . = ALIGN (0x4)
 *fill*         0x0000000020000142        0x2 
                0x0000000020000144                _ebss = .

/DISCARD/
 *(.eh_frame)
                0x0000000020000144                . = ALIGN (0x4)
                0x0000000020000144                end = .
                0x0000000020005000                PROVIDE (_stack, (ORIGIN (ram) + LENGTH (ram)))
OUTPUT(mainbms.elf elf32-littlearm)

.debug_info     0x0000000000000000     0x7c92
 .debug_info    0x0000000000000000      0x53e gpio.o
 .debug_info    0x000000000000053e      0x43b rcc.o
 .debug_info    0x0000000000000979      0xbc1 uart.o
 .debug_info    0x000000000000153a      0x790 can.o
 .debug_info    0x0000000000001cca      0x60d adc.o
 .debug_info    0x00000000000022d7      0x756 timers.o
 .debug_info    0x0000000000002a2d      0x27a mainbms.o
 .debug_info    0x0000000000002ca7      0x387 ./libopencm3//lib/libopencm3_stm32f1.a(adc.o)
 .debug_info    0x000000000000302e      0x7b4 ./libopencm3//lib/libopencm3_stm32f1.a(adc_common_v1.o)
 .debug_info    0x00000000000037e2      0xa27 ./libopencm3//lib/libopencm3_stm32f1.a(can.o)
 .debug_info    0x0000000000004209      0x1df ./libopencm3//lib/libopencm3_stm32f1.a(gpio.o)
 .debug_info    0x00000000000043e8     0x10fd ./libopencm3//lib/libopencm3_stm32f1.a(rcc.o)
 .debug_info    0x00000000000054e5      0x22c ./libopencm3//lib/libopencm3_stm32f1.a(gpio_common_all.o)
 .debug_info    0x0000000000005711     0x117e ./libopencm3//lib/libopencm3_stm32f1.a(timer_common_all.o)
 .debug_info    0x000000000000688f      0x4cf ./libopencm3//lib/libopencm3_stm32f1.a(usart_common_all.o)
 .debug_info    0x0000000000006d5e      0x17a ./libopencm3//lib/libopencm3_stm32f1.a(usart_common_f124.o)
 .debug_info    0x0000000000006ed8      0x5b8 ./libopencm3//lib/libopencm3_stm32f1.a(rcc_common_all.o)
 .debug_info    0x0000000000007490      0x27f ./libopencm3//lib/libopencm3_stm32f1.a(flash_common_f01.o)
 .debug_info    0x000000000000770f      0x2a4 ./libopencm3//lib/libopencm3_stm32f1.a(vector.o)
 .debug_info    0x00000000000079b3      0x214 ./libopencm3//lib/libopencm3_stm32f1.a(nvic.o)
 .debug_info    0x0000000000007bc7       0xcb /home/a-h/x-tools/arm-none-eabi/lib/gcc/arm-none-eabi/4.9.4/../../../../arm-none-eabi/lib/libc.a(lib_a-strncmp.o)

.debug_abbrev   0x0000000000000000     0x1948
 .debug_abbrev  0x0000000000000000      0x104 gpio.o
 .debug_abbrev  0x0000000000000104      0x116 rcc.o
 .debug_abbrev  0x000000000000021a      0x272 uart.o
 .debug_abbrev  0x000000000000048c      0x156 can.o
 .debug_abbrev  0x00000000000005e2      0x12f adc.o
 .debug_abbrev  0x0000000000000711       0xdf timers.o
 .debug_abbrev  0x00000000000007f0      0x10c mainbms.o
 .debug_abbrev  0x00000000000008fc      0x165 ./libopencm3//lib/libopencm3_stm32f1.a(adc.o)
 .debug_abbrev  0x0000000000000a61      0x149 ./libopencm3//lib/libopencm3_stm32f1.a(adc_common_v1.o)
 .debug_abbrev  0x0000000000000baa      0x24c ./libopencm3//lib/libopencm3_stm32f1.a(can.o)
 .debug_abbrev  0x0000000000000df6       0xb7 ./libopencm3//lib/libopencm3_stm32f1.a(gpio.o)
 .debug_abbrev  0x0000000000000ead      0x291 ./libopencm3//lib/libopencm3_stm32f1.a(rcc.o)
 .debug_abbrev  0x000000000000113e      0x10e ./libopencm3//lib/libopencm3_stm32f1.a(gpio_common_all.o)
 .debug_abbrev  0x000000000000124c      0x15c ./libopencm3//lib/libopencm3_stm32f1.a(timer_common_all.o)
 .debug_abbrev  0x00000000000013a8      0x12b ./libopencm3//lib/libopencm3_stm32f1.a(usart_common_all.o)
 .debug_abbrev  0x00000000000014d3       0x8e ./libopencm3//lib/libopencm3_stm32f1.a(usart_common_f124.o)
 .debug_abbrev  0x0000000000001561       0xc1 ./libopencm3//lib/libopencm3_stm32f1.a(rcc_common_all.o)
 .debug_abbrev  0x0000000000001622       0xe7 ./libopencm3//lib/libopencm3_stm32f1.a(flash_common_f01.o)
 .debug_abbrev  0x0000000000001709      0x12b ./libopencm3//lib/libopencm3_stm32f1.a(vector.o)
 .debug_abbrev  0x0000000000001834       0xa6 ./libopencm3//lib/libopencm3_stm32f1.a(nvic.o)
 .debug_abbrev  0x00000000000018da       0x6e /home/a-h/x-tools/arm-none-eabi/lib/gcc/arm-none-eabi/4.9.4/../../../../arm-none-eabi/lib/libc.a(lib_a-strncmp.o)

.debug_loc      0x0000000000000000     0x2907
 .debug_loc     0x0000000000000000       0x66 gpio.o
 .debug_loc     0x0000000000000066      0x627 uart.o
 .debug_loc     0x000000000000068d       0x66 can.o
 .debug_loc     0x00000000000006f3       0xd0 adc.o
 .debug_loc     0x00000000000007c3       0x4d mainbms.o
 .debug_loc     0x0000000000000810      0x1db ./libopencm3//lib/libopencm3_stm32f1.a(adc.o)
 .debug_loc     0x00000000000009eb      0x343 ./libopencm3//lib/libopencm3_stm32f1.a(adc_common_v1.o)
 .debug_loc     0x0000000000000d2e      0x9d6 ./libopencm3//lib/libopencm3_stm32f1.a(can.o)
 .debug_loc     0x0000000000001704      0x1aa ./libopencm3//lib/libopencm3_stm32f1.a(gpio.o)
 .debug_loc     0x00000000000018ae      0x3f2 ./libopencm3//lib/libopencm3_stm32f1.a(rcc.o)
 .debug_loc     0x0000000000001ca0       0x84 ./libopencm3//lib/libopencm3_stm32f1.a(gpio_common_all.o)
 .debug_loc     0x0000000000001d24      0x506 ./libopencm3//lib/libopencm3_stm32f1.a(timer_common_all.o)
 .debug_loc     0x000000000000222a      0x1ca ./libopencm3//lib/libopencm3_stm32f1.a(usart_common_all.o)
 .debug_loc     0x00000000000023f4       0x63 ./libopencm3//lib/libopencm3_stm32f1.a(usart_common_f124.o)
 .debug_loc     0x0000000000002457      0x14a ./libopencm3//lib/libopencm3_stm32f1.a(rcc_common_all.o)
 .debug_loc     0x00000000000025a1       0xd3 ./libopencm3//lib/libopencm3_stm32f1.a(flash_common_f01.o)
 .debug_loc     0x0000000000002674       0xdf ./libopencm3//lib/libopencm3_stm32f1.a(vector.o)
 .debug_loc     0x0000000000002753      0x129 ./libopencm3//lib/libopencm3_stm32f1.a(nvic.o)
 .debug_loc     0x000000000000287c       0x8b /home/a-h/x-tools/arm-none-eabi/lib/gcc/arm-none-eabi/4.9.4/../../../../arm-none-eabi/lib/libc.a(lib_a-strncmp.o)

.debug_aranges  0x0000000000000000      0xac0
 .debug_aranges
                0x0000000000000000       0x28 gpio.o
 .debug_aranges
                0x0000000000000028       0x28 rcc.o
 .debug_aranges
                0x0000000000000050       0x60 uart.o
 .debug_aranges
                0x00000000000000b0       0x30 can.o
 .debug_aranges
                0x00000000000000e0       0x30 adc.o
 .debug_aranges
                0x0000000000000110       0x30 timers.o
 .debug_aranges
                0x0000000000000140       0x20 mainbms.o
 .debug_aranges
                0x0000000000000160       0x98 ./libopencm3//lib/libopencm3_stm32f1.a(adc.o)
 .debug_aranges
                0x00000000000001f8      0x148 ./libopencm3//lib/libopencm3_stm32f1.a(adc_common_v1.o)
 .debug_aranges
                0x0000000000000340       0x80 ./libopencm3//lib/libopencm3_stm32f1.a(can.o)
 .debug_aranges
                0x00000000000003c0       0x38 ./libopencm3//lib/libopencm3_stm32f1.a(gpio.o)
 .debug_aranges
                0x00000000000003f8      0x158 ./libopencm3//lib/libopencm3_stm32f1.a(rcc.o)
 .debug_aranges
                0x0000000000000550       0x50 ./libopencm3//lib/libopencm3_stm32f1.a(gpio_common_all.o)
 .debug_aranges
                0x00000000000005a0      0x278 ./libopencm3//lib/libopencm3_stm32f1.a(timer_common_all.o)
 .debug_aranges
                0x0000000000000818       0xb8 ./libopencm3//lib/libopencm3_stm32f1.a(usart_common_all.o)
 .debug_aranges
                0x00000000000008d0       0x40 ./libopencm3//lib/libopencm3_stm32f1.a(usart_common_f124.o)
 .debug_aranges
                0x0000000000000910       0x78 ./libopencm3//lib/libopencm3_stm32f1.a(rcc_common_all.o)
 .debug_aranges
                0x0000000000000988       0x88 ./libopencm3//lib/libopencm3_stm32f1.a(flash_common_f01.o)
 .debug_aranges
                0x0000000000000a10       0x30 ./libopencm3//lib/libopencm3_stm32f1.a(vector.o)
 .debug_aranges
                0x0000000000000a40       0x60 ./libopencm3//lib/libopencm3_stm32f1.a(nvic.o)
 .debug_aranges
                0x0000000000000aa0       0x20 /home/a-h/x-tools/arm-none-eabi/lib/gcc/arm-none-eabi/4.9.4/../../../../arm-none-eabi/lib/libc.a(lib_a-strncmp.o)

.debug_ranges   0x0000000000000000      0x9d8
 .debug_ranges  0x0000000000000000       0x18 gpio.o
 .debug_ranges  0x0000000000000018       0x18 rcc.o
 .debug_ranges  0x0000000000000030       0x68 uart.o
 .debug_ranges  0x0000000000000098       0x20 can.o
 .debug_ranges  0x00000000000000b8       0x20 adc.o
 .debug_ranges  0x00000000000000d8       0x20 timers.o
 .debug_ranges  0x00000000000000f8       0x10 mainbms.o
 .debug_ranges  0x0000000000000108       0x88 ./libopencm3//lib/libopencm3_stm32f1.a(adc.o)
 .debug_ranges  0x0000000000000190      0x138 ./libopencm3//lib/libopencm3_stm32f1.a(adc_common_v1.o)
 .debug_ranges  0x00000000000002c8       0x70 ./libopencm3//lib/libopencm3_stm32f1.a(can.o)
 .debug_ranges  0x0000000000000338       0x28 ./libopencm3//lib/libopencm3_stm32f1.a(gpio.o)
 .debug_ranges  0x0000000000000360      0x1a8 ./libopencm3//lib/libopencm3_stm32f1.a(rcc.o)
 .debug_ranges  0x0000000000000508       0x40 ./libopencm3//lib/libopencm3_stm32f1.a(gpio_common_all.o)
 .debug_ranges  0x0000000000000548      0x268 ./libopencm3//lib/libopencm3_stm32f1.a(timer_common_all.o)
 .debug_ranges  0x00000000000007b0       0xa8 ./libopencm3//lib/libopencm3_stm32f1.a(usart_common_all.o)
 .debug_ranges  0x0000000000000858       0x30 ./libopencm3//lib/libopencm3_stm32f1.a(usart_common_f124.o)
 .debug_ranges  0x0000000000000888       0x68 ./libopencm3//lib/libopencm3_stm32f1.a(rcc_common_all.o)
 .debug_ranges  0x00000000000008f0       0x78 ./libopencm3//lib/libopencm3_stm32f1.a(flash_common_f01.o)
 .debug_ranges  0x0000000000000968       0x20 ./libopencm3//lib/libopencm3_stm32f1.a(vector.o)
 .debug_ranges  0x0000000000000988       0x50 ./libopencm3//lib/libopencm3_stm32f1.a(nvic.o)

.debug_line     0x0000000000000000     0x457d
 .debug_line    0x0000000000000000      0x196 gpio.o
 .debug_line    0x0000000000000196      0x1a3 rcc.o
 .debug_line    0x0000000000000339      0x3b7 uart.o
 .debug_line    0x00000000000006f0      0x228 can.o
 .debug_line    0x0000000000000918      0x1ea adc.o
 .debug_line    0x0000000000000b02      0x1e0 timers.o
 .debug_line    0x0000000000000ce2      0x188 mainbms.o
 .debug_line    0x0000000000000e6a      0x3bc ./libopencm3//lib/libopencm3_stm32f1.a(adc.o)
 .debug_line    0x0000000000001226      0x546 ./libopencm3//lib/libopencm3_stm32f1.a(adc_common_v1.o)
 .debug_line    0x000000000000176c      0x43f ./libopencm3//lib/libopencm3_stm32f1.a(can.o)
 .debug_line    0x0000000000001bab      0x2c0 ./libopencm3//lib/libopencm3_stm32f1.a(gpio.o)
 .debug_line    0x0000000000001e6b      0x648 ./libopencm3//lib/libopencm3_stm32f1.a(rcc.o)
 .debug_line    0x00000000000024b3      0x2f4 ./libopencm3//lib/libopencm3_stm32f1.a(gpio_common_all.o)
 .debug_line    0x00000000000027a7      0x875 ./libopencm3//lib/libopencm3_stm32f1.a(timer_common_all.o)
 .debug_line    0x000000000000301c      0x42a ./libopencm3//lib/libopencm3_stm32f1.a(usart_common_all.o)
 .debug_line    0x0000000000003446      0x315 ./libopencm3//lib/libopencm3_stm32f1.a(usart_common_f124.o)
 .debug_line    0x000000000000375b      0x33f ./libopencm3//lib/libopencm3_stm32f1.a(rcc_common_all.o)
 .debug_line    0x0000000000003a9a      0x37f ./libopencm3//lib/libopencm3_stm32f1.a(flash_common_f01.o)
 .debug_line    0x0000000000003e19      0x30e ./libopencm3//lib/libopencm3_stm32f1.a(vector.o)
 .debug_line    0x0000000000004127      0x2c4 ./libopencm3//lib/libopencm3_stm32f1.a(nvic.o)
 .debug_line    0x00000000000043eb      0x192 /home/a-h/x-tools/arm-none-eabi/lib/gcc/arm-none-eabi/4.9.4/../../../../arm-none-eabi/lib/libc.a(lib_a-strncmp.o)

.debug_str      0x0000000000000000    0x182de
 .debug_str     0x0000000000000000      0x36f gpio.o
                                        0x40d (size before relaxing)
 .debug_str     0x000000000000036f       0x5e rcc.o
                                        0x444 (size before relaxing)
 .debug_str     0x00000000000003cd      0x24a uart.o
                                        0x63f (size before relaxing)
 .debug_str     0x0000000000000617       0x93 can.o
                                        0x4d9 (size before relaxing)
 .debug_str     0x00000000000006aa      0x11c adc.o
                                        0x527 (size before relaxing)
 .debug_str     0x00000000000007c6      0x33a timers.o
                                        0x725 (size before relaxing)
 .debug_str     0x0000000000000b00       0x3c mainbms.o
                                        0x235 (size before relaxing)
 .debug_str     0x0000000000000b3c     0x64c2 ./libopencm3//lib/libopencm3_stm32f1.a(adc.o)
                                       0x6707 (size before relaxing)
 .debug_str     0x0000000000006ffe      0x423 ./libopencm3//lib/libopencm3_stm32f1.a(adc_common_v1.o)
                                       0x6a37 (size before relaxing)
 .debug_str     0x0000000000007421     0x3d25 ./libopencm3//lib/libopencm3_stm32f1.a(can.o)
                                       0x7ff0 (size before relaxing)
 .debug_str     0x000000000000b146     0x3803 ./libopencm3//lib/libopencm3_stm32f1.a(gpio.o)
                                       0x7860 (size before relaxing)
 .debug_str     0x000000000000e949      0xc50 ./libopencm3//lib/libopencm3_stm32f1.a(rcc.o)
                                       0x70fe (size before relaxing)
 .debug_str     0x000000000000f599       0x5a ./libopencm3//lib/libopencm3_stm32f1.a(gpio_common_all.o)
                                       0x7854 (size before relaxing)
 .debug_str     0x000000000000f5f3     0x4a58 ./libopencm3//lib/libopencm3_stm32f1.a(timer_common_all.o)
                                       0xb201 (size before relaxing)
 .debug_str     0x000000000001404b      0xffa ./libopencm3//lib/libopencm3_stm32f1.a(usart_common_all.o)
                                       0x7552 (size before relaxing)
 .debug_str     0x0000000000015045       0x2d ./libopencm3//lib/libopencm3_stm32f1.a(usart_common_f124.o)
                                       0x7366 (size before relaxing)
 .debug_str     0x0000000000015072      0x168 ./libopencm3//lib/libopencm3_stm32f1.a(rcc_common_all.o)
                                       0x6a49 (size before relaxing)
 .debug_str     0x00000000000151da      0x181 ./libopencm3//lib/libopencm3_stm32f1.a(flash_common_f01.o)
                                       0x4907 (size before relaxing)
 .debug_str     0x000000000001535b     0x24ec ./libopencm3//lib/libopencm3_stm32f1.a(vector.o)
                                       0x59b1 (size before relaxing)
 .debug_str     0x0000000000017847      0x9ce ./libopencm3//lib/libopencm3_stm32f1.a(nvic.o)
                                       0x46bd (size before relaxing)
 .debug_str     0x0000000000018215       0xc9 /home/a-h/x-tools/arm-none-eabi/lib/gcc/arm-none-eabi/4.9.4/../../../../arm-none-eabi/lib/libc.a(lib_a-strncmp.o)
                                        0x16a (size before relaxing)

.comment        0x0000000000000000       0x34
 .comment       0x0000000000000000       0x34 gpio.o
                                         0x35 (size before relaxing)
 .comment       0x0000000000000034       0x35 rcc.o
 .comment       0x0000000000000034       0x35 uart.o
 .comment       0x0000000000000034       0x35 can.o
 .comment       0x0000000000000034       0x35 adc.o
 .comment       0x0000000000000034       0x35 timers.o
 .comment       0x0000000000000034       0x35 mainbms.o
 .comment       0x0000000000000034       0x35 ./libopencm3//lib/libopencm3_stm32f1.a(adc.o)
 .comment       0x0000000000000034       0x35 ./libopencm3//lib/libopencm3_stm32f1.a(adc_common_v1.o)
 .comment       0x0000000000000034       0x35 ./libopencm3//lib/libopencm3_stm32f1.a(can.o)
 .comment       0x0000000000000034       0x35 ./libopencm3//lib/libopencm3_stm32f1.a(gpio.o)
 .comment       0x0000000000000034       0x35 ./libopencm3//lib/libopencm3_stm32f1.a(rcc.o)
 .comment       0x0000000000000034       0x35 ./libopencm3//lib/libopencm3_stm32f1.a(gpio_common_all.o)
 .comment       0x0000000000000034       0x35 ./libopencm3//lib/libopencm3_stm32f1.a(timer_common_all.o)
 .comment       0x0000000000000034       0x35 ./libopencm3//lib/libopencm3_stm32f1.a(usart_common_all.o)
 .comment       0x0000000000000034       0x35 ./libopencm3//lib/libopencm3_stm32f1.a(usart_common_f124.o)
 .comment       0x0000000000000034       0x35 ./libopencm3//lib/libopencm3_stm32f1.a(rcc_common_all.o)
 .comment       0x0000000000000034       0x35 ./libopencm3//lib/libopencm3_stm32f1.a(flash_common_f01.o)
 .comment       0x0000000000000034       0x35 ./libopencm3//lib/libopencm3_stm32f1.a(vector.o)
 .comment       0x0000000000000034       0x35 ./libopencm3//lib/libopencm3_stm32f1.a(nvic.o)
 .comment       0x0000000000000034       0x35 /home/a-h/x-tools/arm-none-eabi/lib/gcc/arm-none-eabi/4.9.4/../../../../arm-none-eabi/lib/libc.a(lib_a-strncmp.o)

.ARM.attributes
                0x0000000000000000       0x33
 .ARM.attributes
                0x0000000000000000       0x33 gpio.o
 .ARM.attributes
                0x0000000000000033       0x33 rcc.o
 .ARM.attributes
                0x0000000000000066       0x33 uart.o
 .ARM.attributes
                0x0000000000000099       0x33 can.o
 .ARM.attributes
                0x00000000000000cc       0x33 adc.o
 .ARM.attributes
                0x00000000000000ff       0x33 timers.o
 .ARM.attributes
                0x0000000000000132       0x33 mainbms.o
 .ARM.attributes
                0x0000000000000165       0x33 ./libopencm3//lib/libopencm3_stm32f1.a(adc.o)
 .ARM.attributes
                0x0000000000000198       0x33 ./libopencm3//lib/libopencm3_stm32f1.a(adc_common_v1.o)
 .ARM.attributes
                0x00000000000001cb       0x33 ./libopencm3//lib/libopencm3_stm32f1.a(can.o)
 .ARM.attributes
                0x00000000000001fe       0x33 ./libopencm3//lib/libopencm3_stm32f1.a(gpio.o)
 .ARM.attributes
                0x0000000000000231       0x33 ./libopencm3//lib/libopencm3_stm32f1.a(rcc.o)
 .ARM.attributes
                0x0000000000000264       0x33 ./libopencm3//lib/libopencm3_stm32f1.a(gpio_common_all.o)
 .ARM.attributes
                0x0000000000000297       0x33 ./libopencm3//lib/libopencm3_stm32f1.a(timer_common_all.o)
 .ARM.attributes
                0x00000000000002ca       0x33 ./libopencm3//lib/libopencm3_stm32f1.a(usart_common_all.o)
 .ARM.attributes
                0x00000000000002fd       0x33 ./libopencm3//lib/libopencm3_stm32f1.a(usart_common_f124.o)
 .ARM.attributes
                0x0000000000000330       0x33 ./libopencm3//lib/libopencm3_stm32f1.a(rcc_common_all.o)
 .ARM.attributes
                0x0000000000000363       0x33 ./libopencm3//lib/libopencm3_stm32f1.a(flash_common_f01.o)
 .ARM.attributes
                0x0000000000000396       0x33 ./libopencm3//lib/libopencm3_stm32f1.a(vector.o)
 .ARM.attributes
                0x00000000000003c9       0x33 ./libopencm3//lib/libopencm3_stm32f1.a(nvic.o)
 .ARM.attributes
                0x00000000000003fc       0x33 /home/a-h/x-tools/arm-none-eabi/lib/gcc/arm-none-eabi/4.9.4/../../../../arm-none-eabi/lib/libc.a(lib_a-strncmp.o)

.debug_frame    0x0000000000000000     0x15c0
 .debug_frame   0x0000000000000000       0x4c gpio.o
 .debug_frame   0x000000000000004c       0x50 rcc.o
 .debug_frame   0x000000000000009c      0x12c uart.o
 .debug_frame   0x00000000000001c8       0x70 can.o
 .debug_frame   0x0000000000000238       0x64 adc.o
 .debug_frame   0x000000000000029c       0x64 timers.o
 .debug_frame   0x0000000000000300       0x28 mainbms.o
 .debug_frame   0x0000000000000328      0x128 ./libopencm3//lib/libopencm3_stm32f1.a(adc.o)
 .debug_frame   0x0000000000000450      0x294 ./libopencm3//lib/libopencm3_stm32f1.a(adc_common_v1.o)
 .debug_frame   0x00000000000006e4      0x174 ./libopencm3//lib/libopencm3_stm32f1.a(can.o)
 .debug_frame   0x0000000000000858       0x64 ./libopencm3//lib/libopencm3_stm32f1.a(gpio.o)
 .debug_frame   0x00000000000008bc      0x2e0 ./libopencm3//lib/libopencm3_stm32f1.a(rcc.o)
 .debug_frame   0x0000000000000b9c       0x80 ./libopencm3//lib/libopencm3_stm32f1.a(gpio_common_all.o)
 .debug_frame   0x0000000000000c1c      0x4d8 ./libopencm3//lib/libopencm3_stm32f1.a(timer_common_all.o)
 .debug_frame   0x00000000000010f4      0x170 ./libopencm3//lib/libopencm3_stm32f1.a(usart_common_all.o)
 .debug_frame   0x0000000000001264       0x60 ./libopencm3//lib/libopencm3_stm32f1.a(usart_common_f124.o)
 .debug_frame   0x00000000000012c4       0xd0 ./libopencm3//lib/libopencm3_stm32f1.a(rcc_common_all.o)
 .debug_frame   0x0000000000001394      0x120 ./libopencm3//lib/libopencm3_stm32f1.a(flash_common_f01.o)
 .debug_frame   0x00000000000014b4       0x40 ./libopencm3//lib/libopencm3_stm32f1.a(vector.o)
 .debug_frame   0x00000000000014f4       0xa0 ./libopencm3//lib/libopencm3_stm32f1.a(nvic.o)
 .debug_frame   0x0000000000001594       0x2c /home/a-h/x-tools/arm-none-eabi/lib/gcc/arm-none-eabi/4.9.4/../../../../arm-none-eabi/lib/libc.a(lib_a-strncmp.o)

.debug_macro    0x0000000000000000     0x5716
 .debug_macro   0x0000000000000000       0xa1 ./libopencm3//lib/libopencm3_stm32f1.a(adc.o)
 .debug_macro   0x00000000000000a1      0x874 ./libopencm3//lib/libopencm3_stm32f1.a(adc.o)
 .debug_macro   0x0000000000000915       0x22 ./libopencm3//lib/libopencm3_stm32f1.a(adc.o)
 .debug_macro   0x0000000000000937       0x44 ./libopencm3//lib/libopencm3_stm32f1.a(adc.o)
 .debug_macro   0x000000000000097b       0x1c ./libopencm3//lib/libopencm3_stm32f1.a(adc.o)
 .debug_macro   0x0000000000000997      0x1f7 ./libopencm3//lib/libopencm3_stm32f1.a(adc.o)
 .debug_macro   0x0000000000000b8e       0x22 ./libopencm3//lib/libopencm3_stm32f1.a(adc.o)
 .debug_macro   0x0000000000000bb0       0xfa ./libopencm3//lib/libopencm3_stm32f1.a(adc.o)
 .debug_macro   0x0000000000000caa       0x58 ./libopencm3//lib/libopencm3_stm32f1.a(adc.o)
 .debug_macro   0x0000000000000d02      0x1b4 ./libopencm3//lib/libopencm3_stm32f1.a(adc.o)
 .debug_macro   0x0000000000000eb6      0x449 ./libopencm3//lib/libopencm3_stm32f1.a(adc.o)
 .debug_macro   0x00000000000012ff      0x456 ./libopencm3//lib/libopencm3_stm32f1.a(adc.o)
 .debug_macro   0x0000000000001755       0xa1 ./libopencm3//lib/libopencm3_stm32f1.a(adc_common_v1.o)
 .debug_macro   0x00000000000017f6       0xb2 ./libopencm3//lib/libopencm3_stm32f1.a(can.o)
 .debug_macro   0x00000000000018a8      0x513 ./libopencm3//lib/libopencm3_stm32f1.a(can.o)
 .debug_macro   0x0000000000001dbb      0x82c ./libopencm3//lib/libopencm3_stm32f1.a(can.o)
 .debug_macro   0x00000000000025e7       0xa1 ./libopencm3//lib/libopencm3_stm32f1.a(gpio.o)
 .debug_macro   0x0000000000002688       0x76 ./libopencm3//lib/libopencm3_stm32f1.a(gpio.o)
 .debug_macro   0x00000000000026fe      0xdfd ./libopencm3//lib/libopencm3_stm32f1.a(gpio.o)
 .debug_macro   0x00000000000034fb       0xc8 ./libopencm3//lib/libopencm3_stm32f1.a(rcc.o)
 .debug_macro   0x00000000000035c3       0x16 ./libopencm3//lib/libopencm3_stm32f1.a(rcc.o)
 .debug_macro   0x00000000000035d9       0xdc ./libopencm3//lib/libopencm3_stm32f1.a(rcc.o)
 .debug_macro   0x00000000000036b5       0x82 ./libopencm3//lib/libopencm3_stm32f1.a(rcc.o)
 .debug_macro   0x0000000000003737       0xa1 ./libopencm3//lib/libopencm3_stm32f1.a(gpio_common_all.o)
 .debug_macro   0x00000000000037d8       0xb4 ./libopencm3//lib/libopencm3_stm32f1.a(timer_common_all.o)
 .debug_macro   0x000000000000388c      0xf96 ./libopencm3//lib/libopencm3_stm32f1.a(timer_common_all.o)
 .debug_macro   0x0000000000004822       0xc3 ./libopencm3//lib/libopencm3_stm32f1.a(usart_common_all.o)
 .debug_macro   0x00000000000048e5       0x8e ./libopencm3//lib/libopencm3_stm32f1.a(usart_common_all.o)
 .debug_macro   0x0000000000004973      0x273 ./libopencm3//lib/libopencm3_stm32f1.a(usart_common_all.o)
 .debug_macro   0x0000000000004be6       0xc3 ./libopencm3//lib/libopencm3_stm32f1.a(usart_common_f124.o)
 .debug_macro   0x0000000000004ca9       0xb7 ./libopencm3//lib/libopencm3_stm32f1.a(rcc_common_all.o)
 .debug_macro   0x0000000000004d60       0xa1 ./libopencm3//lib/libopencm3_stm32f1.a(flash_common_f01.o)
 .debug_macro   0x0000000000004e01       0xb8 ./libopencm3//lib/libopencm3_stm32f1.a(vector.o)
 .debug_macro   0x0000000000004eb9      0x3a1 ./libopencm3//lib/libopencm3_stm32f1.a(vector.o)
 .debug_macro   0x000000000000525a       0x6a ./libopencm3//lib/libopencm3_stm32f1.a(vector.o)
 .debug_macro   0x00000000000052c4      0x1a2 ./libopencm3//lib/libopencm3_stm32f1.a(vector.o)
 .debug_macro   0x0000000000005466       0x9c ./libopencm3//lib/libopencm3_stm32f1.a(nvic.o)
 .debug_macro   0x0000000000005502       0x64 ./libopencm3//lib/libopencm3_stm32f1.a(nvic.o)
 .debug_macro   0x0000000000005566      0x1b0 ./libopencm3//lib/libopencm3_stm32f1.a(nvic.o)
